Return-Path: <linux-kernel+bounces-271040-lists+linux-kernel=lfdr.de@vger.kernel.org>
X-Original-To: lists+linux-kernel@lfdr.de
Delivered-To: lists+linux-kernel@lfdr.de
Received: from am.mirrors.kernel.org (am.mirrors.kernel.org [IPv6:2604:1380:4601:e00::3])
	by mail.lfdr.de (Postfix) with ESMTPS id EC7F39448B9
	for <lists+linux-kernel@lfdr.de>; Thu,  1 Aug 2024 11:46:47 +0200 (CEST)
Received: from smtp.subspace.kernel.org (wormhole.subspace.kernel.org [52.25.139.140])
	(using TLSv1.2 with cipher ECDHE-RSA-AES256-GCM-SHA384 (256/256 bits))
	(No client certificate requested)
	by am.mirrors.kernel.org (Postfix) with ESMTPS id DC3F61F216AC
	for <lists+linux-kernel@lfdr.de>; Thu,  1 Aug 2024 09:46:46 +0000 (UTC)
Received: from localhost.localdomain (localhost.localdomain [127.0.0.1])
	by smtp.subspace.kernel.org (Postfix) with ESMTP id 8D954161326;
	Thu,  1 Aug 2024 09:46:43 +0000 (UTC)
Authentication-Results: smtp.subspace.kernel.org;
	dkim=pass (2048-bit key) header.d=mailbox.org header.i=@mailbox.org header.b="gFNPNRoJ"
Received: from mout-p-103.mailbox.org (mout-p-103.mailbox.org [80.241.56.161])
	(using TLSv1.2 with cipher ECDHE-RSA-AES256-GCM-SHA384 (256/256 bits))
	(No client certificate requested)
	by smtp.subspace.kernel.org (Postfix) with ESMTPS id 0E0A0EEB3
	for <linux-kernel@vger.kernel.org>; Thu,  1 Aug 2024 09:46:26 +0000 (UTC)
Authentication-Results: smtp.subspace.kernel.org; arc=none smtp.client-ip=80.241.56.161
ARC-Seal:i=1; a=rsa-sha256; d=subspace.kernel.org; s=arc-20240116;
	t=1722505592; cv=none; b=g/EVPTG1ckRj4hccCDalvCU5qLXnurEhh0Q5QtYVEQzcWnu2jO0hYkEdF0PInH/jkSR+JkYDll+sMZmnIYlhHXxV+y/beNZW11juo+MTmG+YUjGr+f6mA9vu3V4iTm1esyjCMqr14oetRKDmfBjY6U2XvRHpotxWh3JjgMlXeQI=
ARC-Message-Signature:i=1; a=rsa-sha256; d=subspace.kernel.org;
	s=arc-20240116; t=1722505592; c=relaxed/simple;
	bh=gt1zDgiOZhw+jkpdb9+mBb/0NrcXZxe/7vr9/6JN6/A=;
	h=Date:From:To:Subject:Message-ID:MIME-Version:Content-Type; b=pwJnjUZspL3yi49Y3hiMCgRaw2HORcGqqFiBy/p1i1apE/QZayh14fxefZDycpgXIzgS8rBk3fEpbRpk/V1Iy1EEhy7Cw7124ZL/RjZKu7bZhRPWdkWzoOXXs49iNiwKJ3URwBrwL69unUde8GYZWI7kLUU0iERWAFqnVXNspys=
ARC-Authentication-Results:i=1; smtp.subspace.kernel.org; dmarc=pass (p=reject dis=none) header.from=mailbox.org; spf=pass smtp.mailfrom=mailbox.org; dkim=pass (2048-bit key) header.d=mailbox.org header.i=@mailbox.org header.b=gFNPNRoJ; arc=none smtp.client-ip=80.241.56.161
Authentication-Results: smtp.subspace.kernel.org; dmarc=pass (p=reject dis=none) header.from=mailbox.org
Authentication-Results: smtp.subspace.kernel.org; spf=pass smtp.mailfrom=mailbox.org
Received: from smtp202.mailbox.org (smtp202.mailbox.org [10.196.197.202])
	(using TLSv1.3 with cipher TLS_AES_256_GCM_SHA384 (256/256 bits)
	 key-exchange X25519 server-signature RSA-PSS (4096 bits) server-digest SHA256)
	(No client certificate requested)
	by mout-p-103.mailbox.org (Postfix) with ESMTPS id 4WZPHL5nbfz9sSl;
	Thu,  1 Aug 2024 11:46:22 +0200 (CEST)
DKIM-Signature: v=1; a=rsa-sha256; c=relaxed/relaxed; d=mailbox.org; s=mail20150812;
	t=1722505582;
	h=from:from:reply-to:subject:subject:date:date:message-id:message-id:
	 to:to:cc:mime-version:mime-version:content-type:content-type;
	bh=0ODfu+hzgtz7d+FUWzja8VvaKRCC7vvKkY26kGB5ts4=;
	b=gFNPNRoJAY4iGlEWSg5+ibFOArA6/XtwDSTm+XAjINPUBDzzg2bMrj37LygO+Fz/iW7PcW
	hkfTNEEqw96v9WQrYgh1+Sjd5II0YavF5+2vHpL1PLJKl98IG2N5YJfC/6erb8gbaFuiRd
	pFxzfAUV9s9SQlm3utRujKlDv/6L+p0pKs+xsGkFwrKFMi/B3ZVNDCATT3A5y1UkmSWVRI
	3FtOXCej0KMHckKY2+lnRCbDr0t6m1TW7eYz08eNZDMKJKHA/kVMfoELqlWyf22JADZJpv
	/jrOdOTG5rHR95Y5F08rUxY4M7iyfC1Pk3olsafyVprwhXVuMpfGU34515VFzw==
Date: Thu, 1 Aug 2024 11:46:05 +0200
From: Erhard Furtner <erhard_f@mailbox.org>
To: linux-mm@kvack.org, linux-kernel@vger.kernel.org
Subject: alloc_tag was not set WARNING: CPU: 1 PID: 0 at
 include/linux/alloc_tag.h:130 alloc_tagging_slab_free_hook+0x17f/0x1ec
Message-ID: <20240801114605.78ea42ce@yea>
Precedence: bulk
X-Mailing-List: linux-kernel@vger.kernel.org
List-Id: <linux-kernel.vger.kernel.org>
List-Subscribe: <mailto:linux-kernel+subscribe@vger.kernel.org>
List-Unsubscribe: <mailto:linux-kernel+unsubscribe@vger.kernel.org>
MIME-Version: 1.0
Content-Type: multipart/mixed; boundary="MP_/h5wDT.s6wbxhPxXH4h.e5+J"
X-MBO-RS-ID: 2873f693b88c49fed62
X-MBO-RS-META: cic8o3p6e3n9w7up54znn1cw99wmfz3b

--MP_/h5wDT.s6wbxhPxXH4h.e5+J
Content-Type: text/plain; charset=US-ASCII
Content-Transfer-Encoding: 7bit
Content-Disposition: inline

Greetings!

This report is similar to https://lore.kernel.org/all/20240530163812.33b0ab78@yea/ but on v6.11-rc1 and the attached .config I get this every time at boot:

------------[ cut here ]------------
alloc_tag was not set
WARNING: CPU: 1 PID: 0 at include/linux/alloc_tag.h:130 alloc_tagging_slab_free_hook+0x17f/0x1ec
Modules linked in:
CPU: 1 UID: 0 PID: 0 Comm: swapper/1 Not tainted 6.11.0-rc1-P3 #2
Hardware name: LENOVO 2007F2G/2007F2G, BIOS 79ETE7WW (2.27 ) 03/21/2011
EIP: alloc_tagging_slab_free_hook+0x17f/0x1ec
Code: 4f 0f 85 d8 fe ff ff eb 7e c6 05 ca 76 8e d8 01 68 49 10 68 d8 89 cb 89 45 e4 e8 28 ca e0 ff 8b 45 e4 89 d9 8b 55 ec 83 c4 04 <0f> 0b 8b 5c da 04 e9 28 ff ff ff e8 b1 26 72 00 8b 55 ec e9 6b ff
EAX: 000000a0 EBX: 00000000 ECX: 00000000 EDX: f728bef8
ESI: c12b9f34 EDI: 00000001 EBP: c12b9f18 ESP: c12b9ef0
DS: 007b ES: 007b FS: 00d8 GS: 0000 SS: 0068 EFLAGS: 00210296
CR0: 80050033 CR2: 00000000 CR3: 18a1e000 CR4: 000006f0
Call Trace:
 <SOFTIRQ>
 ? show_regs+0x4e/0x5c
 ? alloc_tagging_slab_free_hook+0x17f/0x1ec
 ? __warn+0x88/0x164
 ? alloc_tagging_slab_free_hook+0x17f/0x1ec
 ? alloc_tagging_slab_free_hook+0x17f/0x1ec
 ? report_bug+0xa0/0x11c
 ? exc_overflow+0x3c/0x3c
 ? handle_bug+0x30/0x50
 ? exc_invalid_op+0x17/0x40
 ? handle_exception+0x101/0x101
 ? exc_overflow+0x3c/0x3c
 ? alloc_tagging_slab_free_hook+0x17f/0x1ec
 ? exc_overflow+0x3c/0x3c
 ? alloc_tagging_slab_free_hook+0x17f/0x1ec
 ? lock_acquire+0xbe/0x1e4
 ? rcu_nocb_unlock_irqrestore+0x3c/0x3c
 kmem_cache_free+0xeb/0x2d0
 ? mem_pool_free+0x6f/0x80
 ? rcu_lock_release+0x18/0x18
 mem_pool_free+0x6f/0x80
 ? rcu_lock_release+0x18/0x18
 free_object_rcu+0x69/0x74
 ? rcu_lock_release+0x18/0x18
 rcu_core+0x2cd/0x66c
 rcu_core_si+0x8/0xc
 handle_softirqs+0xf6/0x358
 ? __lock_text_end+0x2/0x2
 __do_softirq+0xa/0xe
 do_softirq_own_stack+0x50/0x58
 </SOFTIRQ>
 ? sysvec_call_function_single+0x30/0x30
 __irq_exit_rcu+0x54/0x98
 irq_exit_rcu+0x8/0x14
 sysvec_apic_timer_interrupt+0x1f/0x34
 handle_exception+0x101/0x101
EIP: mwait_idle+0x53/0x64
Code: ae 3e 0f ae f0 8d 76 00 89 f0 31 c9 31 d2 0f 01 c8 f7 06 08 00 00 00 75 12 eb 07 0f 00 2d f4 8e 38 d8 31 c0 31 c9 fb 0f 01 c9 <fa> f0 80 66 02 df 5e 5d 31 c0 31 c9 31 d2 c3 cc cc 55 89 e5 53 57
EAX: 00000000 EBX: 00000000 ECX: 00000000 EDX: 00000000
ESI: c1280040 EDI: c1280040 EBP: c1271f58 ESP: c1271f54
DS: 007b ES: 007b FS: 00d8 GS: 0000 SS: 0068 EFLAGS: 00200246
 ? sysvec_call_function_single+0x30/0x30
 ? sysvec_call_function_single+0x30/0x30
 ? mwait_idle+0x53/0x64
 ? do_idle+0xb7/0x208
 arch_cpu_idle+0x8/0xc
 default_idle_call+0x66/0x9c
 do_idle+0xb7/0x208
 ? complete+0xc/0x14
 cpu_startup_entry+0x21/0x24
 start_secondary+0x9f/0xac
 startup_32_smp+0x151/0x154
irq event stamp: 20888
hardirqs last  enabled at (20896): [<d7aca9fa>] console_unlock+0xbe/0x144
hardirqs last disabled at (20903): [<d7aca9e1>] console_unlock+0xa5/0x144
softirqs last  enabled at (15774): [<d7a6396e>] handle_softirqs+0x31e/0x358
softirqs last disabled at (15799): [<d837edea>] __do_softirq+0xa/0xe
---[ end trace 0000000000000000 ]---


Full dmesg and kernel .config attached.

Regards,
Erhard

--MP_/h5wDT.s6wbxhPxXH4h.e5+J
Content-Type: text/plain
Content-Transfer-Encoding: 7bit
Content-Disposition: attachment; filename=dmesg_611-rc1_p3.txt

[    0.000000] Linux version 6.11.0-rc1-P3 (root@supah) (clang version 18.1.8, LLD 18.1.8) #2 SMP Tue Jul 30 21:23:44 -00 2024
[    0.000000] KERNEL supported cpus:
[    0.000000]   Intel GenuineIntel
[    0.000000] Disabled fast string operations
[    0.000000] BIOS-provided physical RAM map:
[    0.000000] BIOS-e820: [mem 0x0000000000000000-0x000000000009efff] usable
[    0.000000] BIOS-e820: [mem 0x000000000009f000-0x000000000009ffff] reserved
[    0.000000] BIOS-e820: [mem 0x00000000000dc000-0x00000000000fffff] reserved
[    0.000000] BIOS-e820: [mem 0x0000000000100000-0x00000000bfecffff] usable
[    0.000000] BIOS-e820: [mem 0x00000000bfed0000-0x00000000bfedefff] ACPI data
[    0.000000] BIOS-e820: [mem 0x00000000bfedf000-0x00000000bfefffff] ACPI NVS
[    0.000000] BIOS-e820: [mem 0x00000000bff00000-0x00000000bfffffff] reserved
[    0.000000] BIOS-e820: [mem 0x00000000f0000000-0x00000000f3ffffff] reserved
[    0.000000] BIOS-e820: [mem 0x00000000fec00000-0x00000000fec0ffff] reserved
[    0.000000] BIOS-e820: [mem 0x00000000fed00000-0x00000000fed003ff] reserved
[    0.000000] BIOS-e820: [mem 0x00000000fed14000-0x00000000fed19fff] reserved
[    0.000000] BIOS-e820: [mem 0x00000000fed1c000-0x00000000fed8ffff] reserved
[    0.000000] BIOS-e820: [mem 0x00000000fee00000-0x00000000fee00fff] reserved
[    0.000000] BIOS-e820: [mem 0x00000000ff800000-0x00000000ffffffff] reserved
[    0.000000] NX (Execute Disable) protection: active
[    0.000000] APIC: Static calls initialized
[    0.000000] SMBIOS 2.4 present.
[    0.000000] DMI: LENOVO 2007F2G/2007F2G, BIOS 79ETE7WW (2.27 ) 03/21/2011
[    0.000000] DMI: Memory slots populated: 2/2
[    0.000000] tsc: Fast TSC calibration using PIT
[    0.000000] tsc: Detected 1828.629 MHz processor
[    0.003917] last_pfn = 0xbfedf max_arch_pfn = 0x1000000
[    0.003940] total RAM covered: 3071M
[    0.005312] Found optimal setting for mtrr clean up
[    0.005316]  gran_size: 64K 	chunk_size: 2M 	num_reg: 3  	lose cover RAM: 0G
[    0.005332] MTRR map: 8 entries (6 fixed + 2 variable; max 22), built from 8 variable MTRRs
[    0.005338] x86/PAT: PAT not supported by the CPU.
[    0.005343] x86/PAT: Configuration [0-7]: WB  WT  UC- UC  WB  WT  UC- UC  
[    0.011673] found SMP MP-table at [mem 0x000f6810-0x000f681f]
[    0.011827] RAMDISK: [mem 0x36383000-0x371b8fff]
[    0.011842] ACPI: Early table checksum verification disabled
[    0.011850] ACPI: RSDP 0x00000000000F67E0 000024 (v02 LENOVO)
[    0.011864] ACPI: XSDT 0x00000000BFED14A0 000084 (v01 LENOVO TP-79    00002270  LTP 00000000)
[    0.011881] ACPI: FACP 0x00000000BFED1600 0000F4 (v03 LENOVO TP-79    00002270 LNVO 00000001)
[    0.011895] ACPI BIOS Warning (bug): 32/64X length mismatch in FADT/Gpe0Block: 64/32 (20240322/tbfadt-560)
[    0.011907] ACPI BIOS Warning (bug): Optional FADT field Gpe1Block has valid Address but zero Length: 0x000000000000102C/0x0 (20240322/tbfadt-611)
[    0.011921] ACPI: DSDT 0x00000000BFED195E 00D467 (v01 LENOVO TP-79    00002270 MSFT 0100000E)
[    0.011934] ACPI: FACS 0x00000000BFEF4000 000040
[    0.011945] ACPI: FACS 0x00000000BFEF4000 000040
[    0.011956] ACPI: SSDT 0x00000000BFED17B4 0001AA (v01 LENOVO TP-79    00002270 MSFT 0100000E)
[    0.011969] ACPI: ECDT 0x00000000BFEDEDC5 000052 (v01 LENOVO TP-79    00002270 LNVO 00000001)
[    0.011982] ACPI: TCPA 0x00000000BFEDEE17 000032 (v02 LENOVO TP-79    00002270 LNVO 00000001)
[    0.011995] ACPI: APIC 0x00000000BFEDEE49 000068 (v01 LENOVO TP-79    00002270 LNVO 00000001)
[    0.012008] ACPI: MCFG 0x00000000BFEDEEB1 00003C (v01 LENOVO TP-79    00002270 LNVO 00000001)
[    0.012021] ACPI: HPET 0x00000000BFEDEEED 000038 (v01 LENOVO TP-79    00002270 LNVO 00000001)
[    0.012034] ACPI: BOOT 0x00000000BFEDEFD8 000028 (v01 LENOVO TP-79    00002270  LTP 00000001)
[    0.012047] ACPI: SSDT 0x00000000BFEF2655 00025F (v01 LENOVO TP-79    00002270 INTL 20050513)
[    0.012060] ACPI: SSDT 0x00000000BFEF28B4 0000A6 (v01 LENOVO TP-79    00002270 INTL 20050513)
[    0.012072] ACPI: SSDT 0x00000000BFEF295A 0004F7 (v01 LENOVO TP-79    00002270 INTL 20050513)
[    0.012085] ACPI: SSDT 0x00000000BFEF2E51 0001D8 (v01 LENOVO TP-79    00002270 INTL 20050513)
[    0.012097] ACPI: Reserving FACP table memory at [mem 0xbfed1600-0xbfed16f3]
[    0.012102] ACPI: Reserving DSDT table memory at [mem 0xbfed195e-0xbfededc4]
[    0.012106] ACPI: Reserving FACS table memory at [mem 0xbfef4000-0xbfef403f]
[    0.012111] ACPI: Reserving FACS table memory at [mem 0xbfef4000-0xbfef403f]
[    0.012115] ACPI: Reserving SSDT table memory at [mem 0xbfed17b4-0xbfed195d]
[    0.012119] ACPI: Reserving ECDT table memory at [mem 0xbfededc5-0xbfedee16]
[    0.012123] ACPI: Reserving TCPA table memory at [mem 0xbfedee17-0xbfedee48]
[    0.012128] ACPI: Reserving APIC table memory at [mem 0xbfedee49-0xbfedeeb0]
[    0.012132] ACPI: Reserving MCFG table memory at [mem 0xbfedeeb1-0xbfedeeec]
[    0.012136] ACPI: Reserving HPET table memory at [mem 0xbfedeeed-0xbfedef24]
[    0.012140] ACPI: Reserving BOOT table memory at [mem 0xbfedefd8-0xbfedefff]
[    0.012145] ACPI: Reserving SSDT table memory at [mem 0xbfef2655-0xbfef28b3]
[    0.012149] ACPI: Reserving SSDT table memory at [mem 0xbfef28b4-0xbfef2959]
[    0.012153] ACPI: Reserving SSDT table memory at [mem 0xbfef295a-0xbfef2e50]
[    0.012157] ACPI: Reserving SSDT table memory at [mem 0xbfef2e51-0xbfef3028]
[    0.012202] 2184MB HIGHMEM available.
[    0.012207] 885MB LOWMEM available.
[    0.012210]   mapped low ram: 0 - 375fe000
[    0.012214]   low ram: 0 - 375fe000
[    0.012220] Zone ranges:
[    0.012223]   DMA      [mem 0x0000000000001000-0x0000000000ffffff]
[    0.012231]   Normal   [mem 0x0000000001000000-0x00000000375fdfff]
[    0.012238]   HighMem  [mem 0x00000000375fe000-0x00000000bfedefff]
[    0.012245] Movable zone start for each node
[    0.012248] Early memory node ranges
[    0.012251]   node   0: [mem 0x0000000000001000-0x000000000009efff]
[    0.012256]   node   0: [mem 0x0000000000100000-0x00000000bfecffff]
[    0.012261] Initmem setup node 0 [mem 0x0000000000001000-0x00000000bfecffff]
[    0.012286] On node 0, zone DMA: 1 pages in unavailable ranges
[    0.012395] On node 0, zone DMA: 97 pages in unavailable ranges
[    0.035681] ACPI: PM-Timer IO Port: 0x1008
[    0.035706] ACPI: LAPIC_NMI (acpi_id[0x00] high edge lint[0x1])
[    0.035712] ACPI: LAPIC_NMI (acpi_id[0x01] high edge lint[0x1])
[    0.035751] IOAPIC[0]: apic_id 1, version 32, address 0xfec00000, GSI 0-23
[    0.035765] ACPI: INT_SRC_OVR (bus 0 bus_irq 0 global_irq 2 dfl dfl)
[    0.035772] ACPI: INT_SRC_OVR (bus 0 bus_irq 9 global_irq 9 high level)
[    0.035784] ACPI: Using ACPI (MADT) for SMP configuration information
[    0.035788] ACPI: HPET id: 0x8086a201 base: 0xfed00000
[    0.035807] CPU topo: Max. logical packages:   1
[    0.035810] CPU topo: Max. logical dies:       1
[    0.035814] CPU topo: Max. dies per package:   1
[    0.035817] CPU topo: Max. threads per core:   1
[    0.035821] CPU topo: Num. cores per package:     2
[    0.035825] CPU topo: Num. threads per package:   2
[    0.035828] CPU topo: Allowing 2 present CPUs plus 0 hotplug CPUs
[    0.035897] [mem 0xc0000000-0xefffffff] available for PCI devices
[    0.035909] clocksource: refined-jiffies: mask: 0xffffffff max_cycles: 0xffffffff, max_idle_ns: 6370452778343963 ns
[    0.035935] setup_percpu: NR_CPUS:2 nr_cpumask_bits:2 nr_cpu_ids:2 nr_node_ids:1
[    0.036358] percpu: Embedded 67 pages/cpu s185868 r0 d88564 u274432
[    0.036444] Kernel command line: BOOT_IMAGE=/boot/vmlinuz-6.11.0-rc1-P3 root=PARTUUID=f6cdabc7-801d-4572-9de8-9b696dc216cc ro systemd.gpt_auto=no mce=0 slub_debug=FZ netconsole=6666@192.168.2.10/eth0,6666@192.168.2.3/A8:A1:59:16:4F:EA
[    0.036699] Unknown kernel command line parameters "BOOT_IMAGE=/boot/vmlinuz-6.11.0-rc1-P3", will be passed to user space.
[    0.036934] Dentry cache hash table entries: 131072 (order: 7, 524288 bytes, linear)
[    0.037048] Inode-cache hash table entries: 65536 (order: 6, 262144 bytes, linear)
[    0.037100] Built 1 zonelists, mobility grouping on.  Total pages: 786030
[    0.039896] allocated 6297208 bytes of page_ext
[    0.040960] mem auto-init: stack:all(pattern), heap alloc:on, heap free:off
[    0.040971] stackdepot: allocating hash table via alloc_large_system_hash
[    0.040981] stackdepot hash table entries: 65536 (order: 7, 524288 bytes, linear)
[    0.041365] Initializing HighMem for node 0 (000375fe:000bfed0)
[    1.667893] Initializing Movable for node 0 (00000000:00000000)
[    1.676705] Checking if this processor honours the WP bit even in supervisor mode...Ok.
[    1.676731] **********************************************************
[    1.676734] **   NOTICE NOTICE NOTICE NOTICE NOTICE NOTICE NOTICE   **
[    1.676737] **                                                      **
[    1.676740] ** This system shows unhashed kernel memory addresses   **
[    1.676744] ** via the console, logs, and other interfaces. This    **
[    1.676747] ** might reduce the security of your system.            **
[    1.676750] **                                                      **
[    1.676752] ** If you see this message and you are not debugging    **
[    1.676755] ** the kernel, report this immediately to your system   **
[    1.676759] ** administrator!                                       **
[    1.676762] **                                                      **
[    1.676765] **   NOTICE NOTICE NOTICE NOTICE NOTICE NOTICE NOTICE   **
[    1.676767] **********************************************************
[    1.689342] SLUB: HWalign=64, Order=0-3, MinObjects=0, CPUs=2, Nodes=1
[    1.690958] Kernel/User page tables isolation: enabled
[    1.691381] trace event string verifier disabled
[    1.692917] Running RCU self tests
[    1.692922] Running RCU synchronous self tests
[    1.692940] rcu: Hierarchical RCU implementation.
[    1.692943] rcu: 	RCU lockdep checking is enabled.
[    1.692948] 	Tracing variant of Tasks RCU enabled.
[    1.692951] rcu: RCU calculated value of scheduler-enlistment delay is 30 jiffies.
[    1.693096] Running RCU synchronous self tests
[    1.693103] RCU Tasks Trace: Setting shift to 1 and lim to 1 rcu_task_cb_adjust=1.
[    1.718862] NR_IRQS: 2304, nr_irqs: 440, preallocated irqs: 16
[    1.719598] rcu: srcu_init: Setting srcu_struct sizes based on contention.
[    1.719845] kfence: initialized - using 2097152 bytes for 255 objects at 0xf72b3000-0xf74b3000
[    1.723835] Console: colour VGA+ 80x25
[    1.723876] printk: legacy console [tty0] enabled
[    1.750942] Lock dependency validator: Copyright (c) 2006 Red Hat, Inc., Ingo Molnar
[    1.751152] ... MAX_LOCKDEP_SUBCLASSES:  8
[    1.751318] ... MAX_LOCK_DEPTH:          48
[    1.751485] ... MAX_LOCKDEP_KEYS:        8192
[    1.751653] ... CLASSHASH_SIZE:          4096
[    1.751820] ... MAX_LOCKDEP_ENTRIES:     32768
[    1.751989] ... MAX_LOCKDEP_CHAINS:      65536
[    1.752158] ... CHAINHASH_SIZE:          32768
[    1.752325]  memory used by lock dependency info: 3869 kB
[    1.752501]  memory used for stack traces: 2112 kB
[    1.752673]  per task-struct memory footprint: 1344 bytes
[    1.752901] ACPI: Core revision 20240322
[    1.756599] clocksource: hpet: mask: 0xffffffff max_cycles: 0xffffffff, max_idle_ns: 133484882848 ns
[    1.756877] APIC: Switch to symmetric I/O mode setup
[    1.758328] ..TIMER: vector=0x30 apic1=0 pin1=2 apic2=-1 pin2=-1
[    1.773528] clocksource: tsc-early: mask: 0xffffffffffffffff max_cycles: 0x1a5bce66e4d, max_idle_ns: 440795261458 ns
[    1.774815] Calibrating delay loop (skipped), value calculated using timer frequency.. 3658.64 BogoMIPS (lpj=6095430)
[    1.775064] Disabled fast string operations
[    1.775248] CPU0: Thermal monitoring enabled (TM2)
[    1.775527] Last level iTLB entries: 4KB 128, 2MB 0, 4MB 2
[    1.775708] Last level dTLB entries: 4KB 128, 2MB 0, 4MB 8, 1GB 0
[    1.775895] process: using mwait in idle threads
[    1.776070] Spectre V1 : Mitigation: usercopy/swapgs barriers and __user pointer sanitization
[    1.776284] Spectre V2 : Mitigation: Retpolines
[    1.776452] Spectre V2 : Spectre v2 / SpectreRSB mitigation: Filling RSB on context switch
[    1.776661] Spectre V2 : Spectre v2 / SpectreRSB : Filling RSB on VMEXIT
[    1.776848] L1TF: System has more than MAX_PA/2 memory. L1TF mitigation not effective.
[    1.778337] L1TF: You may make it effective by booting the kernel with mem=2147483648 parameter.
[    1.778550] L1TF: However, doing so will make a part of your RAM unusable.
[    1.778736] L1TF: Reading https://www.kernel.org/doc/html/latest/admin-guide/hw-vuln/l1tf.html might help you decide.
[    1.778963] MDS: Vulnerable: Clear CPU buffers attempted, no microcode
[    1.779145] MMIO Stale Data: Unknown: No mitigations
[    1.779330] x86/fpu: x87 FPU will use FXSAVE
[    1.780892] Freeing SMP alternatives memory: 36K
[    1.781065] pid_max: default: 4096 minimum: 301
[    1.784162] LSM: initializing lsm=capability,yama
[    1.784357] Yama: becoming mindful.
[    1.785657] Mount-cache hash table entries: 2048 (order: 1, 8192 bytes, linear)
[    1.785877] Mountpoint-cache hash table entries: 2048 (order: 1, 8192 bytes, linear)
[    1.794804] Running RCU synchronous self tests
[    1.798140] Running RCU synchronous self tests
[    1.905676] smpboot: CPU0: Genuine Intel(R) CPU           T2400  @ 1.83GHz (family: 0x6, model: 0xe, stepping: 0x8)
[    1.908129] Running RCU Tasks Trace wait API self tests
[    1.908129] Performance Events: Core events, core PMU driver.
[    1.908129] ... version:                1
[    1.908139] ... bit width:              40
[    1.908307] ... generic registers:      2
[    1.908474] ... value mask:             000000ffffffffff
[    1.908652] ... max period:             000000007fffffff
[    1.908828] ... fixed-purpose events:   0
[    1.908994] ... event mask:             0000000000000003
[    1.909602] signal: max sigframe size: 1440
[    1.910116] rcu: Hierarchical SRCU implementation.
[    1.910291] rcu: 	Max phase no-delay instances is 1000.
[    1.911116] Timer migration: 1 hierarchy levels; 8 children per group; 1 crossnode level
[    1.912430] NMI watchdog: Enabled. Permanently consumes one hw-PMU counter.
[    1.913034] smp: Bringing up secondary CPUs ...
[    1.914677] smpboot: x86: Booting SMP configuration:
[    1.914846] .... node  #0, CPUs:      #1
[    0.041813] Disabled fast string operations
[    1.916801] TSC synchronization [CPU#0 -> CPU#1]:
[    1.917311] Measured 521576 cycles TSC warp between CPUs, turning off TSC clock.
[    1.918320] tsc: Marking TSC unstable due to check_tsc_sync_source failed
[    1.918582] smp: Brought up 1 node, 2 CPUs
[    1.918582] smpboot: Total of 2 processors activated (7317.28 BogoMIPS)
[    1.921669] Memory: 3057660K/3144120K available (9735K kernel code, 1496K rwdata, 4176K rodata, 856K init, 8548K bss, 81936K reserved, 0K cma-reserved, 2237256K highmem)
[    1.923114] devtmpfs: initialized
[    1.929141] ACPI: PM: Registering ACPI NVS region [mem 0xbfedf000-0xbfefffff] (135168 bytes)
[    1.930119] Running RCU synchronous self tests
[    1.931499] Running RCU synchronous self tests
[    1.931733] clocksource: jiffies: mask: 0xffffffff max_cycles: 0xffffffff, max_idle_ns: 6370867519511994 ns
[    1.931733] futex hash table entries: 16 (order: -2, 1024 bytes, linear)
[    1.936991] NET: Registered PF_NETLINK/PF_ROUTE protocol family
[    1.942490] thermal_sys: Registered thermal governor 'bang_bang'
[    1.942498] thermal_sys: Registered thermal governor 'step_wise'
[    1.942685] thermal_sys: Registered thermal governor 'user_space'
[    1.943035] cpuidle: using governor menu
[    1.943035] Simple Boot Flag at 0x35 set to 0x1
[    1.943035] ACPI FADT declares the system doesn't support PCIe ASPM, so disable it
[    1.945388] PCI: ECAM [mem 0xf0000000-0xf3ffffff] (base 0xf0000000) for domain 0000 [bus 00-3f]
[    1.945613] PCI: ECAM [mem 0xf0000000-0xf3ffffff] reserved as E820 entry
[    1.945803] PCI: Using ECAM for extended config space
[    1.945979] PCI: Using configuration type 1 for base access
[    1.953166] HugeTLB: registered 2.00 MiB page size, pre-allocated 0 pages
[    1.953362] HugeTLB: 0 KiB vmemmap can be freed for a 2.00 MiB page
[    2.021324] raid6: sse2x2   gen()  3235 MB/s
[    2.077989] raid6: sse2x1   gen()  2863 MB/s
[    2.134655] raid6: sse1x2   gen()  2561 MB/s
[    2.191330] raid6: sse1x1   gen()  2076 MB/s
[    2.191469] raid6: using algorithm sse2x2 gen() 3235 MB/s
[    2.247992] raid6: .... xor() 1781 MB/s, rmw enabled
[    2.248136] raid6: using intx1 recovery algorithm
[    2.250323] ACPI: Added _OSI(Module Device)
[    2.250496] ACPI: Added _OSI(Processor Device)
[    2.250668] ACPI: Added _OSI(3.0 _SCP Extensions)
[    2.250841] ACPI: Added _OSI(Processor Aggregator Device)
[    2.264822] Callback from call_rcu_tasks_trace() invoked.
[    2.690118] ACPI: 6 ACPI AML tables successfully acquired and loaded
[    2.703791] ACPI: EC: EC started
[    2.703982] ACPI: EC: interrupt blocked
[    2.708450] ACPI: EC: EC_CMD/EC_SC=0x66, EC_DATA=0x62
[    2.708628] ACPI: EC: Boot ECDT EC used to handle transactions
[    2.736141] ------------[ cut here ]------------
[    2.736413] alloc_tag was not set
[    2.736651] WARNING: CPU: 1 PID: 0 at include/linux/alloc_tag.h:130 alloc_tagging_slab_free_hook+0x17f/0x1ec
[    2.736981] Modules linked in:
[    2.737186] CPU: 1 UID: 0 PID: 0 Comm: swapper/1 Not tainted 6.11.0-rc1-P3 #2
[    2.737454] Hardware name: LENOVO 2007F2G/2007F2G, BIOS 79ETE7WW (2.27 ) 03/21/2011
[    2.737668] EIP: alloc_tagging_slab_free_hook+0x17f/0x1ec
[    2.737856] Code: 4f 0f 85 d8 fe ff ff eb 7e c6 05 ca 76 8e d8 01 68 49 10 68 d8 89 cb 89 45 e4 e8 28 ca e0 ff 8b 45 e4 89 d9 8b 55 ec 83 c4 04 <0f> 0b 8b 5c da 04 e9 28 ff ff ff e8 b1 26 72 00 8b 55 ec e9 6b ff
[    2.738138] EAX: 000000a0 EBX: 00000000 ECX: 00000000 EDX: f728bef8
[    2.738400] ESI: c12b9f34 EDI: 00000001 EBP: c12b9f18 ESP: c12b9ef0
[    2.738596] DS: 007b ES: 007b FS: 00d8 GS: 0000 SS: 0068 EFLAGS: 00210296
[    2.738794] CR0: 80050033 CR2: 00000000 CR3: 18a1e000 CR4: 000006f0
[    2.738986] Call Trace:
[    2.739144]  <SOFTIRQ>
[    2.739303]  ? show_regs+0x4e/0x5c
[    2.739476]  ? alloc_tagging_slab_free_hook+0x17f/0x1ec
[    2.739663]  ? __warn+0x88/0x164
[    2.739828]  ? alloc_tagging_slab_free_hook+0x17f/0x1ec
[    2.740014]  ? alloc_tagging_slab_free_hook+0x17f/0x1ec
[    2.740200]  ? report_bug+0xa0/0x11c
[    2.740379]  ? exc_overflow+0x3c/0x3c
[    2.740552]  ? handle_bug+0x30/0x50
[    2.740723]  ? exc_invalid_op+0x17/0x40
[    2.741218]  ? handle_exception+0x101/0x101
[    2.741401]  ? exc_overflow+0x3c/0x3c
[    2.741635]  ? alloc_tagging_slab_free_hook+0x17f/0x1ec
[    2.741824]  ? exc_overflow+0x3c/0x3c
[    2.741994]  ? alloc_tagging_slab_free_hook+0x17f/0x1ec
[    2.742234]  ? lock_acquire+0xbe/0x1e4
[    2.742431]  ? rcu_nocb_unlock_irqrestore+0x3c/0x3c
[    2.742618]  kmem_cache_free+0xeb/0x2d0
[    2.742795]  ? mem_pool_free+0x6f/0x80
[    2.743014]  ? rcu_lock_release+0x18/0x18
[    2.743198]  mem_pool_free+0x6f/0x80
[    2.743371]  ? rcu_lock_release+0x18/0x18
[    2.743548]  free_object_rcu+0x69/0x74
[    2.743720]  ? rcu_lock_release+0x18/0x18
[    2.743895]  rcu_core+0x2cd/0x66c
[    2.744071]  rcu_core_si+0x8/0xc
[    2.744239]  handle_softirqs+0xf6/0x358
[    2.744419]  ? __lock_text_end+0x2/0x2
[    2.744805]  __do_softirq+0xa/0xe
[    2.744976]  do_softirq_own_stack+0x50/0x58
[    2.745152]  </SOFTIRQ>
[    2.745310]  ? sysvec_call_function_single+0x30/0x30
[    2.745495]  __irq_exit_rcu+0x54/0x98
[    2.745668]  irq_exit_rcu+0x8/0x14
[    2.745837]  sysvec_apic_timer_interrupt+0x1f/0x34
[    2.746020]  handle_exception+0x101/0x101
[    2.746195] EIP: mwait_idle+0x53/0x64
[    2.746368] Code: ae 3e 0f ae f0 8d 76 00 89 f0 31 c9 31 d2 0f 01 c8 f7 06 08 00 00 00 75 12 eb 07 0f 00 2d f4 8e 38 d8 31 c0 31 c9 fb 0f 01 c9 <fa> f0 80 66 02 df 5e 5d 31 c0 31 c9 31 d2 c3 cc cc 55 89 e5 53 57
[    2.746691] EAX: 00000000 EBX: 00000000 ECX: 00000000 EDX: 00000000
[    2.746883] ESI: c1280040 EDI: c1280040 EBP: c1271f58 ESP: c1271f54
[    2.747495] DS: 007b ES: 007b FS: 00d8 GS: 0000 SS: 0068 EFLAGS: 00200246
[    2.747698]  ? sysvec_call_function_single+0x30/0x30
[    2.747885]  ? sysvec_call_function_single+0x30/0x30
[    2.748138]  ? mwait_idle+0x53/0x64
[    2.748310]  ? do_idle+0xb7/0x208
[    2.748482]  arch_cpu_idle+0x8/0xc
[    2.748652]  default_idle_call+0x66/0x9c
[    2.748827]  do_idle+0xb7/0x208
[    2.748997]  ? complete+0xc/0x14
[    2.749168]  cpu_startup_entry+0x21/0x24
[    2.749343]  start_secondary+0x9f/0xac
[    2.749515]  startup_32_smp+0x151/0x154
[    2.749697] irq event stamp: 20888
[    2.749864] hardirqs last  enabled at (20896): [<d7aca9fa>] console_unlock+0xbe/0x144
[    2.750087] hardirqs last disabled at (20903): [<d7aca9e1>] console_unlock+0xa5/0x144
[    2.751471] softirqs last  enabled at (15774): [<d7a6396e>] handle_softirqs+0x31e/0x358
[    2.751692] softirqs last disabled at (15799): [<d837edea>] __do_softirq+0xa/0xe
[    2.751908] ---[ end trace 0000000000000000 ]---
[    2.759117] ACPI: Dynamic OEM Table Load:
[    2.759324] ACPI: SSDT 0x00000000C1C4E400 000240 (v01 PmRef  Cpu0Ist  00000100 INTL 20050513)
[    2.770988] ACPI: Dynamic OEM Table Load:
[    2.771191] ACPI: SSDT 0x00000000C1813800 00065A (v01 PmRef  Cpu0Cst  00000100 INTL 20050513)
[    2.797058] ACPI: Dynamic OEM Table Load:
[    2.797259] ACPI: SSDT 0x00000000C11F0700 0000C8 (v01 PmRef  Cpu1Ist  00000100 INTL 20050513)
[    2.805468] ACPI: Dynamic OEM Table Load:
[    2.805665] ACPI: SSDT 0x00000000C13347C0 000085 (v01 PmRef  Cpu1Cst  00000100 INTL 20050513)
[    2.816465] ACPI: Interpreter enabled
[    2.816920] ACPI: PM: (supports S0 S3 S5)
[    2.817100] ACPI: Using IOAPIC for interrupt routing
[    2.817813] PCI: Using host bridge windows from ACPI; if necessary, use "pci=nocrs" and report a bug
[    2.818034] PCI: Using E820 reservations for host bridge windows
[    2.823222] ACPI: Enabled 4 GPEs in block 00 to 1F
[    2.994042] ACPI: \_SB_.PCI0.LPC_.EC__.PUBS: New power resource
[    3.090182] ACPI: PCI: Interrupt link LNKA configured for IRQ 11
[    3.094900] ACPI: PCI: Interrupt link LNKB configured for IRQ 11
[    3.099536] ACPI: PCI: Interrupt link LNKC configured for IRQ 11
[    3.104176] ACPI: PCI: Interrupt link LNKD configured for IRQ 11
[    3.108823] ACPI: PCI: Interrupt link LNKE configured for IRQ 11
[    3.113451] ACPI: PCI: Interrupt link LNKF configured for IRQ 11
[    3.118082] ACPI: PCI: Interrupt link LNKG configured for IRQ 11
[    3.122941] ACPI: PCI: Interrupt link LNKH configured for IRQ 11
[    3.125381] ACPI: PCI Root Bridge [PCI0] (domain 0000 [bus 00-ff])
[    3.125614] acpi PNP0A08:00: _OSC: OS supports [ExtendedConfig ASPM ClockPM Segments MSI HPX-Type3]
[    3.132746] acpi PNP0A08:00: _OSC: platform does not support [LTR]
[    3.145848] acpi PNP0A08:00: _OSC: OS now controls [PME AER PCIeCapability]
[    3.146050] acpi PNP0A08:00: FADT indicates ASPM is unsupported, using BIOS configuration
[    3.146313] acpi PNP0A08:00: [Firmware Info]: ECAM [mem 0xf0000000-0xf3ffffff] for domain 0000 [bus 00-3f] only partially covers this bridge
[    3.148687] PCI host bridge to bus 0000:00
[    3.149023] pci_bus 0000:00: root bus resource [io  0x0000-0x0cf7 window]
[    3.149232] pci_bus 0000:00: root bus resource [io  0x0d00-0xffff window]
[    3.149439] pci_bus 0000:00: root bus resource [mem 0x000a0000-0x000bffff window]
[    3.149672] pci_bus 0000:00: root bus resource [mem 0x000d0000-0x000dbfff window]
[    3.149895] pci_bus 0000:00: root bus resource [mem 0xc0000000-0xfebfffff window]
[    3.150118] pci_bus 0000:00: root bus resource [bus 00-ff]
[    3.150447] pci 0000:00:00.0: [8086:27a0] type 00 class 0x060000 conventional PCI endpoint
[    3.151745] pci 0000:00:01.0: [8086:27a1] type 01 class 0x060400 PCIe Root Port
[    3.151995] pci 0000:00:01.0: PCI bridge to [bus 01]
[    3.152181] pci 0000:00:01.0:   bridge window [io  0x2000-0x2fff]
[    3.152374] pci 0000:00:01.0:   bridge window [mem 0xee100000-0xee1fffff]
[    3.152583] pci 0000:00:01.0:   bridge window [mem 0xd8000000-0xdfffffff 64bit pref]
[    3.152967] pci 0000:00:01.0: PME# supported from D0 D3hot D3cold
[    3.155861] pci 0000:00:1b.0: [8086:27d8] type 00 class 0x040300 PCIe Root Complex Integrated Endpoint
[    3.156129] pci 0000:00:1b.0: BAR 0 [mem 0xee400000-0xee403fff 64bit]
[    3.156602] pci 0000:00:1b.0: PME# supported from D0 D3hot D3cold
[    3.159109] pci 0000:00:1c.0: [8086:27d0] type 01 class 0x060400 PCIe Root Port
[    3.159381] pci 0000:00:1c.0: PCI bridge to [bus 02]
[    3.159569] pci 0000:00:1c.0:   bridge window [io  0x3000-0x3fff]
[    3.159764] pci 0000:00:1c.0:   bridge window [mem 0xee000000-0xee0fffff]
[    3.160210] pci 0000:00:1c.0: PME# supported from D0 D3hot D3cold
[    3.162798] pci 0000:00:1c.1: [8086:27d2] type 01 class 0x060400 PCIe Root Port
[    3.163070] pci 0000:00:1c.1: PCI bridge to [bus 03]
[    3.163258] pci 0000:00:1c.1:   bridge window [io  0x4000-0x5fff]
[    3.163453] pci 0000:00:1c.1:   bridge window [mem 0xec000000-0xedffffff]
[    3.163665] pci 0000:00:1c.1:   bridge window [mem 0xe4000000-0xe40fffff 64bit pref]
[    3.164095] pci 0000:00:1c.1: PME# supported from D0 D3hot D3cold
[    3.166607] pci 0000:00:1c.2: [8086:27d4] type 01 class 0x060400 PCIe Root Port
[    3.166879] pci 0000:00:1c.2: PCI bridge to [bus 04-0b]
[    3.167069] pci 0000:00:1c.2:   bridge window [io  0x6000-0x7fff]
[    3.167265] pci 0000:00:1c.2:   bridge window [mem 0xe8000000-0xe9ffffff]
[    3.167480] pci 0000:00:1c.2:   bridge window [mem 0xe4100000-0xe41fffff 64bit pref]
[    3.167909] pci 0000:00:1c.2: PME# supported from D0 D3hot D3cold
[    3.170524] pci 0000:00:1c.3: [8086:27d6] type 01 class 0x060400 PCIe Root Port
[    3.170796] pci 0000:00:1c.3: PCI bridge to [bus 0c-13]
[    3.170986] pci 0000:00:1c.3:   bridge window [io  0x8000-0x9fff]
[    3.171181] pci 0000:00:1c.3:   bridge window [mem 0xea000000-0xebffffff]
[    3.171396] pci 0000:00:1c.3:   bridge window [mem 0xe4200000-0xe42fffff 64bit pref]
[    3.171695] pci 0000:00:1c.3: PME# supported from D0 D3hot D3cold
[    3.174203] pci 0000:00:1d.0: [8086:27c8] type 00 class 0x0c0300 conventional PCI endpoint
[    3.174508] pci 0000:00:1d.0: BAR 4 [io  0x1800-0x181f]
[    3.177044] pci 0000:00:1d.1: [8086:27c9] type 00 class 0x0c0300 conventional PCI endpoint
[    3.177349] pci 0000:00:1d.1: BAR 4 [io  0x1820-0x183f]
[    3.179906] pci 0000:00:1d.2: [8086:27ca] type 00 class 0x0c0300 conventional PCI endpoint
[    3.180210] pci 0000:00:1d.2: BAR 4 [io  0x1840-0x185f]
[    3.182716] pci 0000:00:1d.3: [8086:27cb] type 00 class 0x0c0300 conventional PCI endpoint
[    3.183021] pci 0000:00:1d.3: BAR 4 [io  0x1860-0x187f]
[    3.185359] pci 0000:00:1d.7: [8086:27cc] type 00 class 0x0c0320 conventional PCI endpoint
[    3.185611] pci 0000:00:1d.7: BAR 0 [mem 0xee404000-0xee4043ff]
[    3.186015] pci 0000:00:1d.7: PME# supported from D0 D3hot D3cold
[    3.188419] pci 0000:00:1e.0: [8086:2448] type 01 class 0x060401 conventional PCI bridge
[    3.188694] pci 0000:00:1e.0: PCI bridge to [bus 15-18] (subtractive decode)
[    3.188901] pci 0000:00:1e.0:   bridge window [io  0xa000-0xdfff]
[    3.189096] pci 0000:00:1e.0:   bridge window [mem 0xe4300000-0xe7ffffff]
[    3.189312] pci 0000:00:1e.0:   bridge window [mem 0xe0000000-0xe3ffffff 64bit pref]
[    3.191924] pci 0000:00:1f.0: [8086:27b9] type 00 class 0x060100 conventional PCI endpoint
[    3.192364] pci 0000:00:1f.0: quirk: [io  0x1000-0x107f] claimed by ICH6 ACPI/GPIO/TCO
[    3.192588] pci 0000:00:1f.0: quirk: [io  0x1180-0x11bf] claimed by ICH6 GPIO
[    3.192791] pci 0000:00:1f.0: ICH7 LPC Generic IO decode 1 PIO at 1600 (mask 007f)
[    3.193007] pci 0000:00:1f.0: ICH7 LPC Generic IO decode 2 PIO at 15e0 (mask 000f)
[    3.193223] pci 0000:00:1f.0: ICH7 LPC Generic IO decode 3 PIO at 1680 (mask 001f)
[    3.196040] pci 0000:00:1f.1: [8086:27df] type 00 class 0x01018a conventional PCI endpoint
[    3.196289] pci 0000:00:1f.1: BAR 0 [io  0x0000-0x0007]
[    3.196488] pci 0000:00:1f.1: BAR 1 [io  0x0000-0x0003]
[    3.196686] pci 0000:00:1f.1: BAR 2 [io  0x0000-0x0007]
[    3.196884] pci 0000:00:1f.1: BAR 3 [io  0x0000-0x0003]
[    3.197081] pci 0000:00:1f.1: BAR 4 [io  0x1880-0x188f]
[    3.197298] pci 0000:00:1f.1: BAR 0 [io  0x01f0-0x01f7]: legacy IDE quirk
[    3.197495] pci 0000:00:1f.1: BAR 1 [io  0x03f6]: legacy IDE quirk
[    3.197687] pci 0000:00:1f.1: BAR 2 [io  0x0170-0x0177]: legacy IDE quirk
[    3.197883] pci 0000:00:1f.1: BAR 3 [io  0x0376]: legacy IDE quirk
[    3.200171] pci 0000:00:1f.2: [8086:27c5] type 00 class 0x010601 conventional PCI endpoint
[    3.200421] pci 0000:00:1f.2: BAR 0 [io  0x18c8-0x18cf]
[    3.200620] pci 0000:00:1f.2: BAR 1 [io  0x18ac-0x18af]
[    3.200818] pci 0000:00:1f.2: BAR 2 [io  0x18c0-0x18c7]
[    3.201015] pci 0000:00:1f.2: BAR 3 [io  0x18a8-0x18ab]
[    3.201213] pci 0000:00:1f.2: BAR 4 [io  0x18b0-0x18bf]
[    3.201411] pci 0000:00:1f.2: BAR 5 [mem 0xee404400-0xee4047ff]
[    3.201618] pci 0000:00:1f.2: PME# supported from D3hot
[    3.203986] pci 0000:00:1f.3: [8086:27da] type 00 class 0x0c0500 conventional PCI endpoint
[    3.204309] pci 0000:00:1f.3: BAR 4 [io  0x18e0-0x18ff]
[    3.207237] pci 0000:01:00.0: [1002:7149] type 00 class 0x030000 PCIe Legacy Endpoint
[    3.207531] pci 0000:01:00.0: BAR 0 [mem 0xd8000000-0xdfffffff pref]
[    3.207764] pci 0000:01:00.0: BAR 1 [io  0x2000-0x20ff]
[    3.207987] pci 0000:01:00.0: BAR 2 [mem 0xee100000-0xee10ffff]
[    3.208300] pci 0000:01:00.0: ROM [mem 0x00000000-0x0001ffff pref]
[    3.208521] pci 0000:01:00.0: enabling Extended Tags
[    3.208904] pci 0000:01:00.0: Video device with shadowed ROM at [mem 0x000c0000-0x000dffff]
[    3.209333] pci 0000:01:00.0: supports D1 D2
[    4.214820] pci 0000:00:01.0: ASPM: Could not configure common clock
[    4.215118] pci 0000:00:01.0: PCI bridge to [bus 01]
[    4.215955] pci 0000:02:00.0: [8086:109a] type 00 class 0x020000 PCIe Endpoint
[    4.216278] pci 0000:02:00.0: BAR 0 [mem 0xee000000-0xee01ffff]
[    4.216579] pci 0000:02:00.0: BAR 2 [io  0x3000-0x301f]
[    4.217311] pci 0000:02:00.0: PME# supported from D0 D3hot D3cold
[    4.218852] pci 0000:00:1c.0: PCI bridge to [bus 02]
[    4.219622] pci 0000:03:00.0: [8086:4227] type 00 class 0x028000 PCIe Legacy Endpoint
[    4.219958] pci 0000:03:00.0: BAR 0 [mem 0xedf00000-0xedf00fff]
[    4.220906] pci 0000:03:00.0: PME# supported from D0 D3hot D3cold
[    4.222453] pci 0000:00:1c.1: PCI bridge to [bus 03]
[    4.223099] pci 0000:00:1c.2: PCI bridge to [bus 04-0b]
[    4.223676] pci 0000:00:1c.3: PCI bridge to [bus 0c-13]
[    4.223936] pci_bus 0000:15: extended config space not accessible
[    4.224537] pci 0000:15:00.0: [104c:ac56] type 02 class 0x060700 CardBus bridge
[    4.224839] pci 0000:15:00.0: BAR 1 [mem 0xe4300000-0xe4300fff]
[    4.225223] pci 0000:15:00.0: supports D1 D2
[    4.225399] pci 0000:15:00.0: PME# supported from D0 D1 D2 D3hot D3cold
[    4.228788] pci 0000:00:1e.0: PCI bridge to [bus 15-18] (subtractive decode)
[    4.229017] pci 0000:00:1e.0:   bridge window [io  0x0000-0x0cf7 window] (subtractive decode)
[    4.229248] pci 0000:00:1e.0:   bridge window [io  0x0d00-0xffff window] (subtractive decode)
[    4.229479] pci 0000:00:1e.0:   bridge window [mem 0x000a0000-0x000bffff window] (subtractive decode)
[    4.229716] pci 0000:00:1e.0:   bridge window [mem 0x000d0000-0x000dbfff window] (subtractive decode)
[    4.229953] pci 0000:00:1e.0:   bridge window [mem 0xc0000000-0xfebfffff window] (subtractive decode)
[    4.230256] pci_bus 0000:16: extended config space not accessible
[    4.230833] pci_bus 0000:16: busn_res: [bus 16-18] end is updated to 17
[    4.267240] ACPI: EC: interrupt unblocked
[    4.267439] ACPI: EC: event unblocked
[    4.267611] ACPI: EC: EC_CMD/EC_SC=0x66, EC_DATA=0x62
[    4.267800] ACPI: EC: GPE=0x1c
[    4.267973] ACPI: \_SB_.PCI0.LPC_.EC__: Boot ECDT EC initialization complete
[    4.268154] ACPI: \_SB_.PCI0.LPC_.EC__: EC: Used to handle transactions and events
[    4.272581] SCSI subsystem initialized
[    4.277543] PCI: Using ACPI for IRQ routing
[    4.282065] pci 0000:01:00.0: vgaarb: setting as boot VGA device
[    4.282065] pci 0000:01:00.0: vgaarb: bridge control possible
[    4.282065] pci 0000:01:00.0: vgaarb: VGA device added: decodes=io+mem,owns=io+mem,locks=none
[    4.282251] vgaarb: loaded
[    4.282630] hpet: 3 channels of 0 reserved for per-cpu timers
[    4.283213] clocksource: Switched to clocksource hpet
[    4.290910] pnp: PnP ACPI init
[    4.308246] pnp 00:00: disabling [mem 0x000c0000-0x000c3fff] because it overlaps 0000:01:00.0 BAR 6 [mem 0x000c0000-0x000dffff]
[    4.308532] pnp 00:00: disabling [mem 0x000c4000-0x000c7fff] because it overlaps 0000:01:00.0 BAR 6 [mem 0x000c0000-0x000dffff]
[    4.308774] pnp 00:00: disabling [mem 0x000c8000-0x000cbfff] because it overlaps 0000:01:00.0 BAR 6 [mem 0x000c0000-0x000dffff]
[    4.309015] pnp 00:00: disabling [mem 0x000cc000-0x000cffff] because it overlaps 0000:01:00.0 BAR 6 [mem 0x000c0000-0x000dffff]
[    4.309255] pnp 00:00: disabling [mem 0x000dc000-0x000dffff] because it overlaps 0000:01:00.0 BAR 6 [mem 0x000c0000-0x000dffff]
[    4.310053] system 00:00: [mem 0x00000000-0x0009ffff] could not be reserved
[    4.310283] system 00:00: [mem 0x000e0000-0x000e3fff] could not be reserved
[    4.310509] system 00:00: [mem 0x000e4000-0x000e7fff] could not be reserved
[    4.310734] system 00:00: [mem 0x000e8000-0x000ebfff] could not be reserved
[    4.310960] system 00:00: [mem 0x000ec000-0x000effff] could not be reserved
[    4.311185] system 00:00: [mem 0x000f0000-0x000fffff] could not be reserved
[    4.311409] system 00:00: [mem 0x00100000-0xbfffffff] could not be reserved
[    4.311635] system 00:00: [mem 0xfec00000-0xffffffff] could not be reserved
[    4.315598] system 00:01: [io  0x164e-0x164f] has been reserved
[    4.315811] system 00:01: [io  0x1000-0x107f] has been reserved
[    4.316019] system 00:01: [io  0x1180-0x11bf] has been reserved
[    4.316228] system 00:01: [io  0x0800-0x080f] has been reserved
[    4.316436] system 00:01: [io  0x15e0-0x15ef] has been reserved
[    4.316653] system 00:01: [io  0x1600-0x165f] could not be reserved
[    4.316899] system 00:01: [mem 0xf0000000-0xf3ffffff] has been reserved
[    4.317117] system 00:01: [mem 0xfed1c000-0xfed1ffff] has been reserved
[    4.317334] system 00:01: [mem 0xfed14000-0xfed17fff] has been reserved
[    4.317550] system 00:01: [mem 0xfed18000-0xfed18fff] has been reserved
[    4.317767] system 00:01: [mem 0xfed19000-0xfed19fff] has been reserved
[    4.317984] system 00:01: [mem 0xfed40000-0xfed40fff] has been reserved
[    4.340250] pnp: PnP ACPI: found 5 devices
[    4.409676] clocksource: acpi_pm: mask: 0xffffff max_cycles: 0xffffff, max_idle_ns: 2085701024 ns
[    4.410958] NET: Registered PF_INET protocol family
[    4.411483] IP idents hash table entries: 16384 (order: 5, 131072 bytes, linear)
[    4.415836] tcp_listen_portaddr_hash hash table entries: 512 (order: 2, 20480 bytes, linear)
[    4.416195] Table-perturb hash table entries: 65536 (order: 6, 262144 bytes, linear)
[    4.416935] TCP established hash table entries: 8192 (order: 3, 32768 bytes, linear)
[    4.417710] TCP bind hash table entries: 8192 (order: 7, 655360 bytes, linear)
[    4.419363] TCP: Hash tables configured (established 8192 bind 8192)
[    4.419846] UDP hash table entries: 512 (order: 3, 49152 bytes, linear)
[    4.420176] UDP-Lite hash table entries: 512 (order: 3, 49152 bytes, linear)
[    4.421313] NET: Registered PF_UNIX/PF_LOCAL protocol family
[    4.421778] pci 0000:00:1c.0: bridge window [mem 0x00100000-0x000fffff 64bit pref] to [bus 02] add_size 200000 add_align 100000
[    4.422298] pci 0000:00:1c.0: bridge window [mem 0xc0000000-0xc01fffff 64bit pref]: assigned
[    4.422530] pci 0000:00:01.0: PCI bridge to [bus 01]
[    4.422710] pci 0000:00:01.0:   bridge window [io  0x2000-0x2fff]
[    4.422900] pci 0000:00:01.0:   bridge window [mem 0xee100000-0xee1fffff]
[    4.423090] pci 0000:00:01.0:   bridge window [mem 0xd8000000-0xdfffffff 64bit pref]
[    4.423304] pci 0000:00:1c.0: PCI bridge to [bus 02]
[    4.423482] pci 0000:00:1c.0:   bridge window [io  0x3000-0x3fff]
[    4.423674] pci 0000:00:1c.0:   bridge window [mem 0xee000000-0xee0fffff]
[    4.423869] pci 0000:00:1c.0:   bridge window [mem 0xc0000000-0xc01fffff 64bit pref]
[    4.424087] pci 0000:00:1c.1: PCI bridge to [bus 03]
[    4.424265] pci 0000:00:1c.1:   bridge window [io  0x4000-0x5fff]
[    4.424457] pci 0000:00:1c.1:   bridge window [mem 0xec000000-0xedffffff]
[    4.424652] pci 0000:00:1c.1:   bridge window [mem 0xe4000000-0xe40fffff 64bit pref]
[    4.424868] pci 0000:00:1c.2: PCI bridge to [bus 04-0b]
[    4.425047] pci 0000:00:1c.2:   bridge window [io  0x6000-0x7fff]
[    4.425269] pci 0000:00:1c.2:   bridge window [mem 0xe8000000-0xe9ffffff]
[    4.425466] pci 0000:00:1c.2:   bridge window [mem 0xe4100000-0xe41fffff 64bit pref]
[    4.425682] pci 0000:00:1c.3: PCI bridge to [bus 0c-13]
[    4.425862] pci 0000:00:1c.3:   bridge window [io  0x8000-0x9fff]
[    4.426054] pci 0000:00:1c.3:   bridge window [mem 0xea000000-0xebffffff]
[    4.426250] pci 0000:00:1c.3:   bridge window [mem 0xe4200000-0xe42fffff 64bit pref]
[    4.426535] pci 0000:15:00.0: CardBus bridge window 1 [mem 0xe0000000-0xe3ffffff pref]: assigned
[    4.426756] pci 0000:15:00.0: unknown [mem 0xc4000000-0xc7ffffff]: assigned
[    4.426949] pci 0000:15:00.0: CardBus bridge window 1 [io  0xa000-0xa0ff]: assigned
[    4.427158] pci 0000:15:00.0: CardBus bridge window 0 [io  0xa400-0xa4ff]: assigned
[    4.427407] pci 0000:15:00.0: CardBus bridge to [bus 16-17]
[    4.427589] pci 0000:15:00.0:   bridge window [io  0xa000-0xa0ff]
[    4.427780] pci 0000:15:00.0:   bridge window [io  0xa400-0xa4ff]
[    4.427970] pci 0000:15:00.0:   bridge window [mem 0xe0000000-0xe3ffffff pref]
[    4.428182] pci 0000:15:00.0:   bridge window [mem 0xc4000000-0xc7ffffff]
[    4.428378] pci 0000:00:1e.0: PCI bridge to [bus 15-18]
[    4.428589] pci 0000:00:1e.0:   bridge window [io  0xa000-0xdfff]
[    4.428782] pci 0000:00:1e.0:   bridge window [mem 0xe4300000-0xe7ffffff]
[    4.428977] pci 0000:00:1e.0:   bridge window [mem 0xe0000000-0xe3ffffff 64bit pref]
[    4.429194] pci_bus 0000:00: resource 4 [io  0x0000-0x0cf7 window]
[    4.429381] pci_bus 0000:00: resource 5 [io  0x0d00-0xffff window]
[    4.429568] pci_bus 0000:00: resource 6 [mem 0x000a0000-0x000bffff window]
[    4.429760] pci_bus 0000:00: resource 7 [mem 0x000d0000-0x000dbfff window]
[    4.429952] pci_bus 0000:00: resource 8 [mem 0xc0000000-0xfebfffff window]
[    4.430145] pci_bus 0000:01: resource 0 [io  0x2000-0x2fff]
[    4.430326] pci_bus 0000:01: resource 1 [mem 0xee100000-0xee1fffff]
[    4.430513] pci_bus 0000:01: resource 2 [mem 0xd8000000-0xdfffffff 64bit pref]
[    4.430722] pci_bus 0000:02: resource 0 [io  0x3000-0x3fff]
[    4.430903] pci_bus 0000:02: resource 1 [mem 0xee000000-0xee0fffff]
[    4.431089] pci_bus 0000:02: resource 2 [mem 0xc0000000-0xc01fffff 64bit pref]
[    4.431297] pci_bus 0000:03: resource 0 [io  0x4000-0x5fff]
[    4.431479] pci_bus 0000:03: resource 1 [mem 0xec000000-0xedffffff]
[    4.431666] pci_bus 0000:03: resource 2 [mem 0xe4000000-0xe40fffff 64bit pref]
[    4.431891] pci_bus 0000:04: resource 0 [io  0x6000-0x7fff]
[    4.432073] pci_bus 0000:04: resource 1 [mem 0xe8000000-0xe9ffffff]
[    4.432260] pci_bus 0000:04: resource 2 [mem 0xe4100000-0xe41fffff 64bit pref]
[    4.432468] pci_bus 0000:0c: resource 0 [io  0x8000-0x9fff]
[    4.432650] pci_bus 0000:0c: resource 1 [mem 0xea000000-0xebffffff]
[    4.432837] pci_bus 0000:0c: resource 2 [mem 0xe4200000-0xe42fffff 64bit pref]
[    4.433046] pci_bus 0000:15: resource 0 [io  0xa000-0xdfff]
[    4.433227] pci_bus 0000:15: resource 1 [mem 0xe4300000-0xe7ffffff]
[    4.433414] pci_bus 0000:15: resource 2 [mem 0xe0000000-0xe3ffffff 64bit pref]
[    4.433622] pci_bus 0000:15: resource 4 [io  0x0000-0x0cf7 window]
[    4.433808] pci_bus 0000:15: resource 5 [io  0x0d00-0xffff window]
[    4.433995] pci_bus 0000:15: resource 6 [mem 0x000a0000-0x000bffff window]
[    4.434183] pci_bus 0000:15: resource 7 [mem 0x000d0000-0x000dbfff window]
[    4.434374] pci_bus 0000:15: resource 8 [mem 0xc0000000-0xfebfffff window]
[    4.434567] pci_bus 0000:16: resource 0 [io  0xa000-0xa0ff]
[    4.434748] pci_bus 0000:16: resource 1 [io  0xa400-0xa4ff]
[    4.434925] pci_bus 0000:16: resource 2 [mem 0xe0000000-0xe3ffffff pref]
[    4.435116] pci_bus 0000:16: resource 3 [mem 0xc4000000-0xc7ffffff]
[    4.451396] pci 0000:15:00.0: CLS mismatch (64 != 32), using 64 bytes
[    4.452688] Unpacking initramfs...
[    4.457341] Initialise system trusted keyrings
[    4.458158] workingset: timestamp_bits=14 max_order=20 bucket_order=6
[    4.474558] 9p: Installing v9fs 9p2000 file system support
[    4.476032] NET: Registered PF_ALG protocol family
[    4.476288] xor: measuring software checksum speed
[    4.478761]    pIII_sse        :  4875 MB/sec
[    4.480796]    prefetch64-sse  :  5337 MB/sec
[    4.480972] xor: using function: prefetch64-sse (5337 MB/sec)
[    4.481225] Key type asymmetric registered
[    4.481454] Asymmetric key parser 'x509' registered
[    4.533037] Freeing initrd memory: 14552K
[    4.540428] bounce: pool size: 64 pages
[    4.541038] Block layer SCSI generic (bsg) driver version 0.4 loaded (major 251)
[    4.541727] io scheduler bfq registered
[    4.547060] atomic64_test: passed for i586+ platform with CX8 and with SSE
[    4.550861] pcieport 0000:00:01.0: PME: Signaling with IRQ 24
[    4.554319] pcieport 0000:00:1c.0: PME: Signaling with IRQ 25
[    4.557402] pcieport 0000:00:1c.1: PME: Signaling with IRQ 26
[    4.560396] pcieport 0000:00:1c.2: PME: Signaling with IRQ 27
[    4.563595] pcieport 0000:00:1c.3: PME: Signaling with IRQ 28
[    4.567847] ACPI: \_PR_.CPU0: Found 3 idle states
[    4.571790] ACPI: \_PR_.CPU1: Found 3 idle states
[    4.573193] Serial: 8250/16550 driver, 8 ports, IRQ sharing disabled
[    4.587125] ACPI: bus type drm_connector registered
[    4.599034] ahci 0000:00:1f.2: AHCI vers 0001.0100, 32 command slots, 1.5 Gbps, SATA mode
[    4.599262] ahci 0000:00:1f.2: 1/4 ports implemented (port mask 0x1)
[    4.599455] ahci 0000:00:1f.2: flags: 64bit ncq pm led clo pio slum part 
[    4.608730] scsi host0: ahci
[    4.611745] scsi host1: ahci
[    4.614259] scsi host2: ahci
[    4.616786] scsi host3: ahci
[    4.618352] ata1: SATA max UDMA/133 abar m1024@0xee404400 port 0xee404500 irq 29 lpm-pol 0
[    4.618861] ata2: DUMMY
[    4.619019] ata3: DUMMY
[    4.619171] ata4: DUMMY
[    4.633757] scsi host4: ata_piix
[    4.635893] scsi host5: ata_piix
[    4.636948] ata5: PATA max UDMA/100 cmd 0x1f0 ctl 0x3f6 bmdma 0x1880 irq 14 lpm-pol 0
[    4.637165] ata6: PATA max UDMA/100 cmd 0x170 ctl 0x376 bmdma 0x1888 irq 15 lpm-pol 0
[    4.637986] e1000e: Intel(R) PRO/1000 Network Driver
[    4.638164] e1000e: Copyright(c) 1999 - 2015 Intel Corporation.
[    4.638793] e1000e 0000:02:00.0: Disabling ASPM  L1
[    4.638977] e1000e 0000:02:00.0: can't disable ASPM; OS doesn't have ASPM control
[    4.640975] e1000e 0000:02:00.0: Interrupt Throttling Rate (ints/sec) set to dynamic conservative mode
[    4.739664] e1000e 0000:02:00.0 eth0: (PCI Express:2.5GT/s:Width x1) 00:16:41:54:74:0d
[    4.739889] e1000e 0000:02:00.0 eth0: Intel(R) PRO/1000 Network Connection
[    4.740161] e1000e 0000:02:00.0 eth0: MAC: 2, PHY: 2, PBA No: 005301-003
[    4.740839] pci 0000:00:1e.0: enabling device (0005 -> 0007)
[    4.742062] yenta_cardbus 0000:15:00.0: CardBus bridge found [17aa:2012]
[    4.794794] ata5.00: ATAPI: MATSHITADVD-RAM UJ-852, RB01, max UDMA/33
[    4.931989] ata1: SATA link up 1.5 Gbps (SStatus 113 SControl 300)
[    4.955275] ata1.00: ACPI cmd f5/00:00:00:00:00:a0(SECURITY FREEZE LOCK) filtered out
[    4.955496] ata1.00: ACPI cmd ef/10:03:00:00:00:a0(SET FEATURES) filtered out
[    4.984076] ata1.00: ATA-10: ST500LM034-2GH17A, 1001, max UDMA/133
[    5.082234] ata1.00: 976773168 sectors, multi 16: LBA48 NCQ (depth 32), AA
[    5.116829] ata1.00: ACPI cmd f5/00:00:00:00:00:a0(SECURITY FREEZE LOCK) filtered out
[    5.117050] ata1.00: ACPI cmd ef/10:03:00:00:00:a0(SET FEATURES) filtered out
[    5.154037] ata1.00: configured for UDMA/133
[    5.156038] scsi 0:0:0:0: Direct-Access     ATA      ST500LM034-2GH17 1001 PQ: 0 ANSI: 5
[    5.162479] sd 0:0:0:0: [sda] 976773168 512-byte logical blocks: (500 GB/466 GiB)
[    5.162766] sd 0:0:0:0: [sda] 4096-byte physical blocks
[    5.163130] sd 0:0:0:0: [sda] Write Protect is off
[    5.163516] sd 0:0:0:0: [sda] Write cache: enabled, read cache: enabled, doesn't support DPO or FUA
[    5.164015] sd 0:0:0:0: [sda] Preferred minimum I/O size 4096 bytes
[    5.164299] scsi 4:0:0:0: CD-ROM            MATSHITA DVD-RAM UJ-852   RB01 PQ: 0 ANSI: 5
[    5.197124] sr 4:0:0:0: [sr0] scsi3-mmc drive: 24x/24x writer dvd-ram cd/rw xa/form2 cdda tray
[    5.197421] cdrom: Uniform CD-ROM driver Revision: 3.20
[    5.245342]  sda: sda1 sda2 sda3 sda4 sda5 sda6
[    5.250043] sd 0:0:0:0: [sda] Attached SCSI disk
[    5.383686] yenta_cardbus 0000:15:00.0: ISA IRQ mask 0x0cf8, PCI irq 16
[    5.383887] yenta_cardbus 0000:15:00.0: Socket status: 30000010
[    5.384190] yenta_cardbus 0000:15:00.0: pcmcia: parent PCI bridge window: [io  0xa000-0xdfff]
[    5.384458] yenta_cardbus 0000:15:00.0: pcmcia: parent PCI bridge window: [mem 0xe4300000-0xe7ffffff]
[    5.384707] pcmcia_socket pcmcia_socket0: cs: memory probe 0xe4300000-0xe7ffffff:
[    5.384999]  excluding 0xe4300000-0xe46cffff
[    5.385701] yenta_cardbus 0000:15:00.0: pcmcia: parent PCI bridge window: [mem 0xe0000000-0xe3ffffff 64bit pref]
[    5.385957] pcmcia_socket pcmcia_socket0: cs: memory probe 0xe0000000-0xe3ffffff:
[    5.386610]  excluding 0xe0000000-0xe3ffffff
[    5.388785] i8042: PNP: PS/2 Controller [PNP0303:KBD,PNP0f13:MOU] at 0x60,0x64 irq 1,12
[    5.396105] serio: i8042 KBD port at 0x60,0x64 irq 1
[    5.396380] serio: i8042 AUX port at 0x60,0x64 irq 12
[    5.399480] rtc_cmos 00:02: RTC can wake from S4
[    5.402856] rtc_cmos 00:02: registered as rtc0
[    5.403535] rtc_cmos 00:02: alarms up to one month, y3k, 114 bytes nvram, hpet irqs
[    5.404000] i2c_dev: i2c /dev entries driver
[    5.406792] i801_smbus 0000:00:1f.3: SMBus using PCI interrupt
[    5.407508] input: AT Translated Set 2 keyboard as /devices/platform/i8042/serio0/input/input0
[    5.420030] NET: Registered PF_INET6 protocol family
[    5.424353] Segment Routing with IPv6
[    5.424680] In-situ OAM (IOAM) with IPv6
[    5.425814] 9pnet: Installing 9P2000 support
[    5.428553] microcode: Current revision: 0x00000039
[    5.431627] IPI shorthand broadcast: enabled
[    5.473130] registered taskstats version 1
[    5.474195] Loading compiled-in X.509 certificates
[    5.602380] zswap: loaded using pool zstd/zsmalloc
[    5.603626] kmemleak: Kernel memory leak detector initialized (mem pool available: 15729)
[    5.603637] kmemleak: Automatic memory scanning thread started
[    5.603844] page_owner is disabled
[    5.622587] Btrfs loaded, zoned=no, fsverity=no
[    6.107286] psmouse serio1: synaptics: Touchpad model: 1, fw: 6.2, id: 0x81a0b1, caps: 0xa04793/0x300000/0x0/0x0, board id: 0, fw id: 67352
[    6.107695] psmouse serio1: synaptics: serio: Synaptics pass-through port at isa0060/serio1/input0
[    6.151364] input: SynPS/2 Synaptics TouchPad as /devices/platform/i8042/serio1/input/input2
[    6.318530] pcmcia_socket pcmcia_socket0: pccard: PCMCIA card inserted into slot 0
[    6.318777] pcmcia_socket pcmcia_socket0: cs: memory probe 0xe46d0000-0xe7ffffff:
[    6.324624]  excluding 0xe4df4000-0xe5185fff 0xe5fce000-0xe635ffff 0xe6e16000-0xe71a7fff 0xe7ff0000-0xe8381fff
[    6.343724] pcmcia (null): pcmcia: registering new device pcmcia(null) (IRQ: 16)
[    6.345175] serial_cs 0.0: trying to set up [0x0279:0x950b] (pfc: 0, multi: 2, quirk: d84237e8)
[    6.394869] 0.0: ttyS4 at I/O 0xa108 (irq = 16, base_baud = 115200) is a 16450
[    7.367872] netpoll: netconsole: local port 6666
[    7.368056] netpoll: netconsole: local IPv4 address 192.168.2.10
[    7.368242] netpoll: netconsole: interface 'eth0'
[    7.368414] netpoll: netconsole: remote port 6666
[    7.368622] netpoll: netconsole: remote IPv4 address 192.168.2.3
[    7.368807] netpoll: netconsole: remote ethernet address a8:a1:59:16:4f:ea
[    7.368999] netpoll: netconsole: device eth0 not up yet, forcing it
[    7.694914] input: PS/2 Generic Mouse as /devices/platform/i8042/serio1/serio2/input/input3
[   10.516188] e1000e 0000:02:00.0 eth0: NIC Link is Up 1000 Mbps Full Duplex, Flow Control: Rx/Tx
[   10.522696] printk: legacy console [netcon0] enabled
[   10.541160] netconsole: network logging started
[   10.543201] Unstable clock detected, switching default tracing clock to "global"
[   10.543201] If you want to keep using the local clock, then add:
[   10.543201]   "trace_clock=local"
[   10.543201] on the kernel command line
[   10.544310] clk: Disabling unused clocks
[   10.685610] BTRFS: device label bisect_i686 devid 1 transid 71992 /dev/root (8:4) scanned by swapper/0 (1)
[   10.688372] BTRFS info (device sda4): first mount of filesystem 44232644-019b-40cc-8226-8bd9b211d705
[   10.688820] BTRFS info (device sda4): using xxhash64 (xxhash64-generic) checksum algorithm
[   10.689125] BTRFS info (device sda4): disk space caching is enabled
[   10.929280] VFS: Mounted root (btrfs filesystem) readonly on device 0:18.
[   10.941305] devtmpfs: mounted
[   10.943045] Freeing unused kernel image (initmem) memory: 856K
[   10.943562] Write protecting kernel text and read-only data: 13912k
[   10.943774] NX-protecting the kernel data: 8696k
[   10.945809] x86/mm: Checked W+X mappings: passed, no W+X pages found.
[   10.946096] rodata_test: all tests were successful
[   10.946561] x86/mm: Checking user space page tables
[   10.946901] x86/mm: Checked W+X mappings: passed, no W+X pages found.
[   10.947131] Run /sbin/init as init process
[   12.454573] systemd[1]: systemd 255 running in system mode (+PAM -AUDIT -SELINUX -APPARMOR +IMA +SMACK +SECCOMP +GCRYPT +GNUTLS -OPENSSL +ACL +BLKID -CURL -ELFUTILS -FIDO2 +IDN2 -IDN -IPTC +KMOD -LIBCRYPTSETUP +LIBFDISK +PCRE2 -PWQUALITY -P11KIT -QRENCODE -TPM2 -BZIP2 +LZ4 -XZ -ZLIB +ZSTD -BPF_FRAMEWORK -XKBCOMMON +UTMP -SYSVINIT default-hierarchy=unified)
[   12.455069] systemd[1]: Detected architecture x86.
[   12.512433] systemd[1]: Hostname set to <hakla01>.
[   14.461306] systemd[1]: Queued start job for default target Graphical Interface.
[   14.504948] systemd[1]: Created slice Slice /system/getty.
[   14.512957] systemd[1]: Created slice Slice /system/modprobe.
[   14.519041] systemd[1]: Created slice Slice /system/vncserver.
[   14.524562] systemd[1]: Created slice User and Session Slice.
[   14.527394] systemd[1]: Started Dispatch Password Requests to Console Directory Watch.
[   14.529093] systemd[1]: Started Forward Password Requests to Wall Directory Watch.
[   14.532886] systemd[1]: Set up automount Arbitrary Executable File Formats File System Automount Point.
[   14.534077] systemd[1]: Expecting device /dev/disk/by-label/new_tmp...
[   14.535015] systemd[1]: Expecting device /dev/disk/by-label/swap...
[   14.536067] systemd[1]: Reached target Path Units.
[   14.537007] systemd[1]: Reached target Remote File Systems.
[   14.537955] systemd[1]: Reached target Slice Units.
[   14.545471] systemd[1]: Listening on Process Core Dump Socket.
[   14.548194] systemd[1]: Listening on Journal Socket (/dev/log).
[   14.550760] systemd[1]: Listening on Journal Socket.
[   14.554608] systemd[1]: Listening on udev Control Socket.
[   14.556871] systemd[1]: Listening on udev Kernel Socket.
[   14.605841] systemd[1]: Mounting Huge Pages File System...
[   14.615810] systemd[1]: Mounting POSIX Message Queue File System...
[   14.630813] systemd[1]: Mounting Kernel Debug File System...
[   14.662671] systemd[1]: Mounting Kernel Trace File System...
[   14.689921] systemd[1]: Starting Create List of Static Device Nodes...
[   14.717229] systemd[1]: Starting Load Kernel Module configfs...
[   14.752018] systemd[1]: Starting Load Kernel Module dm_mod...
[   14.779348] systemd[1]: Starting Load Kernel Module drm...
[   14.810527] systemd[1]: Starting Load Kernel Module fuse...
[   14.835134] systemd[1]: Starting Load Kernel Module loop...
[   14.859181] systemd[1]: Starting File System Check on Root Device...
[   14.915743] systemd[1]: Starting Journal Service...
[   14.962822] device-mapper: uevent: version 1.0.3
[   14.965409] device-mapper: ioctl: 4.48.0-ioctl (2023-03-01) initialised: dm-devel@lists.linux.dev
[   15.020250] systemd[1]: Starting Load Kernel Modules...
[   15.041048] fuse: init (API version 7.40)
[   15.048984] loop: module loaded
[   15.062911] systemd[1]: Starting Coldplug All udev Devices...
[   15.093100] systemd-journald[126]: Collecting audit messages is disabled.
[   15.110191] systemd[1]: Mounted Huge Pages File System.
[   15.112712] systemd[1]: Mounted POSIX Message Queue File System.
[   15.114900] systemd[1]: Mounted Kernel Debug File System.
[   15.117718] systemd[1]: Mounted Kernel Trace File System.
[   15.124096] systemd[1]: Finished Create List of Static Device Nodes.
[   15.130623] systemd[1]: modprobe@configfs.service: Deactivated successfully.
[   15.133452] systemd[1]: Finished Load Kernel Module configfs.
[   15.137778] systemd[1]: modprobe@dm_mod.service: Deactivated successfully.
[   15.140795] systemd[1]: Finished Load Kernel Module dm_mod.
[   15.146918] systemd[1]: modprobe@drm.service: Deactivated successfully.
[   15.156065] systemd[1]: Finished Load Kernel Module drm.
[   15.162346] systemd[1]: modprobe@fuse.service: Deactivated successfully.
[   15.164485] systemd[1]: Finished Load Kernel Module fuse.
[   15.170875] systemd[1]: modprobe@loop.service: Deactivated successfully.
[   15.173127] systemd[1]: Finished Load Kernel Module loop.
[   15.182088] systemd[1]: Finished File System Check on Root Device.
[   15.231463] Asymmetric key parser 'pkcs8' registered
[   15.232102] systemd[1]: Mounting FUSE Control File System...
[   15.279115] systemd[1]: Mounting Kernel Configuration File System...
[   15.323614] systemd[1]: Starting Remount Root and Kernel File Systems...
[   15.329506] systemd[1]: Repartition Root Disk was skipped because no trigger condition checks were met.
[   15.409399] systemd[1]: Starting Create Static Device Nodes in /dev gracefully...
[   15.481303] systemd[1]: Finished Load Kernel Modules.
[   15.494128] systemd[1]: Mounted FUSE Control File System.
[   15.506982] systemd[1]: Mounted Kernel Configuration File System.
[   15.559435] systemd[1]: Starting Apply Kernel Variables...
[   15.577841] BTRFS info (device sda4 state M): use zstd compression, level 1
[   15.588552] random: crng init done
[   15.653194] systemd[1]: Finished Remount Root and Kernel File Systems.
[   15.676865] systemd[1]: Rebuild Hardware Database was skipped because of an unmet condition check (ConditionNeedsUpdate=/etc).
[   15.722820] systemd[1]: Starting Load/Save OS Random Seed...
[   15.820968] systemd[1]: Finished Apply Kernel Variables.
[   16.128024] systemd[1]: Started Journal Service.
[   16.365937] systemd-journald[126]: Received client request to flush runtime journal.
[   16.911865] systemd-journald[126]: /var/log/journal/99afd334b5564c88beb2143d13a85751/system.journal: Journal file uses a different sequence number ID, rotating.
[   16.912214] systemd-journald[126]: Rotating system journal.
[   19.881928] e1000e 0000:02:00.0 enp2s0: renamed from eth0 (while UP)
[   20.341173] input: Lid Switch as /devices/LNXSYSTM:00/LNXSYBUS:00/PNP0C0D:00/input/input4
[   20.349852] ACPI: \_PR_.CPU0: Found 3 idle states
[   20.405810] ACPI: button: Lid Switch [LID]
[   20.422780] input: Sleep Button as /devices/LNXSYSTM:00/LNXSYBUS:00/PNP0C0E:00/input/input5
[   20.432814] ACPI: button: Sleep Button [SLPB]
[   20.436262] input: Power Button as /devices/LNXSYSTM:00/LNXPWRBN:00/input/input6
[   20.442613] ACPI: \_PR_.CPU1: Found 3 idle states
[   20.462919] ACPI: button: Power Button [PWRF]
[   20.702166] ACPI: AC: AC Adapter [AC] (on-line)
[   20.712735] ACPI: video: Video Device [VID1] (multi-head: yes  rom: no  post: no)
[   20.742593] input: Video Bus as /devices/LNXSYSTM:00/LNXSYBUS:00/PNP0A08:00/device:05/LNXVIDEO:01/input/input7
[   20.763396] ACPI: battery: Slot [BAT0] (battery present)
[   20.773864] thermal LNXTHERM:00: registered as thermal_zone0
[   20.774171] ACPI: thermal: Thermal Zone [THM0] (68 C)
[   20.834560] thermal LNXTHERM:01: registered as thermal_zone1
[   20.834848] ACPI: thermal: Thermal Zone [THM1] (75 C)
[   20.844547] ACPI: bus type USB registered
[   20.854667] usbcore: registered new interface driver usbfs
[   20.925881] usbcore: registered new interface driver hub
[   20.941068] usbcore: registered new device driver usb
[   21.034945] Non-volatile memory driver v1.3
[   21.043528] ehci-pci 0000:00:1d.7: EHCI Host Controller
[   21.044449] ehci-pci 0000:00:1d.7: new USB bus registered, assigned bus number 1
[   21.044850] ehci-pci 0000:00:1d.7: debug port 1
[   21.055458] ehci-pci 0000:00:1d.7: irq 19, io mem 0xee404000
[   21.068651] ehci-pci 0000:00:1d.7: USB 2.0 started, EHCI 1.00
[   21.092725] usb usb1: New USB device found, idVendor=1d6b, idProduct=0002, bcdDevice= 6.11
[   21.094198] usb usb1: New USB device strings: Mfr=3, Product=2, SerialNumber=1
[   21.094503] usb usb1: Product: EHCI Host Controller
[   21.094757] usb usb1: Manufacturer: Linux 6.11.0-rc1-P3 ehci_hcd
[   21.095022] usb usb1: SerialNumber: 0000:00:1d.7
[   21.102618] hub 1-0:1.0: USB hub found
[   21.105231] hub 1-0:1.0: 8 ports detected
[   21.345084] uhci_hcd 0000:00:1d.0: UHCI Host Controller
[   21.365716] cfg80211: Loading compiled-in X.509 certificates for regulatory database
[   21.392601] uhci_hcd 0000:00:1d.0: new USB bus registered, assigned bus number 2
[   21.393122] uhci_hcd 0000:00:1d.0: irq 16, io port 0x00001800
[   21.409666] usb usb2: New USB device found, idVendor=1d6b, idProduct=0001, bcdDevice= 6.11
[   21.410108] usb usb2: New USB device strings: Mfr=3, Product=2, SerialNumber=1
[   21.410394] usb usb2: Product: UHCI Host Controller
[   21.410632] usb usb2: Manufacturer: Linux 6.11.0-rc1-P3 uhci_hcd
[   21.410880] usb usb2: SerialNumber: 0000:00:1d.0
[   21.414145] thinkpad_acpi: ThinkPad ACPI Extras v0.26
[   21.414349] thinkpad_acpi: http://ibm-acpi.sf.net/
[   21.414568] thinkpad_acpi: ThinkPad BIOS 79ETE7WW (2.27 ), EC 79HT50WW-1.07
[   21.414799] thinkpad_acpi: Lenovo ThinkPad T60, model 2007F2G
[   21.437216] [drm] radeon kernel modesetting enabled.
[   21.485625] radeon 0000:01:00.0: vgaarb: deactivate vga console
[   21.488824] hub 2-0:1.0: USB hub found
[   21.493970] Loaded X.509 cert 'sforshee: 00b28ddf47aef9cea7'
[   21.501593] Console: switching to colour dummy device 80x25
[   21.508254] hub 2-0:1.0: 2 ports detected
[   21.532936] Loaded X.509 cert 'wens: 61c038651aabdcf94bd0ac7ff06c7248db18c600'
[   21.562461] snd_hda_intel 0000:00:1b.0: probe_mask set to 0x1 for device 17aa:2010
[   21.631919] snd_hda_intel 0000:00:1b.0: Cannot probe codecs, giving up
[   21.685654] uhci_hcd 0000:00:1d.1: UHCI Host Controller
[   21.685884] uhci_hcd 0000:00:1d.1: new USB bus registered, assigned bus number 3
[   21.686570] uhci_hcd 0000:00:1d.1: irq 17, io port 0x00001820
[   21.697114] [drm] initializing kernel modesetting (RV515 0x1002:0x7149 0x17AA:0x2005 0x00).
[   21.697734] resource: resource sanity check: requesting [mem 0x00000000000c0000-0x00000000000dffff], which spans more than PCI Bus 0000:00 [mem 0x000d0000-0x000dbfff window]
[   21.698074] caller pci_map_rom+0x65/0x180 mapping multiple BARs
[   21.713235] usb usb3: New USB device found, idVendor=1d6b, idProduct=0001, bcdDevice= 6.11
[   21.713388] usb usb3: New USB device strings: Mfr=3, Product=2, SerialNumber=1
[   21.713537] usb usb3: Product: UHCI Host Controller
[   21.713647] usb usb3: Manufacturer: Linux 6.11.0-rc1-P3 uhci_hcd
[   21.713767] usb usb3: SerialNumber: 0000:00:1d.1
[   21.742702] ATOM BIOS: M64CSP/M62CSP/M54CSP/M52CSP
[   21.743019] [drm] Generation 2 PCI interface, using max accessible memory
[   21.743126] radeon 0000:01:00.0: VRAM: 128M 0x0000000000000000 - 0x0000000007FFFFFF (64M used)
[   21.743269] radeon 0000:01:00.0: GTT: 512M 0x0000000008000000 - 0x0000000027FFFFFF
[   21.745198] [drm] Detected VRAM RAM=128M, BAR=128M
[   21.745318] [drm] RAM width 64bits DDR
[   21.813000] [drm] radeon: 64M of VRAM memory ready
[   21.813128] [drm] radeon: 512M of GTT memory ready.
[   21.813553] [drm] GART: num cpu pages 131072, num gpu pages 131072
[   21.834353] [drm] radeon: power management initialized
[   21.839581] [drm] radeon: 1 quad pipes, 1 z pipes initialized.
[   21.846847] hub 3-0:1.0: USB hub found
[   21.851907] hub 3-0:1.0: 2 ports detected
[   21.866680] [drm] PCIE GART of 512M enabled (table at 0x0000000000040000).
[   21.886624] radeon 0000:01:00.0: WB enabled
[   21.886735] radeon 0000:01:00.0: fence driver on ring 0 use gpu addr 0x0000000008000000
[   21.887683] radeon 0000:01:00.0: radeon: MSI limited to 32-bit
[   21.888045] [drm] radeon: irq initialized.
[   21.888245] [drm] Loading R500 Microcode
[   21.895803] thinkpad_acpi: radio switch found; radios are disabled
[   21.896080] thinkpad_acpi: This ThinkPad has standard ACPI backlight brightness control, supported by the ACPI video driver
[   21.896198] thinkpad_acpi: Disabling thinkpad-acpi brightness events by default...
[   21.911688] uhci_hcd 0000:00:1d.2: UHCI Host Controller
[   21.912578] uhci_hcd 0000:00:1d.2: new USB bus registered, assigned bus number 4
[   21.913221] uhci_hcd 0000:00:1d.2: irq 18, io port 0x00001840
[   21.925842] usb usb4: New USB device found, idVendor=1d6b, idProduct=0001, bcdDevice= 6.11
[   21.925993] usb usb4: New USB device strings: Mfr=3, Product=2, SerialNumber=1
[   21.926140] usb usb4: Product: UHCI Host Controller
[   21.926250] usb usb4: Manufacturer: Linux 6.11.0-rc1-P3 uhci_hcd
[   21.926371] usb usb4: SerialNumber: 0000:00:1d.2
[   21.951508] [drm] radeon: ring at 0x0000000008001000
[   21.952098] [drm] ring test succeeded in 2 usecs
[   21.955240] [drm] ib test succeeded in 0 usecs
[   21.959038] BTRFS info: devid 1 device path /dev/root changed to /dev/sda4 scanned by (udev-worker) (189)
[   22.002159] hub 4-0:1.0: USB hub found
[   22.002485] hub 4-0:1.0: 2 ports detected
[   22.098877] iwl3945: Intel(R) PRO/Wireless 3945ABG/BG Network Connection driver for Linux, in-tree:s
[   22.099008] iwl3945: Copyright(c) 2003-2011 Intel Corporation
[   22.099119] iwl3945: hw_scan is disabled
[   22.099668] iwl3945 0000:03:00.0: can't disable ASPM; OS doesn't have ASPM control
[   22.144287] uhci_hcd 0000:00:1d.3: UHCI Host Controller
[   22.144510] uhci_hcd 0000:00:1d.3: new USB bus registered, assigned bus number 5
[   22.145584] uhci_hcd 0000:00:1d.3: irq 19, io port 0x00001860
[   22.331541] Adding 16777212k swap on /dev/sda2.  Priority:-2 extents:1 across:16777212k 
[   22.339065] usb usb5: New USB device found, idVendor=1d6b, idProduct=0001, bcdDevice= 6.11
[   22.339218] usb usb5: New USB device strings: Mfr=3, Product=2, SerialNumber=1
[   22.339366] usb usb5: Product: UHCI Host Controller
[   22.339476] usb usb5: Manufacturer: Linux 6.11.0-rc1-P3 uhci_hcd
[   22.339596] usb usb5: SerialNumber: 0000:00:1d.3
[   22.356454] hub 5-0:1.0: USB hub found
[   22.362480] hub 5-0:1.0: 2 ports detected
[   22.495581] iwl3945 0000:03:00.0: Tunable channels: 13 802.11bg, 23 802.11a channels
[   22.495716] iwl3945 0000:03:00.0: Detected Intel Wireless WiFi Link 3945ABG
[   22.611925] usb 5-2: new full-speed USB device number 2 using uhci_hcd
[   22.655522] thinkpad_acpi: Standard ACPI backlight interface available, not loading native one
[   22.658984] thinkpad_acpi: Console audio control enabled, mode: monitor (read only)
[   22.806017] usb 5-2: New USB device found, idVendor=0483, idProduct=2016, bcdDevice= 0.01
[   22.806326] usb 5-2: New USB device strings: Mfr=1, Product=2, SerialNumber=0
[   22.806469] usb 5-2: Product: Biometric Coprocessor
[   22.806581] usb 5-2: Manufacturer: STMicroelectronics
[   22.939473] acpi device:06: registered as cooling_device2
[   22.939987] [drm] Radeon Display Connectors
[   22.940069] [drm] Connector 0:
[   22.940160] [drm]   VGA-1
[   22.940253] [drm]   DDC: 0x7e40 0x7e40 0x7e44 0x7e44 0x7e48 0x7e48 0x7e4c 0x7e4c
[   22.940372] [drm]   Encoders:
[   22.940459] [drm]     CRT1: INTERNAL_KLDSCP_DAC1
[   22.940559] [drm] Connector 1:
[   22.940643] [drm]   LVDS-1
[   22.940732] [drm]   DDC: 0x7e60 0x7e60 0x7e64 0x7e64 0x7e68 0x7e68 0x7e6c 0x7e6c
[   22.940847] [drm]   Encoders:
[   22.940937] [drm]     LCD1: INTERNAL_LVTM1
[   22.941023] [drm] Connector 2:
[   22.941108] [drm]   DVI-I-1
[   22.941190] [drm]   HPD1
[   22.941282] [drm]   DDC: 0x7e50 0x7e50 0x7e54 0x7e54 0x7e58 0x7e58 0x7e5c 0x7e5c
[   22.941397] [drm]   Encoders:
[   22.941489] [drm]     DFP1: INTERNAL_KLDSCP_TMDS1
[   22.954956] [drm] Initialized radeon 2.50.0 for 0000:01:00.0 on minor 0
[   22.960422] thinkpad_acpi: secondary fan control detected & enabled
[   22.972056] thinkpad_acpi: battery 1 registered (start 0, stop 0, behaviours: 0x1)
[   23.022659] ACPI: battery: new extension: ThinkPad Battery Extension
[   23.092435] input: ThinkPad Extra Buttons as /devices/platform/thinkpad_acpi/input/input8
[   23.495708] [drm] fb mappable at 0xD80C0000
[   23.496016] [drm] vram apper at 0xD8000000
[   23.496099] [drm] size 3145728
[   23.496171] [drm] fb depth is 24
[   23.496244] [drm]    pitch is 4096
[   23.496821] fbcon: radeondrmfb (fb0) is primary device
[   23.705933] Console: switching to colour frame buffer device 128x48
[   23.710507] radeon 0000:01:00.0: [drm] fb0: radeondrmfb frame buffer device
[   24.173319] bcachefs (sda6): starting version 1.9: disk_accounting_v2 opts=metadata_checksum=xxhash,data_checksum=xxhash,compression=zstd:3
[   24.173728] bcachefs (sda6): recovering from clean shutdown, journal seq 43592
[   25.119834] bcachefs (sda6): accounting_read... done
[   25.141136] bcachefs (sda6): alloc_read... done
[   25.143789] bcachefs (sda6): stripes_read... done
[   25.144001] bcachefs (sda6): snapshots_read... done
[   25.225354] bcachefs (sda6): journal_replay... done
[   25.225608] bcachefs (sda6): resume_logged_ops... done
[   25.235524] bcachefs (sda6): going read-write
[   33.295723] NET: Registered PF_PACKET protocol family
[   33.396340] alg: No test for hmac(md4) (hmac(md4-generic))
[   36.629601] systemd-journald[126]: /var/log/journal/99afd334b5564c88beb2143d13a85751/user-1000.journal: Journal file uses a different sequence number ID, rotating.
[  184.831530] bcachefs (sda6): shutdown complete, journal seq 43606
[  185.113689] systemd-shutdown[1]: Syncing filesystems and block devices.
[  185.734575] systemd-shutdown[1]: Sending SIGTERM to remaining processes...
[  185.787213] systemd-journald[126]: Received SIGTERM from PID 1 (systemd-shutdow).
[  185.947288] systemd-shutdown[1]: Sending SIGKILL to remaining processes...
[  185.992249] systemd-shutdown[1]: Unmounting file systems.
[  186.000730] (sd-remount)[691]: Remounting '/' read-only with options 'compress=zstd:1,discard=async,space_cache,subvolid=5,subvol=/'.
[  186.239731] systemd-shutdown[1]: All filesystems unmounted.
[  186.241518] systemd-shutdown[1]: Deactivating swaps.
[  186.243585] systemd-shutdown[1]: All swaps deactivated.
[  186.245303] systemd-shutdown[1]: Detaching loop devices.
[  186.267731] systemd-shutdown[1]: All loop devices detached.
[  186.269461] systemd-shutdown[1]: Stopping MD devices.
[  186.272253] systemd-shutdown[1]: All MD devices stopped.
[  186.273929] systemd-shutdown[1]: Detaching DM devices.
[  186.276675] systemd-shutdown[1]: All DM devices detached.
[  186.278309] systemd-shutdown[1]: All filesystems, swaps, loop devices, MD devices and DM devices detached.
[  186.284351] systemd-shutdown[1]: Syncing filesystems and block devices.
[  186.289111] systemd-shutdown[1]: Rebooting.
[  186.527320] sd 0:0:0:0: [sda] Synchronizing SCSI cache
[  187.609609] e1000e: EEE TX LPI TIMER: 00000000

--MP_/h5wDT.s6wbxhPxXH4h.e5+J
Content-Type: application/octet-stream; name=config_611-rc1_p3+
Content-Transfer-Encoding: base64
Content-Disposition: attachment; filename=config_611-rc1_p3+

IwojIEF1dG9tYXRpY2FsbHkgZ2VuZXJhdGVkIGZpbGU7IERPIE5PVCBFRElULgojIExpbnV4L3g4
NiA2LjExLjAtcmMxIEtlcm5lbCBDb25maWd1cmF0aW9uCiMKQ09ORklHX0NDX1ZFUlNJT05fVEVY
VD0iY2xhbmcgdmVyc2lvbiAxOC4xLjgiCkNPTkZJR19HQ0NfVkVSU0lPTj0wCkNPTkZJR19DQ19J
U19DTEFORz15CkNPTkZJR19DTEFOR19WRVJTSU9OPTE4MDEwOApDT05GSUdfQVNfSVNfTExWTT15
CkNPTkZJR19BU19WRVJTSU9OPTE4MDEwOApDT05GSUdfTERfVkVSU0lPTj0wCkNPTkZJR19MRF9J
U19MTEQ9eQpDT05GSUdfTExEX1ZFUlNJT049MTgwMTA4CkNPTkZJR19DQ19DQU5fTElOSz15CkNP
TkZJR19DQ19DQU5fTElOS19TVEFUSUM9eQpDT05GSUdfQ0NfSEFTX0FTTV9HT1RPX09VVFBVVD15
CkNPTkZJR19DQ19IQVNfQVNNX0dPVE9fVElFRF9PVVRQVVQ9eQpDT05GSUdfVE9PTFNfU1VQUE9S
VF9SRUxSPXkKQ09ORklHX0NDX0hBU19BU01fSU5MSU5FPXkKQ09ORklHX0NDX0hBU19OT19QUk9G
SUxFX0ZOX0FUVFI9eQpDT05GSUdfUEFIT0xFX1ZFUlNJT049MApDT05GSUdfSVJRX1dPUks9eQpD
T05GSUdfQlVJTERUSU1FX1RBQkxFX1NPUlQ9eQpDT05GSUdfVEhSRUFEX0lORk9fSU5fVEFTSz15
CgojCiMgR2VuZXJhbCBzZXR1cAojCkNPTkZJR19JTklUX0VOVl9BUkdfTElNSVQ9MzIKIyBDT05G
SUdfQ09NUElMRV9URVNUIGlzIG5vdCBzZXQKIyBDT05GSUdfV0VSUk9SIGlzIG5vdCBzZXQKQ09O
RklHX0xPQ0FMVkVSU0lPTj0iLVAzIgojIENPTkZJR19MT0NBTFZFUlNJT05fQVVUTyBpcyBub3Qg
c2V0CkNPTkZJR19CVUlMRF9TQUxUPSIiCkNPTkZJR19IQVZFX0tFUk5FTF9HWklQPXkKQ09ORklH
X0hBVkVfS0VSTkVMX0JaSVAyPXkKQ09ORklHX0hBVkVfS0VSTkVMX0xaTUE9eQpDT05GSUdfSEFW
RV9LRVJORUxfWFo9eQpDT05GSUdfSEFWRV9LRVJORUxfTFpPPXkKQ09ORklHX0hBVkVfS0VSTkVM
X0xaND15CkNPTkZJR19IQVZFX0tFUk5FTF9aU1REPXkKIyBDT05GSUdfS0VSTkVMX0daSVAgaXMg
bm90IHNldAojIENPTkZJR19LRVJORUxfQlpJUDIgaXMgbm90IHNldAojIENPTkZJR19LRVJORUxf
TFpNQSBpcyBub3Qgc2V0CiMgQ09ORklHX0tFUk5FTF9YWiBpcyBub3Qgc2V0CiMgQ09ORklHX0tF
Uk5FTF9MWk8gaXMgbm90IHNldAojIENPTkZJR19LRVJORUxfTFo0IGlzIG5vdCBzZXQKQ09ORklH
X0tFUk5FTF9aU1REPXkKQ09ORklHX0RFRkFVTFRfSU5JVD0iIgpDT05GSUdfREVGQVVMVF9IT1NU
TkFNRT0iKG5vbmUpIgpDT05GSUdfU1lTVklQQz15CkNPTkZJR19TWVNWSVBDX1NZU0NUTD15CkNP
TkZJR19QT1NJWF9NUVVFVUU9eQpDT05GSUdfUE9TSVhfTVFVRVVFX1NZU0NUTD15CkNPTkZJR19X
QVRDSF9RVUVVRT15CkNPTkZJR19DUk9TU19NRU1PUllfQVRUQUNIPXkKIyBDT05GSUdfVVNFTElC
IGlzIG5vdCBzZXQKIyBDT05GSUdfQVVESVQgaXMgbm90IHNldApDT05GSUdfSEFWRV9BUkNIX0FV
RElUU1lTQ0FMTD15CgojCiMgSVJRIHN1YnN5c3RlbQojCkNPTkZJR19HRU5FUklDX0lSUV9QUk9C
RT15CkNPTkZJR19HRU5FUklDX0lSUV9TSE9XPXkKQ09ORklHX0dFTkVSSUNfSVJRX0VGRkVDVElW
RV9BRkZfTUFTSz15CkNPTkZJR19HRU5FUklDX1BFTkRJTkdfSVJRPXkKQ09ORklHX0dFTkVSSUNf
SVJRX01JR1JBVElPTj15CkNPTkZJR19IQVJESVJRU19TV19SRVNFTkQ9eQpDT05GSUdfSVJRX0RP
TUFJTj15CkNPTkZJR19JUlFfRE9NQUlOX0hJRVJBUkNIWT15CkNPTkZJR19HRU5FUklDX01TSV9J
UlE9eQpDT05GSUdfR0VORVJJQ19JUlFfTUFUUklYX0FMTE9DQVRPUj15CkNPTkZJR19HRU5FUklD
X0lSUV9SRVNFUlZBVElPTl9NT0RFPXkKQ09ORklHX0lSUV9GT1JDRURfVEhSRUFESU5HPXkKQ09O
RklHX1NQQVJTRV9JUlE9eQojIENPTkZJR19HRU5FUklDX0lSUV9ERUJVR0ZTIGlzIG5vdCBzZXQK
IyBlbmQgb2YgSVJRIHN1YnN5c3RlbQoKQ09ORklHX0NMT0NLU09VUkNFX1dBVENIRE9HPXkKQ09O
RklHX0FSQ0hfQ0xPQ0tTT1VSQ0VfSU5JVD15CkNPTkZJR19DTE9DS1NPVVJDRV9WQUxJREFURV9M
QVNUX0NZQ0xFPXkKQ09ORklHX0dFTkVSSUNfVElNRV9WU1lTQ0FMTD15CkNPTkZJR19HRU5FUklD
X0NMT0NLRVZFTlRTPXkKQ09ORklHX0dFTkVSSUNfQ0xPQ0tFVkVOVFNfQlJPQURDQVNUPXkKQ09O
RklHX0dFTkVSSUNfQ0xPQ0tFVkVOVFNfQlJPQURDQVNUX0lETEU9eQpDT05GSUdfR0VORVJJQ19D
TE9DS0VWRU5UU19NSU5fQURKVVNUPXkKQ09ORklHX0dFTkVSSUNfQ01PU19VUERBVEU9eQpDT05G
SUdfSEFWRV9QT1NJWF9DUFVfVElNRVJTX1RBU0tfV09SSz15CkNPTkZJR19QT1NJWF9DUFVfVElN
RVJTX1RBU0tfV09SSz15CkNPTkZJR19USU1FX0tVTklUX1RFU1Q9bQpDT05GSUdfQ09OVEVYVF9U
UkFDS0lORz15CkNPTkZJR19DT05URVhUX1RSQUNLSU5HX0lETEU9eQoKIwojIFRpbWVycyBzdWJz
eXN0ZW0KIwpDT05GSUdfVElDS19PTkVTSE9UPXkKQ09ORklHX05PX0haX0NPTU1PTj15CiMgQ09O
RklHX0haX1BFUklPRElDIGlzIG5vdCBzZXQKQ09ORklHX05PX0haX0lETEU9eQojIENPTkZJR19O
T19IWiBpcyBub3Qgc2V0CkNPTkZJR19ISUdIX1JFU19USU1FUlM9eQpDT05GSUdfQ0xPQ0tTT1VS
Q0VfV0FUQ0hET0dfTUFYX1NLRVdfVVM9MTAwCiMgZW5kIG9mIFRpbWVycyBzdWJzeXN0ZW0KCkNP
TkZJR19CUEY9eQpDT05GSUdfSEFWRV9FQlBGX0pJVD15CgojCiMgQlBGIHN1YnN5c3RlbQojCkNP
TkZJR19CUEZfU1lTQ0FMTD15CkNPTkZJR19CUEZfSklUPXkKQ09ORklHX0JQRl9KSVRfQUxXQVlT
X09OPXkKQ09ORklHX0JQRl9KSVRfREVGQVVMVF9PTj15CkNPTkZJR19CUEZfVU5QUklWX0RFRkFV
TFRfT0ZGPXkKIyBDT05GSUdfQlBGX1BSRUxPQUQgaXMgbm90IHNldAojIGVuZCBvZiBCUEYgc3Vi
c3lzdGVtCgpDT05GSUdfUFJFRU1QVF9WT0xVTlRBUllfQlVJTEQ9eQojIENPTkZJR19QUkVFTVBU
X05PTkUgaXMgbm90IHNldApDT05GSUdfUFJFRU1QVF9WT0xVTlRBUlk9eQojIENPTkZJR19QUkVF
TVBUIGlzIG5vdCBzZXQKQ09ORklHX1BSRUVNUFRfQ09VTlQ9eQojIENPTkZJR19QUkVFTVBUX0RZ
TkFNSUMgaXMgbm90IHNldAojIENPTkZJR19TQ0hFRF9DT1JFIGlzIG5vdCBzZXQKCiMKIyBDUFUv
VGFzayB0aW1lIGFuZCBzdGF0cyBhY2NvdW50aW5nCiMKQ09ORklHX1RJQ0tfQ1BVX0FDQ09VTlRJ
Tkc9eQojIENPTkZJR19JUlFfVElNRV9BQ0NPVU5USU5HIGlzIG5vdCBzZXQKQ09ORklHX0JTRF9Q
Uk9DRVNTX0FDQ1Q9eQpDT05GSUdfQlNEX1BST0NFU1NfQUNDVF9WMz15CkNPTkZJR19UQVNLU1RB
VFM9eQpDT05GSUdfVEFTS19ERUxBWV9BQ0NUPXkKQ09ORklHX1RBU0tfWEFDQ1Q9eQpDT05GSUdf
VEFTS19JT19BQ0NPVU5USU5HPXkKIyBDT05GSUdfUFNJIGlzIG5vdCBzZXQKIyBlbmQgb2YgQ1BV
L1Rhc2sgdGltZSBhbmQgc3RhdHMgYWNjb3VudGluZwoKQ09ORklHX0NQVV9JU09MQVRJT049eQoK
IwojIFJDVSBTdWJzeXN0ZW0KIwpDT05GSUdfVFJFRV9SQ1U9eQojIENPTkZJR19SQ1VfRVhQRVJU
IGlzIG5vdCBzZXQKQ09ORklHX1RSRUVfU1JDVT15CkNPTkZJR19UQVNLU19SQ1VfR0VORVJJQz15
CkNPTkZJR19ORUVEX1RBU0tTX1JDVT15CkNPTkZJR19UQVNLU19UUkFDRV9SQ1U9eQpDT05GSUdf
UkNVX1NUQUxMX0NPTU1PTj15CkNPTkZJR19SQ1VfTkVFRF9TRUdDQkxJU1Q9eQojIGVuZCBvZiBS
Q1UgU3Vic3lzdGVtCgojIENPTkZJR19JS0NPTkZJRyBpcyBub3Qgc2V0CiMgQ09ORklHX0lLSEVB
REVSUyBpcyBub3Qgc2V0CkNPTkZJR19MT0dfQlVGX1NISUZUPTE2CkNPTkZJR19MT0dfQ1BVX01B
WF9CVUZfU0hJRlQ9MTMKIyBDT05GSUdfUFJJTlRLX0lOREVYIGlzIG5vdCBzZXQKQ09ORklHX0hB
VkVfVU5TVEFCTEVfU0NIRURfQ0xPQ0s9eQoKIwojIFNjaGVkdWxlciBmZWF0dXJlcwojCiMgQ09O
RklHX1VDTEFNUF9UQVNLIGlzIG5vdCBzZXQKIyBlbmQgb2YgU2NoZWR1bGVyIGZlYXR1cmVzCgpD
T05GSUdfQVJDSF9XQU5UX0JBVENIRURfVU5NQVBfVExCX0ZMVVNIPXkKQ09ORklHX0NDX0lNUExJ
Q0lUX0ZBTExUSFJPVUdIPSItV2ltcGxpY2l0LWZhbGx0aHJvdWdoIgpDT05GSUdfR0NDMTBfTk9f
QVJSQVlfQk9VTkRTPXkKQ09ORklHX0dDQ19OT19TVFJJTkdPUF9PVkVSRkxPVz15CkNPTkZJR19T
TEFCX09CSl9FWFQ9eQpDT05GSUdfQ0dST1VQUz15CkNPTkZJR19QQUdFX0NPVU5URVI9eQojIENP
TkZJR19DR1JPVVBfRkFWT1JfRFlOTU9EUyBpcyBub3Qgc2V0CkNPTkZJR19NRU1DRz15CiMgQ09O
RklHX01FTUNHX1YxIGlzIG5vdCBzZXQKQ09ORklHX0JMS19DR1JPVVA9eQpDT05GSUdfQ0dST1VQ
X1dSSVRFQkFDSz15CkNPTkZJR19DR1JPVVBfU0NIRUQ9eQpDT05GSUdfRkFJUl9HUk9VUF9TQ0hF
RD15CiMgQ09ORklHX0NGU19CQU5EV0lEVEggaXMgbm90IHNldAojIENPTkZJR19SVF9HUk9VUF9T
Q0hFRCBpcyBub3Qgc2V0CkNPTkZJR19TQ0hFRF9NTV9DSUQ9eQpDT05GSUdfQ0dST1VQX1BJRFM9
eQpDT05GSUdfQ0dST1VQX1JETUE9eQpDT05GSUdfQ0dST1VQX0ZSRUVaRVI9eQojIENPTkZJR19D
R1JPVVBfSFVHRVRMQiBpcyBub3Qgc2V0CkNPTkZJR19DUFVTRVRTPXkKQ09ORklHX1BST0NfUElE
X0NQVVNFVD15CkNPTkZJR19DR1JPVVBfREVWSUNFPXkKQ09ORklHX0NHUk9VUF9DUFVBQ0NUPXkK
Q09ORklHX0NHUk9VUF9QRVJGPXkKQ09ORklHX0NHUk9VUF9CUEY9eQpDT05GSUdfQ0dST1VQX01J
U0M9eQojIENPTkZJR19DR1JPVVBfREVCVUcgaXMgbm90IHNldApDT05GSUdfU09DS19DR1JPVVBf
REFUQT15CkNPTkZJR19OQU1FU1BBQ0VTPXkKQ09ORklHX1VUU19OUz15CkNPTkZJR19USU1FX05T
PXkKQ09ORklHX0lQQ19OUz15CkNPTkZJR19VU0VSX05TPXkKQ09ORklHX1BJRF9OUz15CkNPTkZJ
R19ORVRfTlM9eQojIENPTkZJR19DSEVDS1BPSU5UX1JFU1RPUkUgaXMgbm90IHNldApDT05GSUdf
U0NIRURfQVVUT0dST1VQPXkKIyBDT05GSUdfUkVMQVkgaXMgbm90IHNldApDT05GSUdfQkxLX0RF
Vl9JTklUUkQ9eQpDT05GSUdfSU5JVFJBTUZTX1NPVVJDRT0iIgpDT05GSUdfUkRfR1pJUD15CiMg
Q09ORklHX1JEX0JaSVAyIGlzIG5vdCBzZXQKIyBDT05GSUdfUkRfTFpNQSBpcyBub3Qgc2V0CiMg
Q09ORklHX1JEX1haIGlzIG5vdCBzZXQKIyBDT05GSUdfUkRfTFpPIGlzIG5vdCBzZXQKIyBDT05G
SUdfUkRfTFo0IGlzIG5vdCBzZXQKQ09ORklHX1JEX1pTVEQ9eQojIENPTkZJR19CT09UX0NPTkZJ
RyBpcyBub3Qgc2V0CiMgQ09ORklHX0lOSVRSQU1GU19QUkVTRVJWRV9NVElNRSBpcyBub3Qgc2V0
CiMgQ09ORklHX0NDX09QVElNSVpFX0ZPUl9QRVJGT1JNQU5DRSBpcyBub3Qgc2V0CkNPTkZJR19D
Q19PUFRJTUlaRV9GT1JfU0laRT15CkNPTkZJR19MRF9PUlBIQU5fV0FSTj15CkNPTkZJR19MRF9P
UlBIQU5fV0FSTl9MRVZFTD0id2FybiIKQ09ORklHX1NZU0NUTD15CkNPTkZJR19IQVZFX1VJRDE2
PXkKQ09ORklHX1NZU0NUTF9FWENFUFRJT05fVFJBQ0U9eQpDT05GSUdfSEFWRV9QQ1NQS1JfUExB
VEZPUk09eQpDT05GSUdfRVhQRVJUPXkKQ09ORklHX1VJRDE2PXkKQ09ORklHX01VTFRJVVNFUj15
CiMgQ09ORklHX1NHRVRNQVNLX1NZU0NBTEwgaXMgbm90IHNldAojIENPTkZJR19TWVNGU19TWVND
QUxMIGlzIG5vdCBzZXQKQ09ORklHX0ZIQU5ETEU9eQpDT05GSUdfUE9TSVhfVElNRVJTPXkKQ09O
RklHX1BSSU5USz15CkNPTkZJR19CVUc9eQpDT05GSUdfRUxGX0NPUkU9eQojIENPTkZJR19QQ1NQ
S1JfUExBVEZPUk0gaXMgbm90IHNldApDT05GSUdfQkFTRV9TTUFMTD15CkNPTkZJR19GVVRFWD15
CkNPTkZJR19GVVRFWF9QST15CkNPTkZJR19FUE9MTD15CkNPTkZJR19TSUdOQUxGRD15CkNPTkZJ
R19USU1FUkZEPXkKQ09ORklHX0VWRU5URkQ9eQpDT05GSUdfU0hNRU09eQpDT05GSUdfQUlPPXkK
Q09ORklHX0lPX1VSSU5HPXkKQ09ORklHX0FEVklTRV9TWVNDQUxMUz15CkNPTkZJR19NRU1CQVJS
SUVSPXkKQ09ORklHX0tDTVA9eQpDT05GSUdfUlNFUT15CiMgQ09ORklHX0RFQlVHX1JTRVEgaXMg
bm90IHNldApDT05GSUdfQ0FDSEVTVEFUX1NZU0NBTEw9eQojIENPTkZJR19QQzEwNCBpcyBub3Qg
c2V0CkNPTkZJR19LQUxMU1lNUz15CiMgQ09ORklHX0tBTExTWU1TX1NFTEZURVNUIGlzIG5vdCBz
ZXQKQ09ORklHX0tBTExTWU1TX0FMTD15CkNPTkZJR19BUkNIX0hBU19NRU1CQVJSSUVSX1NZTkNf
Q09SRT15CkNPTkZJR19IQVZFX1BFUkZfRVZFTlRTPXkKCiMKIyBLZXJuZWwgUGVyZm9ybWFuY2Ug
RXZlbnRzIEFuZCBDb3VudGVycwojCkNPTkZJR19QRVJGX0VWRU5UUz15CiMgQ09ORklHX0RFQlVH
X1BFUkZfVVNFX1ZNQUxMT0MgaXMgbm90IHNldAojIGVuZCBvZiBLZXJuZWwgUGVyZm9ybWFuY2Ug
RXZlbnRzIEFuZCBDb3VudGVycwoKQ09ORklHX1NZU1RFTV9EQVRBX1ZFUklGSUNBVElPTj15CiMg
Q09ORklHX1BST0ZJTElORyBpcyBub3Qgc2V0CkNPTkZJR19UUkFDRVBPSU5UUz15CgojCiMgS2V4
ZWMgYW5kIGNyYXNoIGZlYXR1cmVzCiMKIyBDT05GSUdfS0VYRUMgaXMgbm90IHNldAojIGVuZCBv
ZiBLZXhlYyBhbmQgY3Jhc2ggZmVhdHVyZXMKIyBlbmQgb2YgR2VuZXJhbCBzZXR1cAoKIyBDT05G
SUdfNjRCSVQgaXMgbm90IHNldApDT05GSUdfWDg2XzMyPXkKQ09ORklHX1g4Nj15CkNPTkZJR19J
TlNUUlVDVElPTl9ERUNPREVSPXkKQ09ORklHX09VVFBVVF9GT1JNQVQ9ImVsZjMyLWkzODYiCkNP
TkZJR19MT0NLREVQX1NVUFBPUlQ9eQpDT05GSUdfU1RBQ0tUUkFDRV9TVVBQT1JUPXkKQ09ORklH
X01NVT15CkNPTkZJR19BUkNIX01NQVBfUk5EX0JJVFNfTUlOPTgKQ09ORklHX0FSQ0hfTU1BUF9S
TkRfQklUU19NQVg9MTYKQ09ORklHX0FSQ0hfTU1BUF9STkRfQ09NUEFUX0JJVFNfTUlOPTgKQ09O
RklHX0FSQ0hfTU1BUF9STkRfQ09NUEFUX0JJVFNfTUFYPTE2CkNPTkZJR19HRU5FUklDX0lTQV9E
TUE9eQpDT05GSUdfR0VORVJJQ19CVUc9eQpDT05GSUdfQVJDSF9NQVlfSEFWRV9QQ19GREM9eQpD
T05GSUdfR0VORVJJQ19DQUxJQlJBVEVfREVMQVk9eQpDT05GSUdfQVJDSF9IQVNfQ1BVX1JFTEFY
PXkKQ09ORklHX0FSQ0hfSElCRVJOQVRJT05fUE9TU0lCTEU9eQpDT05GSUdfQVJDSF9TVVNQRU5E
X1BPU1NJQkxFPXkKQ09ORklHX0FSQ0hfU1VQUE9SVFNfVVBST0JFUz15CkNPTkZJR19GSVhfRUFS
TFlDT05fTUVNPXkKQ09ORklHX1BHVEFCTEVfTEVWRUxTPTMKQ09ORklHX0NDX0hBU19TQU5FX1NU
QUNLUFJPVEVDVE9SPXkKCiMKIyBQcm9jZXNzb3IgdHlwZSBhbmQgZmVhdHVyZXMKIwpDT05GSUdf
U01QPXkKQ09ORklHX1g4Nl9NUFBBUlNFPXkKIyBDT05GSUdfWDg2X0NQVV9SRVNDVFJMIGlzIG5v
dCBzZXQKIyBDT05GSUdfWDg2X0JJR1NNUCBpcyBub3Qgc2V0CiMgQ09ORklHX1g4Nl9FWFRFTkRF
RF9QTEFURk9STSBpcyBub3Qgc2V0CiMgQ09ORklHX1g4Nl9JTlRFTF9MUFNTIGlzIG5vdCBzZXQK
IyBDT05GSUdfWDg2X0FNRF9QTEFURk9STV9ERVZJQ0UgaXMgbm90IHNldAojIENPTkZJR19JT1NG
X01CSSBpcyBub3Qgc2V0CkNPTkZJR19YODZfU1VQUE9SVFNfTUVNT1JZX0ZBSUxVUkU9eQojIENP
TkZJR19YODZfMzJfSVJJUyBpcyBub3Qgc2V0CkNPTkZJR19TQ0hFRF9PTUlUX0ZSQU1FX1BPSU5U
RVI9eQpDT05GSUdfSFlQRVJWSVNPUl9HVUVTVD15CiMgQ09ORklHX1BBUkFWSVJUIGlzIG5vdCBz
ZXQKQ09ORklHX0FSQ0hfQ1BVSURMRV9IQUxUUE9MTD15CiMgQ09ORklHX1BWSCBpcyBub3Qgc2V0
CiMgQ09ORklHX000ODZTWCBpcyBub3Qgc2V0CiMgQ09ORklHX000ODYgaXMgbm90IHNldAojIENP
TkZJR19NNTg2IGlzIG5vdCBzZXQKIyBDT05GSUdfTTU4NlRTQyBpcyBub3Qgc2V0CiMgQ09ORklH
X001ODZNTVggaXMgbm90IHNldAojIENPTkZJR19NNjg2IGlzIG5vdCBzZXQKIyBDT05GSUdfTVBF
TlRJVU1JSSBpcyBub3Qgc2V0CkNPTkZJR19NUEVOVElVTUlJST15CiMgQ09ORklHX01QRU5USVVN
TSBpcyBub3Qgc2V0CiMgQ09ORklHX01QRU5USVVNNCBpcyBub3Qgc2V0CiMgQ09ORklHX01LNiBp
cyBub3Qgc2V0CiMgQ09ORklHX01LNyBpcyBub3Qgc2V0CiMgQ09ORklHX01LOCBpcyBub3Qgc2V0
CiMgQ09ORklHX01DUlVTT0UgaXMgbm90IHNldAojIENPTkZJR19NRUZGSUNFT04gaXMgbm90IHNl
dAojIENPTkZJR19NV0lOQ0hJUEM2IGlzIG5vdCBzZXQKIyBDT05GSUdfTVdJTkNISVAzRCBpcyBu
b3Qgc2V0CiMgQ09ORklHX01FTEFOIGlzIG5vdCBzZXQKIyBDT05GSUdfTUdFT0RFR1gxIGlzIG5v
dCBzZXQKIyBDT05GSUdfTUdFT0RFX0xYIGlzIG5vdCBzZXQKIyBDT05GSUdfTUNZUklYSUlJIGlz
IG5vdCBzZXQKIyBDT05GSUdfTVZJQUMzXzIgaXMgbm90IHNldAojIENPTkZJR19NVklBQzcgaXMg
bm90IHNldAojIENPTkZJR19NQ09SRTIgaXMgbm90IHNldAojIENPTkZJR19NQVRPTSBpcyBub3Qg
c2V0CiMgQ09ORklHX1g4Nl9HRU5FUklDIGlzIG5vdCBzZXQKQ09ORklHX1g4Nl9JTlRFUk5PREVf
Q0FDSEVfU0hJRlQ9NQpDT05GSUdfWDg2X0wxX0NBQ0hFX1NISUZUPTUKQ09ORklHX1g4Nl9JTlRF
TF9VU0VSQ09QWT15CkNPTkZJR19YODZfVVNFX1BQUk9fQ0hFQ0tTVU09eQpDT05GSUdfWDg2X1RT
Qz15CkNPTkZJR19YODZfSEFWRV9QQUU9eQpDT05GSUdfWDg2X0NNUFhDSEc2ND15CkNPTkZJR19Y
ODZfQ01PVj15CkNPTkZJR19YODZfTUlOSU1VTV9DUFVfRkFNSUxZPTYKQ09ORklHX1g4Nl9ERUJV
R0NUTE1TUj15CkNPTkZJR19JQTMyX0ZFQVRfQ1RMPXkKQ09ORklHX1g4Nl9WTVhfRkVBVFVSRV9O
QU1FUz15CkNPTkZJR19QUk9DRVNTT1JfU0VMRUNUPXkKQ09ORklHX0NQVV9TVVBfSU5URUw9eQoj
IENPTkZJR19DUFVfU1VQX0NZUklYXzMyIGlzIG5vdCBzZXQKIyBDT05GSUdfQ1BVX1NVUF9BTUQg
aXMgbm90IHNldAojIENPTkZJR19DUFVfU1VQX0hZR09OIGlzIG5vdCBzZXQKIyBDT05GSUdfQ1BV
X1NVUF9DRU5UQVVSIGlzIG5vdCBzZXQKIyBDT05GSUdfQ1BVX1NVUF9UUkFOU01FVEFfMzIgaXMg
bm90IHNldAojIENPTkZJR19DUFVfU1VQX1VNQ18zMiBpcyBub3Qgc2V0CiMgQ09ORklHX0NQVV9T
VVBfWkhBT1hJTiBpcyBub3Qgc2V0CiMgQ09ORklHX0NQVV9TVVBfVk9SVEVYXzMyIGlzIG5vdCBz
ZXQKQ09ORklHX0hQRVRfVElNRVI9eQpDT05GSUdfSFBFVF9FTVVMQVRFX1JUQz15CkNPTkZJR19E
TUk9eQpDT05GSUdfQk9PVF9WRVNBX1NVUFBPUlQ9eQpDT05GSUdfTlJfQ1BVU19SQU5HRV9CRUdJ
Tj0yCkNPTkZJR19OUl9DUFVTX1JBTkdFX0VORD04CkNPTkZJR19OUl9DUFVTX0RFRkFVTFQ9OApD
T05GSUdfTlJfQ1BVUz0yCiMgQ09ORklHX1NDSEVEX0NMVVNURVIgaXMgbm90IHNldApDT05GSUdf
U0NIRURfU01UPXkKQ09ORklHX1NDSEVEX01DPXkKIyBDT05GSUdfU0NIRURfTUNfUFJJTyBpcyBu
b3Qgc2V0CkNPTkZJR19YODZfTE9DQUxfQVBJQz15CkNPTkZJR19YODZfSU9fQVBJQz15CiMgQ09O
RklHX1g4Nl9SRVJPVVRFX0ZPUl9CUk9LRU5fQk9PVF9JUlFTIGlzIG5vdCBzZXQKQ09ORklHX1g4
Nl9NQ0U9eQojIENPTkZJR19YODZfTUNFTE9HX0xFR0FDWSBpcyBub3Qgc2V0CkNPTkZJR19YODZf
TUNFX0lOVEVMPXkKIyBDT05GSUdfWDg2X0FOQ0lFTlRfTUNFIGlzIG5vdCBzZXQKQ09ORklHX1g4
Nl9NQ0VfVEhSRVNIT0xEPXkKIyBDT05GSUdfWDg2X01DRV9JTkpFQ1QgaXMgbm90IHNldAoKIwoj
IFBlcmZvcm1hbmNlIG1vbml0b3JpbmcKIwpDT05GSUdfUEVSRl9FVkVOVFNfSU5URUxfVU5DT1JF
PXkKQ09ORklHX1BFUkZfRVZFTlRTX0lOVEVMX1JBUEw9eQpDT05GSUdfUEVSRl9FVkVOVFNfSU5U
RUxfQ1NUQVRFPXkKIyBlbmQgb2YgUGVyZm9ybWFuY2UgbW9uaXRvcmluZwoKIyBDT05GSUdfWDg2
X0xFR0FDWV9WTTg2IGlzIG5vdCBzZXQKIyBDT05GSUdfWDg2X0lPUExfSU9QRVJNIGlzIG5vdCBz
ZXQKIyBDT05GSUdfVE9TSElCQSBpcyBub3Qgc2V0CiMgQ09ORklHX1g4Nl9SRUJPT1RGSVhVUFMg
aXMgbm90IHNldApDT05GSUdfTUlDUk9DT0RFPXkKQ09ORklHX01JQ1JPQ09ERV9JTklUUkQzMj15
CiMgQ09ORklHX01JQ1JPQ09ERV9MQVRFX0xPQURJTkcgaXMgbm90IHNldAojIENPTkZJR19YODZf
TVNSIGlzIG5vdCBzZXQKQ09ORklHX1g4Nl9DUFVJRD1tCiMgQ09ORklHX05PSElHSE1FTSBpcyBu
b3Qgc2V0CiMgQ09ORklHX0hJR0hNRU00RyBpcyBub3Qgc2V0CkNPTkZJR19ISUdITUVNNjRHPXkK
Q09ORklHX1ZNU1BMSVRfM0c9eQojIENPTkZJR19WTVNQTElUXzJHIGlzIG5vdCBzZXQKIyBDT05G
SUdfVk1TUExJVF8xRyBpcyBub3Qgc2V0CkNPTkZJR19QQUdFX09GRlNFVD0weEMwMDAwMDAwCkNP
TkZJR19ISUdITUVNPXkKQ09ORklHX1g4Nl9QQUU9eQojIENPTkZJR19YODZfQ1BBX1NUQVRJU1RJ
Q1MgaXMgbm90IHNldApDT05GSUdfQVJDSF9GTEFUTUVNX0VOQUJMRT15CkNPTkZJR19BUkNIX1NQ
QVJTRU1FTV9FTkFCTEU9eQpDT05GSUdfQVJDSF9TRUxFQ1RfTUVNT1JZX01PREVMPXkKQ09ORklH
X0lMTEVHQUxfUE9JTlRFUl9WQUxVRT0wCiMgQ09ORklHX1g4Nl9QTUVNX0xFR0FDWSBpcyBub3Qg
c2V0CkNPTkZJR19ISUdIUFRFPXkKIyBDT05GSUdfWDg2X0NIRUNLX0JJT1NfQ09SUlVQVElPTiBp
cyBub3Qgc2V0CkNPTkZJR19NVFJSPXkKQ09ORklHX01UUlJfU0FOSVRJWkVSPXkKQ09ORklHX01U
UlJfU0FOSVRJWkVSX0VOQUJMRV9ERUZBVUxUPTEKQ09ORklHX01UUlJfU0FOSVRJWkVSX1NQQVJF
X1JFR19OUl9ERUZBVUxUPTEKQ09ORklHX1g4Nl9QQVQ9eQpDT05GSUdfQVJDSF9VU0VTX1BHX1VO
Q0FDSEVEPXkKIyBDT05GSUdfWDg2X1VNSVAgaXMgbm90IHNldApDT05GSUdfQ0NfSEFTX0lCVD15
CkNPTkZJR19YODZfSU5URUxfVFNYX01PREVfT0ZGPXkKIyBDT05GSUdfWDg2X0lOVEVMX1RTWF9N
T0RFX09OIGlzIG5vdCBzZXQKIyBDT05GSUdfWDg2X0lOVEVMX1RTWF9NT0RFX0FVVE8gaXMgbm90
IHNldAojIENPTkZJR19FRkkgaXMgbm90IHNldAojIENPTkZJR19IWl8xMDAgaXMgbm90IHNldAoj
IENPTkZJR19IWl8yNTAgaXMgbm90IHNldApDT05GSUdfSFpfMzAwPXkKIyBDT05GSUdfSFpfMTAw
MCBpcyBub3Qgc2V0CkNPTkZJR19IWj0zMDAKQ09ORklHX1NDSEVEX0hSVElDSz15CkNPTkZJR19B
UkNIX1NVUFBPUlRTX0tFWEVDPXkKQ09ORklHX0FSQ0hfU1VQUE9SVFNfS0VYRUNfUFVSR0FUT1JZ
PXkKQ09ORklHX0FSQ0hfU1VQUE9SVFNfS0VYRUNfU0lHPXkKQ09ORklHX0FSQ0hfU1VQUE9SVFNf
S0VYRUNfU0lHX0ZPUkNFPXkKQ09ORklHX0FSQ0hfU1VQUE9SVFNfS0VYRUNfQlpJTUFHRV9WRVJJ
RllfU0lHPXkKQ09ORklHX0FSQ0hfU1VQUE9SVFNfS0VYRUNfSlVNUD15CkNPTkZJR19BUkNIX1NV
UFBPUlRTX0NSQVNIX0RVTVA9eQpDT05GSUdfQVJDSF9TVVBQT1JUU19DUkFTSF9IT1RQTFVHPXkK
Q09ORklHX1BIWVNJQ0FMX1NUQVJUPTB4MTAwMDAwMApDT05GSUdfUkVMT0NBVEFCTEU9eQpDT05G
SUdfUkFORE9NSVpFX0JBU0U9eQpDT05GSUdfWDg2X05FRURfUkVMT0NTPXkKQ09ORklHX1BIWVNJ
Q0FMX0FMSUdOPTB4MjAwMDAwCkNPTkZJR19IT1RQTFVHX0NQVT15CiMgQ09ORklHX0NPTVBBVF9W
RFNPIGlzIG5vdCBzZXQKIyBDT05GSUdfQ01ETElORV9CT09MIGlzIG5vdCBzZXQKIyBDT05GSUdf
TU9ESUZZX0xEVF9TWVNDQUxMIGlzIG5vdCBzZXQKIyBDT05GSUdfU1RSSUNUX1NJR0FMVFNUQUNL
X1NJWkUgaXMgbm90IHNldAojIGVuZCBvZiBQcm9jZXNzb3IgdHlwZSBhbmQgZmVhdHVyZXMKCkNP
TkZJR19DQ19IQVNfU0xTPXkKQ09ORklHX0NDX0hBU19SRVRVUk5fVEhVTks9eQpDT05GSUdfQ0Nf
SEFTX0VOVFJZX1BBRERJTkc9eQpDT05GSUdfRlVOQ1RJT05fUEFERElOR19DRkk9MApDT05GSUdf
RlVOQ1RJT05fUEFERElOR19CWVRFUz00CkNPTkZJR19DUFVfTUlUSUdBVElPTlM9eQpDT05GSUdf
TUlUSUdBVElPTl9QQUdFX1RBQkxFX0lTT0xBVElPTj15CkNPTkZJR19NSVRJR0FUSU9OX1JFVFBP
TElORT15CiMgQ09ORklHX01JVElHQVRJT05fUkVUSFVOSyBpcyBub3Qgc2V0CiMgQ09ORklHX01J
VElHQVRJT05fR0RTX0ZPUkNFIGlzIG5vdCBzZXQKIyBDT05GSUdfTUlUSUdBVElPTl9SRkRTIGlz
IG5vdCBzZXQKIyBDT05GSUdfTUlUSUdBVElPTl9TUEVDVFJFX0JISSBpcyBub3Qgc2V0CgojCiMg
UG93ZXIgbWFuYWdlbWVudCBhbmQgQUNQSSBvcHRpb25zCiMKQ09ORklHX1NVU1BFTkQ9eQpDT05G
SUdfU1VTUEVORF9GUkVFWkVSPXkKIyBDT05GSUdfU1VTUEVORF9TS0lQX1NZTkMgaXMgbm90IHNl
dAojIENPTkZJR19ISUJFUk5BVElPTiBpcyBub3Qgc2V0CkNPTkZJR19QTV9TTEVFUD15CkNPTkZJ
R19QTV9TTEVFUF9TTVA9eQpDT05GSUdfUE1fQVVUT1NMRUVQPXkKIyBDT05GSUdfUE1fVVNFUlNQ
QUNFX0FVVE9TTEVFUCBpcyBub3Qgc2V0CiMgQ09ORklHX1BNX1dBS0VMT0NLUyBpcyBub3Qgc2V0
CkNPTkZJR19QTT15CiMgQ09ORklHX1BNX0RFQlVHIGlzIG5vdCBzZXQKQ09ORklHX1BNX0NMSz15
CkNPTkZJR19XUV9QT1dFUl9FRkZJQ0lFTlRfREVGQVVMVD15CkNPTkZJR19FTkVSR1lfTU9ERUw9
eQpDT05GSUdfQVJDSF9TVVBQT1JUU19BQ1BJPXkKQ09ORklHX0FDUEk9eQpDT05GSUdfQUNQSV9M
RUdBQ1lfVEFCTEVTX0xPT0tVUD15CkNPTkZJR19BUkNIX01JR0hUX0hBVkVfQUNQSV9QREM9eQpD
T05GSUdfQUNQSV9TWVNURU1fUE9XRVJfU1RBVEVTX1NVUFBPUlQ9eQpDT05GSUdfQUNQSV9USEVS
TUFMX0xJQj15CiMgQ09ORklHX0FDUElfREVCVUdHRVIgaXMgbm90IHNldApDT05GSUdfQUNQSV9T
UENSX1RBQkxFPXkKQ09ORklHX0FDUElfU0xFRVA9eQojIENPTkZJR19BQ1BJX1JFVl9PVkVSUklE
RV9QT1NTSUJMRSBpcyBub3Qgc2V0CiMgQ09ORklHX0FDUElfRUNfREVCVUdGUyBpcyBub3Qgc2V0
CkNPTkZJR19BQ1BJX0FDPW0KQ09ORklHX0FDUElfQkFUVEVSWT1tCkNPTkZJR19BQ1BJX0JVVFRP
Tj1tCiMgQ09ORklHX0FDUElfVElOWV9QT1dFUl9CVVRUT04gaXMgbm90IHNldApDT05GSUdfQUNQ
SV9WSURFTz1tCkNPTkZJR19BQ1BJX0ZBTj1tCiMgQ09ORklHX0FDUElfVEFEIGlzIG5vdCBzZXQK
IyBDT05GSUdfQUNQSV9ET0NLIGlzIG5vdCBzZXQKQ09ORklHX0FDUElfQ1BVX0ZSRVFfUFNTPXkK
Q09ORklHX0FDUElfUFJPQ0VTU09SX0NTVEFURT15CkNPTkZJR19BQ1BJX1BST0NFU1NPUl9JRExF
PXkKQ09ORklHX0FDUElfUFJPQ0VTU09SPW0KQ09ORklHX0FDUElfSE9UUExVR19DUFU9eQojIENP
TkZJR19BQ1BJX1BST0NFU1NPUl9BR0dSRUdBVE9SIGlzIG5vdCBzZXQKQ09ORklHX0FDUElfVEhF
Uk1BTD1tCkNPTkZJR19BQ1BJX1BMQVRGT1JNX1BST0ZJTEU9bQpDT05GSUdfQVJDSF9IQVNfQUNQ
SV9UQUJMRV9VUEdSQURFPXkKQ09ORklHX0FDUElfVEFCTEVfVVBHUkFERT15CiMgQ09ORklHX0FD
UElfREVCVUcgaXMgbm90IHNldAojIENPTkZJR19BQ1BJX1BDSV9TTE9UIGlzIG5vdCBzZXQKQ09O
RklHX0FDUElfQ09OVEFJTkVSPXkKQ09ORklHX0FDUElfSE9UUExVR19JT0FQSUM9eQpDT05GSUdf
QUNQSV9TQlM9bQojIENPTkZJR19BQ1BJX0hFRCBpcyBub3Qgc2V0CiMgQ09ORklHX0FDUElfUkVE
VUNFRF9IQVJEV0FSRV9PTkxZIGlzIG5vdCBzZXQKQ09ORklHX0FDUElfTkhMVD15CkNPTkZJR19I
QVZFX0FDUElfQVBFST15CkNPTkZJR19IQVZFX0FDUElfQVBFSV9OTUk9eQojIENPTkZJR19BQ1BJ
X0FQRUkgaXMgbm90IHNldAojIENPTkZJR19BQ1BJX0RQVEYgaXMgbm90IHNldAojIENPTkZJR19B
Q1BJX0NPTkZJR0ZTIGlzIG5vdCBzZXQKIyBDT05GSUdfQUNQSV9GRkggaXMgbm90IHNldAojIENP
TkZJR19QTUlDX09QUkVHSU9OIGlzIG5vdCBzZXQKQ09ORklHX1g4Nl9QTV9USU1FUj15CiMgQ09O
RklHX0FQTSBpcyBub3Qgc2V0CgojCiMgQ1BVIEZyZXF1ZW5jeSBzY2FsaW5nCiMKQ09ORklHX0NQ
VV9GUkVRPXkKQ09ORklHX0NQVV9GUkVRX0dPVl9BVFRSX1NFVD15CiMgQ09ORklHX0NQVV9GUkVR
X1NUQVQgaXMgbm90IHNldAojIENPTkZJR19DUFVfRlJFUV9ERUZBVUxUX0dPVl9QRVJGT1JNQU5D
RSBpcyBub3Qgc2V0CiMgQ09ORklHX0NQVV9GUkVRX0RFRkFVTFRfR09WX1BPV0VSU0FWRSBpcyBu
b3Qgc2V0CiMgQ09ORklHX0NQVV9GUkVRX0RFRkFVTFRfR09WX1VTRVJTUEFDRSBpcyBub3Qgc2V0
CiMgQ09ORklHX0NQVV9GUkVRX0RFRkFVTFRfR09WX09OREVNQU5EIGlzIG5vdCBzZXQKIyBDT05G
SUdfQ1BVX0ZSRVFfREVGQVVMVF9HT1ZfQ09OU0VSVkFUSVZFIGlzIG5vdCBzZXQKQ09ORklHX0NQ
VV9GUkVRX0RFRkFVTFRfR09WX1NDSEVEVVRJTD15CkNPTkZJR19DUFVfRlJFUV9HT1ZfUEVSRk9S
TUFOQ0U9eQojIENPTkZJR19DUFVfRlJFUV9HT1ZfUE9XRVJTQVZFIGlzIG5vdCBzZXQKIyBDT05G
SUdfQ1BVX0ZSRVFfR09WX1VTRVJTUEFDRSBpcyBub3Qgc2V0CiMgQ09ORklHX0NQVV9GUkVRX0dP
Vl9PTkRFTUFORCBpcyBub3Qgc2V0CiMgQ09ORklHX0NQVV9GUkVRX0dPVl9DT05TRVJWQVRJVkUg
aXMgbm90IHNldApDT05GSUdfQ1BVX0ZSRVFfR09WX1NDSEVEVVRJTD15CgojCiMgQ1BVIGZyZXF1
ZW5jeSBzY2FsaW5nIGRyaXZlcnMKIwojIENPTkZJR19DUFVGUkVRX0RUIGlzIG5vdCBzZXQKIyBD
T05GSUdfQ1BVRlJFUV9EVF9QTEFUREVWIGlzIG5vdCBzZXQKIyBDT05GSUdfWDg2X0lOVEVMX1BT
VEFURSBpcyBub3Qgc2V0CiMgQ09ORklHX1g4Nl9QQ0NfQ1BVRlJFUSBpcyBub3Qgc2V0CiMgQ09O
RklHX1g4Nl9BTURfUFNUQVRFIGlzIG5vdCBzZXQKQ09ORklHX1g4Nl9BQ1BJX0NQVUZSRVE9bQoj
IENPTkZJR19YODZfUE9XRVJOT1dfSzYgaXMgbm90IHNldAojIENPTkZJR19YODZfUE9XRVJOT1df
SzcgaXMgbm90IHNldAojIENPTkZJR19YODZfUE9XRVJOT1dfSzggaXMgbm90IHNldAojIENPTkZJ
R19YODZfR1hfU1VTUE1PRCBpcyBub3Qgc2V0CiMgQ09ORklHX1g4Nl9TUEVFRFNURVBfQ0VOVFJJ
Tk8gaXMgbm90IHNldAojIENPTkZJR19YODZfU1BFRURTVEVQX0lDSCBpcyBub3Qgc2V0CiMgQ09O
RklHX1g4Nl9TUEVFRFNURVBfU01JIGlzIG5vdCBzZXQKIyBDT05GSUdfWDg2X1A0X0NMT0NLTU9E
IGlzIG5vdCBzZXQKIyBDT05GSUdfWDg2X0NQVUZSRVFfTkZPUkNFMiBpcyBub3Qgc2V0CiMgQ09O
RklHX1g4Nl9MT05HUlVOIGlzIG5vdCBzZXQKIyBDT05GSUdfWDg2X0xPTkdIQVVMIGlzIG5vdCBz
ZXQKIyBDT05GSUdfWDg2X0VfUE9XRVJTQVZFUiBpcyBub3Qgc2V0CgojCiMgc2hhcmVkIG9wdGlv
bnMKIwojIGVuZCBvZiBDUFUgRnJlcXVlbmN5IHNjYWxpbmcKCiMKIyBDUFUgSWRsZQojCkNPTkZJ
R19DUFVfSURMRT15CiMgQ09ORklHX0NQVV9JRExFX0dPVl9MQURERVIgaXMgbm90IHNldApDT05G
SUdfQ1BVX0lETEVfR09WX01FTlU9eQojIENPTkZJR19DUFVfSURMRV9HT1ZfVEVPIGlzIG5vdCBz
ZXQKIyBlbmQgb2YgQ1BVIElkbGUKCkNPTkZJR19JTlRFTF9JRExFPXkKIyBlbmQgb2YgUG93ZXIg
bWFuYWdlbWVudCBhbmQgQUNQSSBvcHRpb25zCgojCiMgQnVzIG9wdGlvbnMgKFBDSSBldGMuKQoj
CiMgQ09ORklHX1BDSV9HT0JJT1MgaXMgbm90IHNldAojIENPTkZJR19QQ0lfR09NTUNPTkZJRyBp
cyBub3Qgc2V0CiMgQ09ORklHX1BDSV9HT0RJUkVDVCBpcyBub3Qgc2V0CkNPTkZJR19QQ0lfR09B
Tlk9eQpDT05GSUdfUENJX0JJT1M9eQpDT05GSUdfUENJX0RJUkVDVD15CkNPTkZJR19QQ0lfTU1D
T05GSUc9eQojIENPTkZJR19QQ0lfQ05CMjBMRV9RVUlSSyBpcyBub3Qgc2V0CiMgQ09ORklHX0lT
QV9CVVMgaXMgbm90IHNldApDT05GSUdfSVNBX0RNQV9BUEk9eQojIENPTkZJR19JU0EgaXMgbm90
IHNldAojIENPTkZJR19TQ3gyMDAgaXMgbm90IHNldAojIENPTkZJR19BTElYIGlzIG5vdCBzZXQK
IyBDT05GSUdfTkVUNTUwMSBpcyBub3Qgc2V0CiMgQ09ORklHX0dFT1MgaXMgbm90IHNldAojIGVu
ZCBvZiBCdXMgb3B0aW9ucyAoUENJIGV0Yy4pCgojCiMgQmluYXJ5IEVtdWxhdGlvbnMKIwpDT05G
SUdfQ09NUEFUXzMyPXkKIyBlbmQgb2YgQmluYXJ5IEVtdWxhdGlvbnMKCkNPTkZJR19IQVZFX0FU
T01JQ19JT01BUD15CiMgQ09ORklHX1ZJUlRVQUxJWkFUSU9OIGlzIG5vdCBzZXQKQ09ORklHX0FT
X0FWWDUxMj15CkNPTkZJR19BU19TSEExX05JPXkKQ09ORklHX0FTX1NIQTI1Nl9OST15CkNPTkZJ
R19BU19UUEFVU0U9eQpDT05GSUdfQVNfR0ZOST15CkNPTkZJR19BU19WQUVTPXkKQ09ORklHX0FT
X1ZQQ0xNVUxRRFE9eQpDT05GSUdfQVNfV1JVU1M9eQpDT05GSUdfQVJDSF9DT05GSUdVUkVTX0NQ
VV9NSVRJR0FUSU9OUz15CgojCiMgR2VuZXJhbCBhcmNoaXRlY3R1cmUtZGVwZW5kZW50IG9wdGlv
bnMKIwpDT05GSUdfSE9UUExVR19TTVQ9eQpDT05GSUdfSE9UUExVR19DT1JFX1NZTkM9eQpDT05G
SUdfSE9UUExVR19DT1JFX1NZTkNfREVBRD15CkNPTkZJR19IT1RQTFVHX0NPUkVfU1lOQ19GVUxM
PXkKQ09ORklHX0hPVFBMVUdfU1BMSVRfU1RBUlRVUD15CkNPTkZJR19HRU5FUklDX0VOVFJZPXkK
IyBDT05GSUdfS1BST0JFUyBpcyBub3Qgc2V0CkNPTkZJR19KVU1QX0xBQkVMPXkKIyBDT05GSUdf
U1RBVElDX0tFWVNfU0VMRlRFU1QgaXMgbm90IHNldAojIENPTkZJR19TVEFUSUNfQ0FMTF9TRUxG
VEVTVCBpcyBub3Qgc2V0CkNPTkZJR19IQVZFX0VGRklDSUVOVF9VTkFMSUdORURfQUNDRVNTPXkK
Q09ORklHX0FSQ0hfVVNFX0JVSUxUSU5fQlNXQVA9eQpDT05GSUdfSEFWRV9JT1JFTUFQX1BST1Q9
eQpDT05GSUdfSEFWRV9LUFJPQkVTPXkKQ09ORklHX0hBVkVfS1JFVFBST0JFUz15CkNPTkZJR19I
QVZFX09QVFBST0JFUz15CkNPTkZJR19IQVZFX0tQUk9CRVNfT05fRlRSQUNFPXkKQ09ORklHX0FS
Q0hfQ09SUkVDVF9TVEFDS1RSQUNFX09OX0tSRVRQUk9CRT15CkNPTkZJR19IQVZFX0ZVTkNUSU9O
X0VSUk9SX0lOSkVDVElPTj15CkNPTkZJR19IQVZFX05NST15CkNPTkZJR19UUkFDRV9JUlFGTEFH
U19TVVBQT1JUPXkKQ09ORklHX1RSQUNFX0lSUUZMQUdTX05NSV9TVVBQT1JUPXkKQ09ORklHX0hB
VkVfQVJDSF9UUkFDRUhPT0s9eQpDT05GSUdfSEFWRV9ETUFfQ09OVElHVU9VUz15CkNPTkZJR19H
RU5FUklDX1NNUF9JRExFX1RIUkVBRD15CkNPTkZJR19BUkNIX0hBU19GT1JUSUZZX1NPVVJDRT15
CkNPTkZJR19BUkNIX0hBU19TRVRfTUVNT1JZPXkKQ09ORklHX0FSQ0hfSEFTX1NFVF9ESVJFQ1Rf
TUFQPXkKQ09ORklHX0FSQ0hfSEFTX0NQVV9GSU5BTElaRV9JTklUPXkKQ09ORklHX0hBVkVfQVJD
SF9USFJFQURfU1RSVUNUX1dISVRFTElTVD15CkNPTkZJR19BUkNIX1dBTlRTX0RZTkFNSUNfVEFT
S19TVFJVQ1Q9eQpDT05GSUdfQVJDSF9XQU5UU19OT19JTlNUUj15CkNPTkZJR19BUkNIXzMyQklU
X09GRl9UPXkKQ09ORklHX0hBVkVfQVNNX01PRFZFUlNJT05TPXkKQ09ORklHX0hBVkVfUkVHU19B
TkRfU1RBQ0tfQUNDRVNTX0FQST15CkNPTkZJR19IQVZFX1JTRVE9eQpDT05GSUdfSEFWRV9GVU5D
