Return-Path: <linux-kernel+bounces-299524-lists+linux-kernel=lfdr.de@vger.kernel.org>
X-Original-To: lists+linux-kernel@lfdr.de
Delivered-To: lists+linux-kernel@lfdr.de
Received: from sy.mirrors.kernel.org (sy.mirrors.kernel.org [IPv6:2604:1380:40f1:3f00::1])
	by mail.lfdr.de (Postfix) with ESMTPS id 77C4A95D5DE
	for <lists+linux-kernel@lfdr.de>; Fri, 23 Aug 2024 21:09:06 +0200 (CEST)
Received: from smtp.subspace.kernel.org (wormhole.subspace.kernel.org [52.25.139.140])
	(using TLSv1.2 with cipher ECDHE-RSA-AES256-GCM-SHA384 (256/256 bits))
	(No client certificate requested)
	by sy.mirrors.kernel.org (Postfix) with ESMTPS id 04163B230D6
	for <lists+linux-kernel@lfdr.de>; Fri, 23 Aug 2024 19:08:58 +0000 (UTC)
Received: from localhost.localdomain (localhost.localdomain [127.0.0.1])
	by smtp.subspace.kernel.org (Postfix) with ESMTP id 5F03D191499;
	Fri, 23 Aug 2024 19:08:45 +0000 (UTC)
Authentication-Results: smtp.subspace.kernel.org;
	dkim=pass (1024-bit key) header.d=redhat.com header.i=@redhat.com header.b="Pn6Vh0Vv"
Received: from us-smtp-delivery-124.mimecast.com (us-smtp-delivery-124.mimecast.com [170.10.133.124])
	(using TLSv1.2 with cipher ECDHE-RSA-AES256-GCM-SHA384 (256/256 bits))
	(No client certificate requested)
	by smtp.subspace.kernel.org (Postfix) with ESMTPS id 9D1658488
	for <linux-kernel@vger.kernel.org>; Fri, 23 Aug 2024 19:07:15 +0000 (UTC)
Authentication-Results: smtp.subspace.kernel.org; arc=none smtp.client-ip=170.10.133.124
ARC-Seal:i=1; a=rsa-sha256; d=subspace.kernel.org; s=arc-20240116;
	t=1724440071; cv=none; b=uVMfrTlovXRlpyxtu9iimlGOthlZpSkmsXH/sJVKwL2QiWqoUMYcoxt6XeAFpDK6pWoACgl4BsrRd4PvniM/tj7j8mR21vbdcCY3+Tiyej+9ABno6tw8Oaw7Nghpxs0Es20gKKgTQMPbgmWACsOEUzLzegi3in6zfi+z9C1S3QI=
ARC-Message-Signature:i=1; a=rsa-sha256; d=subspace.kernel.org;
	s=arc-20240116; t=1724440071; c=relaxed/simple;
	bh=8KrPKQ3GrVoQoPPIiUAuZTgeGE/3EeFtXAy8xIB9JX8=;
	h=Date:From:To:Cc:Subject:Message-ID:References:MIME-Version:
	 Content-Type:Content-Disposition:In-Reply-To; b=lZDHhs2lkIByi5ta+Wv9z8vOzsg0msd+PloAWhVs25pKsaQi8pYLDs7g35aX7jjoyPT+afLEMD3sXoEsYzKkmJMOeHBbiprG5UylCmQAzej8WAZpfeIR6waetF7CIbdr9859KdaCt0qqwBrhRzVOcwmvP+XKB6vF69enMu6D3VU=
ARC-Authentication-Results:i=1; smtp.subspace.kernel.org; dmarc=pass (p=none dis=none) header.from=redhat.com; spf=pass smtp.mailfrom=redhat.com; dkim=pass (1024-bit key) header.d=redhat.com header.i=@redhat.com header.b=Pn6Vh0Vv; arc=none smtp.client-ip=170.10.133.124
Authentication-Results: smtp.subspace.kernel.org; dmarc=pass (p=none dis=none) header.from=redhat.com
Authentication-Results: smtp.subspace.kernel.org; spf=pass smtp.mailfrom=redhat.com
DKIM-Signature: v=1; a=rsa-sha256; c=relaxed/relaxed; d=redhat.com;
	s=mimecast20190719; t=1724440034;
	h=from:from:reply-to:reply-to:subject:subject:date:date:
	 message-id:message-id:to:to:cc:cc:mime-version:mime-version:
	 content-type:content-type:in-reply-to:in-reply-to:  references:references;
	bh=lLGbfvj160ZkjNhMfwLm/pM+TPcJHeGCegGIFhtKmtE=;
	b=Pn6Vh0VvJCUIzfCtT7NM+9wsqFhEECfCwkkYmLkRCU472PQK1yihTKWJdjsxp7TAoMak9I
	j1FGIzuFjTCtkUjG+em+0iSwPc9cSQ0m5nSbbQYG1dimdeO0HATkzAhjLpe1+7ZUbiGNTX
	Rp5SODN+y5rbKpL/XX3Tm3kXX5SbIyY=
Received: from mx-prod-mc-05.mail-002.prod.us-west-2.aws.redhat.com
 (ec2-54-186-198-63.us-west-2.compute.amazonaws.com [54.186.198.63]) by
 relay.mimecast.com with ESMTP with STARTTLS (version=TLSv1.3,
 cipher=TLS_AES_256_GCM_SHA384) id us-mta-600-v6Z21JKnPBiYC6EulmZcmQ-1; Fri,
 23 Aug 2024 15:07:07 -0400
X-MC-Unique: v6Z21JKnPBiYC6EulmZcmQ-1
Received: from mx-prod-int-03.mail-002.prod.us-west-2.aws.redhat.com (mx-prod-int-03.mail-002.prod.us-west-2.aws.redhat.com [10.30.177.12])
	(using TLSv1.3 with cipher TLS_AES_256_GCM_SHA384 (256/256 bits)
	 key-exchange X25519 server-signature RSA-PSS (2048 bits) server-digest SHA256)
	(No client certificate requested)
	by mx-prod-mc-05.mail-002.prod.us-west-2.aws.redhat.com (Postfix) with ESMTPS id D3A8819560A3;
	Fri, 23 Aug 2024 19:07:05 +0000 (UTC)
Received: from debarbos-thinkpadt14sgen2i.remote.csb (unknown [10.22.16.64])
	by mx-prod-int-03.mail-002.prod.us-west-2.aws.redhat.com (Postfix) with ESMTPS id 83DE11954B3E;
	Fri, 23 Aug 2024 19:07:00 +0000 (UTC)
Date: Fri, 23 Aug 2024 15:06:57 -0400
From: Derek Barbosa <debarbos@redhat.com>
To: Petr Mladek <pmladek@suse.com>
Cc: pmaldek@suse.com, williams@redhat.com, john.ogness@linutronix.de,
	tglx@linutronix.de, linux-rt-users@vger.kernel.org,
	linux-kernel@vger.kernel.org
Subject: Re: test 1: was: Re: A Comparison of printk between upstream and
 linux-rt-devel
Message-ID: <Zsjd0WUNIU8_kprt@debarbos-thinkpadt14sgen2i.remote.csb>
Reply-To: debarbos@redhat.com
References: <ZsdoD6PomBRsB-ow@debarbos-thinkpadt14sgen2i.remote.csb>
 <ZshiIdUFQs4CKW2t@pathway.suse.cz>
Precedence: bulk
X-Mailing-List: linux-kernel@vger.kernel.org
List-Id: <linux-kernel.vger.kernel.org>
List-Subscribe: <mailto:linux-kernel+subscribe@vger.kernel.org>
List-Unsubscribe: <mailto:linux-kernel+unsubscribe@vger.kernel.org>
MIME-Version: 1.0
Content-Type: multipart/mixed; boundary="ofoAOhOROg9w2rkl"
Content-Disposition: inline
In-Reply-To: <ZshiIdUFQs4CKW2t@pathway.suse.cz>
X-Scanned-By: MIMEDefang 3.0 on 10.30.177.12


--ofoAOhOROg9w2rkl
Content-Type: text/plain; charset=us-ascii
Content-Disposition: inline

Hi,

On Fri, Aug 23, 2024 at 12:19:13PM +0200, Petr Mladek wrote:
> Could you please also share the kernel command line? I can't find it
> anywhere.
> 
> Especially I am interested whether it:
> 
>   + wanted to show backtraces on all CPUs via "panic_print" parameter.

Sure, here's the output of cat /proc/cmdline on the stock kernel

BOOT_IMAGE=(hd0,gpt2)/vmlinuz-6.11.0-0.rc3.20240814git6b0f8db921ab.32.eln142.x86_64 
root=/dev/mapper/cs_rt--qe--06-root ro 
crashkernel=1G-4G:192M,4G-64G:256M,64G-:512M 
resume=/dev/mapper/cs_rt--qe--06-swap rd.lvm.lv=cs_rt-qe-06/root rd.lvm.lv=cs_rt-qe-06/swap 
console=ttyS0,115200

>   + did a crashdump or a reboot.
 
Yes, with kexec-tools and kdump configured, we succesfully booted into the
kdump kernel and rebooted every time as well as generated vmcores.

In fact, examining said vmvcore-dmesg.txt log, we are able to see the final
trace printed. It is simply through the serial console that we are unable to.

I will attach the vmcore-dmesg.txt. I also just did another run of
console_blast, capturing the output from invocation to reboot.

>   + used also another console (graphics).

No, I solely used a serial console at ttyS0 at 115200 baud.

> Do you miss the backtrace from the panic-CPU or non-panic-CPUs or
> both?

I am not 100% certain. I included the two attachments, which may have your
answer.

> The dump of the backtraces on non-panic-CPUs might have been affected
> by the regression fixed earlier this week via
> https://lore.kernel.org/r/20240812072703.339690-1-takakura@valinux.co.jp

Excellent. Is this included in the latest rt-devel tree? I can build that kernel
and run it through the gambit of tests again.

> Did the system reboot in the end?
> Or does it got stuck somewhere?

The system always reboots.

> It is great to see that the serial console driver transformed into
> the new nbcon console is so reliable.

I agree. I have been throwing quite a lot at it (panic, nmis, panic-on-nmis,
multiple nmis + printk spammer) and it seems to be holding up
fairly well :-^)

> Anyway, thanks a lot for the testing and sharing the results.

No worries. Thanks for all you do.

> PS: I still have to think about the other results. But they seem to
>     be less surprising. I am most curious about the so bad behavior
>     of the stock kernel in the first test. I hope that we did not
>     break something in the patch handling the legacy consoles.

If you have any other questions, please let me know. I would be happy to re-do
these tests with different kernels, configs + other variables and controls.


Cheers,

--ofoAOhOROg9w2rkl
Content-Type: text/plain; charset=us-ascii
Content-Disposition: attachment; filename="console_blast_serial_output.txt"

console -M conserver-02.eng.rdu2.redhat.com rt-qe-06.lab.eng.rdu2.redhat.com
[Enter `^Ec?' for help]
[-- MOTD -- https://docs.engineering.redhat.com/display/INFRADC/Conserver+-+User+Guide]
[143150.408099] sysrq: Show State
[143150.408169] sysrq: Show State
[143150.408258] sysrq: Show State
[143150.408258] sysrq: Show State
[143150.408266] task:systemd         state:S
[143150.408266] task:systemd         state:S
[143150.408268]  stack:0     pid:1     tgid:1     ppid:0      flags:0x00000002
[143150.408268]  stack:0     pid:1     tgid:1     ppid:0      flags:0x00000002
[143150.408271] Call Trace:
[143150.408271] Call Trace:
[143150.408272]  <TASK>
[143150.408272]  <TASK>
[143150.408275]  __schedule+0x239/0x5f0
[143150.408275]  __schedule+0x239/0x5f0
[143150.408282]  schedule+0x27/0xa0
[143150.408282]  schedule+0x27/0xa0
[143150.408284]  schedule_hrtimeout_range_clock+0x1b9/0x1d0
[143150.408284]  schedule_hrtimeout_range_clock+0x1b9/0x1d0
[143150.408288]  ep_poll+0x38c/0x3e0
[143150.408288]  ep_poll+0x38c/0x3e0
[143150.408290] sysrq: Show State
[143150.408294]  ? __pfx_ep_autoremove_wake_function+0x10/0x10
[143150.408294]  ? __pfx_ep_autoremove_wake_function+0x10/0x10
[143150.408297] task:systemd         state:S
[143150.408298]  do_epoll_wait+0xb8/0xe0
[143150.408298]  do_epoll_wait+0xb8/0xe0
[143150.408299]  stack:0     pid:1     tgid:1     ppid:0      flags:0x00000002
[143150.408302]  __x64_sys_epoll_wait+0x71/0x110
[143150.408303]  __x64_sys_epoll_wait+0x71/0x110
[143150.408304] Call Trace:
[143150.408308]  do_syscall_64+0x7d/0x160
[143150.408308]  <TASK>
[143150.408307]  do_syscall_64+0x7d/0x160
[143150.408326]  ? do_epoll_wait+0xb8/0xe0
[143150.408327]  ? do_epoll_wait+0xb8/0xe0
[143150.408329]  ? __x64_sys_epoll_wait+0x71/0x110
[143150.408330]  ? __x64_sys_epoll_wait+0x71/0x110
[143150.408328]  __schedule+0x239/0x5f0
[143150.408332]  ? syscall_exit_to_user_mode+0x10/0x1f0
** 3638 printk messages dropped **
[143150.431047]  ret_from_fork_asm+0x1a/0x30
** 4510 printk messages dropped **
[143150.460913]  <TASK>
** 3436 printk messages dropped **
[143150.484014]  kthread+0xd2/0x100
** 4407 printk messages dropped **
[143150.514028] task:idle_inject/7   state:S
** 5813 printk messages dropped **
[143150.538641]  stack:0     pid:93    tgid:93    ppid:2      flags:0x00004000
** 14190 printk messages dropped **
[143150.590718]  __schedule+0x239/0x5f0
** 6650 printk messages dropped **
[143150.614891] task:irq/27-AMD-Vi0- state:S
** 9836 printk messages dropped **
[143150.651598]  stack:0     pid:565   tgid:565   ppid:2      flags:0x00004000
** 6787 printk messages dropped **
[143150.677320]  stack:0     pid:1011  tgid:1011  ppid:2      flags:0x00004000
** 6982 printk messages dropped **
[143150.703634]  stack:0     pid:999   tgid:999   ppid:2      flags:0x00004000
** 7071 printk messages dropped **
[143150.730491] RBP: 00007ff78b3ffb90 R08: 0000000000000000 R09: 00000000ffffffff
** 10751 printk messages dropped **
[143150.770319]  ? do_user_addr_fault+0x347/0x640
** 5341 printk messages dropped **
[143150.789848] Code: c7 00 16 00 00 00 b8 ff ff ff ff c3 66 2e 0f 1f 84 00 00 00 00 00 f3 0f 1e fa 80 3d 25 85 10 00
00 74 13 b8 01 00 00 00 0f 05 <48> 3d 00 f0 ff ff 77 54 c3 0f 1f 00 55 48 89 e5 48 83 ec 20 48 89
** 14150 printk messages dropped **
[143150.843381] kworker/R-xfs-i  1008      4984.616974 E      4984.651575         3.000000         0.005591         2
  100
** 12663 printk messages dropped **
[143150.891698]         0.000000        45.975703         0.000000         0.000000
** 6107 printk messages dropped **
[143150.915192] Sched Debug Version: v0.11, 6.11.0-0.rc3.20240814git6b0f8db921ab.32.eln142.x86_64 #1
** 9071 printk messages dropped **
[143150.949792]    pool-spawner  1096         0.895760 E         2.070888         3.000000         0.152816         3
  120
** 7773 printk messages dropped **
[143150.979583]         0.000000        34.359831         0.000000         0.000000
** 6209 printk messages dropped **
[143151.003247]            lsmd  1060        90.309953 E        93.298662         3.000000       178.142468      9662
  120
** 12082 printk messages dropped **
[143151.048406]         0.000000         0.000000         0.000000         0.000000
** 9790 printk messages dropped **
[143151.085578]         0.000000         0.847521         0.000000         0.000000
** 7419 printk messages dropped **
[143151.113360]        cpuhp/11    84      3491.595822 E      3494.590662         3.000000         0.212782        23
  120
** 13093 printk messages dropped **
[143151.162942]           gdbus  1073     47877.216609 E     47880.047752         3.000000        25.991877       411
  120
** 8727 printk messages dropped **
[143151.195888] R10: 0000000000000000 R11: 0000000000000293 R12: 0000000000000002
** 9150 printk messages dropped **
[143151.230446]  kthread+0xd2/0x100
** 5877 printk messages dropped **
[143151.252501]   kworker/u68:2   810     66881.033429 E     66884.024082         3.000000        15.651683      5233
  120
** 13932 printk messages dropped **
[143151.304692]  ret_from_fork+0x34/0x50
** 6313 printk messages dropped **
[143151.328644] console_blast.s  3461       937.937847 E       940.349523         3.000000       920.044809         6
  120
** 13211 printk messages dropped **
[143151.378350]  ? __pfx_kthread+0x10/0x10
** 4117 printk messages dropped **
[143151.394135]  __schedule+0x239/0x5f0
** 3883 printk messages dropped **
[143151.408792]  ? __pfx_irq_thread+0x10/0x10
** 6239 printk messages dropped **
[143151.430873]  stack:0     pid:62    tgid:62    ppid:2      flags:0x00004000
** 6103 printk messages dropped **
[143151.453893]  ? __pfx_kthread+0x10/0x10
** 6448 printk messages dropped **
[143151.477971]  /
** 4421 printk messages dropped **
[143151.494479]   .util_est                      : 391
** 4818 printk messages dropped **
[143151.512422]  ret_from_fork_asm+0x1a/0x30
** 4268 printk messages dropped **
[143151.528171]  ? __pfx_kthread+0x10/0x10
** 3814 printk messages dropped **
[143151.542509] task:migration/14    state:R
** 6047 printk messages dropped **
[143151.565311] irq/40-AMD-Vi4-   191       110.595631 E       113.593207         3.000000         0.019327         3
   49
** 13580 printk messages dropped **
[143151.614343]  ? __pfx_kthread+0x10/0x10
** 6610 printk messages dropped **
[143151.638148]  ret_from_fork_asm+0x1a/0x30
** 4333 printk messages dropped **
[143151.654293]  ret_from_fork_asm+0x1a/0x30
** 6541 printk messages dropped **
[143151.678145] R10: 0000000000000000 R11: 0000000000000246 R12: 0000000000000000
** 12439 printk messages dropped **
[143151.724456]  schedule+0x27/0xa0
** 8262 printk messages dropped **
[143151.755428]       JS Helper  1078         0.694776 E         2.183085         3.000000         0.274062        13
  120
** 7929 printk messages dropped **
[143151.785024]     ksoftirqd/4    45     12166.302577 E     12169.300423         3.000000         1.292172       304
  120
** 9811 printk messages dropped **
[143151.822218]  do_syscall_64+0x7d/0x160
** 6032 printk messages dropped **
[143151.845189]       scsi_eh_7   670      2131.659755 E      2134.607377         3.000000         0.119975        25
  120
** 8252 printk messages dropped **
[143151.876134] kworker/R-scsi_   669      2244.222329 E      2244.256922         3.000000         0.018285         2
  100
** 7536 printk messages dropped **
[143151.903629] kworker/R-scsi_   673      1018.906708 E      1018.941309         3.000000         0.006993         2
  100
** 7267 printk messages dropped **
[143151.930594]    ksoftirqd/10    81     21668.484622 E     21671.484622         3.000000         0.327397        63
  120
** 8679 printk messages dropped **
[143151.962966]         cpuhp/7    60      3269.827615 E      3272.823046         3.000000         0.200599        23
  120
** 6929 printk messages dropped **
[143151.988971] console_blast.s  3455      1584.078019 E      1584.108478         3.000000      1576.639456         5
  120
** 10254 printk messages dropped **
[143152.026391]  /autogroup-183
** 3530 printk messages dropped **
[143152.038367]  ? __pfx_rescuer_thread+0x10/0x10
** 6053 printk messages dropped **
[143152.060972]  <TASK>
** 4441 printk messages dropped **
[143152.077563]     ksoftirqd/8    69     23983.054697 E     23986.051982         3.000000         0.289983        85
  120
** 10359 printk messages dropped **
[143152.115477]  ? __pfx_kthread+0x10/0x10
** 8992 printk messages dropped **
[143152.148714]  ? __pfx_kthread+0x10/0x10
** 9046 printk messages dropped **
[143152.181631]  stack:0     pid:111   tgid:111   ppid:2      flags:0x00004000
** 6012 printk messages dropped **
[143152.203574]  stack:0     pid:871   tgid:871   ppid:1      flags:0x00000002
** 10018 printk messages dropped **
[143152.240403] RBP: 0000563bcf31b6e0 R08: 0000000000000078 R09: 0000000000000005
** 8048 printk messages dropped **
[143152.270432] Code: c7 00 16 00 00 00 b8 ff ff ff ff c3 66 2e 0f 1f 84 00 00 00 00 00 f3 0f 1e fa 80 3d 25 85 10 00
00 74 13 b8 01 00 00 00 0f 05 <48> 3d 00 f0 ff ff 77 54 c3 0f 1f 00 55 48 89 e5 48 83 ec 20 48 89
** 20924 printk messages dropped **
[143152.348413] RBP: 00007fd1b55ff010 R08: 0000000000000000 R09: 0000000000000000
** 6013 printk messages dropped **
[143152.370876]  ? syscall_exit_to_user_mode+0x10/0x1f0
** 4422 printk messages dropped **
[143152.387414]  stack:0     pid:2070  tgid:2070  ppid:2      flags:0x00004000
** 7937 printk messages dropped **
[143152.417196]  __futex_wait+0x151/0x1c0
** 5525 printk messages dropped **
[143152.437833]  ? __pfx_kthread+0x10/0x10
** 4430 printk messages dropped **
[143152.454427]  /
** 4035 printk messages dropped **
[143152.469578]     kworker/3:0  2516     44257.948819 E     44260.916358         3.000000       137.902586       667
  120
** 9345 printk messages dropped **
[143152.504011]  0 0
** 3454 printk messages dropped **
[143152.516405] console_blast.s  3454      2103.925959 E      2106.925959         3.000000      2103.782290         7
  120
** 12084 printk messages dropped **
[143152.559914]     migration/2    32       116.116690 E       116.866059         0.750000       115.993827     35809
    0
** 8667 printk messages dropped **
[143152.591183]   .se->avg.runnable_avg          : 0
** 6017 printk messages dropped **
[143152.612566] irq/47-AMD-Vi7-   198       110.640426 E       113.637971         3.000000         0.014047         3
   49
** 7348 printk messages dropped **
[143152.640048]         0.000000         0.012233         0.000000         0.000000
** 6431 printk messages dropped **
[143152.663073] kworker/R-ata_s   640       682.957339 E       682.991926         3.000000         0.009178         2
  100
** 8026 printk messages dropped **
[143152.692428]  stack:0     pid:183   tgid:183   ppid:2      flags:0x00004000
** 6659 printk messages dropped **
[143152.715844] ------------------------------------------------------------------------------------------------------
-------
** 7879 printk messages dropped **
[143152.743779]  idle_inject/13    97        -2.321773 E         0.675321         3.000000         0.005140         3
   49
** 13120 printk messages dropped **
[143152.792386]  __schedule+0x239/0x5f0
** 4144 printk messages dropped **
[143152.808213]  </TASK>
** 3618 printk messages dropped **
[143152.821305]  stack:0     pid:92    tgid:92    ppid:2      flags:0x00004000
** 7303 printk messages dropped **
[143152.848653]  kthread+0xd2/0x100
** 3575 printk messages dropped **
[143152.862025] R10: 0000000000000000 R11: 0000000000000293 R12: 0000000000000002
** 6748 printk messages dropped **
[143152.887351]   kworker/R-mld   233        22.673606 E        22.708192         3.000000         0.010127         2
  100
** 8069 printk messages dropped **
[143152.916966]  (xfs-log/dm-0)
** 4873 printk messages dropped **
[143152.934756]  stack:0     pid:148   tgid:148   ppid:2      flags:0x00004000
** 9399 printk messages dropped **
[143152.968726]  ? __pfx_kthread+0x10/0x10
** 5056 printk messages dropped **
[143152.986902]  ? syscall_exit_to_user_mode+0x151/0x1f0
** 7850 printk messages dropped **
[143153.015549]     migration/4    44       116.919500 E       117.669500         0.750000       102.685413     35801
    0
** 9655 printk messages dropped **
[143153.049815]  __x64_sys_epoll_wait+0x71/0x110
** 4905 printk messages dropped **
[143153.067572]  ? syscall_exit_to_user_mode+0x10/0x1f0
** 4838 printk messages dropped **
[143153.084940] R13: 0000000000000002 R14: 00007f42d91ffc20 R15: 000055cda4f73000
** 9233 printk messages dropped **
[143153.117589] kworker/R-scsi_   669      2244.222329 E      2244.256922         3.000000         0.018285         2
  100
** 8451 printk messages dropped **
[143153.148737]  stack:0     pid:90    tgid:90    ppid:2      flags:0x00004000
** 6322 printk messages dropped **
[143153.171419]   .right_vruntime                : 33318.656809
** 7337 printk messages dropped **
[143153.198350] irq/35-AMD-Vi3-   186       260.494389 E       263.491093         3.000000         0.014578         3
   49
** 13784 printk messages dropped **
[143153.249449] console_blast.s  3467      2836.232112 E      2839.232112         3.000000      2829.934933         7
  120
** 8841 printk messages dropped **
[143153.281189]  ? __pfx_kthread+0x10/0x10
** 3924 printk messages dropped **
[143153.295129]   .load                          : 0
** 5863 printk messages dropped **
[143153.317073]  ? __pfx_kthread+0x10/0x10
** 3706 printk messages dropped **
[143153.330860]        cpuhp/13    96      5184.022799 E      5187.017408         3.000000         0.216591        23
  120
** 8179 printk messages dropped **
[143153.360986]  idle_inject/11    85        -2.321694 E         0.675451         3.000000         0.005180         3
   49
** 8402 printk messages dropped **
[143153.391809]         0.000000       593.565640         0.000000         0.000000
** 9429 printk messages dropped **
[143153.426503]   .se->avg.runnable_avg          : 1024
** 5494 printk messages dropped **
[143153.447118]
** 3178 printk messages dropped **
[143153.458963]   kworker/15:1H   578     52798.826651 E     52798.861225         3.000000         2.719343       640
  100
** 10277 printk messages dropped **
[143153.496144]   .se->avg.runnable_avg          : 1024
** 7590 printk messages dropped **
[143153.524550]         0.000000         0.347443         0.000000         0.000000
** 9400 printk messages dropped **
[143153.559615]    kworker/R-md   170        31.110053 E        31.144662         3.000000         0.002014         2
  100
** 11362 printk messages dropped **
[143153.601954]  stack:0     pid:1133  tgid:1133  ppid:1      flags:0x00000002
** 5883 printk messages dropped **
[143153.623182]  ? clockevents_program_event+0x8b/0xf0
** 5234 printk messages dropped **
[143153.642624]  </TASK>
** 5736 printk messages dropped **
[143153.663515] task:irq/48-AMD-Vi7- state:S
** 7085 printk messages dropped **
[143153.690042] ------------------------------------------------------------------------------------------------------
-------
** 9298 printk messages dropped **
[143153.724452]  schedule+0x27/0xa0
** 3919 printk messages dropped **
[143153.738596]  S            task   PID         tree-key  switches  prio     wait-time             sum-exec        su
m-sleep
** 9331 printk messages dropped **
[143153.772562]     rcu_preempt    18    178050.441139 E    178053.441139         3.000000     23263.344726  12205794
  120
** 9110 printk messages dropped **
[143153.806876]  __x64_sys_poll+0x59/0x180
** 4898 printk messages dropped **
[143153.825548] R10: 0000000000000000 R11: 0000000000000293 R12: 00007fe6a5e00648
** 9876 printk messages dropped **
[143153.862651] ------------------------------------------------------------------------------------------------------
-------
** 9143 printk messages dropped **
[143153.896861]      irq/9-acpi   154        31.100866 E        34.099914         3.000000         0.000952         3
   49
** 8480 printk messages dropped **
[143153.928762] R10: 00007ffc1520e7d0 R11: 0000000000000202 R12: 00007ffc1520e7d0
** 6039 printk messages dropped **
[143153.951715]   .removed.runnable_avg          : 0
** 5129 printk messages dropped **
[143153.971108]  ? __pfx_kthread+0x10/0x10
** 4932 printk messages dropped **
[143153.989913]   idle_inject/6    55        -2.349755 E         0.103713         2.250000         0.011101         3
   49
** 9572 printk messages dropped **
[143154.026139]            lsmd  1060        90.309953 E        93.298662         3.000000       178.142468      9662
  120
** 12072 printk messages dropped **
[143154.071321]      kcompactd1   147     72198.103463 E     72201.077385         3.000000       726.243692    284027
  120
** 8451 printk messages dropped **
[143154.103722] kworker/R-scsi_   667      1015.727961 E      1015.762556         3.000000         0.007404         2
  100
** 9138 printk messages dropped **
[143154.138199]   .avg_vruntime                  : 3722.018359
** 4798 printk messages dropped **
[143154.156312]   kworker/u64:0    11     46051.955710 E     46054.952494         3.000000       193.398311     51940
  120
** 9183 printk messages dropped **
[143154.188809]   kworker/u65:3  1052     79070.846450 E     79073.832374         3.000000        22.219047      8118
  120
** 11225 printk messages dropped **
[143154.227744]   kworker/u75:0   375       289.178156 E       289.212752         3.000000         0.005360         2
  100
** 8639 printk messages dropped **
[143154.257720]  ? __pfx_kthread+0x10/0x10
** 6004 printk messages dropped **
[143154.280415]  ? __pfx_worker_thread+0x10/0x10
** 5273 printk messages dropped **
[143154.299719]  worker_thread+0x1a2/0x390
** 6937 printk messages dropped **
[143154.324990]  schedule+0x27/0xa0
** 3812 printk messages dropped **
[143154.338874]  ret_from_fork_asm+0x1a/0x30
** 8471 printk messages dropped **
[143154.369822]  syscall_exit_to_user_mode+0x1bf/0x1f0
** 5619 printk messages dropped **
[143154.390629] R13: 0000000000000000 R14: 0000000000000000 R15: 000055cda4f5ee48
** 7003 printk messages dropped **
[143154.416146]  kthread+0xd2/0x100
** 7772 printk messages dropped **
[143154.444757]   .se->vruntime                  : 78802.770726
** 5925 printk messages dropped **
[143154.466256]     kworker/0:1  2960     18235.766703 E     18238.765260         3.000000         0.009418         2
  120
** 12657 printk messages dropped **
[143154.513515]  stack:0     pid:1072  tgid:1055  ppid:1      flags:0x00000002
** 6304 printk messages dropped **
[143154.536780] kworker/R-scsi_   667      1015.727961 E      1015.762556         3.000000         0.007404         2
  100
** 13136 printk messages dropped **
[143154.585200]   kworker/u71:2  3161     19533.987768 E     19536.982578         3.000000        27.469938     18860
  120
** 8269 printk messages dropped **
[143154.615590]  rcu_tasks_kthread+0x95/0xa0
** 4498 printk messages dropped **
[143154.632148]
** 2716 printk messages dropped **
[143154.642368] console_blast.s  3465      4187.557188 E      4189.555809         3.000000      4178.841330        10
  120
** 11993 printk messages dropped **
[143154.687001] kworker/R-xfs-i  1003      4984.596320 E      4984.630920         3.000000         0.005882         2
  100
** 7463 printk messages dropped **
[143154.715145] ------------------------------------------------------------------------------------------------------
-------
** 10612 printk messages dropped **
[143154.754106]   .h_nr_running                  : 1
** 5255 printk messages dropped **
[143154.773668] R13: 000055a7058b8310 R14: 00000000000000aa R15: 000000000000004b
** 7068 printk messages dropped **
[143154.799764]   .removed.load_avg              : 0
** 5513 printk messages dropped **
[143154.819922] irq/41-AMD-Vi5-   192       110.602063 E       113.599619         3.000000         0.016312         3
   49
** 12770 printk messages dropped **
[143154.867349]  1 0
** 3201 printk messages dropped **
[143154.878818]
** 3352 printk messages dropped **
[143154.891099]    kworker/13:2  3335     18767.230473 E     18770.228980         3.000000         0.009197         2
  120
** 11098 printk messages dropped **
[143154.931926]  ret_from_fork_asm+0x1a/0x30
** 4409 printk messages dropped **
[143154.948389]        (sd-pam)  3384         1.725299 E         4.553296         3.000000         0.172003         1
  120
** 13379 printk messages dropped **
[143154.996311]         0.000000         0.008997         0.000000         0.000000
** 7582 printk messages dropped **
[143155.025149]   kworker/14:1H   591     63386.558415 E     63386.592994         3.000000         0.913803       224
  100
** 9597 printk messages dropped **
[143155.060886]    kworker/0:0H    10      1032.565857 E      1032.600393         3.000000         0.011842         4
  100
** 10311 printk messages dropped **
[143155.099714]  __schedule+0x239/0x5f0
** 4198 printk messages dropped **
[143155.115653]  ? do_syscall_64+0x89/0x160
** 4750 printk messages dropped **
[143155.133542]    in:imjournal  1400       866.624325 E       869.561507         3.000000      2429.886400    174901
  120
** 13084 printk messages dropped **
[143155.181468]   .tg_load_avg_contrib           : 0
** 4758 printk messages dropped **
[143155.199359]         0.000000        71.318324         0.000000         0.000000
** 5750 printk messages dropped **
[143155.221300] console_blast.s  3460      4822.721101 E      4823.701612         3.000000      4795.475785         7
  120
** 11980 printk messages dropped **
[143155.265991]    kworker/6:1H   382     32899.526681 E     32899.560496         3.000000         1.155997        36
  100
** 14024 printk messages dropped **
[143155.317873]         0.000000       329.842096         0.000000         0.000000
** 7771 printk messages dropped **
[143155.346920]  NetworkManager  1055      9644.262807 E      9647.262807         3.000000    128646.101326   7922247
  120
** 7999 printk messages dropped **
[143155.376177]  stack:0     pid:1006  tgid:1006  ppid:2      flags:0x00004000
** 6141 printk messages dropped **
[143155.399077] console_blast.s  3467      4974.594874 E      4974.611146         3.000000      4968.297695        10
  120
** 8950 printk messages dropped **
[143155.432101] R13: 00007fe6a67fee50 R14: 0000000000000001 R15: 00007fe6a67fedd0
** 6890 printk messages dropped **
[143155.456780]         0.000000       213.385094         0.000000         0.000000
** 9482 printk messages dropped **
[143155.491915]  /autogroup-52
** 3697 printk messages dropped **
[143155.505519] kworker/R-kstrp   240       111.270683 E       111.305283         3.000000         0.006031         2
  100
** 8472 printk messages dropped **
[143155.537375]  ? __pfx_kthread+0x10/0x10
** 3951 printk messages dropped **
[143155.551999]   .runnable_avg                  : 1024
** 5698 printk messages dropped **
[143155.573020]          smartd  1063        53.528846 E        56.489452         3.000000        54.753292       518
  120
** 12413 printk messages dropped **
[143155.619067]   .left_deadline                 : 0.000001
** 8740 printk messages dropped **
[143155.650364]  ? __pfx_kthread+0x10/0x10
** 5710 printk messages dropped **
[143155.671526] console_blast.s  3459      5255.824361 E      5256.778442         3.000000      5250.115380        11
  120
** 11558 printk messages dropped **
[143155.714213]  ret_from_fork+0x34/0x50
** 5667 printk messages dropped **
[143155.734718] RAX: ffffffffffffffda RBX: 0000000000000000 RCX: 00007f42d9e7ae69
** 6423 printk messages dropped **
[143155.758131] task:kworker/R-sync_ state:I
** 7654 printk messages dropped **
[143155.786204]   rs:main Q:Reg  1401       393.600969 E       396.386548         3.000000       594.338670     54797
  120
** 8137 printk messages dropped **
[143155.815551]  ? __pfx_worker_thread+0x10/0x10
** 6327 printk messages dropped **
[143155.838955]  entry_SYSCALL_64_after_hwframe+0x76/0x7e
** 4971 printk messages dropped **
[143155.857598]  kthread+0xd2/0x100
** 4262 printk messages dropped **
[143155.872815]   kworker/u68:0  2815    188347.819659 E    188350.713460         3.000000       141.927470     20067
  120
** 9081 printk messages dropped **
[143155.906013]  stack:0     pid:3461  tgid:3461  ppid:3445   flags:0x0000000a
** 6793 printk messages dropped **
[143155.931002]  /
** 2913 printk messages dropped **
[143155.941798]   kworker/u74:0   374       289.173995 E       289.208588         3.000000         0.005901         2
  100
** 12069 printk messages dropped **
[143155.987028]  ret_from_fork+0x34/0x50
** 6551 printk messages dropped **
[143156.011175]   .avg_vruntime                  : 871.402518
** 7664 printk messages dropped **
[143156.040040]   kworker/u70:1  2673     21889.908359 E     21892.905194         3.000000        45.427039     34869
  120
** 9192 printk messages dropped **
[143156.074645]         0.000000         0.012946         0.000000         0.000000
** 6068 printk messages dropped **
[143156.097319] R13: 000055c9306cd940 R14: 0000000000000000 R15: 000055c9306c3618
** 8649 printk messages dropped **
[143156.129145]   .removed.load_avg              : 0
** 5099 printk messages dropped **
[143156.147180]  ? syscall_exit_to_user_mode+0x10/0x1f0
** 4829 printk messages dropped **
[143156.164570]  entry_SYSCALL_64_after_hwframe+0x76/0x7e
** 5495 printk messages dropped **
[143156.184868]   pwq 58:
** 4934 printk messages dropped **
[143156.203070]         0.000000      3466.095091         0.000000         0.000000
** 7001 printk messages dropped **
[143156.228589]   idle_inject/1    25        -2.448185 E        -1.700589         0.750000         0.009186         3
   49
** 13150 printk messages dropped **
[143156.276391]    migration/15   110       118.281384 E       119.031384         0.750000       344.956510     35808
    0
** 11719 printk messages dropped **
[143156.319573]   kworker/u69:7   137     23953.483684 E     23956.482161         3.000000       158.326496    129222
  120
** 12313 printk messages dropped **
[143156.365060]  /autogroup-186
** 3710 printk messages dropped **
[143156.378343]   kworker/u67:1  2908     32819.856878 E     32822.851879         3.000000        55.012840      4670
  120
** 12064 printk messages dropped **
[143156.422608]         systemd  3382         2.015943 E         4.930272         3.000000        71.571050        22
  120
** 12397 printk messages dropped **
[143156.468746] Stopper: 0x0 <- 0x0
** 4112 printk messages dropped **
[143156.483672]         0.000000         0.014658         0.000000         0.000000
** 6997 printk messages dropped **
[143156.509733]  stack:0     pid:1130  tgid:1130  ppid:1      flags:0x00000002
** 7009 printk messages dropped **
[143156.535220] console_blast.s  3465      6073.669278 E      6076.669278         3.000000      6064.953420        13
  120
** 11246 printk messages dropped **
[143156.576138] sched_clk                               : 143156885.484233
** 6340 printk messages dropped **
[143156.599792]         0.000000         0.012554         0.000000         0.000000
** 8142 printk messages dropped **
[143156.628713]  ret_from_fork_asm+0x1a/0x30
** 5031 printk messages dropped **
[143156.646996]  <TASK>
** 5730 printk messages dropped **
[143156.668482]   .left_deadline                 : 0.000001
** 8813 printk messages dropped **
[143156.700591]   .avg_vruntime                  : 5568.371404
** 8472 printk messages dropped **
[143156.732144]    pool-spawner  1096         0.895760 E         2.070888         3.000000         0.152816         3
  120
** 9548 printk messages dropped **
[143156.767111]    kworker/9:0H    77       176.351663 E       176.386182         3.000000         0.013315         4
  100
** 11455 printk messages dropped **
[143156.810110]     migration/4    44       116.919500 E       117.669500         0.750000       102.701573     35802
    0
** 8164 printk messages dropped **
[143156.839876] kworker/R-kthro   210       110.831088 E       110.865683         3.000000         0.006953         2
  100
** 11871 printk messages dropped **
[143156.883050]    kworker/8:1H   576     23958.802148 E     23958.836757         3.000000         0.275201        68
  100
** 10268 printk messages dropped **
[143156.921419] kworker/R-kbloc   153       133.793688 E       133.828297         3.000000         0.000000         2
  100
** 10477 printk messages dropped **
[143156.960463]  stack:0     pid:142   tgid:142   ppid:2      flags:0x00004000
** 6537 printk messages dropped **
[143156.984119]  stack:0     pid:28    tgid:28    ppid:2      flags:0x00004000
** 7286 printk messages dropped **
[143157.011277] console_blast.s  3449      6586.029455 E      6587.026277         3.000000      6583.510587        12
  120
** 10912 printk messages dropped **
[143157.051225]   .right_vruntime                : 0.000001
** 5993 printk messages dropped **
[143157.072666]   .se->exec_start                : 143153936.643358
** 8170 printk messages dropped **
[143157.102433]  stack:0     pid:192   tgid:192   ppid:2      flags:0x00004000
** 9488 printk messages dropped **
[143157.136510]  ret_from_fork_asm+0x1a/0x30
** 6755 printk messages dropped **
[143157.161427]  stack:0     pid:12    tgid:12    ppid:2      flags:0x00004000
** 10227 printk messages dropped **
[143157.198344]         cpuhp/8    66      2729.884586 E      2732.811840         3.000000         0.439961        23
  120
** 12858 printk messages dropped **
[143157.245725] RBP: 00007ffe1e1d9520 R08: 000056332e64c010 R09: 0000000000000007
** 6051 printk messages dropped **
[143157.267868]   kworker/13:1H   592     19213.385040 E     19213.419626         3.000000         0.742104       104
  100
** 9594 printk messages dropped **
[143157.303451]   .idle_nr_running               : 0
** 7260 printk messages dropped **
[143157.330625] console_blast.s  3467      6896.477835 E      6896.510006         3.000000      6890.180656        13
  120
** 8993 printk messages dropped **
[143157.362887]  __schedule+0x239/0x5f0
** 4318 printk messages dropped **
[143157.377603]  ? syscall_exit_to_user_mode+0x10/0x1f0
** 5519 printk messages dropped **
[143157.398240]          auditd  1025         0.155516 E         1.382213         3.000000         1.771592        23
  116
** 14036 printk messages dropped **
[143157.450451]     kworker/2:1   160    102882.399946 E    102885.376602         3.000000       232.077166     60392
  120
** 9142 printk messages dropped **
[143157.483634]       watchdogd   173        13.965354 E        16.965354         3.000000         0.000000         2
   49
** 9471 printk messages dropped **
[143157.518730]  entry_SYSCALL_64_after_hwframe+0x76/0x7e
** 4869 printk messages dropped **
[143157.537014]   .load_avg                      : 1088
** 5297 printk messages dropped **
[143157.556633]  stack:0     pid:217   tgid:217   ppid:2      flags:0x00004000
** 7531 printk messages dropped **
[143157.582895]         0.000000       338.608736         0.000000         0.000000
** 8042 printk messages dropped **
[143157.612788]         0.000000        32.898862         0.000000         0.000000
** 10151 printk messages dropped **
[143157.649090]  <TASK>
** 3551 printk messages dropped **
[143157.662236]  stack:0     pid:568   tgid:568   ppid:2      flags:0x00004000
** 10800 printk messages dropped **
[143157.701667]             atd  1130         7.588436 E        10.498457         3.000000         9.367612        44
  120
** 8196 printk messages dropped **
[143157.730773]         0.000000       349.955476         0.000000         0.000000
** 6597 printk messages dropped **
[143157.754861]  stack:0     pid:21    tgid:21    ppid:2      flags:0x00004000
** 5986 printk messages dropped **
[143157.777275] kworker/R-xfs-l  1012      3082.864798 E      3082.899396         3.000000         0.006191         2
  100
** 15933 printk messages dropped **
[143157.836503]    kworker/9:1H   426     45912.614754 E     45912.649244         3.000000         0.237663        63
  100
** 8365 printk messages dropped **
[143157.867993] R13: 0000563bf6c35a80 R14: 0000563bf6c31610 R15: 0000563bcf3194e5
** 8200 printk messages dropped **
[143157.898292]   kworker/11:1H   566     18489.327811 E     18489.362405         3.000000         0.205602        39
  100
** 7476 printk messages dropped **
[143157.926315]  stack:0     pid:3238  tgid:3238  ppid:2      flags:0x00004000
** 7634 printk messages dropped **
[143157.954980]  </TASK>
** 4076 printk messages dropped **
[143157.969874]   idle_inject/0    22       114.100705 E       114.847379         0.750000         0.010018         3
   49
** 11168 printk messages dropped **
[143158.011188]  ret_from_fork+0x34/0x50
** 4604 printk messages dropped **
[143158.027641]  ? __pfx_irq_thread_dtor+0x10/0x10
** 8225 printk messages dropped **
[143158.057766]   .se->avg.util_avg              : 1024
** 7008 printk messages dropped **
[143158.083287]   .se->load.weight               : 66003
** 7745 printk messages dropped **
[143158.111988] RBP: 0000000000000000 R08: 000055648e7edb6a R09: 0000000000000000
** 6222 printk messages dropped **
[143158.135372]  do_select+0x60f/0x9e0
** 7576 printk messages dropped **
[143158.163389]  stack:0     pid:111   tgid:111   ppid:2      flags:0x00004000
** 6376 printk messages dropped **
[143158.186789] Call Trace:
** 6059 printk messages dropped **
[143158.209159] R10: 0000000000000000 R11: 0000000000000202 R12: 0000000000000002
** 6291 printk messages dropped **
[143158.232771] cpu_clk                                 : 143158232.582190
** 9859 printk messages dropped **
[143158.269591] RBP: 00007ffc704288e0 R08: 0000000000000000 R09: 0000000000000000
** 10545 printk messages dropped **
[143158.308838] console_blast.s  3449      7880.495679 E      7880.548979         3.000000      7877.976811        14
  120
** 7854 printk messages dropped **
[143158.338353]     kworker/6:2   420      4766.555206 E      4769.550637         3.000000         0.127655        30
  120
** 7801 printk messages dropped **
[143158.366808]       JS Helper  1082         0.907652 E         3.847439         3.000000         0.167022        13
  120
** 10175 printk messages dropped **
[143158.404538]  /
** 3773 printk messages dropped **
[143158.418813]         0.000000        26.089956         0.000000         0.000000
** 8691 printk messages dropped **
[143158.448983] irq/48-AMD-Vi7-   199       110.646687 E       113.644253         3.000000         0.014306         3
   49
** 11571 printk messages dropped **
[143158.491992] sched_clk                               : 143158801.153546
** 6929 printk messages dropped **
[143158.516163]  ? __pfx_pollwake+0x10/0x10
** 4241 printk messages dropped **
[143158.531683]   kworker/u72:1   148     72518.883800 E     72521.871938         3.000000       400.751627    387309
  120
** 10244 printk messages dropped **
[143158.569100]         0.000000         0.006271         0.000000         0.000000
** 7365 printk messages dropped **
[143158.596134]   .nr_uninterruptible            : 17
** 9698 printk messages dropped **
[143158.631422] RBP: 00007ffdd8ba0310 R08: 0000000000000000 R09: 0000000000000000
** 6914 printk messages dropped **
[143158.657583]   kworker/u68:2   810     66881.033429 E     66884.024082         3.000000        15.651683      5233
  120
** 8427 printk messages dropped **
[143158.689249]   .se->sum_exec_runtime          : 4866.838851
** 8421 printk messages dropped **
[143158.720648]
** 4553 printk messages dropped **
[143158.737486]           gmain  1091         0.965310 E         2.026685         3.000000         0.083266         2
  120
** 11911 printk messages dropped **
[143158.781962] R13: 0000000000000002 R14: 00007f42d91ffc20 R15: 000055cda4f73000
** 6194 printk messages dropped **
[143158.805027]   .runnable_avg                  : 1024
** 5377 printk messages dropped **
[143158.824723]  S            task   PID         tree-key  switches  prio     wait-time             sum-exec        su
m-sleep
** 8237 printk messages dropped **
[143158.854924]   kworker/u72:0  3238     95706.741156 E     95709.730326         3.000000        73.693817     71229
  120
** 10466 printk messages dropped **
[143158.892481]  ? __pfx_autoremove_wake_function+0x10/0x10
** 4510 printk messages dropped **
[143158.908434] kworker/R-ipv6_   235       275.142269 E       275.176878         3.000000         0.000000         2
  100
** 10903 printk messages dropped **
[143158.947841]  stack:0     pid:12    tgid:12    ppid:2      flags:0x00004000
** 5510 printk messages dropped **
[143158.968258]  stack:0     pid:47    tgid:47    ppid:2      flags:0x00004000
** 8903 printk messages dropped **
[143159.001145]         chronyd  1067        32.725557 E        35.703295         3.000000       679.862837      8465
  120
** 8599 printk messages dropped **
[143159.032751] rcu_exp_gp_kthr    20     21836.427442 E     21839.424767         3.000000        16.643699       300
  120
** 8204 printk messages dropped **
[143159.063414]   .se->exec_start                : 143144845.930368
** 8646 printk messages dropped **
[143159.095236]   .avg_vruntime                  : 150232.487954
** 5808 printk messages dropped **
[143159.116551] console_blast.s  3460      8623.560829 E      8624.695889         3.000000      8596.315513        12
  120
** 10611 printk messages dropped **
[143159.156052]  stack:0     pid:4     tgid:4     ppid:2      flags:0x00004000
** 9966 printk messages dropped **
[143159.192833]           gdbus  1077         5.099803 E         7.955292         3.000000        13.173705       155
  120
** 8162 printk messages dropped **
[143159.222467] RDX: 00000000ffffffff RSI: 0000000000000002 RDI: 00007fd3ec00c2b0
** 9710 printk messages dropped **
[143159.257734]  ? syscall_exit_to_user_mode+0x10/0x1f0
** 4825 printk messages dropped **
[143159.275842]         0.000000         0.025278         0.000000         0.000000
** 10392 printk messages dropped **
[143159.314726] RBP: 0000000000000000 R08: 000055648e7edb6a R09: 0000000000000000
** 7715 printk messages dropped **
[143159.343756] R13: 0000000000000000 R14: 0000000000000001 R15: 000055c9473fe934
** 6724 printk messages dropped **
[143159.368869]   .util_est                      : 0
** 6354 printk messages dropped **
[143159.392176]     migration/0    21       111.586292 E       112.335600         0.750000       134.598870     35819
    0
** 10491 printk messages dropped **
[143159.429245]     ksoftirqd/8    69     23983.054697 E     23986.051982         3.000000         0.289983        85
  120
** 7398 printk messages dropped **
[143159.455246]  stack:0     pid:6     tgid:6     ppid:2      flags:0x00004000
** 7447 printk messages dropped **
[143159.481234]  S
** 3703 printk messages dropped **
[143159.493851] kworker/R-ipmi-   944      2792.668580 E      2792.703171         3.000000         0.009328         2
  100
** 8188 printk messages dropped **
[143159.522251] task:migration/7     state:S
** 5621 printk messages dropped **
[143159.541879]  __schedule+0x239/0x5f0
** 6800 printk messages dropped **
[143159.565065]   .load_avg                      : 1024
** 9072 printk messages dropped **
[143159.595550]  stack:0     pid:185   tgid:185   ppid:2      flags:0x00004000
** 6426 printk messages dropped **
[143159.617016]    kworker/6:1H   382     32899.526681 E     32899.560496         3.000000         1.155997        36
  100
** 8610 printk messages dropped **
[143159.647385]  stack:0     pid:536   tgid:536   ppid:2      flags:0x00004000
** 6006 printk messages dropped **
[143159.667491]     migration/8    68       117.018924 E       117.768293         0.750000        86.110973     35807
    0
** 12850 printk messages dropped **
[143159.714987]   .right_vruntime                : 0.000001
** 8577 printk messages dropped **
[143159.747050]           gmain  1091         0.965310 E         2.026685         3.000000         0.083266         2
  120
** 9308 printk messages dropped **
[143159.780806] RBP: 00007f42d8401ad0 R08: 0000000000000000 R09: 00000000ffffffff
** 5699 printk messages dropped **
[143159.801594]  ? do_syscall_64+0x89/0x160
** 4504 printk messages dropped **
[143159.817691] task:kworker/R-slub_ state:I
** 4146 printk messages dropped **
[143159.832858]  ? switch_fpu_return+0x4e/0xd0
** 5687 printk messages dropped **
[143159.853180] RDX: 0000000000002975 RSI: 0000000000000002 RDI: 000055b9fcd33510
** 8124 printk messages dropped **
[143159.883630]  schedule+0x27/0xa0
** 5031 printk messages dropped **
[143159.902870] Code: c7 00 16 00 00 00 b8 ff ff ff ff c3 66 2e 0f 1f 84 00 00 00 00 00 f3 0f 1e fa 80 3d 25 85 10 00
00 74 13 b8 01 00 00 00 0f 05 <48> 3d 00 f0 ff ff 77 54 c3 0f 1f 00 55 48 89 e5 48 83 ec 20 48 89
** 21331 printk messages dropped **
[143159.982600]  stack:0     pid:120   tgid:120   ppid:2      flags:0x00004000
** 6941 printk messages dropped **
[143160.007399] R13: 0000000000000001 R14: 00007f3ce93ffd60 R15: 000055b9fcd0ff30
** 8090 printk messages dropped **
[143160.036934]  schedule+0x27/0xa0
** 6475 printk messages dropped **
[143160.061425]  stack:0     pid:65    tgid:65    ppid:2      flags:0x00004000
** 12394 printk messages dropped **
[143160.107008] kworker/R-scsi_   657       867.201950 E       867.236511         3.000000         0.022121         2
  100
** 8774 printk messages dropped **
[143160.139984]         0.000000         0.060945         0.000000         0.000000
** 6688 printk messages dropped **
[143160.165208]  schedule_hrtimeout_range_clock+0xdf/0x1d0
** 4921 printk messages dropped **
[143160.183978]       watchdogd   173        13.965354 E        16.965354         3.000000         0.000000         2
   49
** 7799 printk messages dropped **
[143160.213473]   .se->sum_exec_runtime          : 9070.837057
** 5857 printk messages dropped **
[143160.236046]  ? __pfx_kthread+0x10/0x10
** 5945 printk messages dropped **
[143160.258605]  ? do_syscall_64+0x89/0x160
** 4122 printk messages dropped **
[143160.274446]   .sysctl_sched_base_slice                 : 3.000000
** 5478 printk messages dropped **
[143160.295233]   .se->avg.runnable_avg          : 0
** 4284 printk messages dropped **
[143160.310022] ------------------------------------------------------------------------------------------------------
-------
** 11721 printk messages dropped **
[143160.353945]         0.000000         0.385419         0.000000         0.000000
** 8875 printk messages dropped **
[143160.387035] Workqueue:  0x0
** 5193 printk messages dropped **
[143160.406415]         0.000000        31.549798         0.000000         0.000000
** 5990 printk messages dropped **
[143160.428690]  smpboot_thread_fn+0x14c/0x1d0
** 6012 printk messages dropped **
[143160.450817]  ? __pfx_scsi_error_handler+0x10/0x10
** 7173 printk messages dropped **
[143160.476847]    kworker/8:0H    71       227.809288 E       227.843777         3.000000         0.016654         4
  100
** 12257 printk messages dropped **
[143160.519337]     ksoftirqd/4    45     12166.302577 E     12169.300423         3.000000         1.292172       304
  120
** 8618 printk messages dropped **
[143160.548173]  entry_SYSCALL_64_after_hwframe+0x76/0x7e
** 7382 printk messages dropped **
[143160.573186]  kthread+0xd2/0x100
** 5642 printk messages dropped **
[143160.592900]     kworker/0:0  3516    130944.702962 E    130947.165533         3.000000         1.455212         5
  120
** 8585 printk messages dropped **
[143160.622347]  schedule+0x27/0xa0
** 4487 printk messages dropped **
[143160.637938]  stack:0     pid:48    tgid:48    ppid:2      flags:0x00004000
** 10946 printk messages dropped **
[143160.675036]  </TASK>
** 3781 printk messages dropped **
[143160.688085]  stack:0     pid:175   tgid:175   ppid:2      flags:0x00004000
** 11684 printk messages dropped **
[143160.729184]  scsi_error_handler+0xd0/0x170
** 4589 printk messages dropped **
[143160.745102]  ret_from_fork+0x34/0x50
** 4759 printk messages dropped **
[143160.761636]  stack:0     pid:3449  tgid:3449  ppid:3445   flags:0x0000000a
** 6517 printk messages dropped **
[143160.784159]  stack:0     pid:2514  tgid:2514  ppid:2      flags:0x00004000
** 5643 printk messages dropped **
[143160.804105] R13: 0000000000000000 R14: 0000000000000001 R15: 000055cda4f5ee4c
** 8882 printk messages dropped **
[143160.835076]  ? __pfx_kthread+0x10/0x10
** 6637 printk messages dropped **
[143160.857116]  ? __pfx_worker_thread+0x10/0x10
** 6398 printk messages dropped **
[143160.879382]  smpboot_thread_fn+0x14c/0x1d0
** 4395 printk messages dropped **
[143160.894563]  stack:0     pid:64    tgid:64    ppid:2      flags:0x00004000
** 8781 printk messages dropped **
[143160.924890]  stack:0     pid:3515  tgid:3515  ppid:2      flags:0x00004000
** 9188 printk messages dropped **
[143160.957034]   .nr_switches                   : 1115780
** 6499 printk messages dropped **
[143160.979792]    kworker/10:0  2674      7174.819931 E      7177.811936         3.000000         0.017482         3
  120
** 7835 printk messages dropped **
[143161.006896]   .runnable_avg                  : 1024
** 5522 printk messages dropped **
[143161.025641]  stack:0     pid:11    tgid:11    ppid:2      flags:0x00004000
** 9030 printk messages dropped **
[143161.056812]  stack:0     pid:21    tgid:21    ppid:2      flags:0x00004000
** 6499 printk messages dropped **
[143161.078876]   .nr_spread_over                : 0
** 4777 printk messages dropped **
[143161.095182]    kworker/9:0H    77       176.351663 E       176.386182         3.000000         0.013315         4
  100
** 13761 printk messages dropped **
[143161.142593]   .avg_vruntime                  : 6256.724556
** 5191 printk messages dropped **
[143161.160701] cpu#12, 3094.151 MHz
** 4859 printk messages dropped **
[143161.177735]     migration/7    62       116.920007 E       117.669500         0.750000       339.125877     35799
    0
** 10436 printk messages dropped **
[143161.213922]  do_pselect.constprop.0+0xe7/0x180
** 4447 printk messages dropped **
[143161.229761] RDX: 00007ffc773d1940 RSI: 0000000000000000 RDI: 0000000000000000
** 7152 printk messages dropped **
[143161.254514]  (events_unbound)
** 5362 printk messages dropped **
[143161.272650]  stack:0     pid:4     tgid:4     ppid:2      flags:0x00004000
** 9722 printk messages dropped **
[143161.306091]
** 3059 printk messages dropped **
[143161.316837]           hwrng   217     32714.699022 E     32717.608242         3.000000     33874.736359     91776
  120
** 13537 printk messages dropped **
[143161.364018]
** 3182 printk messages dropped **
[143161.374962]  ? __pfx_kthread+0x10/0x10
** 4112 printk messages dropped **
[143161.389462]           gdbus  1073     47877.216609 E     47880.047752         3.000000        25.991877       411
  120
** 8490 printk messages dropped **
[143161.418403]  ? syscall_exit_work+0xf3/0x120
** 6002 printk messages dropped **
[143161.439425] R13: 0000000000000000 R14: 0000000000000000 R15: 000055c9473fe930
** 6475 printk messages dropped **
[143161.462011]   kworker/12:1H   568     16498.014997 E     16498.049581         3.000000         0.657863        92
  100
** 12729 printk messages dropped **
[143161.506482]         0.000000        25.991877         0.000000         0.000000
** 11024 printk messages dropped **
[143161.546113]         0.000000         0.005811         0.000000         0.000000
** 7253 printk messages dropped **
[143161.572575]     ksoftirqd/6    57     32541.841341 E     32544.831112         3.000000         0.349695        28
  120
** 11870 printk messages dropped **
[143161.616900]   kworker/u67:0   116    174909.304065 E    174911.845304         3.000000       252.282202     38915
  120
** 12448 printk messages dropped **
[143161.662347] irq/42-AMD-Vi5-   193       110.608523 E       113.606069         3.000000         0.021038         3
   49
** 10799 printk messages dropped **
[143161.702183]         0.000000         0.000952         0.000000         0.000000
** 8683 printk messages dropped **
[143161.734458] RDX: 0000000000000000 RSI: 00007ffc70428900 RDI: 0000000000000001
** 5914 printk messages dropped **
[143161.755218]  ret_from_fork+0x34/0x50
** 4850 printk messages dropped **
[143161.771346] ------------------------------------------------------------------------------------------------------
-------
** 10864 printk messages dropped **
[143161.811822]         chronyd  1067        32.725557 E        35.703295         3.000000       679.862837      8465
  120
** 8035 printk messages dropped **
[143161.840733]         0.000000       722.805836         0.000000         0.000000
** 9284 printk messages dropped **
[143161.874199] RDX: 0000000000000000 RSI: 0000000000000189 RDI: 000055cda4f5ee48
** 10421 printk messages dropped **
[143161.912609]  kauditd_thread+0x1da/0x2e0
** 7608 printk messages dropped **
[143161.940629]            ksmd   149        13.961257 E        23.131406         3.000000         0.001953         2
  125
** 9513 printk messages dropped **
[143161.975941]         0.000000         0.060945         0.000000         0.000000
** 9430 printk messages dropped **
[143162.010668]   .h_nr_running                  : 0
** 8219 printk messages dropped **
[143162.041197]  stack:0     pid:1078  tgid:1061  ppid:1      flags:0x00000002
** 6971 printk messages dropped **
[143162.067342] RBP: 00007fff2ac89f20 R08: 0000000000000001 R09: 0000000000000007
** 7324 printk messages dropped **
[143162.094647]   kworker/10:1H   565    130036.633676 E    130036.666683         3.000000         0.510257        45
  100
** 9210 printk messages dropped **
[143162.128353] rcu_tasks_trace    16        99.762140 E       100.509515         0.750000         0.003407         2
  120
** 11426 printk messages dropped **
[143162.168736] R10: 0000000000000000 R11: 0000000000000293 R12: 0000000000000003
** 9065 printk messages dropped **
[143162.200266] R10: 00007ffc773d1940 R11: 0000000000000202 R12: 000000000000000a
** 6241 printk messages dropped **
[143162.221897]   .throttle_count                : 0
** 6165 printk messages dropped **
[143162.244218] RSP: 002b:00007ffd46b48fe8 EFLAGS: 00000202
** 6927 printk messages dropped **
[143162.269210]  systemd-logind  1064         9.113801 E        12.089656         3.000000       213.385094      2381
  120
** 9047 printk messages dropped **
[143162.302973] ------------------------------------------------------------------------------------------------------
-------
** 12482 printk messages dropped **
[143162.349363] rcu_tasks_trace    16        99.762140 E       100.509515         0.750000         0.003407         2
  120
** 16056 printk messages dropped **
[143162.408729]   kworker/u69:2   128    196323.616984 E    196326.560958         3.000000        71.374350     49570
  120
** 12203 printk messages dropped **
[143162.452311]        (sd-pam)  3384         1.725299 E         4.553296         3.000000         0.172003         1
  120
** 10817 printk messages dropped **
[143162.493106]       scsi_eh_8   672      1019.252602 E      1022.176660         3.000000         0.157286        25
  120
** 13597 printk messages dropped **
[143162.543000]  ORIG_RAX: 0000000000000007
** 4097 printk messages dropped **
[143162.557721]   .se->vruntime                  : 212785.679191
** 5047 printk messages dropped **
[143162.576624] RBP: 0000557880577f50 R08: 0000000000000020 R09: 83050d7ee9930e76
** 6379 printk messages dropped **
[143162.599859] ------------------------------------------------------------------------------------------------------
-------
** 14350 printk messages dropped **
[143162.653311] task:kworker/0:2     state:I
** 4800 printk messages dropped **
[143162.670843]  ? __pfx_worker_thread+0x10/0x10
** 6981 printk messages dropped **
[143162.695966]  stack:0     pid:566   tgid:566   ppid:2      flags:0x00004000
** 6265 printk messages dropped **
[143162.718797]         0.000000         0.006271         0.000000         0.000000
** 6115 printk messages dropped **
[143162.741835]           tuned  1350        23.723890 E        26.704023         3.000000      1348.257373    143154
  120
** 11281 printk messages dropped **
[143162.783832]   .nr_switches                   : 247787
** 4775 printk messages dropped **
[143162.801674]  0 0
** 2964 printk messages dropped **
[143162.812699]  __schedule+0x239/0x5f0
** 5886 printk messages dropped **
[143162.834596] RBP: 00007ffc773d1930 R08: 0000000000000000 R09: 0000000066c89ce8
** 6847 printk messages dropped **
[143162.859725]   .se->vruntime                  : 246158.542949
** 9150 printk messages dropped **
[143162.893660] Code: c7 00 16 00 00 00 b8 ff ff ff ff c3 66 2e 0f 1f 84 00 00 00 00 00 f3 0f 1e fa 80 3d 25 85 10 00
00 74 13 b8 01 00 00 00 0f 05 <48> 3d 00 f0 ff ff 77 54 c3 0f 1f 00 55 48 89 e5 48 83 ec 20 48 89
** 13090 printk messages dropped **
[143162.942002]   .nr_running                    : 3
** 6854 printk messages dropped **
[143162.967569] irq/45-AMD-Vi6-   196       110.627600 E       113.625155         3.000000         0.017514         3
   49
** 10856 printk messages dropped **
[143163.007348]     kworker/4:1   155      3089.141381 E      3092.135581         3.000000        64.526683       159
  120
** 13084 printk messages dropped **
[143163.056607]  S
** 4249 printk messages dropped **
[143163.071430]     kworker/3:0  2516    210612.341579 E    210614.946257         3.000000       143.775577       694
  120
** 7950 printk messages dropped **
[143163.100411]      sedispatch  1026         0.571125 E         0.653127         3.000000         6.122077       235
  116
** 8445 printk messages dropped **
[143163.131693]     migration/9    74       118.281384 E       119.031384         0.750000       346.005449     35808
    0
** 11139 printk messages dropped **
[143163.172818]   .load_avg                      : 64
** 5421 printk messages dropped **
[143163.193080]  idle_inject/10    79        -2.313978 E         0.682535         3.000000         0.007985         3
   49
** 7575 printk messages dropped **
[143163.220634]
** 3398 printk messages dropped **
[143163.232447]         0.000000         0.012004         0.000000         0.000000
** 6223 printk messages dropped **
[143163.254756]         0.000000     12783.120561         0.000000         0.000000
** 7606 printk messages dropped **
[143163.280177]   kworker/u66:2  2514     11124.716039 E     11127.713153         3.000000        26.940310      4119
  120
** 9261 printk messages dropped **
[143163.311518]  <TASK>
** 4688 printk messages dropped **
[143163.328104]            sshd  3377         3.569800 E         6.522982         3.000000        26.633962        37
  120
** 10382 printk messages dropped **
[143163.364513]  stack:0     pid:178   tgid:178   ppid:2      flags:0x00004000
** 8744 printk messages dropped **
[143163.396086]        cpuhp/12    90      3327.114821 E      3330.106004         3.000000         0.365791        23
  120
** 12522 printk messages dropped **
[143163.441783] RBP: 00007fd1b55ff010 R08: 0000000000000000 R09: 0000000000000000
** 9405 printk messages dropped **
[143163.476226]   .util_avg                      : 1024
** 5127 printk messages dropped **
[143163.494921] kworker/R-scsi_   654      2236.552554 E      2236.587140         3.000000         0.009166         2
  100
** 9913 printk messages dropped **
[143163.531759]         0.000000         0.514374         0.000000         0.000000
** 9835 printk messages dropped **
[143163.567556]  ? show_state_filter+0xcd/0xe0
** 6768 printk messages dropped **
[143163.592947]  </TASK>
** 3957 printk messages dropped **
[143163.607884] kworker/R-xfs-b   999      4984.582194 E      4984.616783         3.000000         0.010880         2
  100
** 11378 printk messages dropped **
[143163.650365]   .left_vruntime                 : 0.000001
** 5204 printk messages dropped **
[143163.669307]   .clock                         : 143163668.336817
** 5502 printk messages dropped **
[143163.689717]   .avg_vruntime                  : 220082.137012
** 7959 printk messages dropped **
[143163.718960] cfs_rq[10]:/autogroup-186
** 4377 printk messages dropped **
[143163.735374]  ? __pfx_kthread+0x10/0x10
** 6305 printk messages dropped **
[143163.758287]    xfsaild/dm-2  1014      3387.904176 E      3390.898636         3.000000         0.173315        10
  120
** 7649 printk messages dropped **
[143163.786257]         chronyd  1067        32.725557 E        35.703295         3.000000       679.862837      8465
  120
** 7716 printk messages dropped **
[143163.815210] task:kswapd0         state:S
** 5506 printk messages dropped **
[143163.835635]  schedule+0x27/0xa0
** 5285 printk messages dropped **
[143163.855182]  ret_from_fork+0x34/0x50
** 6215 printk messages dropped **
[143163.878509]   .min_vruntime                  : 13267.376651
** 5171 printk messages dropped **
[143163.897677]  stack:0     pid:107   tgid:107   ppid:2      flags:0x00004000
** 6348 printk messages dropped **
[143163.920980]  schedule+0x27/0xa0
** 5894 printk messages dropped **
[143163.942607]  stack:0     pid:2880  tgid:2880  ppid:2      flags:0x00004000
** 6673 printk messages dropped **
[143163.966393] RDX: 0000559117f52d60 RSI: 0000559117f3a430 RDI: 000000000000000d
** 6116 printk messages dropped **
[143163.989043] ------------------------------------------------------------------------------------------------------
-------
** 9513 printk messages dropped **
[143164.023612]   .max_idle_balance_cost         : 500000
** 8482 printk messages dropped **
[143164.055146]  stack:0     pid:779   tgid:779   ppid:2      flags:0x00004000
** 6191 printk messages dropped **
[143164.078535]    kworker/4:0H    47        95.808082 E        95.842568         3.000000         0.014958         4
  100
** 13036 printk messages dropped **
[143164.127397]  smpboot_thread_fn+0x14c/0x1d0
** 4547 printk messages dropped **
[143164.144717][    0.000000] Linux version 6.11.0-0.rc3.20240814git6b0f8db921ab.32.eln142.x86_64 (mockbuild@733e45f06
b05447a98122a7dd978ef9a) (gcc (GCC) 14.1.1 20240701 (Red Hat 14.1.1-7), GNU ld version 2.42.90.20240720) #1 SMP PREEMP
T_DYNAMIC Wed Aug 14 16:51:51 UTC 2024
[    0.000000] Command line: elfcorehdr=0x39000000 BOOT_IMAGE=(hd0,gpt2)/vmlinuz-6.11.0-0.rc3.20240814git6b0f8db921ab.
32.eln142.x86_64 ro resume=/dev/mapper/cs_rt--qe--06-swap console=ttyS0,115200 irqpoll nr_cpus=1 reset_devices cgroup_
disable=memory mce=off numa=off udev.children-max=2 panic=10 acpi_no_memhotplug transparent_hugepage=never nokaslr hes
t_disable novmcoredd cma=0 hugetlb_cma=0 pcie_ports=compat disable_cpu_apicid=0
[    0.000000] BIOS-provided physical RAM map:
[    0.000000] BIOS-e820: [mem 0x0000000000000000-0x0000000000000fff] reserved
[    0.000000] BIOS-e820: [mem 0x0000000000001000-0x000000000008efff] usable
[    0.000000] BIOS-e820: [mem 0x000000000008f000-0x000000000008ffff] ACPI NVS
[    0.000000] BIOS-e820: [mem 0x0000000000090000-0x000000000009ffff] usable
[    0.000000] BIOS-e820: [mem 0x00000000390e00b0-0x0000000048ffffff] usable
[    0.000000] BIOS-e820: [mem 0x0000000067acf000-0x000000006dfcefff] reserved
[    0.000000] BIOS-e820: [mem 0x000000006dfcf000-0x000000006edfefff] ACPI NVS
[    0.000000] BIOS-e820: [mem 0x000000006edff000-0x000000006effefff] ACPI data
[    0.000000] BIOS-e820: [mem 0x000000006f000000-0x000000006fffffff] ACPI NVS
[    0.000000] BIOS-e820: [mem 0x0000000070000000-0x000000007fffffff] reserved
[    0.000000] BIOS-e820: [mem 0x000000027f300000-0x000000027fffffff] reserved
[    0.000000] BIOS-e820: [mem 0x000000047ff00000-0x000000047fffffff] reserved
[    0.000000] random: crng init done
[    0.000000] NX (Execute Disable) protection: active
[    0.000000] APIC: Static calls initialized
[    0.000000] extended physical RAM map:
[    0.000000] reserve setup_data: [mem 0x0000000000000000-0x0000000000000fff] reserved
[    0.000000] reserve setup_data: [mem 0x0000000000001000-0x000000000008efff] usable
[    0.000000] reserve setup_data: [mem 0x000000000008f000-0x000000000008ffff] ACPI NVS
[    0.000000] reserve setup_data: [mem 0x0000000000090000-0x000000000009ffff] usable
[    0.000000] reserve setup_data: [mem 0x00000000390e00b0-0x0000000048ff95bf] usable
[    0.000000] reserve setup_data: [mem 0x0000000048ff95c0-0x0000000048ff965f] usable
[    0.000000] reserve setup_data: [mem 0x0000000048ff9660-0x0000000048ffffff] usable
[    0.000000] reserve setup_data: [mem 0x0000000067acf000-0x000000006dfcefff] reserved
[    0.000000] reserve setup_data: [mem 0x000000006dfcf000-0x000000006edfefff] ACPI NVS
[    0.000000] reserve setup_data: [mem 0x000000006edff000-0x000000006effefff] ACPI data
[    0.000000] reserve setup_data: [mem 0x000000006f000000-0x000000006fffffff] ACPI NVS
[    0.000000] reserve setup_data: [mem 0x0000000070000000-0x000000007fffffff] reserved
[    0.000000] reserve setup_data: [mem 0x000000027f300000-0x000000027fffffff] reserved
[    0.000000] reserve setup_data: [mem 0x000000047ff00000-0x000000047fffffff] reserved
[    0.000000] efi: EFI v2.7 by Dell Inc.
[    0.000000] efi: ACPI=0x6effe000 ACPI 2.0=0x6effe014 MEMATTR=0x643d56a0 SMBIOS=0x698a8000 SMBIOS 3.0=0x698a6000 MOK
var=0x67ae2000 RNG=0x6effd020 TPMEventLog=0x55cda020
[    0.000000] TPM Final Events table not present
[    0.000000] efi: Remove mem00: MMIO range=[0x71d60000000-0x71d801fffff] (514MB) from e820 map
[    0.000000] efi: Remove mem01: MMIO range=[0x63dc0000000-0x63de01fffff] (514MB) from e820 map
[    0.000000] efi: Remove mem02: MMIO range=[0x55e20000000-0x55e401fffff] (514MB) from e820 map
[    0.000000] efi: Remove mem03: MMIO range=[0x47e80000000-0x47ea01fffff] (514MB) from e820 map
[    0.000000] efi: Remove mem04: MMIO range=[0x39ee0000000-0x39f001fffff] (514MB) from e820 map
[    0.000000] efi: Remove mem05: MMIO range=[0x2bf40000000-0x2bf601fffff] (514MB) from e820 map
[    0.000000] efi: Remove mem06: MMIO range=[0x1dfa0000000-0x1dfc01fffff] (514MB) from e820 map
[    0.000000] efi: Remove mem07: MMIO range=[0x10000000000-0x100201fffff] (514MB) from e820 map
[    0.000000] efi: Remove mem08: MMIO range=[0xfd000000-0xffffffff] (48MB) from e820 map
[    0.000000] efi: Remove mem09: MMIO range=[0xea000000-0xeaffffff] (16MB) from e820 map
[    0.000000] efi: Remove mem10: MMIO range=[0xdd000000-0xddffffff] (16MB) from e820 map
[    0.000000] efi: Remove mem11: MMIO range=[0xd0000000-0xd0ffffff] (16MB) from e820 map
[    0.000000] efi: Remove mem12: MMIO range=[0xc3000000-0xc3ffffff] (16MB) from e820 map
[    0.000000] efi: Remove mem13: MMIO range=[0xb6000000-0xb6ffffff] (16MB) from e820 map
[    0.000000] efi: Remove mem14: MMIO range=[0xa9000000-0xa9ffffff] (16MB) from e820 map
[    0.000000] efi: Remove mem15: MMIO range=[0x9c000000-0x9cffffff] (16MB) from e820 map
[    0.000000] efi: Remove mem16: MMIO range=[0x80000000-0x8fffffff] (256MB) from e820 map
[    0.000000] secureboot: Secure boot disabled
[    0.000000] SMBIOS 3.3.0 present.
[    0.000000] DMI: Dell Inc. PowerEdge R7525/0590KW, BIOS 2.7.3 03/30/2022
[    0.000000] DMI: Memory slots populated: 2/32
[    0.000000] tsc: Fast TSC calibration using PIT
[    0.000000] tsc: Detected 3094.380 MHz processor
[    0.000054] last_pfn = 0x6efff max_arch_pfn = 0x400000000
[    0.000067] MTRR map: 5 entries (2 fixed + 3 variable; max 19), built from 9 variable MTRRs
[    0.000072] x86/PAT: Configuration [0-7]: WB  WC  UC- UC  WB  WP  UC- WT
[    0.001675] x2apic: enabled by BIOS, switching to x2apic ops
[    0.007214] Using GB pages for direct mapping
[    0.007604] secureboot: Secure boot disabled
[    0.007607] RAMDISK: [mem 0x430d5000-0x451fffff]
[    0.007670] ACPI: Early table checksum verification disabled
[    0.007688] ACPI: RSDP 0x000000006EFFE014 000024 (v02 DELL  )
[    0.007696] ACPI: XSDT 0x000000006EFA1188 0000D4 (v01 DELL   PE_SC3   00000002 DELL 00000001)
[    0.007709] ACPI: FACP 0x000000006EFF9000 000114 (v06 DELL   PE_SC3   00000002 DELL 00000001)
[    0.007719] ACPI: DSDT 0x000000006EFAF000 0437B9 (v02 DELL   PE_SC3   00000002 DELL 00000001)
[    0.007723] ACPI: FACS 0x000000006EDB3000 000040
[    0.007725] ACPI: BERT 0x000000006EFFC000 000030 (v01 DELL   PE_SC3   00000001 DELL 00000001)
[    0.007728] ACPI: ERST 0x000000006EFFB000 000230 (v01 DELL   PE_SC3   00000001 DELL 00000001)
[    0.007731] ACPI: HEST 0x000000006EFFA000 0007F4 (v01 DELL   PE_SC3   00000001 DELL 00000001)
[    0.007733] ACPI: HPET 0x000000006EFF8000 000038 (v01 DELL   PE_SC3   00000002 DELL 00000001)
[    0.007736] ACPI: APIC 0x000000006EFF6000 0018BE (v05 DELL   PE_SC3   00000002 DELL 00000001)
[    0.007739] ACPI: MCFG 0x000000006EFF5000 00003C (v01 DELL   PE_SC3   00000002 DELL 00000001)
[    0.007742] ACPI: WSMT 0x000000006EFF4000 000028 (v01 DELL   PE_SC3   00000002 DELL 00000001)
[    0.007745] ACPI: SLIC 0x000000006EFF3000 000024 (v01 DELL   PE_SC3   00000002 DELL 00000001)
[    0.007748] ACPI: SSDT 0x000000006EFAE000 000511 (v02 DELL   xhc_port 00000001 INTL 20210331)
[    0.007751] ACPI: SSDT 0x000000006EFAD000 000D7B (v01 AMD    CPMRAS   00000001 INTL 20210331)
[    0.007754] ACPI: EINJ 0x000000006EFAC000 000150 (v01 AMD    PE_SC3   00000001 AMD  00000001)
[    0.007756] ACPI: SSDT 0x000000006EFAB000 000623 (v02 DELL   Tpm2Tabl 00001000 INTL 20210331)
[    0.007759] ACPI: TPM2 0x000000006EFAA000 00004C (v04 DELL   PE_SC3   00000002 DELL 00000001)
[    0.007762] ACPI: SSDT 0x000000006EFA9000 0000F4 (v01 DELL   PE_SC3   00000001 AMD  00000001)
[    0.007765] ACPI: SRAT 0x000000006EFA8000 000250 (v03 DELL   PE_SC3   00000001 AMD  00000001)
[    0.007768] ACPI: MSCT 0x000000006EFA7000 00004E (v01 DELL   PE_SC3   00000000 AMD  00000001)
[    0.007770] ACPI: SLIT 0x000000006EFA6000 000030 (v01 DELL   PE_SC3   00000001 AMD  00000001)
[    0.007773] ACPI: CRAT 0x000000006EFA4000 001F20 (v01 DELL   PE_SC3   00000001 AMD  00000001)
[    0.007776] ACPI: CDIT 0x000000006EFA3000 00002C (v01 DELL   PE_SC3   00000001 AMD  00000001)
[    0.007779] ACPI: IVRS 0x000000006EFA2000 000370 (v02 DELL   PE_SC3   00000001 AMD  00000000)
[    0.007781] ACPI: SSDT 0x000000006EF9F000 00192A (v01 AMD    CPMCMN   00000001 INTL 20210331)
[    0.007784] ACPI: Reserving FACP table memory at [mem 0x6eff9000-0x6eff9113]
[    0.007785] ACPI: Reserving DSDT table memory at [mem 0x6efaf000-0x6eff27b8]
[    0.007786] ACPI: Reserving FACS table memory at [mem 0x6edb3000-0x6edb303f]
[    0.007787] ACPI: Reserving BERT table memory at [mem 0x6effc000-0x6effc02f]
[    0.007787] ACPI: Reserving ERST table memory at [mem 0x6effb000-0x6effb22f]
[    0.007788] ACPI: Reserving HEST table memory at [mem 0x6effa000-0x6effa7f3]
[    0.007789] ACPI: Reserving HPET table memory at [mem 0x6eff8000-0x6eff8037]
[    0.007790] ACPI: Reserving APIC table memory at [mem 0x6eff6000-0x6eff78bd]
[    0.007791] ACPI: Reserving MCFG table memory at [mem 0x6eff5000-0x6eff503b]
[    0.007791] ACPI: Reserving WSMT table memory at [mem 0x6eff4000-0x6eff4027]
[    0.007792] ACPI: Reserving SLIC table memory at [mem 0x6eff3000-0x6eff3023]
[    0.007793] ACPI: Reserving SSDT table memory at [mem 0x6efae000-0x6efae510]
[    0.007794] ACPI: Reserving SSDT table memory at [mem 0x6efad000-0x6efadd7a]
[    0.007795] ACPI: Reserving EINJ table memory at [mem 0x6efac000-0x6efac14f]
[    0.007795] ACPI: Reserving SSDT table memory at [mem 0x6efab000-0x6efab622]
[    0.007796] ACPI: Reserving TPM2 table memory at [mem 0x6efaa000-0x6efaa04b]
[    0.007797] ACPI: Reserving SSDT table memory at [mem 0x6efa9000-0x6efa90f3]
[    0.007798] ACPI: Reserving SRAT table memory at [mem 0x6efa8000-0x6efa824f]
[    0.007798] ACPI: Reserving MSCT table memory at [mem 0x6efa7000-0x6efa704d]
[    0.007799] ACPI: Reserving SLIT table memory at [mem 0x6efa6000-0x6efa602f]
[    0.007800] ACPI: Reserving CRAT table memory at [mem 0x6efa4000-0x6efa5f1f]
[    0.007801] ACPI: Reserving CDIT table memory at [mem 0x6efa3000-0x6efa302b]
[    0.007801] ACPI: Reserving IVRS table memory at [mem 0x6efa2000-0x6efa236f]
[    0.007802] ACPI: Reserving SSDT table memory at [mem 0x6ef9f000-0x6efa0929]
[    0.007930] APIC: Switched APIC routing to: cluster x2apic
[    0.008091] NUMA turned off
[    0.008092] Faking a node at [mem 0x0000000000000000-0x000000006effefff]
[    0.008112] NODE_DATA(0) allocated [mem 0x48fce180-0x48ff917f]
[    0.008429] Zone ranges:
[    0.008430]   DMA      [mem 0x0000000000001000-0x0000000000ffffff]
[    0.008432]   DMA32    [mem 0x0000000001000000-0x000000006effefff]
[    0.008434]   Normal   empty
[    0.008435]   Device   empty
[    0.008436] Movable zone start for each node
[    0.008438] Early memory node ranges
[    0.008439]   node   0: [mem 0x0000000000001000-0x000000000008efff]
[    0.008441]   node   0: [mem 0x0000000000090000-0x000000000009ffff]
[    0.008442]   node   0: [mem 0x00000000390e1000-0x0000000048ffffff]
[    0.008446] Initmem setup node 0 [mem 0x0000000000001000-0x0000000048ffffff]
[    0.008473] On node 0, zone DMA: 1 pages in unavailable ranges
[    0.008475] On node 0, zone DMA: 1 pages in unavailable ranges
[    0.015938] On node 0, zone DMA32: 36929 pages in unavailable ranges
[    0.018123] On node 0, zone DMA32: 28672 pages in unavailable ranges
[    0.018338] ACPI: PM-Timer IO Port: 0x408
[    0.018348] CPU topo: Boot CPU APIC ID not the first enumerated APIC ID: 49 != 0
[    0.018349] CPU topo: Crash kernel detected. Disabling real BSP to prevent machine INIT
[    0.018351] CPU topo: CPU limit of 1 reached. Ignoring further CPUs
[    0.018356] ACPI: X2APIC_NMI (uid[0xffffffff] high edge lint[0x1])
[    0.018359] ACPI: LAPIC_NMI (acpi_id[0xff] high edge lint[0x1])
[    0.018380] IOAPIC[0]: apic_id 240, version 33, address 0xfec00000, GSI 0-23
[    0.018388] IOAPIC[1]: apic_id 241, version 33, address 0xea100000, GSI 120-151
[    0.018395] IOAPIC[2]: apic_id 242, version 33, address 0xdd100000, GSI 88-119
[    0.018402] IOAPIC[3]: apic_id 243, version 33, address 0xd0100000, GSI 56-87
[    0.018409] IOAPIC[4]: apic_id 244, version 33, address 0xfd100000, GSI 24-55
[    0.018413] IOAPIC[5]: apic_id 245, version 33, address 0xc3100000, GSI 248-279
[    0.018419] IOAPIC[6]: apic_id 246, version 33, address 0xb6100000, GSI 216-247
[    0.018425] IOAPIC[7]: apic_id 247, version 33, address 0xa9100000, GSI 184-215
[    0.018431] IOAPIC[8]: apic_id 248, version 33, address 0x9c200000, GSI 152-183
[    0.018434] ACPI: INT_SRC_OVR (bus 0 bus_irq 0 global_irq 2 dfl dfl)
[    0.018437] ACPI: INT_SRC_OVR (bus 0 bus_irq 9 global_irq 9 low level)
[    0.018444] ACPI: Using ACPI (MADT) for SMP configuration information
[    0.018445] ACPI: HPET id: 0x10228201 base: 0xfed00000
[    0.018464] CPU topo: Max. logical packages:   1
[    0.018465] CPU topo: Max. logical dies:       1
[    0.018465] CPU topo: Max. dies per package:   1
[    0.018477] CPU topo: Max. threads per core:   1
[    0.018478] CPU topo: Num. cores per package:     1
[    0.018479] CPU topo: Num. threads per package:   1
[    0.018479] CPU topo: Allowing 1 present CPUs plus 0 hotplug CPUs
[    0.018480] CPU topo: Rejected CPUs 15
[    0.018508] PM: hibernation: Registered nosave memory: [mem 0x00000000-0x00000fff]
[    0.018510] PM: hibernation: Registered nosave memory: [mem 0x0008f000-0x0008ffff]
[    0.018512] PM: hibernation: Registered nosave memory: [mem 0x000a0000-0x390e0fff]
[    0.018513] PM: hibernation: Registered nosave memory: [mem 0x48ff9000-0x48ff9fff]
[    0.018514] PM: hibernation: Registered nosave memory: [mem 0x48ff9000-0x48ff9fff]
[    0.018516] PM: hibernation: Registered nosave memory: [mem 0x49000000-0x67acefff]
[    0.018517] PM: hibernation: Registered nosave memory: [mem 0x67acf000-0x6dfcefff]
[    0.018517] PM: hibernation: Registered nosave memory: [mem 0x6dfcf000-0x6edfefff]
[    0.018518] PM: hibernation: Registered nosave memory: [mem 0x6edff000-0x6effefff]
[    0.018522] [mem 0x80000000-0xffffffff] available for PCI devices
[    0.018525] Booting paravirtualized kernel on bare hardware
[    0.018536] clocksource: refined-jiffies: mask: 0xffffffff max_cycles: 0xffffffff, max_idle_ns: 1910969940391419 ns
[    0.018543] Detected single cpu native boot.
[    0.018544] Important:  In this kernel, single threaded, single CPU 64-bit physical systems are unsupported.
[    0.024554] setup_percpu: NR_CPUS:8192 nr_cpumask_bits:1 nr_cpu_ids:1 nr_node_ids:1
[    0.027425] percpu: Embedded 66 pages/cpu s233472 r8192 d28672 u2097152
[    0.027459] Kernel command line: elfcorehdr=0x39000000 BOOT_IMAGE=(hd0,gpt2)/vmlinuz-6.11.0-0.rc3.20240814git6b0f8d
b921ab.32.eln142.x86_64 ro resume=/dev/mapper/cs_rt--qe--06-swap console=ttyS0,115200 irqpoll nr_cpus=1 reset_devices
cgroup_disable=memory mce=off numa=off udev.children-max=2 panic=10 acpi_no_memhotplug transparent_hugepage=never noka
slr hest_disable novmcoredd cma=0 hugetlb_cma=0 pcie_ports=compat disable_cpu_apicid=0
[    0.027602] Misrouted IRQ fixup and polling support enabled
[    0.027603] This may significantly impact system performance
[    0.027739] cgroup: Disabling memory control group subsystem
[    0.027884] Unknown kernel command line parameters "nokaslr BOOT_IMAGE=(hd0,gpt2)/vmlinuz-6.11.0-0.rc3.20240814git6
b0f8db921ab.32.eln142.x86_64 disable_cpu_apicid=0", will be passed to user space.
[    0.028181] Dentry cache hash table entries: 32768 (order: 6, 262144 bytes, linear)
[    0.028342] Inode-cache hash table entries: 16384 (order: 5, 131072 bytes, linear)
[    0.028401] Fallback order for Node 0: 0
[    0.028412] Built 1 zonelists, mobility grouping on.  Total pages: 65469
[    0.028413] Policy zone: DMA32
[    0.029897] mem auto-init: stack:all(zero), heap alloc:off, heap free:off
[    0.031287] SLUB: HWalign=64, Order=0-3, MinObjects=0, CPUs=1, Nodes=1
[    0.031388] ftrace: allocating 51785 entries in 203 pages
[    0.048452] ftrace: allocated 203 pages with 5 groups
[    0.049726] Dynamic Preempt: voluntary
[    0.049791] rcu: Preemptible hierarchical RCU implementation.
[    0.049792] rcu:     RCU restricting CPUs from NR_CPUS=8192 to nr_cpu_ids=1.
[    0.049796]  Trampoline variant of Tasks RCU enabled.
[    0.049796]  Rude variant of Tasks RCU enabled.
[    0.049797]  Tracing variant of Tasks RCU enabled.
[    0.049799] rcu: RCU calculated value of scheduler-enlistment delay is 100 jiffies.
[    0.049800] rcu: Adjusting geometry for rcu_fanout_leaf=16, nr_cpu_ids=1
[    0.049815] RCU Tasks: Setting shift to 0 and lim to 1 rcu_task_cb_adjust=1.
[    0.049817] RCU Tasks Rude: Setting shift to 0 and lim to 1 rcu_task_cb_adjust=1.
[    0.049818] RCU Tasks Trace: Setting shift to 0 and lim to 1 rcu_task_cb_adjust=1.
[    0.055265] NR_IRQS: 524544, nr_irqs: 256, preallocated irqs: 16
[    0.055536] rcu: srcu_init: Setting srcu_struct sizes based on contention.
[    0.055663] kfence: initialized - using 2097152 bytes for 255 objects at 0x(____ptrval____)-0x(____ptrval____)
[    0.055698] Spurious LAPIC timer interrupt on cpu 0
[    0.055731] Console: colour dummy device 80x25
[    0.055770] printk: legacy console [ttyS0] enabled
[    1.558764] ACPI: Core revision 20240322
[    1.563189] clocksource: hpet: mask: 0xffffffff max_cycles: 0xffffffff, max_idle_ns: 133484873504 ns
[    1.572345] APIC: Switch to symmetric I/O mode setup
[    1.581876] AMD-Vi: Using global IVHD EFR:0x58f77ef22294ade, EFR2:0x0
[    1.589914] AMD-Vi: Translation is already enabled - trying to copy translation structures
[    1.603233] AMD-Vi: Copied DEV table from previous kernel.
[    1.611315] ..TIMER: vector=0x30 apic1=0 pin1=2 apic2=-1 pin2=-1
[    1.622346] clocksource: tsc-early: mask: 0xffffffffffffffff max_cycles: 0x2c9a8b1384e, max_idle_ns: 440795323924 n
s
[    1.632877] Calibrating delay loop (skipped), value calculated using timer frequency.. 6188.76 BogoMIPS (lpj=309438
0)
[    1.633912] SVM disabled (by BIOS) in MSR_VM_CR
[    1.634880] x86/cpu: User Mode Instruction Prevention (UMIP) activated
[    1.635888] Last level iTLB entries: 4KB 1024, 2MB 1024, 4MB 512
[    1.636878] Last level dTLB entries: 4KB 2048, 2MB 2048, 4MB 1024, 1GB 0
[    1.637882] process: using mwait in idle threads
[    1.638884] Spectre V1 : Mitigation: usercopy/swapgs barriers and __user pointer sanitization
[    1.639883] Spectre V2 : Mitigation: Retpolines
[    1.640878] Spectre V2 : Spectre v2 / SpectreRSB mitigation: Filling RSB on context switch
[    1.641878] Spectre V2 : Spectre v2 / SpectreRSB : Filling RSB on VMEXIT
[    1.642878] Spectre V2 : Enabling Speculation Barrier for firmware calls
[    1.643878] RETBleed: Mitigation: untrained return thunk
[    1.644881] Spectre V2 : mitigation: Enabling conditional Indirect Branch Prediction Barrier
[    1.645880] Speculative Store Bypass: Mitigation: Speculative Store Bypass disabled via prctl
[    1.646894] x86/fpu: Supporting XSAVE feature 0x001: 'x87 floating point registers'
[    1.647878] x86/fpu: Supporting XSAVE feature 0x002: 'SSE registers'
[    1.648878] x86/fpu: Supporting XSAVE feature 0x004: 'AVX registers'
[    1.649880] x86/fpu: xstate_offset[2]:  576, xstate_sizes[2]:  256
[    1.650878] x86/fpu: Enabled xstate features 0x7, context size is 832 bytes, using 'compacted' format.
[    1.682610] Freeing SMP alternatives memory: 40K
[    1.682880] pid_max: default: 32768 minimum: 301
[    1.685166] LSM: initializing lsm=lockdown,capability,yama,selinux,bpf,ima,evm
[    1.685894] Yama: becoming mindful.
[    1.686886] SELinux:  Initializing.
[    1.687944] LSM support for eBPF active
[    1.688945] Mount-cache hash table entries: 512 (order: 0, 4096 bytes, linear)
[    1.689882] Mountpoint-cache hash table entries: 512 (order: 0, 4096 bytes, linear)
[    1.793977] smpboot: CPU0: AMD EPYC 7252 8-Core Processor (family: 0x17, model: 0x31, stepping: 0x0)
[    1.795464] Performance Events: Fam17h+ core perfctr, Broken BIOS detected, complain to your hardware vendor.
[    1.795872] [Firmware Bug]: the BIOS has corrupted hw-PMU resources (MSR c0010200 is 530076)
[    1.796872] AMD PMU driver.
[    1.797872] ... version:                0
[    1.798871] ... bit width:              48
[    1.799871] ... generic registers:      6
[    1.800871] ... value mask:             0000ffffffffffff
[    1.801871] ... max period:             00007fffffffffff
[    1.802871] ... fixed-purpose events:   0
[    1.803871] ... event mask:             000000000000003f
[    1.805929] signal: max sigframe size: 1776
[    1.806967] rcu: Hierarchical SRCU implementation.
[    1.807872] rcu:     Max phase no-delay instances is 400.
[    1.811812] NMI watchdog: Enabled. Permanently consumes one hw-PMU counter.
[    1.811930] smp: Bringing up secondary CPUs ...
[    1.812887] smp: Brought up 1 node, 1 CPU
[    1.813875] smpboot: Total of 1 processors activated (6188.76 BogoMIPS)
[    1.816406] node 0 deferred pages initialised in 0ms
[    1.817916] Memory: 156788K/261876K available (16384K kernel code, 5707K rwdata, 13536K rodata, 4224K init, 5120K b
ss, 97252K reserved, 0K cma-reserved)
[    1.819890] devtmpfs: initialized
[    1.820981] x86/mm: Memory block size: 128MB
[    1.823253] ACPI: PM: Registering ACPI NVS region [mem 0x0008f000-0x0008ffff] (4096 bytes)
[    1.823872] ACPI: PM: Registering ACPI NVS region [mem 0x6dfcf000-0x6edfefff] (14876672 bytes)
[    1.825196] ACPI: PM: Registering ACPI NVS region [mem 0x6f000000-0x6fffffff] (16777216 bytes)
[    1.826299] clocksource: jiffies: mask: 0xffffffff max_cycles: 0xffffffff, max_idle_ns: 1911260446275000 ns
[    1.826881] futex hash table entries: 256 (order: 2, 16384 bytes, linear)
[    1.828002] pinctrl core: initialized pinctrl subsystem
[    1.832284] NET: Registered PF_NETLINK/PF_ROUTE protocol family
[    1.833125] DMA: preallocated 128 KiB GFP_KERNEL pool for atomic allocations
[    1.833881] DMA: preallocated 128 KiB GFP_KERNEL|GFP_DMA32 pool for atomic allocations
[    1.834889] audit: initializing netlink subsys (disabled)
[    1.836957] audit: type=2000 audit(1724437749.222:1): state=initialized audit_enabled=0 res=1
[    1.838027] thermal_sys: Registered thermal governor 'fair_share'
[    1.838029] thermal_sys: Registered thermal governor 'step_wise'
[    1.838872] thermal_sys: Registered thermal governor 'user_space'
[    1.839899] cpuidle: using governor menu
[    1.843012] ACPI FADT declares the system doesn't support PCIe ASPM, so disable it
[    1.843874] acpiphp: ACPI Hot Plug PCI Controller Driver version: 0.5
[    1.845007] PCI: ECAM [mem 0x80000000-0x8fffffff] (base 0x80000000) for domain 0000 [bus 00-ff]
[    1.846885] PCI: Using configuration type 1 for base access
[    1.847895] PCI: Dell System detected, enabling pci=bfsort.
[    1.849113] kprobes: kprobe jump-optimization is enabled. All kprobes are optimized if possible.
[    1.879942] HugeTLB: registered 1.00 GiB page size, pre-allocated 0 pages
[    1.880871] HugeTLB: 16380 KiB vmemmap can be freed for a 1.00 GiB page
[    1.881872] HugeTLB: registered 2.00 MiB page size, pre-allocated 0 pages
[    1.882871] HugeTLB: 28 KiB vmemmap can be freed for a 2.00 MiB page
[    1.887780] cryptd: max_cpu_qlen set to 1000
[    1.888197] ACPI: Added _OSI(Module Device)
[    1.888874] ACPI: Added _OSI(Processor Device)
[    1.889872] ACPI: Added _OSI(3.0 _SCP Extensions)
[    1.890872] ACPI: Added _OSI(Processor Aggregator Device)
[    1.906335] ACPI: 6 ACPI AML tables successfully acquired and loaded
[    1.919506] ACPI: Interpreter enabled
[    1.919888] ACPI: PM: (supports S0 S5)
[    1.920873] ACPI: Using IOAPIC for interrupt routing
[    1.922768] HEST: Table parsing disabled.
[    1.922873] GHES: HEST is not enabled!
[    1.923876] PCI: Using host bridge windows from ACPI; if necessary, use "pci=nocrs" and report a bug
[    1.924871] PCI: Using E820 reservations for host bridge windows
[    1.927457] ACPI: Enabled 2 GPEs in block 00 to 1F
[    1.947732] ACPI: PCI: Interrupt link LNKA configured for IRQ 0
[    1.947899] ACPI: PCI: Interrupt link LNKB configured for IRQ 0
[    1.948896] ACPI: PCI: Interrupt link LNKC configured for IRQ 0
[    1.949899] ACPI: PCI: Interrupt link LNKD configured for IRQ 0
[    1.950898] ACPI: PCI: Interrupt link LNKE configured for IRQ 0
[    1.951896] ACPI: PCI: Interrupt link LNKF configured for IRQ 0
[    1.952896] ACPI: PCI: Interrupt link LNKG configured for IRQ 0
[    1.953896] ACPI: PCI: Interrupt link LNKH configured for IRQ 0
[    1.955124] ACPI: PCI Root Bridge [PC00] (domain 0000 [bus 00-1f])
[    1.955881] acpi PNP0A08:00: _OSC: OS supports [ExtendedConfig ASPM ClockPM Segments MSI EDR HPX-Type3]
[    1.956872] acpi PNP0A08:00: PCIe port services disabled; not requesting _OSC control
[    1.957914] acpi PNP0A08:00: FADT indicates ASPM is unsupported, using BIOS configuration
[    1.959461] PCI host bridge to bus 0000:00
[    1.959876] pci_bus 0000:00: root bus resource [io  0x0000-0x03af window]
[    1.960872] pci_bus 0000:00: root bus resource [io  0x03e0-0x0cf7 window]
[    1.961872] pci_bus 0000:00: root bus resource [mem 0x000c0000-0x000fffff window]
[    1.962872] pci_bus 0000:00: root bus resource [io  0x0d00-0x1fff window]
[    1.963872] pci_bus 0000:00: root bus resource [mem 0xeb000000-0xfebfffff window]
[    1.964872] pci_bus 0000:00: root bus resource [mem 0x39ee0000000-0x47e7fffffff window]
[    1.965873] pci_bus 0000:00: root bus resource [bus 00-1f]
[    1.966905] pci 0000:00:00.0: [1022:1480] type 00 class 0x060000 conventional PCI endpoint
[    1.968044] pci 0000:00:00.2: [1022:1481] type 00 class 0x080600 conventional PCI endpoint
[    1.968976] pci 0000:00:01.0: [1022:1482] type 00 class 0x060000 conventional PCI endpoint
[    1.969951] pci 0000:00:01.1: [1022:1483] type 01 class 0x060400 PCIe Root Port
[    1.970892] pci 0000:00:01.1: PCI bridge to [bus 01]
[    1.971876] pci 0000:00:01.1:   bridge window [io  0x1000-0x1fff]
[    1.972874] pci 0000:00:01.1:   bridge window [mem 0xf9300000-0xf93fffff]
[    1.973878] pci 0000:00:01.1:   bridge window [mem 0xeb000000-0xeb1fffff 64bit pref]
[    1.974943] pci 0000:00:01.1: PME# supported from D0 D3hot D3cold
[    1.977936] pci 0000:00:02.0: [1022:1482] type 00 class 0x060000 conventional PCI endpoint
[    1.978961] pci 0000:00:03.0: [1022:1482] type 00 class 0x060000 conventional PCI endpoint
[    1.979975] pci 0000:00:04.0: [1022:1482] type 00 class 0x060000 conventional PCI endpoint
[    1.980958] pci 0000:00:05.0: [1022:1482] type 00 class 0x060000 conventional PCI endpoint
[    1.981955] pci 0000:00:07.0: [1022:1482] type 00 class 0x060000 conventional PCI endpoint
[    1.982948] pci 0000:00:07.1: [1022:1484] type 01 class 0x060400 PCIe Root Port
[    1.983891] pci 0000:00:07.1: PCI bridge to [bus 02]
[    1.984877] pci 0000:00:07.1:   bridge window [mem 0xf9200000-0xf92fffff]
[    1.985939] pci 0000:00:07.1: PME# supported from D0 D3hot D3cold
[    1.987016] pci 0000:00:08.0: [1022:1482] type 00 class 0x060000 conventional PCI endpoint
[    1.987950] pci 0000:00:08.1: [1022:1484] type 01 class 0x060400 PCIe Root Port
[    1.988892] pci 0000:00:08.1: PCI bridge to [bus 03]
[    1.989876] pci 0000:00:08.1:   bridge window [mem 0xf9000000-0xf91fffff]
[    1.990942] pci 0000:00:08.1: PME# supported from D0 D3hot D3cold
[    1.992029] pci 0000:00:14.0: [1022:790b] type 00 class 0x0c0500 conventional PCI endpoint
[    1.993006] pci 0000:00:14.3: [1022:790e] type 00 class 0x060100 conventional PCI endpoint
[    1.994015] pci 0000:00:18.0: [1022:1490] type 00 class 0x060000 conventional PCI endpoint
[    1.995883] pci 0000:00:18.1: [1022:1491] type 00 class 0x060000 conventional PCI endpoint
[    1.996925] pci 0000:00:18.2: [1022:1492] type 00 class 0x060000 conventional PCI endpoint
[    1.997923] pci 0000:00:18.3: [1022:1493] type 00 class 0x060000 conventional PCI endpoint
[    1.998922] pci 0000:00:18.4: [1022:1494] type 00 class 0x060000 conventional PCI endpoint
[    1.999925] pci 0000:00:18.5: [1022:1495] type 00 class 0x060000 conventional PCI endpoint
[    2.000920] pci 0000:00:18.6: [1022:1496] type 00 class 0x060000 conventional PCI endpoint
[    2.001922] pci 0000:00:18.7: [1022:1497] type 00 class 0x060000 conventional PCI endpoint
[    2.002921] pci 0000:00:19.0: [1022:1490] type 00 class 0x060000 conventional PCI endpoint
[    2.003925] pci 0000:00:19.1: [1022:1491] type 00 class 0x060000 conventional PCI endpoint
[    2.004918] pci 0000:00:19.2: [1022:1492] type 00 class 0x060000 conventional PCI endpoint
[    2.005918] pci 0000:00:19.3: [1022:1493] type 00 class 0x060000 conventional PCI endpoint
[    2.006947] pci 0000:00:19.4: [1022:1494] type 00 class 0x060000 conventional PCI endpoint
[    2.007917] pci 0000:00:19.5: [1022:1495] type 00 class 0x060000 conventional PCI endpoint
[    2.009895] pci 0000:00:19.6: [1022:1496] type 00 class 0x060000 conventional PCI endpoint
[    2.010913] pci 0000:00:19.7: [1022:1497] type 00 class 0x060000 conventional PCI endpoint
[    2.012036] pci 0000:01:00.0: [1000:0014] type 00 class 0x010400 PCIe Endpoint
[    2.012893] pci 0000:01:00.0: BAR 0 [mem 0xeb000000-0xeb0fffff 64bit pref]
[    2.013884] pci 0000:01:00.0: BAR 2 [mem 0xeb100000-0xeb1fffff 64bit pref]
[    2.014880] pci 0000:01:00.0: BAR 4 [mem 0xf9300000-0xf93fffff]
[    2.015880] pci 0000:01:00.0: BAR 5 [io  0x1000-0x10ff]
[    2.016880] pci 0000:01:00.0: ROM [mem 0xfff00000-0xffffffff pref]
[    2.018637] pci 0000:01:00.0: supports D1 D2
[    2.029397] pci 0000:00:01.1: PCI bridge to [bus 01]
[    2.029941] pci 0000:02:00.0: [1022:148a] type 00 class 0x130000 PCIe Endpoint
[    2.031878] pci 0000:02:00.2: [1022:1498] type 00 class 0x108000 PCIe Endpoint
[    2.032892] pci 0000:02:00.2: BAR 2 [mem 0xf9200000-0xf927ffff]
[    2.033887] pci 0000:02:00.2: BAR 5 [mem 0xf9280000-0xf9281fff]
[    2.035052] pci 0000:00:07.1: PCI bridge to [bus 02]
[    2.035946] pci 0000:03:00.0: [1022:1485] type 00 class 0x130000 PCIe Endpoint
[    2.037111] pci 0000:03:00.2: [1022:1498] type 00 class 0x108000 PCIe Endpoint
[    2.038878] pci 0000:03:00.2: BAR 2 [mem 0xf9100000-0xf917ffff]
[    2.039889] pci 0000:03:00.2: BAR 5 [mem 0xf9180000-0xf9181fff]
[    2.041919] pci 0000:03:00.3: [1022:148c] type 00 class 0x0c0330 PCIe Endpoint
[    2.042886] pci 0000:03:00.3: BAR 0 [mem 0xf9000000-0xf90fffff 64bit]
[    2.043955] pci 0000:03:00.3: PME# supported from D0 D3hot D3cold
[    2.045930] pci 0000:00:08.1: PCI bridge to [bus 03]
[    2.047428] ACPI: PCI Root Bridge [PC01] (domain 0000 [bus 20-3f])
[    2.047874] acpi PNP0A08:01: _OSC: OS supports [ExtendedConfig ASPM ClockPM Segments MSI EDR HPX-Type3]
[    2.048872] acpi PNP0A08:01: PCIe port services disabled; not requesting _OSC control
[    2.050877] acpi PNP0A08:01: FADT indicates ASPM is unsupported, using BIOS configuration
[    2.052414] PCI host bridge to bus 0000:20
[    2.052873] pci_bus 0000:20: root bus resource [io  0x2000-0x2fff window]
[    2.053872] pci_bus 0000:20: root bus resource [mem 0xc4000000-0xd0ffffff window]
[    2.054872] pci_bus 0000:20: root bus resource [mem 0x2bf40000000-0x39edfffffff window]
[    2.055872] pci_bus 0000:20: root bus resource [bus 20-3f]
[    2.056881] pci 0000:20:00.0: [1022:1480] type 00 class 0x060000 conventional PCI endpoint
[    2.057966] pci 0000:20:00.2: [1022:1481] type 00 class 0x080600 conventional PCI endpoint
[    2.058962] pci 0000:20:01.0: [1022:1482] type 00 class 0x060000 conventional PCI endpoint
[    2.059954] pci 0000:20:02.0: [1022:1482] type 00 class 0x060000 conventional PCI endpoint
[    2.060947] pci 0000:20:03.0: [1022:1482] type 00 class 0x060000 conventional PCI endpoint
[    2.061945] pci 0000:20:04.0: [1022:1482] type 00 class 0x060000 conventional PCI endpoint
[    2.062945] pci 0000:20:05.0: [1022:1482] type 00 class 0x060000 conventional PCI endpoint
[    2.063945] pci 0000:20:07.0: [1022:1482] type 00 class 0x060000 conventional PCI endpoint
[    2.064946] pci 0000:20:07.1: [1022:1484] type 01 class 0x060400 PCIe Root Port
[    2.065891] pci 0000:20:07.1: PCI bridge to [bus 21]
[    2.066876] pci 0000:20:07.1:   bridge window [mem 0xcd300000-0xcd3fffff]
[    2.067937] pci 0000:20:07.1: PME# supported from D0 D3hot D3cold
[    2.069003] pci 0000:20:08.0: [1022:1482] type 00 class 0x060000 conventional PCI endpoint
[    2.069948] pci 0000:20:08.1: [1022:1484] type 01 class 0x060400 PCIe Root Port
[    2.070891] pci 0000:20:08.1: PCI bridge to [bus 22]
[    2.071876] pci 0000:20:08.1:   bridge window [mem 0xcd000000-0xcd2fffff]
[    2.072939] pci 0000:20:08.1: PME# supported from D0 D3hot D3cold
[    2.074078] pci 0000:21:00.0: [1022:148a] type 00 class 0x130000 PCIe Endpoint
[    2.075092] pci 0000:21:00.2: [1022:1498] type 00 class 0x108000 PCIe Endpoint
[    2.075892] pci 0000:21:00.2: BAR 2 [mem 0xcd300000-0xcd37ffff]
[    2.077877] pci 0000:21:00.2: BAR 5 [mem 0xcd380000-0xcd381fff]
[    2.079963] pci 0000:20:07.1: PCI bridge to [bus 21]
[    2.080947] pci 0000:22:00.0: [1022:1485] type 00 class 0x130000 PCIe Endpoint
[    2.082106] pci 0000:22:00.1: [1022:1486] type 00 class 0x108000 PCIe Endpoint
[    2.082893] pci 0000:22:00.1: BAR 2 [mem 0xcd100000-0xcd1fffff]
[    2.083888] pci 0000:22:00.1: BAR 5 [mem 0xcd282000-0xcd283fff]
[    2.085051] pci 0000:22:00.2: [1022:1498] type 00 class 0x108000 PCIe Endpoint
[    2.085893] pci 0000:22:00.2: BAR 2 [mem 0xcd200000-0xcd27ffff]
[    2.086888] pci 0000:22:00.2: BAR 5 [mem 0xcd280000-0xcd281fff]
[    2.088979] pci 0000:22:00.3: [1022:148c] type 00 class 0x0c0330 PCIe Endpoint
[    2.089885] pci 0000:22:00.3: BAR 0 [mem 0xcd000000-0xcd0fffff 64bit]
[    2.090953] pci 0000:22:00.3: PME# supported from D0 D3hot D3cold
[    2.092949] pci 0000:20:08.1: PCI bridge to [bus 22]
[    2.094179] ACPI: PCI Root Bridge [PC02] (domain 0000 [bus 40-5f])
[    2.094873] acpi PNP0A08:02: _OSC: OS supports [ExtendedConfig ASPM ClockPM Segments MSI EDR HPX-Type3]
[    2.095872] acpi PNP0A08:02: PCIe port services disabled; not requesting _OSC control
[    2.096912] acpi PNP0A08:02: FADT indicates ASPM is unsupported, using BIOS configuration
