Return-Path: <linux-kernel+bounces-332796-lists+linux-kernel=lfdr.de@vger.kernel.org>
X-Original-To: lists+linux-kernel@lfdr.de
Delivered-To: lists+linux-kernel@lfdr.de
Received: from am.mirrors.kernel.org (am.mirrors.kernel.org [147.75.80.249])
	by mail.lfdr.de (Postfix) with ESMTPS id B793F97BEED
	for <lists+linux-kernel@lfdr.de>; Wed, 18 Sep 2024 18:03:17 +0200 (CEST)
Received: from smtp.subspace.kernel.org (wormhole.subspace.kernel.org [52.25.139.140])
	(using TLSv1.2 with cipher ECDHE-RSA-AES256-GCM-SHA384 (256/256 bits))
	(No client certificate requested)
	by am.mirrors.kernel.org (Postfix) with ESMTPS id 397601F21EDC
	for <lists+linux-kernel@lfdr.de>; Wed, 18 Sep 2024 16:03:16 +0000 (UTC)
Received: from localhost.localdomain (localhost.localdomain [127.0.0.1])
	by smtp.subspace.kernel.org (Postfix) with ESMTP id 255FB1C8FC4;
	Wed, 18 Sep 2024 16:03:07 +0000 (UTC)
Authentication-Results: smtp.subspace.kernel.org;
	dkim=pass (1024-bit key) header.d=mdpsys.onmicrosoft.com header.i=@mdpsys.onmicrosoft.com header.b="J+Wcd0C1"
Received: from GBR01-CWX-obe.outbound.protection.outlook.com (mail-cwxgbr01on2109.outbound.protection.outlook.com [40.107.121.109])
	(using TLSv1.2 with cipher ECDHE-RSA-AES256-GCM-SHA384 (256/256 bits))
	(No client certificate requested)
	by smtp.subspace.kernel.org (Postfix) with ESMTPS id 6E8018F5A;
	Wed, 18 Sep 2024 16:02:56 +0000 (UTC)
Authentication-Results: smtp.subspace.kernel.org; arc=fail smtp.client-ip=40.107.121.109
ARC-Seal:i=2; a=rsa-sha256; d=subspace.kernel.org; s=arc-20240116;
	t=1726675382; cv=fail; b=bLH7fHZhtDjvT7rZU9FoIZLLtoIhMkedNcWd0Hn1zT8p0yLkk5qNiPhIuyiqMPSOZifeTfgZWGMgtttKx+RxUwWMiKXUWNpSJ9sQ/hiP5uamkaZI4YPD1Vhz5xoRQjikBk43Dk8nnHclGto/9wxDD+3uKpQ1mamh8LB+RabvJwQ=
ARC-Message-Signature:i=2; a=rsa-sha256; d=subspace.kernel.org;
	s=arc-20240116; t=1726675382; c=relaxed/simple;
	bh=piw94V7h2jSj53Apm4y5RRRvHeaBtScoU4JRTjx7ooo=;
	h=Date:From:To:Cc:Subject:Message-ID:References:Content-Type:
	 Content-Disposition:In-Reply-To:MIME-Version; b=LWkzin0JEtGEZBEBFVkB5MLOY0W8qWYN1Mq/O8BBEr2K0mVapzCvO8q9Q/5yuDV2Z5Y27CtidY1k1jFrZ87iB3PqZxZsjSXEgx0sfWfRZNtLCI+DDoXTaMTDkjMT22X7DLj+faTQqmqcsKa4Hf29aYTf9NnX0HUMrLAlKKWcMik=
ARC-Authentication-Results:i=2; smtp.subspace.kernel.org; dmarc=none (p=none dis=none) header.from=mdpsys.co.uk; spf=pass smtp.mailfrom=mdpsys.co.uk; dkim=pass (1024-bit key) header.d=mdpsys.onmicrosoft.com header.i=@mdpsys.onmicrosoft.com header.b=J+Wcd0C1; arc=fail smtp.client-ip=40.107.121.109
Authentication-Results: smtp.subspace.kernel.org; dmarc=none (p=none dis=none) header.from=mdpsys.co.uk
Authentication-Results: smtp.subspace.kernel.org; spf=pass smtp.mailfrom=mdpsys.co.uk
ARC-Seal: i=1; a=rsa-sha256; s=arcselector10001; d=microsoft.com; cv=none;
 b=ovrFcDxc4lwjKW9z18FYqNYyy4XAVJlhvN0fPuFVoq+2lhi1VV+9Ji/irgeyCMQ9adxRkQAUM+7ArPZdI8hRr4S5RW0M3YKLNX/pRmlkpabHb53+Q/nQuveA7tSbSCXFaXvOJazqbKIMDgjCCROGMMkoPO6mFD7+2V4+FL3NDDCjYExDBGb8hobZPs0J51ciTOtYLJ2aFPBiX475falm37DRkY+WX5P73rfxeoILs6BZOulU582WN/xWKBPvdq19kPt/hxbnjf+d3lkwapnxdbUvLyWe9DcEWpzi/BmVZQ/pB5ltyH4Qf5Q2fC64bZDvcwcNU6AvCtpWfvaDtDYJHQ==
ARC-Message-Signature: i=1; a=rsa-sha256; c=relaxed/relaxed; d=microsoft.com;
 s=arcselector10001;
 h=From:Date:Subject:Message-ID:Content-Type:MIME-Version:X-MS-Exchange-AntiSpam-MessageData-ChunkCount:X-MS-Exchange-AntiSpam-MessageData-0:X-MS-Exchange-AntiSpam-MessageData-1;
 bh=5f/CNCDjwMbEdvioL2a+AZ5lAUZeuWY6OasL983nzSA=;
 b=O3LJAyCQLAenY5Sx751ugbl1NMvi3ArCOeaIb1Lhf7MQ2cn1ekv4HWt+0xNaI480qpphMAXurAF/Zwl3/cnYz5RHPGpt3/BZvvKRh3FzYJZAGt+N2ZsziFB5LhSraUooOndEjg5JgpHhHo3GvgkbqfEUkO6cYGdxW0xli9qJy9KKZYp3K9uwlx5AF5tP6vJg4EJH6HooAVYpaM4KLrBzn0xonc+Fral+kfPOjy21HWzO+TvQiQw731ptJtMXZ4nB6gYSEjz3R8op5F+04w2sa/YOJdhTv1dGmaClgM3bKtQtCWKjXrL2NwZHTHObdezN2W3nTf/FfBSC1lkpPQghqg==
ARC-Authentication-Results: i=1; mx.microsoft.com 1; spf=pass
 smtp.mailfrom=mdpsys.co.uk; dmarc=pass action=none header.from=mdpsys.co.uk;
 dkim=pass header.d=mdpsys.co.uk; arc=none
DKIM-Signature: v=1; a=rsa-sha256; c=relaxed/relaxed;
 d=mdpsys.onmicrosoft.com; s=selector1-mdpsys-onmicrosoft-com;
 h=From:Date:Subject:Message-ID:Content-Type:MIME-Version:X-MS-Exchange-SenderADCheck;
 bh=5f/CNCDjwMbEdvioL2a+AZ5lAUZeuWY6OasL983nzSA=;
 b=J+Wcd0C1kx4cd55+JMEOtirUb6bJB2RdeGQ6/+BCPRZLWoXHESmk7IQOPGZCGLo8KPF4/FktKQXZErHi22G+GDvl+RdytYQ5EvWidcyYV3LHlBKsgxse84R+dIPSyZgzFhrjnBBH3lymceA4LKJjb/iRHJbfpcEbdVZb5jEbVtE=
Authentication-Results: dkim=none (message not signed)
 header.d=none;dmarc=none action=none header.from=mdpsys.co.uk;
Received: from LO3P123MB2972.GBRP123.PROD.OUTLOOK.COM (2603:10a6:600:b1::12)
 by LO8P123MB7795.GBRP123.PROD.OUTLOOK.COM (2603:10a6:600:3dd::9) with
 Microsoft SMTP Server (version=TLS1_2,
 cipher=TLS_ECDHE_RSA_WITH_AES_256_GCM_SHA384) id 15.20.7962.25; Wed, 18 Sep
 2024 16:02:52 +0000
Received: from LO3P123MB2972.GBRP123.PROD.OUTLOOK.COM
 ([fe80::1ead:6130:3711:f916]) by LO3P123MB2972.GBRP123.PROD.OUTLOOK.COM
 ([fe80::1ead:6130:3711:f916%4]) with mapi id 15.20.7982.012; Wed, 18 Sep 2024
 16:02:52 +0000
Date: Wed, 18 Sep 2024 17:02:37 +0100
From: "marc.payne@mdpsys.co.uk" <marc.payne@mdpsys.co.uk>
To: Chris Lu =?utf-8?B?KOmZuOeomuazkyk=?= <Chris.Lu@mediatek.com>
Cc: "marcel@holtmann.org" <marcel@holtmann.org>,
	"linux-mediatek@lists.infradead.org" <linux-mediatek@lists.infradead.org>,
	"linux-kernel@vger.kernel.org" <linux-kernel@vger.kernel.org>,
	"linux-bluetooth@vger.kernel.org" <linux-bluetooth@vger.kernel.org>,
	Deren Wu =?utf-8?B?KOatpuW+t+S7gSk=?= <Deren.Wu@mediatek.com>,
	"johan.hedberg@gmail.com" <johan.hedberg@gmail.com>,
	Steve Lee =?utf-8?B?KOadjuimluiqoCk=?= <steve.lee@mediatek.com>,
	Sean Wang <Sean.Wang@mediatek.com>,
	Aaron Hou =?utf-8?B?KOS+r+S/iuS7sCk=?= <Aaron.Hou@mediatek.com>,
	Hao Qin =?utf-8?B?KOenpua1qSk=?= <Hao.Qin@mediatek.com>,
	"luiz.dentz@gmail.com" <luiz.dentz@gmail.com>
Subject: Re: [PATCH] Bluetooth: btmtk: Remove resetting mt7921 before
 downloading the fw
Message-ID: <Zur5ne9c81-HbyZZ@mdpsys.co.uk>
References: <20240822052310.25220-1-hao.qin@mediatek.com>
 <ZuB3omUkdUHLggYu@mdpsys.co.uk>
 <790e542aa9d08c7efeee6ef298fce2a87d8035e4.camel@mediatek.com>
 <ZuneSM4SvyUFX86j@mdpsys.co.uk>
 <9bfbbf24ac2480d94d3455f7e33e4b5502b38ced.camel@mediatek.com>
Content-Type: text/plain; charset=utf-8
Content-Disposition: inline
Content-Transfer-Encoding: 8bit
In-Reply-To: <9bfbbf24ac2480d94d3455f7e33e4b5502b38ced.camel@mediatek.com>
X-ClientProxiedBy: LO4P123CA0160.GBRP123.PROD.OUTLOOK.COM
 (2603:10a6:600:188::21) To LO3P123MB2972.GBRP123.PROD.OUTLOOK.COM
 (2603:10a6:600:b1::12)
Precedence: bulk
X-Mailing-List: linux-kernel@vger.kernel.org
List-Id: <linux-kernel.vger.kernel.org>
List-Subscribe: <mailto:linux-kernel+subscribe@vger.kernel.org>
List-Unsubscribe: <mailto:linux-kernel+unsubscribe@vger.kernel.org>
MIME-Version: 1.0
X-MS-PublicTrafficType: Email
X-MS-TrafficTypeDiagnostic: LO3P123MB2972:EE_|LO8P123MB7795:EE_
X-MS-Office365-Filtering-Correlation-Id: dec87e4a-42be-4c8f-f9aa-08dcd7fb598a
X-MS-Exchange-SenderADCheck: 1
X-MS-Exchange-AntiSpam-Relay: 0
X-Microsoft-Antispam: BCL:0;ARA:13230040|7416014|376014|1800799024|366016;
X-Microsoft-Antispam-Message-Info:
	=?utf-8?B?ZzhxTTMwTnRNaG9JOFNXZ0E5dXBHR0IwTlc3UzkvdjNCMk5UeldjY2tlancy?=
 =?utf-8?B?M1Z4Z1NQN3NGRWJGZytuUGpJcDltZEJKNWtnclNNb2tJaGh5ekg3bURDdWFN?=
 =?utf-8?B?SW55RDZJR3ExeGpOM25MYjNyZ3ovTWZIbXlLQUFTRkNGOWRpcFVFRDVDRk14?=
 =?utf-8?B?bUk0dkRWNkhoUkpiMGhsWE9TNVNEK3AwWEdDcXprQXJ4WVpnSmNaQjJiaDRG?=
 =?utf-8?B?L3hnM2hPWjgweVFEbDBUM0pvZFgwZ0RMaHJnRFZwMUlOOHhTcCtXbG1lL3ds?=
 =?utf-8?B?RVJEOEhEeDA2ZER0NU5iOFFVMTMrd09kS3Uzdnd3eXhaNmxlakZFcXJubGd6?=
 =?utf-8?B?WnZxRnhYNm1jUURnamN5RklvZnJYSlpabCtTMkNlL1Jpa1hCZE1peUFwUDc1?=
 =?utf-8?B?MkZCRmkzUW16YWUxSFJadlRpR1grdE1EdERzWXpjMGtQK3RKY1Y5bnF0YW9L?=
 =?utf-8?B?QjVQN1RqclU1OUU2RXhud2tCQ1dOamZRV2lCSEliSWJsSWJqZlkrT1hBQnJO?=
 =?utf-8?B?YTEvRURVSnYxamtkSnZUZk15ZEFkaGZ4RFp6QlU4enUzVXEwWnBVSmUyOVda?=
 =?utf-8?B?QkZBbmhQRjZmdk5ldkl2MTh5TTNaL3h4TEYxM1JZcnhXZ0Iwd2x0enNiOVlP?=
 =?utf-8?B?UGNuRlFJdktNL1N6eUdsS3Bzb2FsL3ZkTVlOWUpTemhQeERtM0ErSTZWRmhz?=
 =?utf-8?B?dGVYWWZxcGU1UEVzbC9xa3h6UTlPRTM5VnlpQnhuNDEvNDJBVWs2eFNmSWdk?=
 =?utf-8?B?a3ZwUEl4TDVFVEVCRUFZd3RIeUR6eDc2bEt1bW9FMkxzT09ISFdGQ2Y3YXpK?=
 =?utf-8?B?SVlCLzFFTU9EZXJab1RRVWpOOHlDc2kvUzQvRFdxZ1ZybGFyVXFYd1RmMFVJ?=
 =?utf-8?B?L3dFNnBXRksrTTNnVXR6RnRaRDVLRmJwOGVJUmUyRDVYME4wcHZVWXh5Ui9x?=
 =?utf-8?B?ZTdUdzJoRzRwNlFTZmlxWktsTWs0azVPdHd5ZEpzNGROVDFLd3duZWhabWsx?=
 =?utf-8?B?UkxOZTJXZW5MTndyN2d6TVI2SU5ycnZrdlVudHJwYjVDeklrY3hGcHFsRjhC?=
 =?utf-8?B?MGh0eHRhczhBbnNOR2ovZThFcWI3QkJqZWQzOFZPNTF1NEVFYXhsWktGc2pD?=
 =?utf-8?B?REZrNHU4TEtCS3NJZEVOQ1J5K01xUTdOYk9sejRtYXcvam9VV09mcHdkN1RE?=
 =?utf-8?B?bHU3Z2hiOGozV3ltY1lmUFoyMUhsb3pDd0orcDhYSjVPVWFraVN6Q3lvWC9a?=
 =?utf-8?B?UFFUd3BwcGVwa3ZwOVpnZWhmZzA5VVNJUnFuSXhVa1Nqa0N1aVl5Rml3QURR?=
 =?utf-8?B?TkJHd0Z2Wk5NeXV0aHFLTjBNbC8yQlY3c2dmR3lpQSsrRmZkeHY2SmV3T1J3?=
 =?utf-8?B?eFV0OGdDRm9GSndLdUlFTmQ2ZVNrSGFLNnFDRHhDdlZ0YWNIc3Q2Nk8zV2R6?=
 =?utf-8?B?WkRyT0I2TWJpV2JucWdCMW5tSlloWkdraUhienNaMzRmT0w2QnRTVDBWOFh4?=
 =?utf-8?B?bjNCaEpFM2ZGMTQweWZYbmRhL0FsNWVHa0pVOW9TNDlhVHBvcFk5ckYwQ0Ft?=
 =?utf-8?B?TFpVQ3d0VHE0bmxCQVlwWHF4T3dld0xKaUl2ejgwOHdqbUF0b2lQbTljdWZJ?=
 =?utf-8?B?dEFPdElRZmwwL0cybVBHcU96RmZVTEtWWEFVZ09nOXltbEY1d0NHREUzTmdq?=
 =?utf-8?B?THEzVm84Ym9aYkcyTTIyWkl5blVJYzYyQkZqMGJ5a3ZyaGxhVlBoVDhTS1Uw?=
 =?utf-8?Q?F6mzOdWK006Ai1NTUs=3D?=
X-Forefront-Antispam-Report:
	CIP:255.255.255.255;CTRY:;LANG:en;SCL:1;SRV:;IPV:NLI;SFV:NSPM;H:LO3P123MB2972.GBRP123.PROD.OUTLOOK.COM;PTR:;CAT:NONE;SFS:(13230040)(7416014)(376014)(1800799024)(366016);DIR:OUT;SFP:1102;
X-MS-Exchange-AntiSpam-MessageData-ChunkCount: 1
X-MS-Exchange-AntiSpam-MessageData-0:
	=?utf-8?B?RXQ3ZmxHa2NaY2ZoNTNNMG50RkJmYkVXTEpucGRFOFVUMGIwS2Y3a3R6cWRJ?=
 =?utf-8?B?VzVqY2RQUkhqc2NlRWQzK1RQV3lkWlZPd1FnQ2hTTHNGOWpPQzFhVUwzRkJj?=
 =?utf-8?B?QSt2MUtMd2pYOHZwUU96ZHIvQWQ3OCsxMzQyM1hrSUZXYWJmbE13UCtaS1NN?=
 =?utf-8?B?OUtqcFk0Qi9XVHZ1WEZ6VDBVWkVaYnk0ajVzQ3EwREYwN0dFZzZNVkJ3YTFz?=
 =?utf-8?B?Si9MTDdSazJsQkJEa1RlVXF0S3hhRC8rU0hqdE1sQ1p0UGV3S2Eyc0U4UTJL?=
 =?utf-8?B?NVhvZWF4TlppZFZjUGpYQ3lqMnVXZG5Nb0RCMTBoVHhIU1dhOGNWcGtKbG5v?=
 =?utf-8?B?OWoxSlIvam1WNnR3VERXQXFCeTBYSUNaNGlQK0pFdi9QbWt5R1J4RVRlS2VM?=
 =?utf-8?B?WEhWSjU3a0VJeVdoeXRPV2ZROW1jYndZaXZFQVJFNTBGdzlHQUpLYXBEZERS?=
 =?utf-8?B?MUpaOFBVeG1HSEdpN2lvRlY2VkY4OVg1YkEvT0V5ak1xR0cwc2RyUGM0ZDNi?=
 =?utf-8?B?L00wM212VC9VRVBTRXVmRmV2citEM1ZFL0ZmVFRXNk1sQWsxT2UzK2xzcEx5?=
 =?utf-8?B?U25pQllpMCt2SmpQclVEZWl5NloyeFUvQXFhZXVtc2lXR2ZPZ3lyVlQyWUhj?=
 =?utf-8?B?WFgxd2VJR2s1SGRLZGp3RHhUQkZFc05EL3BpTmRxRmhSTnpmR2ZQWEN3Y2xt?=
 =?utf-8?B?NEJDRjlPbTNJL09CUDd5OHNNK1cxakJuVmM3N2FqVitrckJzeHQ1NUs4ZWp5?=
 =?utf-8?B?UU1qNTl4K1NCcEROT09yeTJOY0VGclZyMXBIcFVqVDhxSUFOM0NqMVdYaG52?=
 =?utf-8?B?QmtMNXlDNEJXV2tEMERQMUxaRjZRREIzVmRhS0gxMTNCUTFkbjdsQ1RDR002?=
 =?utf-8?B?NUxEUWpQVmRWOStkblFkY2VWU3VobzNWcmkxVU8xcHZmOTA3TC84dlMrcW52?=
 =?utf-8?B?dGtXM2VnNUJ1dXQ2STZwQXp0RmpJWUpJTHJXaHp0WWphVFdQWmhWSTVINW1E?=
 =?utf-8?B?ZkZqR085TUViL0U1d2laZ0tkZlk2Q0NTd2x4WU5oSDAzRXlDQUg1TTNWdFk4?=
 =?utf-8?B?QnJzWDNaWWxvQ1VpM2FtWFBHbHlCWmpXQzA5RzFLT3NPTVVEaUJENnNpY2pz?=
 =?utf-8?B?bTlwYnBPdUlPV0hPRDR4ditMSUpUTE1vbjNmbWRqUy9HVTg3cHdvOE1FaDhy?=
 =?utf-8?B?dGlKbyttZDBRQ25nV1hsdEpTTDFFY0M4L2F0N2Uwb2h0UnF6b3pVNVhucnpJ?=
 =?utf-8?B?TnlUS2xMTXNlS2ZKbHM5NlJ3TmN2cEZ5OXYzNzRiaXBQRUFBKzV2U2xkSGlQ?=
 =?utf-8?B?a2plb1JhdWZpUERVVDRtRzBldDZCUlVIZTFLVTNyTnhDWjg5UjNEVWZKc3pq?=
 =?utf-8?B?SSs5UVIzcHBocEtzRnoyK3dOVFRpL292bEJVUDhQOWY0Mk9aRmdQdk5Ebncz?=
 =?utf-8?B?cmlicEdkU2NDdk0wNmZETnRjNXdORzhaS0hPRHY5RGE4NTZUTFlpWW1xSWdj?=
 =?utf-8?B?Z3NzQlpsT0lsRmNuV2hUQUsxMnVvc1JWc0c5cXQ1QmExWC9ScGg1cWRRMTlO?=
 =?utf-8?B?eHhUQkNoUUtjeDdtUzJRdEpYeVZiUUNqL1lldHlIelY1MkpqQko5SlA4Vmwz?=
 =?utf-8?B?M0tPeFBMN1NZcjZHeUtHNjdReXQvT2Y2VWRLcUV6aytHM2FzdzNmZ0J5MUta?=
 =?utf-8?B?amt4a2RYUGhrYmZHVXFCMUN5aDNLN2F2ZVlGaWVKeVc0a2MwYlh6enNMZ00y?=
 =?utf-8?B?UkM3cC8yc1dJZmRONUpWTWtWdlFneVdTVlJ5M3NnM2tzVDcyN2R5SUY0dmRE?=
 =?utf-8?B?a0xVaWFKWSsyV2pnbXloY01mUS9UdC9LdjlKMGFQaVA2Z25zejVpT1hXTTJs?=
 =?utf-8?B?SlovMzBveFIva2cwM1kyZEVhOEp1YjYyakZMTU1XOTNScFRwTHI3YVlIMEFi?=
 =?utf-8?B?TVZ6NnNoR3lQWGxjVXVnRXVJTGd4b2kzTEtGbzNLV1JJRS9YNms4bEkzVDhk?=
 =?utf-8?B?U05Dd1laWGtBYlZUK0FZRHM4bGxIald1RjJKd0ZLbXNMTE42TCt5SzZ5bUhQ?=
 =?utf-8?B?cXFtTWlvN0V1Yml2OThpaXVndEVlTkRRdlpRSWhlS1pBcFQ4VnJsQTFOWSth?=
 =?utf-8?Q?oU7PoN36dQeGaocOEuMKWSSDb?=
X-OriginatorOrg: mdpsys.co.uk
X-MS-Exchange-CrossTenant-Network-Message-Id: dec87e4a-42be-4c8f-f9aa-08dcd7fb598a
X-MS-Exchange-CrossTenant-AuthSource: LO3P123MB2972.GBRP123.PROD.OUTLOOK.COM
X-MS-Exchange-CrossTenant-AuthAs: Internal
X-MS-Exchange-CrossTenant-OriginalArrivalTime: 18 Sep 2024 16:02:52.2328
 (UTC)
X-MS-Exchange-CrossTenant-FromEntityHeader: Hosted
X-MS-Exchange-CrossTenant-Id: 07eb37f3-62d1-4b5c-a7c4-ed2a24dbebc2
X-MS-Exchange-CrossTenant-MailboxType: HOSTED
X-MS-Exchange-CrossTenant-UserPrincipalName: GFlRykmMof6UwAbDHTaAjcAxdFAHwCI0/zDxIcu78b+wBqNotA/t1VdtY+5pA1Ios4DDG49ywzMkXbgrtVlJpA==
X-MS-Exchange-Transport-CrossTenantHeadersStamped: LO8P123MB7795

Hi Chris,

The 18/09/2024 03:36, Chris Lu (陸稚泓) wrote:
> On Tue, 2024-09-17 at 20:53 +0100, marc.payne@mdpsys.co.uk<mailto:marc.payne@mdpsys.co.uk> wrote:
> 
> Hi Marc,
> 
> Thank you for providing the logs for us to debug.
> 
> 
> External email : Please do not click links or open attachments until you have verified the sender or the content.
>  The 12/09/2024 07:09, Chris Lu (陸稚泓) wrote:
> > On Tue, 2024-09-10 at 18:09 +0100, Marc Payne wrote:
> >
> > Hi Marc,
> 
> Hi,
> 
> >
> > Is it possible to provide entire kernel log for further debugging?
> > (From boot up to issue heppen)
> >
> > We suspect that the issue occurred event earilier and our controller is
> > not able to recover itself. Therfore, we need to check if Bluetooth
> > works as expected in the booting stage.
> 
> Happy to help. Below is the log for a cold boot of Linux 6.11-rc7 (with
> the additional patch to avoid the controller reset before fw load). The
> MT7921AUN is directly connected to one of the computer's USB ports. The
> 
> Is "MT7921AUN" an external Bluetooth/WiFi usb dongle?
> From the information in the kernel log you provided, the MT7921AUN IC used on
> the dongle is not for Linux PC project. Since the firmware we push to Kernel is not
> for "MT7921AUN", software, firmware and hardware may not match. Using that
> dongle with Linux-Based Notebook may lead to some unexpected errors such as
> Bluetooth can't setup successfully.

Yes it is a USB3-based device, the Alfa Networks AWUS036AXML [1] and is
advertised as being Linux compatible. It is often recommended specifically for
use with Linux [2]. The idea that the hardware may be considered 'Windows-only'
is not a pleasant one...

The WiFi functionality works with the in-kernel mt7921u driver, the
device IDs present since the driver was added to the kernel. Is it not
reasonable to expect the Bluetooth function to work too? I don't work in
IC design but it seems to me that the internals of a MT7921K (which
appears to be the PCIe/USB equivalent) and a MT7921AUN would be very
similar given they share the same name and device IDs. The BT function
will be USB-based on both would it not? There is obviously something
different given that you aren't seeing the same errors in your test
enviroment. Can any of your colleagues provide any insight?

Since I bought the device earlier this year, I have suspected that the
BT firmware had a compatibility issue. I emailed you with my findings at
the beginning of June [3]. At the time, the loading of the BT firmware
was causing the device to become unresponsive which meant the WiFi
function was unavailable. I worked around the issue by deleting the BT
fw file. I then went back through previous fw versions in the linux-firmware
repo and discovered that version 20230526131214 was the latest working
version. Something must have changed in the firmware code after version
20230526131214 that broke compatibility. Perhaps you can review the
changelog?

In my original regression report [4] I included a log showing failures
but then a successful init of the BT after a (double) USB reset:

[   77.765047] usb 4-3.1.2: new SuperSpeed USB device number 4 using xhci_hcd
[   77.785044] usb 4-3.1.2: New USB device found, idVendor=0e8d, idProduct=7961, bcdDevice= 1.00
[   77.785063] usb 4-3.1.2: New USB device strings: Mfr=6, Product=7, SerialNumber=8
[   77.785069] usb 4-3.1.2: Product: Wireless_Device
[   77.785073] usb 4-3.1.2: Manufacturer: MediaTek Inc.
[   77.785077] usb 4-3.1.2: SerialNumber: 000000000
[   77.807685] Bluetooth: hci1: HW/SW Version: 0x008a008a, Build Time: 20240716151445
[   80.570163] Bluetooth: hci1: Device setup in 2710186 usecs
[   80.570173] Bluetooth: hci1: HCI Enhanced Setup Synchronous Connection command is advertised, but not supported.
[   81.871516] Bluetooth: hci1: Mediatek coredump end
[   82.734805] Bluetooth: hci1: Opcode 0x0c03 failed: -110
[   82.754807] Bluetooth: hci1: Mediatek coredump end
[   84.868215] Bluetooth: hci1: Failed to read MSFT supported features (-110)
[   87.001566] Bluetooth: hci1: AOSP get vendor capabilities (-110)
[   92.292375] usb 4-3.1.2: reset SuperSpeed USB device number 4 using xhci_hcd
[   92.385619] usb 4-3.1.2: reset SuperSpeed USB device number 4 using xhci_hcd
[   92.406786] Bluetooth: hci2: HW/SW Version: 0x008a008a, Build Time: 20240716151445
[   94.920337] Bluetooth: hci2: Device setup in 2455839 usecs
[   94.920343] Bluetooth: hci2: HCI Enhanced Setup Synchronous Connection command is advertised, but not supported.
[   94.994480] Bluetooth: hci2: AOSP extensions version v1.00
[   94.994494] Bluetooth: hci2: AOSP quality report is supported
[   94.995001] Bluetooth: MGMT ver 1.23

I don't know why those resets occurred, they do not happen consistently.
Based on the above I did some further experimenting with the latest fw
and the usbreset command 'usbreset 004/003':

[ 1541.974533] usb 4-1: new SuperSpeed USB device number 3 using xhci_hcd
[ 1541.997054] usb 4-1: New USB device found, idVendor=0e8d, idProduct=7961, bcdDevice= 1.00
[ 1541.997063] usb 4-1: New USB device strings: Mfr=6, Product=7, SerialNumber=8
[ 1541.997066] usb 4-1: Product: Wireless_Device
[ 1541.997068] usb 4-1: Manufacturer: MediaTek Inc.
[ 1541.997070] usb 4-1: SerialNumber: 000000000
[ 1542.005773] Bluetooth: hci0: HW/SW Version: 0x008a008a, Build Time: 20240826151221
[ 1544.870609] Bluetooth: hci0: Device setup in 2799269 usecs
[ 1544.870614] Bluetooth: hci0: HCI Enhanced Setup Synchronous Connection command is advertised, but not supported.
[ 1546.164252] Bluetooth: hci0: Mediatek coredump end
[ 1547.010929] Bluetooth: hci0: Opcode 0x0c03 failed: -110
[ 1547.044247] Bluetooth: hci0: Mediatek coredump end
[ 1549.144294] Bluetooth: hci0: Failed to read MSFT supported features (-110)
[ 1551.277666] Bluetooth: hci0: AOSP get vendor capabilities (-110)
[ 1552.131148] usb 4-1: Disable of device-initiated U1 failed.
[ 1557.251111] usb 4-1: Disable of device-initiated U2 failed.
[ 1562.591824] usb 4-1: reset SuperSpeed USB device number 3 using xhci_hcd
[ 1562.614686] Bluetooth: hci1: HW/SW Version: 0x008a008a, Build Time: 20240826151221
[ 1565.200311] Bluetooth: hci1: Device setup in 2526663 usecs
[ 1565.200317] Bluetooth: hci1: HCI Enhanced Setup Synchronous Connection command is advertised, but not supported.
[ 1565.275182] Bluetooth: hci1: AOSP extensions version v1.00
[ 1565.275194] Bluetooth: hci1: AOSP quality report is supported
[ 1565.275479] Bluetooth: MGMT ver 1.23
[ 1579.304623] hid-generic 0005:046D:B014.0005: unknown main item tag 0x0
[ 1579.304840] input: Bluetooth Mouse M336/M337/M535 Mouse as /devices/virtual/misc/uhid/0005:046D:B014.0005/input/input22
[ 1579.305358] input: Bluetooth Mouse M336/M337/M535 Consumer Control as /devices/virtual/misc/uhid/0005:046D:B014.0005/input/input23
[ 1579.305629] input: Bluetooth Mouse M336/M337/M535 Keyboard as /devices/virtual/misc/uhid/0005:046D:B014.0005/input/input26
[ 1579.437733] hid-generic 0005:046D:B014.0005: input,hidraw3: BLUETOOTH HID v12.00 Mouse [Bluetooth Mouse M336/M337/M535] on XX:XX:XX:XX:XX:XX


It seems that a well-timed USB reset allows the device to initiialize
correctly and a BT mouse can pair. Perhaps this gives a clue as to what
may be wrong in the firmware? Why is the device setup time faster the
second time? Perhaps the buggy code is not being run?

> 
> Do you have an M.2 MT7921 module? (Typically existed in the Notebook product with
> MediaTek Connectivity solution). The M.2 module is the correct one expected to be used.
> I've setup an environment locally with Kernel v6.11, With Hao Qin's solustion
> ("[PATCH] Bluetooth: btmtk: Remove resetting mt7921 before downloading the fw"),
> I'm albe to successfully setup Bluetooth and works normally.

I don't have an M.2 MT7921 module at present by should have a
MT7921K-based PCIe card in a few days. I'll test all the patches with
that.

[1] https://alfa-network.eu/wi-fi/wi-fi-adapters/alfa-usb-adapter-awus036axml
[2] https://github.com/morrownr/USB-WiFi/blob/main/home/USB_WiFi_Adapters_that_are_supported_with_Linux_in-kernel_drivers.md
[3] https://lore.kernel.org/linux-bluetooth/ZlsfLwqWRUYV25Lz@mdpsys.co.uk/
[4] https://lore.kernel.org/linux-bluetooth/ZsTh7Jyug7MbZsLE@mdpsys.co.uk/

Regards,

Marc

> 
> BRs,
> Chris
> 
> system has an Intel AX211 fitted so I have disabled it's bluetooth
> functionality in the UEFI setup.
> 
> Hope this helps.
> 
> >
> > BRs,
> > Chris Lu
> 
> Regards,
> 
> Marc
> 
> 
> [    0.000000] Linux version 6.11.0-rc7-00001-g0e2ad6528188-dirty (marcp@mdp-archnuc<mailto:marcp@mdp-archnuc>) (gcc (GCC) 14.2.1 20240805, GNU ld (GNU Binutils) 2.43.0) #71 SMP PREEMPT_DYNAMIC Mon Sep  9 23:22:56 BST 2024
> [    0.000000] Command line: root=UUID=0420afc7-4947-4e2e-a096-b607b8b7fd93 rw quiet initrd=boot\intel-ucode.img initrd=boot\initramfs-linux611.img resume=UUID=0420afc7-4947-4e2e-a096-b607b8b7fd93 resume_offset=106496
> [    0.000000] x86/split lock detection: #AC: crashing the kernel on kernel split_locks and warning on user-space split_locks
> [    0.000000] BIOS-provided physical RAM map:
> [    0.000000] BIOS-e820: [mem 0x0000000000000000-0x000000000009dfff] usable
> [    0.000000] BIOS-e820: [mem 0x000000000009e000-0x000000000009efff] reserved
> [    0.000000] BIOS-e820: [mem 0x000000000009f000-0x000000000009ffff] usable
> [    0.000000] BIOS-e820: [mem 0x00000000000a0000-0x00000000000fffff] reserved
> [    0.000000] BIOS-e820: [mem 0x0000000000100000-0x000000004dd45fff] usable
> [    0.000000] BIOS-e820: [mem 0x000000004dd46000-0x0000000056c70fff] reserved
> [    0.000000] BIOS-e820: [mem 0x0000000056c71000-0x0000000056d48fff] ACPI data
> [    0.000000] BIOS-e820: [mem 0x0000000056d49000-0x0000000056ecefff] ACPI NVS
> [    0.000000] BIOS-e820: [mem 0x0000000056ecf000-0x000000005a7fefff] reserved
> [    0.000000] BIOS-e820: [mem 0x000000005a7ff000-0x000000005a7fffff] usable
> [    0.000000] BIOS-e820: [mem 0x000000005a800000-0x00000000611fffff] reserved
> [    0.000000] BIOS-e820: [mem 0x0000000061e00000-0x00000000687fffff] reserved
> [    0.000000] BIOS-e820: [mem 0x00000000c0000000-0x00000000cfffffff] reserved
> [    0.000000] BIOS-e820: [mem 0x00000000fe000000-0x00000000fe010fff] reserved
> [    0.000000] BIOS-e820: [mem 0x00000000fec00000-0x00000000fec00fff] reserved
> [    0.000000] BIOS-e820: [mem 0x00000000fed00000-0x00000000fed00fff] reserved
> [    0.000000] BIOS-e820: [mem 0x00000000fed20000-0x00000000fed7ffff] reserved
> [    0.000000] BIOS-e820: [mem 0x00000000fee00000-0x00000000fee00fff] reserved
> [    0.000000] BIOS-e820: [mem 0x00000000ff000000-0x00000000ffffffff] reserved
> [    0.000000] BIOS-e820: [mem 0x0000000100000000-0x00000010977fffff] usable
> [    0.000000] NX (Execute Disable) protection: active
> [    0.000000] APIC: Static calls initialized
> [    0.000000] efi: EFI v2.8 by American Megatrends
> [    0.000000] efi: ACPI=0x56e48000 ACPI 2.0=0x56e48014 TPMFinalLog=0x56db4000 SMBIOS=0x5a483000 SMBIOS 3.0=0x5a482000 MEMATTR=0x4485d118 ESRT=0x43ea7e98 INITRD=0x41e12e98 RNG=0x56c9b018 TPMEventLog=0x41dd5018
> [    0.000000] random: crng init done
> [    0.000000] efi: Remove mem115: MMIO range=[0xc0000000-0xcfffffff] (256MB) from e820 map
> [    0.000000] e820: remove [mem 0xc0000000-0xcfffffff] reserved
> [    0.000000] efi: Not removing mem116: MMIO range=[0xfe000000-0xfe010fff] (68KB) from e820 map
> [    0.000000] efi: Not removing mem117: MMIO range=[0xfec00000-0xfec00fff] (4KB) from e820 map
> [    0.000000] efi: Not removing mem118: MMIO range=[0xfed00000-0xfed00fff] (4KB) from e820 map
> [    0.000000] efi: Not removing mem120: MMIO range=[0xfee00000-0xfee00fff] (4KB) from e820 map
> [    0.000000] efi: Remove mem121: MMIO range=[0xff000000-0xffffffff] (16MB) from e820 map
> [    0.000000] e820: remove [mem 0xff000000-0xffffffff] reserved
> [    0.000000] SMBIOS 3.5.0 present.
> [    0.000000] DMI: Intel(R) Client Systems NUC12WSHi7/NUC12WSBi7, BIOS WSADL357.0088.2023.0505.1623 05/05/2023
> [    0.000000] DMI: Memory slots populated: 2/2
> [    0.000000] tsc: Detected 2500.000 MHz processor
> [    0.000000] tsc: Detected 2496.000 MHz TSC
> [    0.000549] e820: update [mem 0x00000000-0x00000fff] usable ==> reserved
> [    0.000550] e820: remove [mem 0x000a0000-0x000fffff] usable
> [    0.000555] last_pfn = 0x1097800 max_arch_pfn = 0x400000000
> [    0.000558] MTRR map: 5 entries (3 fixed + 2 variable; max 23), built from 10 variable MTRRs
> [    0.000559] x86/PAT: Configuration [0-7]: WB  WC  UC- UC  WB  WP  UC- WT
> [    0.000935] last_pfn = 0x5a800 max_arch_pfn = 0x400000000
> [    0.014044] esrt: Reserving ESRT space from 0x0000000043ea7e98 to 0x0000000043ea7f98.
> [    0.014049] e820: update [mem 0x43ea7000-0x43ea7fff] usable ==> reserved
> [    0.014062] Using GB pages for direct mapping
> [    0.014063] Incomplete global flushes, disabling PCID
> [    0.014285] Secure boot disabled
> [    0.014285] RAMDISK: [mem 0x39be8000-0x4039cfff]
> [    0.014312] ACPI: Early table checksum verification disabled
> [    0.014315] ACPI: RSDP 0x0000000056E48014 000024 (v02 INTEL )
> [    0.014318] ACPI: XSDT 0x0000000056DE4728 000114 (v01 INTEL  NUCxi7A5 00000058 AMI  01000013)
> [    0.014322] ACPI: FACP 0x0000000056D46000 000114 (v06 INTEL  NUCxi7A5 00000058 AMI  01000013)
> [    0.014326] ACPI: DSDT 0x0000000056CD9000 06CECF (v02 INTEL  NUCxi7A5 00000058 INTL 20200717)
> [    0.014328] ACPI: FACS 0x0000000056ECC000 000040
> [    0.014329] ACPI: FIDT 0x0000000056CD8000 00009C (v01 INTEL  NUCxi7A5 00000058 AMI  00010013)
> [    0.014331] ACPI: SSDT 0x0000000056D48000 00038C (v02 INTEL  NUCxi7A5 00000058 INTL 20200717)
> [    0.014333] ACPI: SSDT 0x0000000056CD2000 005D2C (v02 INTEL  NUCxi7A5 00000058 INTL 20200717)
> [    0.014335] ACPI: SSDT 0x0000000056CCF000 002AA1 (v02 INTEL  NUCxi7A5 00000058 INTL 20200717)
> [    0.014337] ACPI: SSDT 0x0000000056CCB000 0033D3 (v02 INTEL  NUCxi7A5 00000058 INTL 20200717)
> [    0.014339] ACPI: SSDT 0x0000000056CBD000 00D39F (v02 INTEL  NUCxi7A5 00001000 INTL 20200717)
> [    0.014341] ACPI: HPET 0x0000000056D47000 000038 (v01 INTEL  NUCxi7A5 00000058 AMI  01000013)
> [    0.014343] ACPI: APIC 0x0000000056CBC000 0001DC (v05 INTEL  NUCxi7A5 00000058 AMI  01000013)
> [    0.014344] ACPI: MCFG 0x0000000056CBB000 00003C (v01 INTEL  NUCxi7A5 00000058 AMI  01000013)
> [    0.014346] ACPI: SSDT 0x0000000056CB9000 001F04 (v02 INTEL  NUCxi7A5 00000058 INTL 20200717)
> [    0.014348] ACPI: SSDT 0x0000000056CB7000 001DFD (v02 INTEL  NUCxi7A5 00000058 INTL 20200717)
> [    0.014350] ACPI: UEFI 0x0000000056D9B000 000048 (v01 INTEL  NUCxi7A5 00000058 AMI  01000013)
> [    0.014352] ACPI: NHLT 0x0000000056CB6000 0002F1 (v00 INTEL  NUCxi7A5 00000058 AMI  01000013)
> [    0.014353] ACPI: LPIT 0x0000000056CB5000 0000CC (v01 INTEL  NUCxi7A5 00000058 AMI  01000013)
> [    0.014355] ACPI: WDAT 0x0000000056CB3000 000134 (v01 INTEL  NUCxi7A5 00000058 AMI  01000013)
> [    0.014357] ACPI: SSDT 0x0000000056CB0000 002A83 (v02 INTEL  NUCxi7A5 00000058 INTL 20200717)
> [    0.014359] ACPI: SSDT 0x0000000056CAD000 002357 (v02 INTEL  NUCxi7A5 00000058 INTL 20200717)
> [    0.014361] ACPI: DBGP 0x0000000056CAC000 000034 (v01 INTEL  NUCxi7A5 00000058 AMI  01000013)
> [    0.014363] ACPI: DBG2 0x0000000056CAB000 000054 (v00 INTEL  NUCxi7A5 00000058 AMI  01000013)
> [    0.014364] ACPI: DMAR 0x0000000056CAA000 000088 (v02 INTEL  NUCxi7A5 00000058      01000013)
> [    0.014366] ACPI: FPDT 0x0000000056CA9000 000044 (v01 INTEL  NUCxi7A5 00000058 AMI  01000013)
> [    0.014368] ACPI: SSDT 0x0000000056CA8000 000D56 (v02 INTEL  NUCxi7A5 00000058 INTL 20200717)
> [    0.014370] ACPI: SSDT 0x0000000056CA4000 003AEA (v02 INTEL  NUCxi7A5 00000058 INTL 20200717)
> [    0.014372] ACPI: SSDT 0x0000000056CA0000 0035A2 (v02 INTEL  NUCxi7A5 00000058 INTL 20200717)
> [    0.014374] ACPI: SSDT 0x0000000056C9F000 000144 (v02 INTEL  NUCxi7A5 00000058 INTL 20200717)
> [    0.014376] ACPI: BGRT 0x0000000056C9E000 000038 (v01 INTEL  NUCxi7A5 00000058 AMI  00010013)
> [    0.014377] ACPI: TPM2 0x0000000056C9D000 00004C (v04 INTEL  NUCxi7A5 00000058 AMI  00000000)
> [    0.014379] ACPI: PHAT 0x0000000056C9C000 00062D (v01 INTEL  NUCxi7A5 00000058 MSFT 0100000D)
> [    0.014381] ACPI: WSMT 0x0000000056CB4000 000028 (v01 INTEL  NUCxi7A5 00000058 AMI  00010013)
> [    0.014383] ACPI: Reserving FACP table memory at [mem 0x56d46000-0x56d46113]
> [    0.014384] ACPI: Reserving DSDT table memory at [mem 0x56cd9000-0x56d45ece]
> [    0.014384] ACPI: Reserving FACS table memory at [mem 0x56ecc000-0x56ecc03f]
> [    0.014385] ACPI: Reserving FIDT table memory at [mem 0x56cd8000-0x56cd809b]
> [    0.014386] ACPI: Reserving SSDT table memory at [mem 0x56d48000-0x56d4838b]
> [    0.014386] ACPI: Reserving SSDT table memory at [mem 0x56cd2000-0x56cd7d2b]
> [    0.014387] ACPI: Reserving SSDT table memory at [mem 0x56ccf000-0x56cd1aa0]
> [    0.014387] ACPI: Reserving SSDT table memory at [mem 0x56ccb000-0x56cce3d2]
> [    0.014388] ACPI: Reserving SSDT table memory at [mem 0x56cbd000-0x56cca39e]
> [    0.014388] ACPI: Reserving HPET table memory at [mem 0x56d47000-0x56d47037]
> [    0.014389] ACPI: Reserving APIC table memory at [mem 0x56cbc000-0x56cbc1db]
> [    0.014389] ACPI: Reserving MCFG table memory at [mem 0x56cbb000-0x56cbb03b]
> [    0.014390] ACPI: Reserving SSDT table memory at [mem 0x56cb9000-0x56cbaf03]
> [    0.014390] ACPI: Reserving SSDT table memory at [mem 0x56cb7000-0x56cb8dfc]
> [    0.014391] ACPI: Reserving UEFI table memory at [mem 0x56d9b000-0x56d9b047]
> [    0.014391] ACPI: Reserving NHLT table memory at [mem 0x56cb6000-0x56cb62f0]
> [    0.014392] ACPI: Reserving LPIT table memory at [mem 0x56cb5000-0x56cb50cb]
> [    0.014392] ACPI: Reserving WDAT table memory at [mem 0x56cb3000-0x56cb3133]
> [    0.014393] ACPI: Reserving SSDT table memory at [mem 0x56cb0000-0x56cb2a82]
> [    0.014393] ACPI: Reserving SSDT table memory at [mem 0x56cad000-0x56caf356]
> [    0.014394] ACPI: Reserving DBGP table memory at [mem 0x56cac000-0x56cac033]
> [    0.014394] ACPI: Reserving DBG2 table memory at [mem 0x56cab000-0x56cab053]
> [    0.014395] ACPI: Reserving DMAR table memory at [mem 0x56caa000-0x56caa087]
> [    0.014395] ACPI: Reserving FPDT table memory at [mem 0x56ca9000-0x56ca9043]
> [    0.014396] ACPI: Reserving SSDT table memory at [mem 0x56ca8000-0x56ca8d55]
> [    0.014396] ACPI: Reserving SSDT table memory at [mem 0x56ca4000-0x56ca7ae9]
> [    0.014397] ACPI: Reserving SSDT table memory at [mem 0x56ca0000-0x56ca35a1]
> [    0.014397] ACPI: Reserving SSDT table memory at [mem 0x56c9f000-0x56c9f143]
> [    0.014398] ACPI: Reserving BGRT table memory at [mem 0x56c9e000-0x56c9e037]
> [    0.014398] ACPI: Reserving TPM2 table memory at [mem 0x56c9d000-0x56c9d04b]
> [    0.014399] ACPI: Reserving PHAT table memory at [mem 0x56c9c000-0x56c9c62c]
> [    0.014400] ACPI: Reserving WSMT table memory at [mem 0x56cb4000-0x56cb4027]
> [    0.014743] No NUMA configuration found
> [    0.014744] Faking a node at [mem 0x0000000000000000-0x00000010977fffff]
> [    0.014746] NODE_DATA(0) allocated [mem 0x10977fb000-0x10977fffff]
> [    0.014795] Zone ranges:
> [    0.014796]   DMA      [mem 0x0000000000001000-0x0000000000ffffff]
> [    0.014797]   DMA32    [mem 0x0000000001000000-0x00000000ffffffff]
> [    0.014798]   Normal   [mem 0x0000000100000000-0x00000010977fffff]
> [    0.014799]   Device   empty
> [    0.014799] Movable zone start for each node
> [    0.014800] Early memory node ranges
> [    0.014800]   node   0: [mem 0x0000000000001000-0x000000000009dfff]
> [    0.014801]   node   0: [mem 0x000000000009f000-0x000000000009ffff]
> [    0.014801]   node   0: [mem 0x0000000000100000-0x000000004dd45fff]
> [    0.014802]   node   0: [mem 0x000000005a7ff000-0x000000005a7fffff]
> [    0.014802]   node   0: [mem 0x0000000100000000-0x00000010977fffff]
> [    0.014805] Initmem setup node 0 [mem 0x0000000000001000-0x00000010977fffff]
> [    0.014808] On node 0, zone DMA: 1 pages in unavailable ranges
> [    0.014809] On node 0, zone DMA: 1 pages in unavailable ranges
> [    0.014821] On node 0, zone DMA: 96 pages in unavailable ranges
> [    0.015998] On node 0, zone DMA32: 19129 pages in unavailable ranges
> [    0.078525] On node 0, zone Normal: 22528 pages in unavailable ranges
> [    0.078536] On node 0, zone Normal: 2048 pages in unavailable ranges
> [    0.078567] Reserving Intel graphics memory at [mem 0x64800000-0x687fffff]
> [    0.080194] ACPI: PM-Timer IO Port: 0x1808
> [    0.080199] ACPI: LAPIC_NMI (acpi_id[0x01] high edge lint[0x1])
> [    0.080200] ACPI: LAPIC_NMI (acpi_id[0x02] high edge lint[0x1])
> [    0.080200] ACPI: LAPIC_NMI (acpi_id[0x03] high edge lint[0x1])
> [    0.080201] ACPI: LAPIC_NMI (acpi_id[0x04] high edge lint[0x1])
> [    0.080201] ACPI: LAPIC_NMI (acpi_id[0x05] high edge lint[0x1])
> [    0.080201] ACPI: LAPIC_NMI (acpi_id[0x06] high edge lint[0x1])
> [    0.080202] ACPI: LAPIC_NMI (acpi_id[0x07] high edge lint[0x1])
> [    0.080202] ACPI: LAPIC_NMI (acpi_id[0x08] high edge lint[0x1])
> [    0.080203] ACPI: LAPIC_NMI (acpi_id[0x09] high edge lint[0x1])
> [    0.080203] ACPI: LAPIC_NMI (acpi_id[0x0a] high edge lint[0x1])
> [    0.080203] ACPI: LAPIC_NMI (acpi_id[0x0b] high edge lint[0x1])
> [    0.080204] ACPI: LAPIC_NMI (acpi_id[0x0c] high edge lint[0x1])
> [    0.080204] ACPI: LAPIC_NMI (acpi_id[0x0d] high edge lint[0x1])
> [    0.080205] ACPI: LAPIC_NMI (acpi_id[0x0e] high edge lint[0x1])
> [    0.080205] ACPI: LAPIC_NMI (acpi_id[0x0f] high edge lint[0x1])
> [    0.080205] ACPI: LAPIC_NMI (acpi_id[0x10] high edge lint[0x1])
> [    0.080206] ACPI: LAPIC_NMI (acpi_id[0x11] high edge lint[0x1])
> [    0.080206] ACPI: LAPIC_NMI (acpi_id[0x12] high edge lint[0x1])
> [    0.080207] ACPI: LAPIC_NMI (acpi_id[0x13] high edge lint[0x1])
> [    0.080207] ACPI: LAPIC_NMI (acpi_id[0x14] high edge lint[0x1])
> [    0.080207] ACPI: LAPIC_NMI (acpi_id[0x15] high edge lint[0x1])
> [    0.080208] ACPI: LAPIC_NMI (acpi_id[0x16] high edge lint[0x1])
> [    0.080208] ACPI: LAPIC_NMI (acpi_id[0x17] high edge lint[0x1])
> [    0.080209] ACPI: LAPIC_NMI (acpi_id[0x00] high edge lint[0x1])
> [    0.080291] IOAPIC[0]: apic_id 2, version 32, address 0xfec00000, GSI 0-119
> [    0.080293] ACPI: INT_SRC_OVR (bus 0 bus_irq 0 global_irq 2 dfl dfl)
> [    0.080294] ACPI: INT_SRC_OVR (bus 0 bus_irq 9 global_irq 9 high level)
> [    0.080296] ACPI: Using ACPI (MADT) for SMP configuration information
> [    0.080297] ACPI: HPET id: 0x8086a201 base: 0xfed00000
> [    0.080302] e820: update [mem 0x444e6000-0x44584fff] usable ==> reserved
> [    0.080309] TSC deadline timer available
> [    0.080311] CPU topo: Max. logical packages:   1
> [    0.080311] CPU topo: Max. logical dies:       1
> [    0.080312] CPU topo: Max. dies per package:   1
> [    0.080313] CPU topo: Max. threads per core:   2
> [    0.080314] CPU topo: Num. cores per package:    12
> [    0.080314] CPU topo: Num. threads per package:  16
> [    0.080314] CPU topo: Allowing 16 present CPUs plus 0 hotplug CPUs
> [    0.080325] PM: hibernation: Registered nosave memory: [mem 0x00000000-0x00000fff]
> [    0.080326] PM: hibernation: Registered nosave memory: [mem 0x0009e000-0x0009efff]
> [    0.080327] PM: hibernation: Registered nosave memory: [mem 0x000a0000-0x000fffff]
> [    0.080328] PM: hibernation: Registered nosave memory: [mem 0x43ea7000-0x43ea7fff]
> [    0.080329] PM: hibernation: Registered nosave memory: [mem 0x444e6000-0x44584fff]
> [    0.080330] PM: hibernation: Registered nosave memory: [mem 0x4dd46000-0x56c70fff]
> [    0.080330] PM: hibernation: Registered nosave memory: [mem 0x56c71000-0x56d48fff]
> [    0.080331] PM: hibernation: Registered nosave memory: [mem 0x56d49000-0x56ecefff]
> [    0.080331] PM: hibernation: Registered nosave memory: [mem 0x56ecf000-0x5a7fefff]
> [    0.080332] PM: hibernation: Registered nosave memory: [mem 0x5a800000-0x611fffff]
> [    0.080332] PM: hibernation: Registered nosave memory: [mem 0x61200000-0x61dfffff]
> [    0.080333] PM: hibernation: Registered nosave memory: [mem 0x61e00000-0x687fffff]
> [    0.080333] PM: hibernation: Registered nosave memory: [mem 0x68800000-0xfdffffff]
> [    0.080333] PM: hibernation: Registered nosave memory: [mem 0xfe000000-0xfe010fff]
> [    0.080334] PM: hibernation: Registered nosave memory: [mem 0xfe011000-0xfebfffff]
> [    0.080334] PM: hibernation: Registered nosave memory: [mem 0xfec00000-0xfec00fff]
> [    0.080334] PM: hibernation: Registered nosave memory: [mem 0xfec01000-0xfecfffff]
> [    0.080335] PM: hibernation: Registered nosave memory: [mem 0xfed00000-0xfed00fff]
> [    0.080335] PM: hibernation: Registered nosave memory: [mem 0xfed01000-0xfed1ffff]
> [    0.080336] PM: hibernation: Registered nosave memory: [mem 0xfed20000-0xfed7ffff]
> [    0.080336] PM: hibernation: Registered nosave memory: [mem 0xfed80000-0xfedfffff]
> [    0.080336] PM: hibernation: Registered nosave memory: [mem 0xfee00000-0xfee00fff]
> [    0.080337] PM: hibernation: Registered nosave memory: [mem 0xfee01000-0xffffffff]
> [    0.080338] [mem 0x68800000-0xfdffffff] available for PCI devices
> [    0.080339] Booting paravirtualized kernel on bare hardware
> [    0.080340] clocksource: refined-jiffies: mask: 0xffffffff max_cycles: 0xffffffff, max_idle_ns: 6370452778343963 ns
> [    0.084163] setup_percpu: NR_CPUS:320 nr_cpumask_bits:16 nr_cpu_ids:16 nr_node_ids:1
> [    0.084800] percpu: Embedded 66 pages/cpu s233472 r8192 d28672 u524288
> [    0.084804] pcpu-alloc: s233472 r8192 d28672 u524288 alloc=1*2097152
> [    0.084806] pcpu-alloc: [0] 00 01 02 03 [0] 04 05 06 07
> [    0.084809] pcpu-alloc: [0] 08 09 10 11 [0] 12 13 14 15
> [    0.084820] Kernel command line: root=UUID=0420afc7-4947-4e2e-a096-b607b8b7fd93 rw quiet initrd=boot\intel-ucode.img initrd=boot\initramfs-linux611.img resume=UUID=0420afc7-4947-4e2e-a096-b607b8b7fd93 resume_offset=106496
> [    0.088825] Dentry cache hash table entries: 8388608 (order: 14, 67108864 bytes, linear)
> [    0.090830] Inode-cache hash table entries: 4194304 (order: 13, 33554432 bytes, linear)
> [    0.090938] Fallback order for Node 0: 0
> [    0.090940] Built 1 zonelists, mobility grouping on.  Total pages: 16667877
> [    0.090941] Policy zone: Normal
> [    0.091110] mem auto-init: stack:all(zero), heap alloc:on, heap free:off
> [    0.091117] software IO TLB: area num 16.
> [    0.174200] SLUB: HWalign=64, Order=0-3, MinObjects=0, CPUs=16, Nodes=1
> [    0.174233] ftrace: allocating 50629 entries in 198 pages
> [    0.178623] ftrace: allocated 198 pages with 4 groups
> [    0.178673] Dynamic Preempt: full
> [    0.178715] rcu: Preemptible hierarchical RCU implementation.
> [    0.178716] rcu: RCU restricting CPUs from NR_CPUS=320 to nr_cpu_ids=16.
> [    0.178716] rcu: RCU priority boosting: priority 1 delay 500 ms.
> [    0.178717] Trampoline variant of Tasks RCU enabled.
> [    0.178718] Rude variant of Tasks RCU enabled.
> [    0.178718] Tracing variant of Tasks RCU enabled.
> [    0.178718] rcu: RCU calculated value of scheduler-enlistment delay is 30 jiffies.
> [    0.178719] rcu: Adjusting geometry for rcu_fanout_leaf=16, nr_cpu_ids=16
> [    0.178727] RCU Tasks: Setting shift to 4 and lim to 1 rcu_task_cb_adjust=1.
> [    0.178728] RCU Tasks Rude: Setting shift to 4 and lim to 1 rcu_task_cb_adjust=1.
> [    0.178729] RCU Tasks Trace: Setting shift to 4 and lim to 1 rcu_task_cb_adjust=1.
> [    0.181066] NR_IRQS: 20736, nr_irqs: 2184, preallocated irqs: 16
> [    0.181413] rcu: srcu_init: Setting srcu_struct sizes based on contention.
> [    0.181851] kfence: initialized - using 2097152 bytes for 255 objects at 0x(____ptrval____)-0x(____ptrval____)
> [    0.181876] Console: colour dummy device 80x25
> [    0.181878] printk: legacy console [tty0] enabled
> [    0.181906] ACPI: Core revision 20240322
> [    0.182096] hpet: HPET dysfunctional in PC10. Force disabled.
> [    0.182097] APIC: Switch to symmetric I/O mode setup
> [    0.182099] DMAR: Host address width 39
> [    0.182099] DMAR: DRHD base: 0x000000fed90000 flags: 0x0
> [    0.182103] DMAR: dmar0: reg_base_addr fed90000 ver 4:0 cap 1c0000c40660462 ecap 29a00f0505e
> [    0.182104] DMAR: DRHD base: 0x000000fed91000 flags: 0x1
> [    0.182107] DMAR: dmar1: reg_base_addr fed91000 ver 5:0 cap d2008c40660462 ecap f050da
> [    0.182109] DMAR: RMRR base: 0x00000064000000 end: 0x000000687fffff
> [    0.182111] DMAR-IR: IOAPIC id 2 under DRHD base  0xfed91000 IOMMU 1
> [    0.182112] DMAR-IR: HPET id 0 under DRHD base 0xfed91000
> [    0.182112] DMAR-IR: Queued invalidation will be enabled to support x2apic and Intr-remapping.
> [    0.186032] DMAR-IR: Enabled IRQ remapping in x2apic mode
> [    0.186034] x2apic enabled
> [    0.186100] APIC: Switched APIC routing to: cluster x2apic
> [    0.197380] clocksource: tsc-early: mask: 0xffffffffffffffff max_cycles: 0x23fa772cf26, max_idle_ns: 440795269835 ns
> [    0.197384] Calibrating delay loop (skipped), value calculated using timer frequency.. 4993.00 BogoMIPS (lpj=8320000)
> [    0.197430] CPU0: Thermal monitoring enabled (TM1)
> [    0.197431] x86/cpu: User Mode Instruction Prevention (UMIP) activated
> [    0.197530] CET detected: Indirect Branch Tracking enabled
> [    0.197532] Last level iTLB entries: 4KB 0, 2MB 0, 4MB 0
> [    0.197532] Last level dTLB entries: 4KB 0, 2MB 0, 4MB 0, 1GB 0
> [    0.197534] process: using mwait in idle threads
> [    0.197536] Spectre V1 : Mitigation: usercopy/swapgs barriers and __user pointer sanitization
> [    0.197537] Spectre V2 : Mitigation: Enhanced / Automatic IBRS
> [    0.197538] Spectre V2 : Spectre v2 / SpectreRSB mitigation: Filling RSB on context switch
> [    0.197538] Spectre V2 : Spectre v2 / PBRSB-eIBRS: Retire a single CALL on VMEXIT
> [    0.197539] Spectre V2 : mitigation: Enabling conditional Indirect Branch Prediction Barrier
> [    0.197540] Speculative Store Bypass: Mitigation: Speculative Store Bypass disabled via prctl
> [    0.197541] Register File Data Sampling: Mitigation: Clear Register File
> [    0.197547] x86/fpu: Supporting XSAVE feature 0x001: 'x87 floating point registers'
> [    0.197548] x86/fpu: Supporting XSAVE feature 0x002: 'SSE registers'
> [    0.197548] x86/fpu: Supporting XSAVE feature 0x004: 'AVX registers'
> [    0.197549] x86/fpu: Supporting XSAVE feature 0x200: 'Protection Keys User registers'
> [    0.197549] x86/fpu: Supporting XSAVE feature 0x800: 'Control-flow User registers'
> [    0.197550] x86/fpu: xstate_offset[2]:  576, xstate_sizes[2]:  256
> [    0.197551] x86/fpu: xstate_offset[9]:  832, xstate_sizes[9]:    8
> [    0.197551] x86/fpu: xstate_offset[11]:  840, xstate_sizes[11]:   16
> [    0.197552] x86/fpu: Enabled xstate features 0xa07, context size is 856 bytes, using 'compacted' format.
> [    0.200716] Freeing SMP alternatives memory: 40K
> [    0.200716] pid_max: default: 32768 minimum: 301
> [    0.200716] LSM: initializing lsm=capability,landlock,lockdown,yama,bpf
> [    0.200716] landlock: Up and running.
> [    0.200716] Yama: becoming mindful.
> [    0.200716] LSM support for eBPF active
> [    0.200716] Mount-cache hash table entries: 131072 (order: 8, 1048576 bytes, linear)
> [    0.200716] Mountpoint-cache hash table entries: 131072 (order: 8, 1048576 bytes, linear)
> [    0.200716] smpboot: CPU0: 12th Gen Intel(R) Core(TM) i7-1260P (family: 0x6, model: 0x9a, stepping: 0x3)
> [    0.200716] Performance Events: XSAVE Architectural LBR, PEBS fmt4+-baseline,  AnyThread deprecated, Alderlake Hybrid events, 32-deep LBR, full-width counters, Intel PMU driver.
> [    0.200716] core: cpu_core PMU driver:
> [    0.200716] ... version:                5
> [    0.200716] ... bit width:              48
> [    0.200716] ... generic registers:      8
> [    0.200716] ... value mask:             0000ffffffffffff
> [    0.200716] ... max period:             00007fffffffffff
> [    0.200716] ... fixed-purpose events:   4
> [    0.200716] ... event mask:             0001000f000000ff
> [    0.200716] signal: max sigframe size: 3632
> [    0.200716] Estimated ratio of average max frequency by base frequency (times 1024): 1556
> [    0.200716] rcu: Hierarchical SRCU implementation.
> [    0.200716] rcu: Max phase no-delay instances is 1000.
> [    0.200716] Timer migration: 2 hierarchy levels; 8 children per group; 2 crossnode level
> [    0.200716] NMI watchdog: Enabled. Permanently consumes one hw-PMU counter.
> [    0.200716] smp: Bringing up secondary CPUs ...
> [    0.200716] smpboot: x86: Booting SMP configuration:
> [    0.200716] .... node  #0, CPUs:        #2  #4  #6  #8  #9 #10 #11 #12 #13 #14 #15
> [    0.018930] core: cpu_atom PMU driver: PEBS-via-PT
> [    0.018930] ... version:                5
> [    0.018930] ... bit width:              48
> [    0.018930] ... generic registers:      6
> [    0.018930] ... value mask:             0000ffffffffffff
> [    0.018930] ... max period:             00007fffffffffff
> [    0.018930] ... fixed-purpose events:   3
> [    0.018930] ... event mask:             000000070000003f
> [    0.210777]   #1  #3  #5  #7
> [    0.215011] smp: Brought up 1 node, 16 CPUs
> [    0.215011] smpboot: Total of 16 processors activated (79903.00 BogoMIPS)
> [    0.217482] Memory: 65276284K/66671508K available (18432K kernel code, 2185K rwdata, 13516K rodata, 3452K init, 3432K bss, 1370520K reserved, 0K cma-reserved)
> [    0.218690] devtmpfs: initialized
> [    0.218690] x86/mm: Memory block size: 2048MB
> [    0.218690] ACPI: PM: Registering ACPI NVS region [mem 0x56d49000-0x56ecefff] (1597440 bytes)
> [    0.218690] clocksource: jiffies: mask: 0xffffffff max_cycles: 0xffffffff, max_idle_ns: 6370867519511994 ns
> [    0.218690] futex hash table entries: 4096 (order: 6, 262144 bytes, linear)
> [    0.218690] pinctrl core: initialized pinctrl subsystem
> [    0.218690] PM: RTC time: 15:43:42, date: 2024-09-17
> [    0.218690] NET: Registered PF_NETLINK/PF_ROUTE protocol family
> [    0.218690] DMA: preallocated 4096 KiB GFP_KERNEL pool for atomic allocations
> [    0.218815] DMA: preallocated 4096 KiB GFP_KERNEL|GFP_DMA pool for atomic allocations
> [    0.220935] DMA: preallocated 4096 KiB GFP_KERNEL|GFP_DMA32 pool for atomic allocations
> [    0.220946] audit: initializing netlink subsys (disabled)
> [    0.220955] audit: type=2000 audit(1726587822.023:1): state=initialized audit_enabled=0 res=1
> [    0.220955] thermal_sys: Registered thermal governor 'fair_share'
> [    0.220955] thermal_sys: Registered thermal governor 'bang_bang'
> [    0.220955] thermal_sys: Registered thermal governor 'step_wise'
> [    0.220955] thermal_sys: Registered thermal governor 'user_space'
> [    0.220955] thermal_sys: Registered thermal governor 'power_allocator'
> [    0.220955] cpuidle: using governor ladder
> [    0.220955] cpuidle: using governor menu
> [    0.220955] acpiphp: ACPI Hot Plug PCI Controller Driver version: 0.5
> [    0.220955] PCI: ECAM [mem 0xc0000000-0xcfffffff] (base 0xc0000000) for domain 0000 [bus 00-ff]
> [    0.220955] PCI: Using configuration type 1 for base access
> [    0.220955] kprobes: kprobe jump-optimization is enabled. All kprobes are optimized if possible.
> [    0.224191] HugeTLB: registered 1.00 GiB page size, pre-allocated 0 pages
> [    0.224191] HugeTLB: 16380 KiB vmemmap can be freed for a 1.00 GiB page
> [    0.224191] HugeTLB: registered 2.00 MiB page size, pre-allocated 0 pages
> [    0.224191] HugeTLB: 28 KiB vmemmap can be freed for a 2.00 MiB page
> [    0.224500] ACPI: Added _OSI(Module Device)
> [    0.224500] ACPI: Added _OSI(Processor Device)
> [    0.224500] ACPI: Added _OSI(3.0 _SCP Extensions)
> [    0.224500] ACPI: Added _OSI(Processor Aggregator Device)
> [    0.312844] ACPI: 14 ACPI AML tables successfully acquired and loaded
> [    0.336673] ACPI: USB4 _OSC: OS supports USB3+ DisplayPort+ PCIe+ XDomain+
> [    0.336675] ACPI: USB4 _OSC: OS controls USB3+ DisplayPort+ PCIe+ XDomain+
> [    0.338150] ACPI: Dynamic OEM Table Load:
> [    0.338158] ACPI: SSDT 0xFFFF9118C178D400 000394 (v02 PmRef  Cpu0Cst  00003001 INTL 20200717)
> [    0.339255] ACPI: Dynamic OEM Table Load:
> [    0.339260] ACPI: SSDT 0xFFFF9118C1798000 0005E4 (v02 PmRef  Cpu0Ist  00003000 INTL 20200717)
> [    0.340384] ACPI: Dynamic OEM Table Load:
> [    0.340388] ACPI: SSDT 0xFFFF9118C2101200 0001AB (v02 PmRef  Cpu0Psd  00003000 INTL 20200717)
> [    0.341453] ACPI: Dynamic OEM Table Load:
> [    0.341457] ACPI: SSDT 0xFFFF9118C179B000 0004BA (v02 PmRef  Cpu0Hwp  00003000 INTL 20200717)
> [    0.342940] ACPI: Dynamic OEM Table Load:
> [    0.342947] ACPI: SSDT 0xFFFF9118C1784000 001BAF (v02 PmRef  ApIst    00003000 INTL 20200717)
> [    0.344827] ACPI: Dynamic OEM Table Load:
> [    0.344833] ACPI: SSDT 0xFFFF9118C1780000 001038 (v02 PmRef  ApHwp    00003000 INTL 20200717)
> [    0.346435] ACPI: Dynamic OEM Table Load:
> [    0.346441] ACPI: SSDT 0xFFFF9118C21C6000 001349 (v02 PmRef  ApPsd    00003000 INTL 20200717)
> [    0.347383] ACPI: Dynamic OEM Table Load:
> [    0.347383] ACPI: SSDT 0xFFFF9118C1797000 000FBB (v02 PmRef  ApCst    00003000 INTL 20200717)
> [    0.351835] ACPI: EC: EC started
> [    0.351836] ACPI: EC: interrupt blocked
> [    0.352497] ACPI: EC: EC_CMD/EC_SC=0x66, EC_DATA=0x62
> [    0.352499] ACPI: \_SB_.PC00.LPCB.EC0_: Boot DSDT EC used to handle transactions
> [    0.352501] ACPI: Interpreter enabled
> [    0.352548] ACPI: PM: (supports S0 S3 S4 S5)
> [    0.352549] ACPI: Using IOAPIC for interrupt routing
> [    0.353800] PCI: Using host bridge windows from ACPI; if necessary, use "pci=nocrs" and report a bug
> [    0.353801] PCI: Ignoring E820 reservations for host bridge windows
> [    0.355184] ACPI: Enabled 7 GPEs in block 00 to 7F
> [    0.357600] ACPI: \_SB_.PC00.PEG0.PXP_: New power resource
> [    0.373986] ACPI: \_SB_.PC00.XHCI.RHUB.HS10.BTRT: New power resource
> [    0.374768] ACPI: \_SB_.PC00.PAUD: New power resource
> [    0.383767] ACPI: \_SB_.PC00.CNVW.WRST: New power resource
> [    0.392041] ACPI: \_SB_.PC00.TBT0: New power resource
> [    0.392349] ACPI: \_SB_.PC00.TBT1: New power resource
> [    0.392651] ACPI: \_SB_.PC00.D3C_: New power resource
> [    0.683890] ACPI: \_TZ_.FN00: New power resource
> [    0.683946] ACPI: \_TZ_.FN01: New power resource
> [    0.684000] ACPI: \_TZ_.FN02: New power resource
> [    0.684056] ACPI: \_TZ_.FN03: New power resource
> [    0.684110] ACPI: \_TZ_.FN04: New power resource
> [    0.684638] ACPI: \PIN_: New power resource
> [    0.685242] ACPI: PCI Root Bridge [PC00] (domain 0000 [bus 00-fe])
> [    0.685248] acpi PNP0A08:00: _OSC: OS supports [ExtendedConfig ASPM ClockPM Segments MSI EDR HPX-Type3]
> [    0.686937] acpi PNP0A08:00: _OSC: platform does not support [AER]
> [    0.690313] acpi PNP0A08:00: _OSC: OS now controls [PCIeHotplug SHPCHotplug PME PCIeCapability LTR DPC]
> [    0.692570] PCI host bridge to bus 0000:00
> [    0.692573] pci_bus 0000:00: root bus resource [io  0x0000-0x0cf7 window]
> [    0.692575] pci_bus 0000:00: root bus resource [io  0x0d00-0xffff window]
> [    0.692576] pci_bus 0000:00: root bus resource [mem 0x000a0000-0x000bffff window]
> [    0.692578] pci_bus 0000:00: root bus resource [mem 0x000e0000-0x000fffff window]
> [    0.692579] pci_bus 0000:00: root bus resource [mem 0x68800000-0xbfffffff window]
> [    0.692580] pci_bus 0000:00: root bus resource [mem 0x4000000000-0x7fffffffff window]
> [    0.692581] pci_bus 0000:00: root bus resource [bus 00-fe]
> [    0.692868] pci 0000:00:00.0: [8086:4621] type 00 class 0x060000 conventional PCI endpoint
> [    0.693054] pci 0000:00:02.0: [8086:46a6] type 00 class 0x030000 PCIe Root Complex Integrated Endpoint
> [    0.693062] pci 0000:00:02.0: BAR 0 [mem 0x603c000000-0x603cffffff 64bit]
> [    0.693067] pci 0000:00:02.0: BAR 2 [mem 0x4000000000-0x400fffffff 64bit pref]
> [    0.693070] pci 0000:00:02.0: BAR 4 [io  0x3000-0x303f]
> [    0.693084] pci 0000:00:02.0: DMAR: Skip IOMMU disabling for graphics
> [    0.693086] pci 0000:00:02.0: Video device with shadowed ROM at [mem 0x000c0000-0x000dffff]
> [    0.693109] pci 0000:00:02.0: VF BAR 0 [mem 0x00000000-0x00ffffff 64bit]
> [    0.693110] pci 0000:00:02.0: VF BAR 0 [mem 0x00000000-0x06ffffff 64bit]: contains BAR 0 for 7 VFs
> [    0.693114] pci 0000:00:02.0: VF BAR 2 [mem 0x00000000-0x1fffffff 64bit pref]
> [    0.693115] pci 0000:00:02.0: VF BAR 2 [mem 0x00000000-0xdfffffff 64bit pref]: contains BAR 2 for 7 VFs
> [    0.693336] pci 0000:00:06.0: [8086:464d] type 01 class 0x060400 PCIe Root Port
> [    0.693379] pci 0000:00:06.0: PCI bridge to [bus 01]
> [    0.693412] pci 0000:00:06.0:   bridge window [mem 0x84600000-0x846fffff]
> [    0.693547] pci 0000:00:06.0: PME# supported from D0 D3hot D3cold
> [    0.693596] pci 0000:00:06.0: PTM enabled (root), 4ns granularity
> [    0.694331] pci 0000:00:07.0: [8086:466e] type 01 class 0x060400 PCIe Root Port
> [    0.694351] pci 0000:00:07.0: PCI bridge to [bus 02-39]
> [    0.694355] pci 0000:00:07.0:   bridge window [mem 0x78000000-0x841fffff]
> [    0.694361] pci 0000:00:07.0:   bridge window [mem 0x6020000000-0x603bffffff 64bit pref]
> [    0.694383] pci 0000:00:07.0: Overriding RP PIO Log Size to 4
> [    0.694445] pci 0000:00:07.0: PME# supported from D0 D3hot D3cold
> [    0.694469] pci 0000:00:07.0: PTM enabled (root), 4ns granularity
> [    0.696553] pci 0000:00:07.2: [8086:462f] type 01 class 0x060400 PCIe Root Port
> [    0.696570] pci 0000:00:07.2: PCI bridge to [bus 3a-63]
> [    0.696574] pci 0000:00:07.2:   bridge window [mem 0x6a000000-0x761fffff]
> [    0.696580] pci 0000:00:07.2:   bridge window [mem 0x6000000000-0x601bffffff 64bit pref]
> [    0.696602] pci 0000:00:07.2: Overriding RP PIO Log Size to 4
> [    0.696664] pci 0000:00:07.2: PME# supported from D0 D3hot D3cold
> [    0.696688] pci 0000:00:07.2: PTM enabled (root), 4ns granularity
> [    0.698832] pci 0000:00:08.0: [8086:464f] type 00 class 0x088000 conventional PCI endpoint
> [    0.698840] pci 0000:00:08.0: BAR 0 [mem 0x603d1bb000-0x603d1bbfff 64bit]
> [    0.698934] pci 0000:00:0a.0: [8086:467d] type 00 class 0x118000 PCIe Root Complex Integrated Endpoint
> [    0.698941] pci 0000:00:0a.0: BAR 0 [mem 0x603d1a0000-0x603d1a7fff 64bit]
> [    0.698958] pci 0000:00:0a.0: enabling Extended Tags
> [    0.699060] pci 0000:00:0d.0: [8086:461e] type 00 class 0x0c0330 conventional PCI endpoint
> [    0.699069] pci 0000:00:0d.0: BAR 0 [mem 0x603d190000-0x603d19ffff 64bit]
> [    0.699109] pci 0000:00:0d.0: PME# supported from D3hot D3cold
> [    0.701032] pci 0000:00:0d.2: [8086:463e] type 00 class 0x0c0340 conventional PCI endpoint
> [    0.701045] pci 0000:00:0d.2: BAR 0 [mem 0x603d140000-0x603d17ffff 64bit]
> [    0.701051] pci 0000:00:0d.2: BAR 2 [mem 0x603d1ba000-0x603d1bafff 64bit]
> [    0.701083] pci 0000:00:0d.2: supports D1 D2
> [    0.701084] pci 0000:00:0d.2: PME# supported from D0 D1 D2 D3hot D3cold
> [    0.701215] pci 0000:00:0d.3: [8086:466d] type 00 class 0x0c0340 conventional PCI endpoint
> [    0.701225] pci 0000:00:0d.3: BAR 0 [mem 0x603d100000-0x603d13ffff 64bit]
> [    0.701231] pci 0000:00:0d.3: BAR 2 [mem 0x603d1b9000-0x603d1b9fff 64bit]
> [    0.701260] pci 0000:00:0d.3: supports D1 D2
> [    0.701261] pci 0000:00:0d.3: PME# supported from D0 D1 D2 D3hot D3cold
> [    0.701532] pci 0000:00:14.0: [8086:51ed] type 00 class 0x0c0330 conventional PCI endpoint
> [    0.701555] pci 0000:00:14.0: BAR 0 [mem 0x603d180000-0x603d18ffff 64bit]
> [    0.701655] pci 0000:00:14.0: PME# supported from D3hot D3cold
> [    0.703595] pci 0000:00:14.2: [8086:51ef] type 00 class 0x050000 conventional PCI endpoint
> [    0.703617] pci 0000:00:14.2: BAR 0 [mem 0x603d1b0000-0x603d1b3fff 64bit]
> [    0.703631] pci 0000:00:14.2: BAR 2 [mem 0x603d1b8000-0x603d1b8fff 64bit]
> [    0.703850] pci 0000:00:14.3: [8086:51f0] type 00 class 0x028000 PCIe Root Complex Integrated Endpoint
> [    0.703912] pci 0000:00:14.3: BAR 0 [mem 0x603d1ac000-0x603d1affff 64bit]
> [    0.707442] pci 0000:00:14.3: PME# supported from D0 D3hot D3cold
> [    0.708349] pci 0000:00:15.0: [8086:51e8] type 00 class 0x0c8000 conventional PCI endpoint
> [    0.709079] pci 0000:00:15.0: BAR 0 [mem 0x00000000-0x00000fff 64bit]
> [    0.712769] pci 0000:00:15.1: [8086:51e9] type 00 class 0x0c8000 conventional PCI endpoint
> [    0.713499] pci 0000:00:15.1: BAR 0 [mem 0x00000000-0x00000fff 64bit]
> [    0.716748] pci 0000:00:16.0: [8086:51e0] type 00 class 0x078000 conventional PCI endpoint
> [    0.716773] pci 0000:00:16.0: BAR 0 [mem 0x603d1b5000-0x603d1b5fff 64bit]
> [    0.716868] pci 0000:00:16.0: PME# supported from D3hot
> [    0.717491] pci 0000:00:17.0: [8086:51d3] type 00 class 0x010601 conventional PCI endpoint
> [    0.717511] pci 0000:00:17.0: BAR 0 [mem 0x84700000-0x84701fff]
> [    0.717522] pci 0000:00:17.0: BAR 1 [mem 0x84703000-0x847030ff]
> [    0.717533] pci 0000:00:17.0: BAR 2 [io  0x3090-0x3097]
> [    0.717543] pci 0000:00:17.0: BAR 3 [io  0x3080-0x3083]
> [    0.717554] pci 0000:00:17.0: BAR 4 [io  0x3060-0x307f]
> [    0.717564] pci 0000:00:17.0: BAR 5 [mem 0x84702000-0x847027ff]
> [    0.717645] pci 0000:00:17.0: PME# supported from D3hot
> [    0.718046] pci 0000:00:1d.0: [8086:51b0] type 01 class 0x060400 PCIe Root Port
> [    0.718078] pci 0000:00:1d.0: PCI bridge to [bus 64]
> [    0.718084] pci 0000:00:1d.0:   bridge window [mem 0x84400000-0x845fffff]
> [    0.718173] pci 0000:00:1d.0: PME# supported from D0 D3hot D3cold
> [    0.718212] pci 0000:00:1d.0: PTM enabled (root), 4ns granularity
> [    0.718877] pci 0000:00:1d.2: [8086:51b2] type 01 class 0x060400 PCIe Root Port
> [    0.718909] pci 0000:00:1d.2: PCI bridge to [bus 65]
> [    0.718915] pci 0000:00:1d.2:   bridge window [mem 0x84200000-0x843fffff]
> [    0.719004] pci 0000:00:1d.2: PME# supported from D0 D3hot D3cold
> [    0.719043] pci 0000:00:1d.2: PTM enabled (root), 4ns granularity
> [    0.719752] pci 0000:00:1f.0: [8086:5182] type 00 class 0x060100 conventional PCI endpoint
> [    0.720154] pci 0000:00:1f.3: [8086:51c8] type 00 class 0x040100 conventional PCI endpoint
> [    0.720216] pci 0000:00:1f.3: BAR 0 [mem 0x603d1a8000-0x603d1abfff 64bit]
> [    0.720290] pci 0000:00:1f.3: BAR 4 [mem 0x603d000000-0x603d0fffff 64bit]
> [    0.720451] pci 0000:00:1f.3: PME# supported from D3hot D3cold
> [    0.721057] pci 0000:00:1f.4: [8086:51a3] type 00 class 0x0c0500 conventional PCI endpoint
> [    0.721086] pci 0000:00:1f.4: BAR 0 [mem 0x603d1b4000-0x603d1b40ff 64bit]
> [    0.721112] pci 0000:00:1f.4: BAR 4 [io  0xefa0-0xefbf]
> [    0.721397] pci 0000:00:1f.5: [8086:51a4] type 00 class 0x0c8000 conventional PCI endpoint
> [    0.721419] pci 0000:00:1f.5: BAR 0 [mem 0xfe010000-0xfe010fff]
> [    0.722353] pci 0000:01:00.0: [15b7:5030] type 00 class 0x010802 PCIe Endpoint
> [    0.722365] pci 0000:01:00.0: BAR 0 [mem 0x84600000-0x84603fff 64bit]
> [    0.722554] pci 0000:00:06.0: PCI bridge to [bus 01]
> [    0.722587] pci 0000:00:07.0: PCI bridge to [bus 02-39]
> [    0.722619] pci 0000:00:07.2: PCI bridge to [bus 3a-63]
> [    0.722800] pci 0000:64:00.0: [8086:15f3] type 00 class 0x020000 PCIe Endpoint
> [    0.722819] pci 0000:64:00.0: BAR 0 [mem 0x84400000-0x844fffff]
> [    0.722844] pci 0000:64:00.0: BAR 3 [mem 0x84500000-0x84503fff]
> [    0.722977] pci 0000:64:00.0: PME# supported from D0 D3hot D3cold
> [    0.723313] pci 0000:00:1d.0: PCI bridge to [bus 64]
> [    0.723788] pci 0000:65:00.0: [8086:125c] type 00 class 0x020000 PCIe Endpoint
> [    0.723806] pci 0000:65:00.0: BAR 0 [mem 0x84200000-0x842fffff]
> [    0.723831] pci 0000:65:00.0: BAR 3 [mem 0x84300000-0x84303fff]
> [    0.723963] pci 0000:65:00.0: PME# supported from D0 D3hot D3cold
> [    0.724773] pci 0000:00:1d.2: PCI bridge to [bus 65]
> [    0.731129] ACPI: PCI: Interrupt link LNKA configured for IRQ 0
> [    0.731229] ACPI: PCI: Interrupt link LNKB configured for IRQ 1
> [    0.731327] ACPI: PCI: Interrupt link LNKC configured for IRQ 0
> [    0.731425] ACPI: PCI: Interrupt link LNKD configured for IRQ 0
> [    0.731523] ACPI: PCI: Interrupt link LNKE configured for IRQ 0
> [    0.731621] ACPI: PCI: Interrupt link LNKF configured for IRQ 0
> [    0.731719] ACPI: PCI: Interrupt link LNKG configured for IRQ 0
> [    0.731816] ACPI: PCI: Interrupt link LNKH configured for IRQ 0
> [    1.109516] Low-power S0 idle used by default for system suspend
> [    1.116947] ACPI: EC: interrupt unblocked
> [    1.116948] ACPI: EC: event unblocked
> [    1.116974] ACPI: EC: EC_CMD/EC_SC=0x66, EC_DATA=0x62
> [    1.116975] ACPI: EC: GPE=0x6e
> [    1.116977] ACPI: \_SB_.PC00.LPCB.EC0_: Boot DSDT EC initialization complete
> [    1.116978] ACPI: \_SB_.PC00.LPCB.EC0_: EC: Used to handle transactions and events
> [    1.117430] iommu: Default domain type: Translated
> [    1.117430] iommu: DMA domain TLB invalidation policy: lazy mode
> [    1.117501] SCSI subsystem initialized
> [    1.117507] libata version 3.00 loaded.
> [    1.117507] ACPI: bus type USB registered
> [    1.117507] usbcore: registered new interface driver usbfs
> [    1.117507] usbcore: registered new interface driver hub
> [    1.117507] usbcore: registered new device driver usb
> [    1.117507] EDAC MC: Ver: 3.0.0
> [    1.120822] efivars: Registered efivars operations
> [    1.120945] NetLabel: Initializing
> [    1.120946] NetLabel:  domain hash size = 128
> [    1.120947] NetLabel:  protocols = UNLABELED CIPSOv4 CALIPSO
> [    1.120965] NetLabel:  unlabeled traffic allowed by default
> [    1.120970] mctp: management component transport protocol core
> [    1.120971] NET: Registered PF_MCTP protocol family
> [    1.120974] PCI: Using ACPI for IRQ routing
> [    1.188171] PCI: pci_cache_line_size set to 64 bytes
> [    1.189575] pci 0000:00:1f.5: BAR 0 [mem 0xfe010000-0xfe010fff]: can't claim; no compatible bridge window
> [    1.190227] e820: reserve RAM buffer [mem 0x0009e000-0x0009ffff]
> [    1.190229] e820: reserve RAM buffer [mem 0x43ea7000-0x43ffffff]
> [    1.190230] e820: reserve RAM buffer [mem 0x444e6000-0x47ffffff]
> [    1.190231] e820: reserve RAM buffer [mem 0x4dd46000-0x4fffffff]
> [    1.190232] e820: reserve RAM buffer [mem 0x5a800000-0x5bffffff]
> [    1.190233] e820: reserve RAM buffer [mem 0x1097800000-0x1097ffffff]
> [    1.190766] pci 0000:00:02.0: vgaarb: setting as boot VGA device
> [    1.190766] pci 0000:00:02.0: vgaarb: bridge control possible
> [    1.190766] pci 0000:00:02.0: vgaarb: VGA device added: decodes=io+mem,owns=io+mem,locks=none
> [    1.190766] vgaarb: loaded
> [    1.190802] clocksource: Switched to clocksource tsc-early
> [    1.191172] VFS: Disk quotas dquot_6.6.0
> [    1.191181] VFS: Dquot-cache hash table entries: 512 (order 0, 4096 bytes)
> [    1.191242] pnp: PnP ACPI init
> [    1.191703] system 00:00: [io  0x0a00-0x0a0f] has been reserved
> [    1.191706] system 00:00: [io  0x0a10-0x0a2f] has been reserved
> [    1.191707] system 00:00: [io  0x0a30-0x0a4f] has been reserved
> [    1.191708] system 00:00: [io  0x0a50-0x0a6f] has been reserved
> [    1.191709] system 00:00: [io  0x0a70-0x0a7f] has been reserved
> [    1.191710] system 00:00: [io  0x0a80-0x0a8f] has been reserved
> [    1.191832] system 00:01: [io  0x0680-0x069f] has been reserved
> [    1.191834] system 00:01: [io  0x164e-0x164f] has been reserved
> [    1.191943] system 00:02: [io  0x1854-0x1857] has been reserved
> [    1.192669] pnp 00:03: disabling [mem 0xc0000000-0xcfffffff] because it overlaps 0000:00:02.0 BAR 9 [mem 0x00000000-0xdfffffff 64bit pref]
> [    1.192693] system 00:03: [mem 0xfedc0000-0xfedc7fff] has been reserved
> [    1.192694] system 00:03: [mem 0xfeda0000-0xfeda0fff] has been reserved
> [    1.192696] system 00:03: [mem 0xfeda1000-0xfeda1fff] has been reserved
> [    1.192697] system 00:03: [mem 0xfed20000-0xfed7ffff] could not be reserved
> [    1.192698] system 00:03: [mem 0xfed90000-0xfed93fff] could not be reserved
> [    1.192699] system 00:03: [mem 0xfed45000-0xfed8ffff] could not be reserved
> [    1.192700] system 00:03: [mem 0xfee00000-0xfeefffff] could not be reserved
> [    1.195625] system 00:04: [io  0x2000-0x20fe] has been reserved
> [    1.196381] pnp: PnP ACPI: found 6 devices
> [    1.201970] clocksource: acpi_pm: mask: 0xffffff max_cycles: 0xffffff, max_idle_ns: 2085701024 ns
> [    1.202017] NET: Registered PF_INET protocol family
> [    1.202177] IP idents hash table entries: 262144 (order: 9, 2097152 bytes, linear)
> [    1.215397] tcp_listen_portaddr_hash hash table entries: 32768 (order: 7, 524288 bytes, linear)
> [    1.215446] Table-perturb hash table entries: 65536 (order: 6, 262144 bytes, linear)
> [    1.215777] TCP established hash table entries: 524288 (order: 10, 4194304 bytes, linear)
> [    1.216299] TCP bind hash table entries: 65536 (order: 9, 2097152 bytes, linear)
> [    1.216406] TCP: Hash tables configured (established 524288 bind 65536)
> [    1.216608] MPTCP token hash table entries: 65536 (order: 8, 1572864 bytes, linear)
> [    1.216758] UDP hash table entries: 32768 (order: 8, 1048576 bytes, linear)
> [    1.216899] UDP-Lite hash table entries: 32768 (order: 8, 1048576 bytes, linear)
> [    1.217011] NET: Registered PF_UNIX/PF_LOCAL protocol family
> [    1.217017] NET: Registered PF_XDP protocol family
> [    1.217024] pci 0000:00:07.0: bridge window [io  0x1000-0x0fff] to [bus 02-39] add_size 1000
> [    1.217028] pci 0000:00:07.2: bridge window [io  0x1000-0x0fff] to [bus 3a-63] add_size 1000
> [    1.217038] pci 0000:00:02.0: VF BAR 2 [mem 0x4020000000-0x40ffffffff 64bit pref]: assigned
> [    1.217042] pci 0000:00:02.0: VF BAR 0 [mem 0x4010000000-0x4016ffffff 64bit]: assigned
> [    1.217045] pci 0000:00:07.0: bridge window [io  0x4000-0x4fff]: assigned
> [    1.217047] pci 0000:00:07.2: bridge window [io  0x5000-0x5fff]: assigned
> [    1.217049] pci 0000:00:15.0: BAR 0 [mem 0x4017000000-0x4017000fff 64bit]: assigned
> [    1.217395] pci 0000:00:15.1: BAR 0 [mem 0x4017001000-0x4017001fff 64bit]: assigned
> [    1.217735] pci 0000:00:1f.5: BAR 0 [mem 0x68800000-0x68800fff]: assigned
> [    1.217752] pci 0000:00:06.0: PCI bridge to [bus 01]
> [    1.217777] pci 0000:00:06.0:   bridge window [mem 0x84600000-0x846fffff]
> [    1.217810] pci 0000:00:07.0: PCI bridge to [bus 02-39]
> [    1.217812] pci 0000:00:07.0:   bridge window [io  0x4000-0x4fff]
> [    1.217814] pci 0000:00:07.0:   bridge window [mem 0x78000000-0x841fffff]
> [    1.217817] pci 0000:00:07.0:   bridge window [mem 0x6020000000-0x603bffffff 64bit pref]
> [    1.217820] pci 0000:00:07.2: PCI bridge to [bus 3a-63]
> [    1.217821] pci 0000:00:07.2:   bridge window [io  0x5000-0x5fff]
> [    1.217824] pci 0000:00:07.2:   bridge window [mem 0x6a000000-0x761fffff]
> [    1.217826] pci 0000:00:07.2:   bridge window [mem 0x6000000000-0x601bffffff 64bit pref]
> [    1.217830] pci 0000:00:1d.0: PCI bridge to [bus 64]
> [    1.217848] pci 0000:00:1d.0:   bridge window [mem 0x84400000-0x845fffff]
> [    1.217855] pci 0000:00:1d.2: PCI bridge to [bus 65]
> [    1.217859] pci 0000:00:1d.2:   bridge window [mem 0x84200000-0x843fffff]
> [    1.217867] pci_bus 0000:00: resource 4 [io  0x0000-0x0cf7 window]
> [    1.217868] pci_bus 0000:00: resource 5 [io  0x0d00-0xffff window]
> [    1.217869] pci_bus 0000:00: resource 6 [mem 0x000a0000-0x000bffff window]
> [    1.217871] pci_bus 0000:00: resource 7 [mem 0x000e0000-0x000fffff window]
> [    1.217872] pci_bus 0000:00: resource 8 [mem 0x68800000-0xbfffffff window]
> [    1.217873] pci_bus 0000:00: resource 9 [mem 0x4000000000-0x7fffffffff window]
> [    1.217874] pci_bus 0000:01: resource 1 [mem 0x84600000-0x846fffff]
> [    1.217875] pci_bus 0000:02: resource 0 [io  0x4000-0x4fff]
> [    1.217876] pci_bus 0000:02: resource 1 [mem 0x78000000-0x841fffff]
> [    1.217877] pci_bus 0000:02: resource 2 [mem 0x6020000000-0x603bffffff 64bit pref]
> [    1.217878] pci_bus 0000:3a: resource 0 [io  0x5000-0x5fff]
> [    1.217879] pci_bus 0000:3a: resource 1 [mem 0x6a000000-0x761fffff]
> [    1.217880] pci_bus 0000:3a: resource 2 [mem 0x6000000000-0x601bffffff 64bit pref]
> [    1.217881] pci_bus 0000:64: resource 1 [mem 0x84400000-0x845fffff]
> [    1.217883] pci_bus 0000:65: resource 1 [mem 0x84200000-0x843fffff]
> [    1.219810] PCI: CLS 64 bytes, default 64
> [    1.219841] DMAR: Intel-IOMMU force enabled due to platform opt in
> [    1.219847] DMAR: No ATSR found
> [    1.219848] DMAR: No SATC found
> [    1.219849] DMAR: IOMMU feature fl1gp_support inconsistent
> [    1.219850] DMAR: IOMMU feature pgsel_inv inconsistent
> [    1.219851] DMAR: IOMMU feature nwfs inconsistent
> [    1.219851] DMAR: IOMMU feature dit inconsistent
> [    1.219852] DMAR: IOMMU feature sc_support inconsistent
> [    1.219853] DMAR: IOMMU feature dev_iotlb_support inconsistent
> [    1.219854] DMAR: dmar0: Using Queued invalidation
> [    1.219857] DMAR: dmar1: Using Queued invalidation
> [    1.219962] Trying to unpack rootfs image as initramfs...
> [    1.220076] pci 0000:00:02.0: Adding to iommu group 0
> [    1.220106] pci 0000:00:00.0: Adding to iommu group 1
> [    1.220117] pci 0000:00:06.0: Adding to iommu group 2
> [    1.220125] pci 0000:00:07.0: Adding to iommu group 3
> [    1.220133] pci 0000:00:07.2: Adding to iommu group 4
> [    1.220142] pci 0000:00:08.0: Adding to iommu group 5
> [    1.220150] pci 0000:00:0a.0: Adding to iommu group 6
> [    1.220165] pci 0000:00:0d.0: Adding to iommu group 7
> [    1.220172] pci 0000:00:0d.2: Adding to iommu group 7
> [    1.220178] pci 0000:00:0d.3: Adding to iommu group 7
> [    1.220192] pci 0000:00:14.0: Adding to iommu group 8
> [    1.220199] pci 0000:00:14.2: Adding to iommu group 8
> [    1.220206] pci 0000:00:14.3: Adding to iommu group 9
> [    1.220218] pci 0000:00:15.0: Adding to iommu group 10
> [    1.220226] pci 0000:00:15.1: Adding to iommu group 10
> [    1.220236] pci 0000:00:16.0: Adding to iommu group 11
> [    1.220243] pci 0000:00:17.0: Adding to iommu group 12
> [    1.220266] pci 0000:00:1d.0: Adding to iommu group 13
> [    1.220282] pci 0000:00:1d.2: Adding to iommu group 14
> [    1.220300] pci 0000:00:1f.0: Adding to iommu group 15
> [    1.220308] pci 0000:00:1f.3: Adding to iommu group 15
> [    1.220316] pci 0000:00:1f.4: Adding to iommu group 15
> [    1.220323] pci 0000:00:1f.5: Adding to iommu group 15
> [    1.220331] pci 0000:01:00.0: Adding to iommu group 16
> [    1.220354] pci 0000:64:00.0: Adding to iommu group 17
> [    1.220381] pci 0000:65:00.0: Adding to iommu group 18
> [    1.220523] DMAR: Intel(R) Virtualization Technology for Directed I/O
> [    1.220524] PCI-DMA: Using software bounce buffering for IO (SWIOTLB)
> [    1.220525] software IO TLB: mapped [mem 0x00000000359f8000-0x00000000399f8000] (64MB)
> [    1.220564] clocksource: tsc: mask: 0xffffffffffffffff max_cycles: 0x23fa772cf26, max_idle_ns: 440795269835 ns
> [    1.220616] clocksource: Switched to clocksource tsc
> [    1.220637] platform rtc_cmos: registered platform RTC device (no PNP device found)
> [    1.227245] Initialise system trusted keyrings
> [    1.227255] Key type blacklist registered
> [    1.227295] workingset: timestamp_bits=41 max_order=24 bucket_order=0
> [    1.227305] zbud: loaded
> [    1.227417] fuse: init (API version 7.40)
> [    1.227488] integrity: Platform Keyring initialized
> [    1.227490] integrity: Machine keyring initialized
> [    1.236155] Key type asymmetric registered
> [    1.236158] Asymmetric key parser 'x509' registered
> [    1.236181] Block layer SCSI generic (bsg) driver version 0.4 loaded (major 246)
> [    1.236262] io scheduler mq-deadline registered
> [    1.236263] io scheduler kyber registered
> [    1.236272] io scheduler bfq registered
> [    1.236870] pcieport 0000:00:06.0: PME: Signaling with IRQ 122
> [    1.237101] pcieport 0000:00:07.0: PME: Signaling with IRQ 123
> [    1.237117] pcieport 0000:00:07.0: pciehp: Slot #3 AttnBtn- PwrCtrl- MRL- AttnInd- PwrInd- HotPlug+ Surprise+ Interlock- NoCompl+ IbPresDis- LLActRep+
> [    1.237433] pcieport 0000:00:07.2: PME: Signaling with IRQ 124
> [    1.237449] pcieport 0000:00:07.2: pciehp: Slot #5 AttnBtn- PwrCtrl- MRL- AttnInd- PwrInd- HotPlug+ Surprise+ Interlock- NoCompl+ IbPresDis- LLActRep+
> [    1.237758] pcieport 0000:00:1d.0: PME: Signaling with IRQ 125
> [    1.238027] pcieport 0000:00:1d.2: PME: Signaling with IRQ 126
> [    1.238133] shpchp: Standard Hot Plug PCI Controller Driver version: 0.4
> [    1.238900] input: Sleep Button as /devices/LNXSYSTM:00/LNXSYBUS:00/PNP0C0E:00/input/input0
> [    1.238922] ACPI: button: Sleep Button [SLPB]
> [    1.238952] input: Power Button as /devices/LNXSYSTM:00/LNXSYBUS:00/PNP0C0C:00/input/input1
> [    1.238963] ACPI: button: Power Button [PWRB]
> [    1.238982] input: Power Button as /devices/LNXSYSTM:00/LNXPWRBN:00/input/input2
> [    1.239063] ACPI: button: Power Button [PWRF]
> [    1.243545] thermal LNXTHERM:00: registered as thermal_zone0
> [    1.243547] ACPI: thermal: Thermal Zone [TZ00] (54 C)
> [    1.243835] Serial: 8250/16550 driver, 32 ports, IRQ sharing enabled
> [    1.245729] hpet_acpi_add: no address or irqs in _CRS
> [    1.245765] Non-volatile memory driver v1.3
> [    1.245766] Linux agpgart interface v0.103
> [    1.282118] ACPI: bus type drm_connector registered
> [    1.283317] Freeing initrd memory: 106196K
> [    1.284291] ahci 0000:00:17.0: version 3.0
> [    1.284668] ahci 0000:00:17.0: AHCI vers 0001.0301, 32 command slots, 6 Gbps, SATA mode
> [    1.284672] ahci 0000:00:17.0: 1/1 ports implemented (port mask 0x2)
> [    1.284673] ahci 0000:00:17.0: flags: 64bit ncq sntf pm clo only pio slum part deso sadm sds
> [    1.285087] scsi host0: ahci
> [    1.285169] scsi host1: ahci
> [    1.285197] ata1: DUMMY
> [    1.285212] ata2: SATA max UDMA/133 abar m2048@0x84702000<mailto:m2048@0x84702000> port 0x84702180 irq 127 lpm-pol 4
> [    1.285284] usbcore: registered new interface driver usbserial_generic
> [    1.285288] usbserial: USB Serial support registered for generic
> [    1.285358] rtc_cmos rtc_cmos: RTC can wake from S4
> [    1.287193] rtc_cmos rtc_cmos: registered as rtc0
> [    1.287570] rtc_cmos rtc_cmos: setting system clock to 2024-09-17T15:43:43 UTC (1726587823)
> [    1.287610] rtc_cmos rtc_cmos: alarms up to one month, y3k, 114 bytes nvram
> [    1.288735] intel_pstate: Intel P-state driver initializing
> [    1.290872] intel_pstate: HWP enabled
> [    1.291430] ledtrig-cpu: registered to indicate activity on CPUs
> [    1.291876] [drm] Initialized simpledrm 1.0.0 for simple-framebuffer.0 on minor 0
> [    1.292353] fbcon: Deferring console take-over
> [    1.292358] simple-framebuffer simple-framebuffer.0: [drm] fb0: simpledrmdrmfb frame buffer device
> [    1.292419] hid: raw HID events driver (C) Jiri Kosina
> [    1.292473] drop_monitor: Initializing network drop monitor service
> [    1.292567] NET: Registered PF_INET6 protocol family
> [    1.296692] Segment Routing with IPv6
> [    1.296693] RPL Segment Routing with IPv6
> [    1.296704] In-situ OAM (IOAM) with IPv6
> [    1.296720] NET: Registered PF_PACKET protocol family
> [    1.299178] ENERGY_PERF_BIAS: Set to 'normal', was 'performance'
> [    1.299835] microcode: Current revision: 0x00000434
> [    1.299839] microcode: Updated early from: 0x0000042a
> [    1.300531] IPI shorthand broadcast: enabled
> [    1.301773] sched_clock: Marking stable (1284914767, 15597475)->(1326242945, -25730703)
> [    1.302178] registered taskstats version 1
> [    1.303378] Loading compiled-in X.509 certificates
> [    1.306147] Loaded X.509 cert 'Build time autogenerated kernel key: cb8a38269e411cf2cea941e3c19d1521412bd34d'
> [    1.308962] zswap: loaded using pool zstd/zsmalloc
> [    1.309007] Demotion targets for Node 0: null
> [    1.309121] Key type .fscrypt registered
> [    1.309121] Key type fscrypt-provisioning registered
> [    1.309500] integrity: Loading X.509 certificate: UEFI:db
> [    1.309544] integrity: Loaded X.509 cert 'Microsoft Corporation UEFI CA 2011: 13adbf4309bd82709c8cd54f316ed522988a1bd4'
> [    1.309544] integrity: Loading X.509 certificate: UEFI:db
> [    1.309551] integrity: Loaded X.509 cert 'Microsoft Windows Production PCA 2011: a92902398e16c49778cd90f99e4f9ae17c55af53'
> [    1.309972] PM:   Magic number: 8:571:740
> [    1.311885] RAS: Correctable Errors collector initialized.
> [    1.599328] ata2: SATA link down (SStatus 4 SControl 300)
> [    1.601308] clk: Disabling unused clocks
> [    1.601325] PM: genpd: Disabling unused power domains
> [    1.609973] Freeing unused decrypted memory: 2028K
> [    1.610569] Freeing unused kernel image (initmem) memory: 3452K
> [    1.610578] Write protecting the kernel read-only data: 32768k
> [    1.611494] Freeing unused kernel image (rodata/data gap) memory: 820K
> [    1.616342] x86/mm: Checked W+X mappings: passed, no W+X pages found.
> [    1.616345] rodata_test: all tests were successful
> [    1.616356] Run /init as init process
> [    1.616357]   with arguments:
> [    1.616357]     /init
> [    1.616358]   with environment:
> [    1.616358]     HOME=/
> [    1.616359]     TERM=linux
> [    1.738727] xhci_hcd 0000:00:0d.0: xHCI Host Controller
> [    1.738738] xhci_hcd 0000:00:0d.0: new USB bus registered, assigned bus number 1
> [    1.739793] xhci_hcd 0000:00:0d.0: hcc params 0x20007fc1 hci version 0x120 quirks 0x0000000200009810
> [    1.740087] xhci_hcd 0000:00:0d.0: xHCI Host Controller
> [    1.740090] xhci_hcd 0000:00:0d.0: new USB bus registered, assigned bus number 2
> [    1.740093] xhci_hcd 0000:00:0d.0: Host supports USB 3.2 Enhanced SuperSpeed
> [    1.740135] usb usb1: New USB device found, idVendor=1d6b, idProduct=0002, bcdDevice= 6.11
> [    1.740139] usb usb1: New USB device strings: Mfr=3, Product=2, SerialNumber=1
> [    1.740141] usb usb1: Product: xHCI Host Controller
> [    1.740142] usb usb1: Manufacturer: Linux 6.11.0-rc7-00001-g0e2ad6528188-dirty xhci-hcd
> [    1.740144] usb usb1: SerialNumber: 0000:00:0d.0
> [    1.740282] hub 1-0:1.0: USB hub found
> [    1.740289] hub 1-0:1.0: 1 port detected
> [    1.740533] usb usb2: New USB device found, idVendor=1d6b, idProduct=0003, bcdDevice= 6.11
> [    1.740535] usb usb2: New USB device strings: Mfr=3, Product=2, SerialNumber=1
> [    1.740537] usb usb2: Product: xHCI Host Controller
> [    1.740538] usb usb2: Manufacturer: Linux 6.11.0-rc7-00001-g0e2ad6528188-dirty xhci-hcd
> [    1.740539] usb usb2: SerialNumber: 0000:00:0d.0
> [    1.740628] hub 2-0:1.0: USB hub found
> [    1.740635] hub 2-0:1.0: 3 ports detected
> [    1.741581] xhci_hcd 0000:00:14.0: xHCI Host Controller
> [    1.741586] xhci_hcd 0000:00:14.0: new USB bus registered, assigned bus number 3
> [    1.742720] xhci_hcd 0000:00:14.0: hcc params 0x20007fc1 hci version 0x120 quirks 0x0000100200009810
> [    1.743083] xhci_hcd 0000:00:14.0: xHCI Host Controller
> [    1.743087] xhci_hcd 0000:00:14.0: new USB bus registered, assigned bus number 4
> [    1.743089] xhci_hcd 0000:00:14.0: Host supports USB 3.1 Enhanced SuperSpeed
> [    1.743129] usb usb3: New USB device found, idVendor=1d6b, idProduct=0002, bcdDevice= 6.11
> [    1.743131] usb usb3: New USB device strings: Mfr=3, Product=2, SerialNumber=1
> [    1.743132] usb usb3: Product: xHCI Host Controller
> [    1.743133] usb usb3: Manufacturer: Linux 6.11.0-rc7-00001-g0e2ad6528188-dirty xhci-hcd
> [    1.743134] usb usb3: SerialNumber: 0000:00:14.0
> [    1.743239] hub 3-0:1.0: USB hub found
> [    1.743267] hub 3-0:1.0: 12 ports detected
> [    1.745297] usb usb4: New USB device found, idVendor=1d6b, idProduct=0003, bcdDevice= 6.11
> [    1.745299] usb usb4: New USB device strings: Mfr=3, Product=2, SerialNumber=1
> [    1.745301] usb usb4: Product: xHCI Host Controller
> [    1.745302] usb usb4: Manufacturer: Linux 6.11.0-rc7-00001-g0e2ad6528188-dirty xhci-hcd
> [    1.745302] usb usb4: SerialNumber: 0000:00:14.0
> [    1.745388] hub 4-0:1.0: USB hub found
> [    1.745410] hub 4-0:1.0: 4 ports detected
> [    1.761523] nvme 0000:01:00.0: platform quirk: setting simple suspend
> [    1.761605] nvme nvme0: pci function 0000:01:00.0
> [    1.791467] nvme nvme0: 16/0/0 default/read/poll queues
> [    1.796102]  nvme0n1: p1 p2 p3
> [    1.992401] usb 3-4: new high-speed USB device number 2 using xhci_hcd
> [    2.134739] usb 3-4: New USB device found, idVendor=05e3, idProduct=0608, bcdDevice=88.32
> [    2.134746] usb 3-4: New USB device strings: Mfr=0, Product=1, SerialNumber=0
> [    2.134748] usb 3-4: Product: USB2.0 Hub
> [    2.136254] hub 3-4:1.0: USB hub found
> [    2.136751] hub 3-4:1.0: 4 ports detected
> [    2.137612] usb: port power management may be unreliable
> [    2.203731] usb 2-1: new SuperSpeed USB device number 2 using xhci_hcd
> [    2.237657] usb 2-1: New USB device found, idVendor=045e, idProduct=0955, bcdDevice= 1.41
> [    2.237662] usb 2-1: New USB device strings: Mfr=1, Product=2, SerialNumber=0
> [    2.237664] usb 2-1: Product: 4-Port USB 3.0 Hub
> [    2.237665] usb 2-1: Manufacturer: Generic
> [    2.245834] hub 2-1:1.0: USB hub found
> [    2.247480] hub 2-1:1.0: 2 ports detected
> [    2.255872] usb 4-1: new SuperSpeed USB device number 2 using xhci_hcd
> [    2.275009] usb 4-1: New USB device found, idVendor=0e8d, idProduct=7961, bcdDevice= 1.00
> [    2.275014] usb 4-1: New USB device strings: Mfr=6, Product=7, SerialNumber=8
> [    2.275015] usb 4-1: Product: Wireless_Device
> [    2.275017] usb 4-1: Manufacturer: MediaTek Inc.
> [    2.275018] usb 4-1: SerialNumber: 000000000
> [    2.395819] usb 3-6: new high-speed USB device number 3 using xhci_hcd
> [    2.469827] i915 0000:00:02.0: [drm] Found ALDERLAKE_P (device ID 46a6) display version 13.00
> [    2.470484] i915 0000:00:02.0: [drm] VT-d active for gfx access
> [    2.526904] i915 0000:00:02.0: vgaarb: deactivate vga console
> [    2.527166] i915 0000:00:02.0: [drm] Using Transparent Hugepages
> [    2.529267] i915 0000:00:02.0: vgaarb: VGA decodes changed: olddecodes=io+mem,decodes=io+mem:owns=io+mem
> [    2.534856] i915 0000:00:02.0: [drm] Finished loading DMC firmware i915/adlp_dmc.bin (v2.20)
> [    2.535899] usb 2-1.1: new SuperSpeed USB device number 3 using xhci_hcd
> [    2.557014] usb 3-6: New USB device found, idVendor=045e, idProduct=0957, bcdDevice= 1.41
> [    2.557029] usb 3-6: New USB device strings: Mfr=1, Product=2, SerialNumber=0
> [    2.557035] usb 3-6: Product: 4-Port USB 2.0 Hub
> [    2.557039] usb 3-6: Manufacturer: Generic
> [    2.557797] usb 2-1.1: New USB device found, idVendor=045e, idProduct=0927, bcdDevice=31.00
> [    2.557814] usb 2-1.1: New USB device strings: Mfr=1, Product=2, SerialNumber=6
> [    2.557819] usb 2-1.1: Product: Ethernet Adapter
> [    2.557823] usb 2-1.1: Manufacturer: Microsoft
> [    2.557826] usb 2-1.1: SerialNumber: 0013DF804
> [    2.561404] hub 3-6:1.0: USB hub found
> [    2.563028] hub 3-6:1.0: 2 ports detected
> [    2.645045] i915 0000:00:02.0: [drm] GT0: GuC firmware i915/adlp_guc_70.bin version 70.29.2
> [    2.645051] i915 0000:00:02.0: [drm] GT0: HuC firmware i915/tgl_huc.bin version 7.9.3
> [    2.659283] i915 0000:00:02.0: [drm] GT0: HuC: authenticated for all workloads
> [    2.660460] i915 0000:00:02.0: [drm] GT0: GUC: submission enabled
> [    2.660462] i915 0000:00:02.0: [drm] GT0: GUC: SLPC enabled
> [    2.661015] i915 0000:00:02.0: [drm] GT0: GUC: RC enabled
> [    2.662137] i915 0000:00:02.0: [drm] Protected Xe Path (PXP) protected content support initialized
> [    2.689226] usb 3-7: new full-speed USB device number 4 using xhci_hcd
> [    2.695739] [drm] Initialized i915 1.6.0 for 0000:00:02.0 on minor 1
> [    2.698285] ACPI: video: Video Device [GFX0] (multi-head: yes  rom: no  post: no)
> [    2.699207] input: Video Bus as /devices/LNXSYSTM:00/LNXSYBUS:00/PNP0A08:00/LNXVIDEO:00/input/input3
> [    2.737465] fbcon: i915drmfb (fb0) is primary device
> [    2.737467] fbcon: Deferring console take-over
> [    2.737468] i915 0000:00:02.0: [drm] fb0: i915drmfb frame buffer device
> [    2.835767] usb 3-7: New USB device found, idVendor=045e, idProduct=0800, bcdDevice= 9.34
> [    2.835772] usb 3-7: New USB device strings: Mfr=1, Product=2, SerialNumber=0
> [    2.835773] usb 3-7: Product: Microsoft® Nano Transceiver v2.0
> [    2.835775] usb 3-7: Manufacturer: Microsoft
> [    2.857652] usbcore: registered new interface driver usbhid
> [    2.857654] usbhid: USB HID core driver
> [    2.862052] input: Microsoft Microsoft® Nano Transceiver v2.0 as /devices/pci0000:00/0000:00:14.0/usb3/3-7/3-7:1.0/0003:045E:0800.0001/input/input4
> [    2.965962] hid-generic 0003:045E:0800.0001: input,hidraw0: USB HID v1.11 Keyboard [Microsoft Microsoft® Nano Transceiver v2.0] on usb-0000:00:14.0-7/input0
> [    2.968229] input: Microsoft Microsoft® Nano Transceiver v2.0 Mouse as /devices/pci0000:00/0000:00:14.0/usb3/3-7/3-7:1.1/0003:045E:0800.0002/input/input5
> [    2.968393] input: Microsoft Microsoft® Nano Transceiver v2.0 Consumer Control as /devices/pci0000:00/0000:00:14.0/usb3/3-7/3-7:1.1/0003:045E:0800.0002/input/input6
> [    2.968554] hid-generic 0003:045E:0800.0002: input,hidraw1: USB HID v1.11 Mouse [Microsoft Microsoft® Nano Transceiver v2.0] on usb-0000:00:14.0-7/input1
> [    2.968700] input: Microsoft Microsoft® Nano Transceiver v2.0 Consumer Control as /devices/pci0000:00/0000:00:14.0/usb3/3-7/3-7:1.2/0003:045E:0800.0003/input/input7
> [    3.022596] input: Microsoft Microsoft® Nano Transceiver v2.0 System Control as /devices/pci0000:00/0000:00:14.0/usb3/3-7/3-7:1.2/0003:045E:0800.0003/input/input9
> [    3.022920] hid-generic 0003:045E:0800.0003: input,hiddev96,hidraw2: USB HID v1.11 Device [Microsoft Microsoft® Nano Transceiver v2.0] on usb-0000:00:14.0-7/input2
> [    3.175304] PM: Image not found (code -22)
> [    3.196942] fbcon: Taking over console
> [    3.209556] Console: switching to colour frame buffer device 240x67
> [    3.308676] EXT4-fs (nvme0n1p2): mounted filesystem 0420afc7-4947-4e2e-a096-b607b8b7fd93 r/w with ordered data mode. Quota mode: none.
> [    3.367761] systemd[1]: systemd 256.6-1-arch running in system mode (+PAM +AUDIT -SELINUX -APPARMOR -IMA +SMACK +SECCOMP +GCRYPT +GNUTLS +OPENSSL +ACL +BLKID +CURL +ELFUTILS +FIDO2 +IDN2 -IDN +IPTC +KMOD +LIBCRYPTSETUP +LIBCRYPTSETUP_PLUGINS +LIBFDISK +PCRE2 +PWQUALITY +P11KIT +QRENCODE +TPM2 +BZIP2 +LZ4 +XZ +ZLIB +ZSTD +BPF_FRAMEWORK +XKBCOMMON +UTMP -SYSVINIT +LIBARCHIVE)
> [    3.367765] systemd[1]: Detected architecture x86-64.
> [    3.368553] systemd[1]: Hostname set to <mdp-archnuc>.
> [    3.611164] systemd[1]: bpf-restrict-fs: LSM BPF program attached
> [    3.699797] systemd[1]: Queued start job for default target Graphical Interface.
> [    3.753107] systemd[1]: Created slice Slice /system/dirmngr.
> [    3.753888] systemd[1]: Created slice Slice /system/getty.
> [    3.754461] systemd[1]: Created slice Slice /system/gpg-agent.
> [    3.755011] systemd[1]: Created slice Slice /system/gpg-agent-browser.
> [    3.755524] systemd[1]: Created slice Slice /system/gpg-agent-extra.
> [    3.755998] systemd[1]: Created slice Slice /system/gpg-agent-ssh.
> [    3.756450] systemd[1]: Created slice Slice /system/keyboxd.
> [    3.756684] systemd[1]: Created slice Slice /system/modprobe.
> [    3.756803] systemd[1]: Created slice Slice /system/systemd-fsck.
> [    3.756872] systemd[1]: Created slice User and Session Slice.
> [    3.756893] systemd[1]: Started Dispatch Password Requests to Console Directory Watch.
> [    3.756908] systemd[1]: Started Forward Password Requests to Wall Directory Watch.
> [    3.756982] systemd[1]: Set up automount Arbitrary Executable File Formats File System Automount Point.
> [    3.756989] systemd[1]: Expecting device /dev/disk/by-uuid/EF7B-A70B...
> [    3.756993] systemd[1]: Expecting device /dev/disk/by-uuid/efa73f2d-495d-448d-a0f0-dd425258b7e5...
> [    3.756999] systemd[1]: Reached target Local Encrypted Volumes.
> [    3.757005] systemd[1]: Reached target Login Prompts.
> [    3.757011] systemd[1]: Reached target Local Integrity Protected Volumes.
> [    3.757020] systemd[1]: Reached target Path Units.
> [    3.757027] systemd[1]: Reached target Remote File Systems.
> [    3.757031] systemd[1]: Reached target Slice Units.
> [    3.757043] systemd[1]: Reached target Local Verity Protected Volumes.
> [    3.757076] systemd[1]: Listening on Device-mapper event daemon FIFOs.
> [    3.760193] systemd[1]: Listening on Process Core Dump Socket.
> [    3.760919] systemd[1]: Listening on Credential Encryption/Decryption.
> [    3.761003] systemd[1]: Listening on Journal Socket (/dev/log).
> [    3.761058] systemd[1]: Listening on Journal Sockets.
> [    3.761093] systemd[1]: TPM PCR Measurements was skipped because of an unmet condition check (ConditionSecurity=measured-uki).
> [    3.761109] systemd[1]: Make TPM PCR Policy was skipped because of an unmet condition check (ConditionSecurity=measured-uki).
> [    3.761165] systemd[1]: Listening on udev Control Socket.
> [    3.761202] systemd[1]: Listening on udev Kernel Socket.
> [    3.762311] systemd[1]: Mounting Huge Pages File System...
> [    3.763074] systemd[1]: Mounting POSIX Message Queue File System...
> [    3.763792] systemd[1]: Mounting Kernel Debug File System...
> [    3.764350] systemd[1]: Mounting Kernel Trace File System...
> [    3.765317] systemd[1]: Starting Create List of Static Device Nodes...
> [    3.766158] systemd[1]: Starting Load Kernel Module configfs...
> [    3.766682] systemd[1]: Starting Load Kernel Module dm_mod...
> [    3.767934] systemd[1]: Starting Load Kernel Module drm...
> [    3.769088] systemd[1]: Starting Load Kernel Module fuse...
> [    3.770335] systemd[1]: Starting Load Kernel Module loop...
> [    3.770384] systemd[1]: File System Check on Root Device was skipped because of an unmet condition check (ConditionPathIsReadWrite=!/).
> [    3.770425] systemd[1]: Clear Stale Hibernate Storage Info was skipped because of an unmet condition check (ConditionPathExists=/sys/firmware/efi/efivars/HibernateLocation-8cf2644b-4b0b-428f-9387-6d876050dc67).
> [    3.772057] systemd[1]: Starting Journal Service...
> [    3.772971] systemd[1]: Starting Load Kernel Modules...
> [    3.772986] systemd[1]: TPM PCR Machine ID Measurement was skipped because of an unmet condition check (ConditionSecurity=measured-uki).
> [    3.773641] systemd[1]: Starting Remount Root and Kernel File Systems...
> [    3.773677] systemd[1]: Early TPM SRK Setup was skipped because of an unmet condition check (ConditionSecurity=measured-uki).
> [    3.774224] systemd[1]: Starting Load udev Rules from Credentials...
> [    3.774948] systemd[1]: Starting Coldplug All udev Devices...
> [    3.777379] systemd[1]: Mounted Huge Pages File System.
> [    3.777453] systemd[1]: Mounted POSIX Message Queue File System.
> [    3.777510] systemd[1]: Mounted Kernel Debug File System.
> [    3.777561] systemd[1]: Mounted Kernel Trace File System.
> [    3.777759] systemd[1]: Finished Create List of Static Device Nodes.
> [    3.777978] systemd[1]: modprobe@configfs.service<mailto:modprobe@configfs.service>: Deactivated successfully.
> [    3.778112] systemd[1]: Finished Load Kernel Module configfs.
> [    3.778286] systemd[1]: modprobe@drm.service<mailto:modprobe@drm.service>: Deactivated successfully.
> [    3.778411] systemd[1]: Finished Load Kernel Module drm.
> [    3.778575] systemd[1]: modprobe@fuse.service<mailto:modprobe@fuse.service>: Deactivated successfully.
> [    3.778688] systemd[1]: Finished Load Kernel Module fuse.
> [    3.779305] systemd[1]: Mounting FUSE Control File System...
> [    3.780063] systemd[1]: Mounting Kernel Configuration File System...
> [    3.780929] systemd[1]: Starting Create Static Device Nodes in /dev gracefully...
> [    3.782976] systemd[1]: Finished Load udev Rules from Credentials.
> [    3.783391] loop: module loaded
> [    3.784044] systemd[1]: modprobe@loop.service<mailto:modprobe@loop.service>: Deactivated successfully.
> [    3.784330] systemd[1]: Finished Load Kernel Module loop.
> [    3.785492] systemd[1]: Mounted FUSE Control File System.
> [    3.785629] systemd[1]: Mounted Kernel Configuration File System.
> [    3.785810] systemd-journald[395]: Collecting audit messages is disabled.
> [    3.798212] i2c_dev: i2c /dev entries driver
> [    3.799115] systemd[1]: Finished Load Kernel Modules.
> [    3.799850] systemd[1]: Starting Apply Kernel Variables...
> [    3.799991] device-mapper: uevent: version 1.0.3
> [    3.800058] device-mapper: ioctl: 4.48.0-ioctl (2023-03-01) initialised: dm-devel@lists.linux.dev<mailto:dm-devel@lists.linux.dev>
> [    3.800371] systemd[1]: modprobe@dm<mailto:modprobe@dm>_mod.service: Deactivated successfully.
> [    3.800462] systemd[1]: Finished Load Kernel Module dm_mod.
> [    3.800633] systemd[1]: Repartition Root Disk was skipped because no trigger condition checks were met.
> [    3.805467] systemd[1]: Finished Create Static Device Nodes in /dev gracefully.
> [    3.806389] systemd[1]: Finished Apply Kernel Variables.
> [    3.806887] systemd[1]: Started Journal Service.
> [    3.832625] EXT4-fs (nvme0n1p2): re-mounted 0420afc7-4947-4e2e-a096-b607b8b7fd93 r/w. Quota mode: none.
> [    3.840126] systemd-journald[395]: Received client request to flush runtime journal.
> [    3.843896] Adding 67108860k swap on /swapfile.  Priority:-2 extents:86 across:334987260k SS
> [    3.946711] mc: Linux media interface: v0.10
> [    3.950655] mousedev: PS/2 mouse device common for all mice
> [    3.971833] resource: resource sanity check: requesting [mem 0x00000000fedc0000-0x00000000fedcffff], which spans more than pnp 00:03 [mem 0xfedc0000-0xfedc7fff]
> [    3.971839] caller igen6_probe+0x15e/0x7c0 [igen6_edac] mapping multiple BARs
> [    3.975353] EDAC MC0: Giving out device to module igen6_edac controller Intel_client_SoC MC#0: DEV 0000:00:00.0 (INTERRUPT)
> [    3.975402] EDAC MC1: Giving out device to module igen6_edac controller Intel_client_SoC MC#1: DEV 0000:00:00.0 (INTERRUPT)
> [    3.975427] EDAC igen6 MC0: HANDLING IBECC MEMORY ERROR
> [    3.975428] EDAC igen6 MC0: ADDR 0x7fffffffe0
> [    3.975454] intel_pmc_core INT33A1:00:  initialized
> [    3.975552] EDAC igen6 MC1: HANDLING IBECC MEMORY ERROR
> [    3.975556] EDAC igen6 MC1: ADDR 0x7fffffffe0
> [    3.976644] EDAC igen6: v2.5.1
> [    3.985687] videodev: Linux video capture interface: v2.00
> [    3.985762] pps_core: LinuxPPS API ver. 1 registered
> [    3.985765] pps_core: Software ver. 5.3.6 - Copyright 2005-2007 Rodolfo Giometti <giometti@linux.it<mailto:giometti@linux.it>>
> [    3.988981] input: PC Speaker as /devices/platform/pcspkr/input/input10
> [    3.996243] PTP clock support registered
> [    3.999181] mei_me 0000:00:16.0: enabling device (0000 -> 0002)
> [    4.000730] i801_smbus 0000:00:1f.4: enabling device (0000 -> 0003)
> [    4.001128] i801_smbus 0000:00:1f.4: SPD Write Disable is set
> [    4.001184] i801_smbus 0000:00:1f.4: SMBus using PCI interrupt
> [    4.004969] i2c i2c-13: Successfully instantiated SPD at 0x50
> [    4.008414] intel-lpss 0000:00:15.0: enabling device (0004 -> 0006)
> [    4.008861] idma64 idma64.0: Found Intel integrated DMA 64-bit
> [    4.027139] Serial bus multi instantiate pseudo device driver INT3515:00: error -ENXIO: IRQ index 1 not found
> [    4.027145] Serial bus multi instantiate pseudo device driver INT3515:00: error -ENXIO: Error requesting irq at index 1
> [    4.029512] ACPI: bus type thunderbolt registered
> [    4.032631] Intel(R) 2.5G Ethernet Linux Driver
> [    4.032634] Copyright(c) 2018 Intel Corporation.
> [    4.032751] igc 0000:64:00.0: enabling device (0000 -> 0002)
> [    4.033014] igc 0000:64:00.0: PTM enabled, 4ns granularity
> [    4.038479] intel-lpss 0000:00:15.1: enabling device (0004 -> 0006)
> [    4.038818] idma64 idma64.1: Found Intel integrated DMA 64-bit
> [    4.047090] Creating 1 MTD partitions on "0000:00:1f.5":
> [    4.047094] 0x000000000000-0x000002000000 : "BIOS"
> [    4.079742] pps pps0: new PPS source ptp0
> [    4.079786] igc 0000:64:00.0 (unnamed net_device) (uninitialized): PHC added
> [    4.082583] RAPL PMU: API unit is 2^-32 Joules, 4 fixed counters, 655360 ms ovfl timer
> [    4.082586] RAPL PMU: hw unit of domain pp0-core 2^-14 Joules
> [    4.082588] RAPL PMU: hw unit of domain package 2^-14 Joules
> [    4.082588] RAPL PMU: hw unit of domain pp1-gpu 2^-14 Joules
> [    4.082589] RAPL PMU: hw unit of domain psys 2^-14 Joules
> [    4.083350] usbcore: registered new device driver r8152-cfgselector
> [    4.107228] cryptd: max_cpu_qlen set to 1000
> [    4.107196] mei_hdcp 0000:00:16.0-b638ab7e-94e2-4ea2-a552-d1c54b627f04: bound 0000:00:02.0 (ops i915_hdcp_ops [i915])
> [    4.107949] mei_pxp 0000:00:16.0-fbf6fcf1-96cf-4e2e-a6a6-1bab8cbe36b1: bound 0000:00:02.0 (ops i915_pxp_tee_component_ops [i915])
> [    4.109214] ee1004 13-0050: 512 byte EE1004-compliant SPD EEPROM, read-only
> [    4.172477] r8152-cfgselector 2-1.1: reset SuperSpeed USB device number 3 using xhci_hcd
> [    4.187010] Bluetooth: Core ver 2.22
> [    4.187025] NET: Registered PF_BLUETOOTH protocol family
> [    4.187026] Bluetooth: HCI device and connection manager initialized
> [    4.187032] Bluetooth: HCI socket layer initialized
> [    4.187034] Bluetooth: L2CAP socket layer initialized
> [    4.187036] Bluetooth: SCO socket layer initialized
> [    4.191558] igc 0000:64:00.0: 4.000 Gb/s available PCIe bandwidth (5.0 GT/s PCIe x1 link)
> [    4.191562] igc 0000:64:00.0 eth0: MAC: XX:XX:XX:XX:XX:XX
> [    4.191837] cfg80211: Loading compiled-in X.509 certificates for regulatory database
> [    4.191998] igc 0000:65:00.0: enabling device (0000 -> 0002)
> [    4.192549] igc 0000:65:00.0: PTM enabled, 4ns granularity
> [    4.193238] AES CTR mode by8 optimization enabled
> [    4.194837] Loaded X.509 cert 'sforshee: 00b28ddf47aef9cea7'
> [    4.195017] Loaded X.509 cert 'wens: 61c038651aabdcf94bd0ac7ff06c7248db18c600'
> [    4.214394] snd_hda_intel 0000:00:1f.3: enabling device (0000 -> 0002)
> [    4.214598] snd_hda_intel 0000:00:1f.3: bound 0000:00:02.0 (ops i915_audio_component_bind_ops [i915])
> [    4.223182] usbcore: registered new interface driver btusb
> [    4.224896] Bluetooth: hci0: HW/SW Version: 0x008a008a, Build Time: 20240826151221
> [    4.243090] pps pps1: new PPS source ptp1
> [    4.243291] igc 0000:65:00.0 (unnamed net_device) (uninitialized): PHC added
> [    4.245647] r8152 2-1.1:1.0 eth1: v1.12.13
> [    4.245683] usbcore: registered new interface driver r8152
> [    4.261881] usbcore: registered new interface driver cdc_ether
> [    4.272727] snd_hda_codec_realtek hdaudioC0D0: autoconfig for ALC269VB: line_outs=1 (0x21/0x0/0x0/0x0/0x0) type:hp
> [    4.272733] snd_hda_codec_realtek hdaudioC0D0:    speaker_outs=0 (0x0/0x0/0x0/0x0/0x0)
> [    4.272735] snd_hda_codec_realtek hdaudioC0D0:    hp_outs=0 (0x0/0x0/0x0/0x0/0x0)
> [    4.272737] snd_hda_codec_realtek hdaudioC0D0:    mono: mono_out=0x0
> [    4.272738] snd_hda_codec_realtek hdaudioC0D0:    inputs:
