Return-Path: <linux-kernel+bounces-191367-lists+linux-kernel=lfdr.de@vger.kernel.org>
X-Original-To: lists+linux-kernel@lfdr.de
Delivered-To: lists+linux-kernel@lfdr.de
Received: from am.mirrors.kernel.org (am.mirrors.kernel.org [147.75.80.249])
	by mail.lfdr.de (Postfix) with ESMTPS id A34198D0CC9
	for <lists+linux-kernel@lfdr.de>; Mon, 27 May 2024 21:23:10 +0200 (CEST)
Received: from smtp.subspace.kernel.org (wormhole.subspace.kernel.org [52.25.139.140])
	(using TLSv1.2 with cipher ECDHE-RSA-AES256-GCM-SHA384 (256/256 bits))
	(No client certificate requested)
	by am.mirrors.kernel.org (Postfix) with ESMTPS id B74DE1F232B6
	for <lists+linux-kernel@lfdr.de>; Mon, 27 May 2024 19:23:09 +0000 (UTC)
Received: from localhost.localdomain (localhost.localdomain [127.0.0.1])
	by smtp.subspace.kernel.org (Postfix) with ESMTP id 03A7915FCE9;
	Mon, 27 May 2024 19:23:00 +0000 (UTC)
Authentication-Results: smtp.subspace.kernel.org;
	dkim=pass (4096-bit key) header.d=alien8.de header.i=@alien8.de header.b="EFFa+i+G"
Received: from mail.alien8.de (mail.alien8.de [65.109.113.108])
	(using TLSv1.2 with cipher ECDHE-RSA-AES256-GCM-SHA384 (256/256 bits))
	(No client certificate requested)
	by smtp.subspace.kernel.org (Postfix) with ESMTPS id 0CC1116130B
	for <linux-kernel@vger.kernel.org>; Mon, 27 May 2024 19:22:28 +0000 (UTC)
Authentication-Results: smtp.subspace.kernel.org; arc=none smtp.client-ip=65.109.113.108
ARC-Seal:i=1; a=rsa-sha256; d=subspace.kernel.org; s=arc-20240116;
	t=1716837763; cv=none; b=MbNrldGj1PwyHhsPK1snslOkx1OJb2OufVH3IllOyhnexeFTIJ9/NTTMq09Dpk4ErSw2FLZyw49idX//unRyZMvTZ8Cs9sdOhW05RXFk6oWBtxXe8gKjQ/2rpi7BHdvUADDWkBqpznebt9E1ZstE3+AaeEcKwt1FlIzrlVW1q/o=
ARC-Message-Signature:i=1; a=rsa-sha256; d=subspace.kernel.org;
	s=arc-20240116; t=1716837763; c=relaxed/simple;
	bh=7SIBd1dZg+sQ3oJuxaRTjyWQr5Pp04GGFxBZwQQfCqE=;
	h=Date:From:To:Cc:Subject:Message-ID:MIME-Version:Content-Type:
	 Content-Disposition; b=T41pAPdReNfxPQs+GhNUpdcxi57IG/SX6pBq+WTfCFTz5Z5si6DbKTUdAwKf4Cz0dUqzPDTGqHbPaKnGH73XaIoLCyuHjJLArhzHSVT85oq/QPmQlusT5p20Zs31WwNNq8pK52v32CdoBr3Dws9ySCJqUlXHqC+pw1LH6qefSLQ=
ARC-Authentication-Results:i=1; smtp.subspace.kernel.org; dmarc=pass (p=none dis=none) header.from=alien8.de; spf=pass smtp.mailfrom=alien8.de; dkim=pass (4096-bit key) header.d=alien8.de header.i=@alien8.de header.b=EFFa+i+G; arc=none smtp.client-ip=65.109.113.108
Authentication-Results: smtp.subspace.kernel.org; dmarc=pass (p=none dis=none) header.from=alien8.de
Authentication-Results: smtp.subspace.kernel.org; spf=pass smtp.mailfrom=alien8.de
Received: from localhost (localhost.localdomain [127.0.0.1])
	by mail.alien8.de (SuperMail on ZX Spectrum 128k) with ESMTP id A664340E01A1;
	Mon, 27 May 2024 19:22:25 +0000 (UTC)
X-Virus-Scanned: Debian amavisd-new at mail.alien8.de
Authentication-Results: mail.alien8.de (amavisd-new); dkim=pass (4096-bit key)
	header.d=alien8.de
Received: from mail.alien8.de ([127.0.0.1])
	by localhost (mail.alien8.de [127.0.0.1]) (amavisd-new, port 10026)
	with ESMTP id UVt2surLECIA; Mon, 27 May 2024 19:22:20 +0000 (UTC)
DKIM-Signature: v=1; a=rsa-sha256; c=relaxed/relaxed; d=alien8.de; s=alien8;
	t=1716837739; bh=DY/0TNNkylcW2kiekcluxMHp+2deYB/BFFdiKEf37fE=;
	h=Date:From:To:Cc:Subject:From;
	b=EFFa+i+G0XbO0lOKPHGUoFaYQB6wMTd955TZyI132d0kcw7mYlUMlX4w4ikXZUXWL
	 25rTs32yZdrHJpTTqX+DN5iAQ4SxFaA8LoyU26ajg2wTKHW058Y/yCLcEg6hWfxwkr
	 DJZFLrvarpQ1O5dPXPO7S896iIGA2KPS8iLrg5K7uR/0TJZQTLfx67Q/mYQY3o2K51
	 udi4d4rDfwSmFaM2YS48emyzFmbllDFJ51zFh3qC5EWVXoUcTn9RzDjv95qu0zpM/T
	 QExfub30mbIOu1D/QtA3H+B1qJFu0bwBB7RCgQgO6rlSmg9OKJ/94ieSk1oC6OPIhz
	 U/tX0Ltg6h1IFKy7xpivSwC4vSX46+Za83b8B17dc5SVPwNwdMQFtDoG5/kphvMu+X
	 M22TmkWUE7ijjutRfb5NVKNGeasUIPaBvI7oJydMRBcc8gfotQ/DvmSNGU7Cnh2b7V
	 kjn2ti+BCYqNlYEP7YovKYJlDBVO4539cZZ2KiPpy3piQhNsJgKulNJKiGJFAcCKyv
	 9dWiuTC3rJpbycUVamVE1EDmVna8960DJT+ar2hkjSaxhtDcRG9yOdq1rw1VbW59/h
	 mcz2EwAGzdBPSxC6YnhlvsbYkYDX74Fx47Goz7EAM1DlB01AUckYlFPBoXWxVw9BiR
	 NAJjtM3fkufTcyMTJsC6Ys2w=
Received: from zn.tnic (p5de8ee85.dip0.t-ipconnect.de [93.232.238.133])
	(using TLSv1.3 with cipher TLS_AES_256_GCM_SHA384 (256/256 bits)
	 key-exchange ECDHE (P-256) server-signature ECDSA (P-256) server-digest SHA256)
	(No client certificate requested)
	by mail.alien8.de (SuperMail on ZX Spectrum 128k) with ESMTPSA id EAE9C40E0177;
	Mon, 27 May 2024 19:22:13 +0000 (UTC)
Date: Mon, 27 May 2024 21:21:59 +0200
From: Borislav Petkov <bp@alien8.de>
To: Suravee Suthikulpanit <suravee.suthikulpanit@amd.com>,
	Vasant Hegde <vasant.hegde@amd.com>
Cc: lkml <linux-kernel@vger.kernel.org>, Jason Gunthorpe <jgg@nvidia.com>,
	Joerg Roedel <jroedel@suse.de>
Subject: c4cb23111103 ("iommu/amd: Add support for enable/disable IOPF")
Message-ID: <20240527192159.GEZlTdV7OoOuJrHmI0@fat_crate.local>
Precedence: bulk
X-Mailing-List: linux-kernel@vger.kernel.org
List-Id: <linux-kernel.vger.kernel.org>
List-Subscribe: <mailto:linux-kernel+subscribe@vger.kernel.org>
List-Unsubscribe: <mailto:linux-kernel+unsubscribe@vger.kernel.org>
MIME-Version: 1.0
Content-Type: text/plain; charset=utf-8
Content-Disposition: inline

Hi,

my old CZ laptop doesn't like the locking in that patch in $Subject.

I mean, I think it is the culprit as it appears in the splat below which
starts at this timestamp:

[    0.938693] BUG: sleeping function called from invalid context at kernel/locking/mutex.c:585

[    0.938739] =============================
[    0.938740] [ BUG: Invalid wait context ]
[    0.938742] 6.10.0-rc1+ #1 Not tainted
[    0.938745] -----------------------------
[    0.938746] swapper/0/1 is trying to lock:
[    0.938748] ffffffff8c9f01d8 (&port_lock_key){....}-{3:3}, at: serial8250_console_write+0x78/0x4a0
[    0.938767] other info that might help us debug this:

Full dmesg:

[    0.000000] Linux version 6.10.0-rc1+ (boris@zn) (gcc (Debian 13.2.0-9) 13.2.0, GNU ld (GNU Binutils for Debian) 2.41.50.20231227) #1 SMP PREEMPT_DYNAMIC Mon May 27 20:58:30 CEST 2024
[    0.000000] Command line: BOOT_IMAGE=/boot/vmlinuz-6.10.0-rc1+ root=/dev/sda2 ro root=/dev/sda2 console=ttyS0,115200 console=tty0 ignore_loglevel log_buf_len=16M resume=/dev/sda1 no_console_suspend rdrand=force
[    0.000000] BIOS-provided physical RAM map:
[    0.000000] BIOS-e820: [mem 0x0000000000000000-0x000000000009ebff] usable
[    0.000000] BIOS-e820: [mem 0x000000000009ec00-0x000000000009ffff] reserved
[    0.000000] BIOS-e820: [mem 0x00000000000e0000-0x00000000000fffff] reserved
[    0.000000] BIOS-e820: [mem 0x0000000000100000-0x000000009bacefff] usable
[    0.000000] BIOS-e820: [mem 0x000000009bacf000-0x000000009c8cefff] reserved
[    0.000000] BIOS-e820: [mem 0x000000009c8cf000-0x000000009cfcefff] ACPI NVS
[    0.000000] BIOS-e820: [mem 0x000000009cfcf000-0x000000009cffefff] ACPI data
[    0.000000] BIOS-e820: [mem 0x000000009cfff000-0x000000009cffffff] usable
[    0.000000] BIOS-e820: [mem 0x00000000d0900000-0x00000000d09fffff] reserved
[    0.000000] BIOS-e820: [mem 0x00000000f8000000-0x00000000fbffffff] reserved
[    0.000000] BIOS-e820: [mem 0x00000000fec00000-0x00000000fec00fff] reserved
[    0.000000] BIOS-e820: [mem 0x00000000fec10000-0x00000000fec10fff] reserved
[    0.000000] BIOS-e820: [mem 0x00000000fed80000-0x00000000fed80fff] reserved
[    0.000000] BIOS-e820: [mem 0x00000000fedf1000-0x00000000fedf1fff] reserved
[    0.000000] BIOS-e820: [mem 0x00000000fee00000-0x00000000fee00fff] reserved
[    0.000000] BIOS-e820: [mem 0x00000000ff000000-0x00000000ffffffff] reserved
[    0.000000] BIOS-e820: [mem 0x0000000100000000-0x000000043effffff] usable
[    0.000000] printk: debug: ignoring loglevel setting.
[    0.000000] NX (Execute Disable) protection: active
[    0.000000] APIC: Static calls initialized
[    0.000000] SMBIOS 2.7 present.
[    0.000000] DMI: HP HP EliteBook 745 G3/807E, BIOS N73 Ver. 01.39 04/16/2019
[    0.000000] DMI: Memory slots populated: 2/2
[    0.000000] tsc: Fast TSC calibration failed
[    0.000000] e820: update [mem 0x00000000-0x00000fff] usable ==> reserved
[    0.000000] e820: remove [mem 0x000a0000-0x000fffff] usable
[    0.000000] last_pfn = 0x43f000 max_arch_pfn = 0x400000000
[    0.000000] MTRR map: 6 entries (3 fixed + 3 variable; max 20), built from 9 variable MTRRs
[    0.000000] x86/PAT: Configuration [0-7]: WB  WC  UC- UC  WB  WP  UC- WT  
[    0.000000] last_pfn = 0x9d000 max_arch_pfn = 0x400000000
[    0.000000] Using GB pages for direct mapping
[    0.000000] RAMDISK: [mem 0x34901000-0x36477fff]
[    0.000000] ACPI: Early table checksum verification disabled
[    0.000000] ACPI: RSDP 0x00000000000FBE30 000024 (v02 HPQOEM)
[    0.000000] ACPI: XSDT 0x000000009CFFE120 0000C4 (v01 HPQOEM SLIC-BPC 00000001      01000013)
[    0.000000] ACPI: FACP 0x000000009CFF8000 00010C (v05 HPQOEM SLIC-BPC 00000001 HP   00000001)
[    0.000000] ACPI: DSDT 0x000000009CFE0000 01012E (v02 HPQOEM 807E     00000000 INTL 20121018)
[    0.000000] ACPI: FACS 0x000000009CF85000 000040
[    0.000000] ACPI: SSDT 0x000000009CFFC000 000108 (v02 HP     ShmTable 00000001 INTL 20121018)
[    0.000000] ACPI: UEFI 0x000000009CFFB000 000042 (v01                 00000000      00000000)
[    0.000000] ACPI: TCPA 0x000000009CFFA000 000032 (v02 HPQOEM EDK2     00000002      01000013)
[    0.000000] ACPI: SSDT 0x000000009CFF9000 0003B8 (v02 HPQOEM TcgTable 00001000 INTL 20121018)
[    0.000000] ACPI: ASF! 0x000000009CFF7000 00006E (v32 HPQOEM 807E     00000001 HP   00000001)
[    0.000000] ACPI: MSDM 0x000000009CFF6000 000055 (v03 HPQOEM SLIC-BPC 00000000 HP   00000001)
[    0.000000] ACPI: SLIC 0x000000009CFF5000 000176 (v01 HPQOEM SLIC-BPC 00000001 HP   00000001)
[    0.000000] ACPI: WSMT 0x000000009CFF4000 000028 (v01 HPQOEM 807E     00000001 HP   00000001)
[    0.000000] ACPI: HPET 0x000000009CFF3000 000038 (v01 HPQOEM 807E     00000001 HP   00000001)
[    0.000000] ACPI: APIC 0x000000009CFF2000 000090 (v02 HPQOEM 807E     00000001 HP   00000001)
[    0.000000] ACPI: MCFG 0x000000009CFF1000 00003C (v01 HPQOEM 807E     00000001 HP   00000001)
[    0.000000] ACPI: SSDT 0x000000009CFDE000 000854 (v01 AMD    AGESA    00000001 AMD  00000001)
[    0.000000] ACPI: SSDT 0x000000009CFD5000 00873A (v02 AMD    AGESA    00000002 MSFT 04000000)
[    0.000000] ACPI: IVRS 0x000000009CFD4000 0000D0 (v02 AMD    AGESA    00000001 AMD  00000000)
[    0.000000] ACPI: SSDT 0x000000009CFDF000 0007EA (v01 AMD    CPMADPS4 00000001 INTL 20121018)
[    0.000000] ACPI: SSDT 0x000000009CFD2000 0015F0 (v01 AMD    CPMCMN   00000001 INTL 20121018)
[    0.000000] ACPI: FPDT 0x000000009CFD1000 000044 (v01 HPQOEM EDK2     00000002      01000013)
[    0.000000] ACPI: BGRT 0x000000009CFD0000 000038 (v01 HPQOEM EDK2     00000002      01000013)
[    0.000000] ACPI: SSDT 0x000000009CFFD000 000260 (v02 HP     PwrCtlEv 00000001 INTL 20121018)
[    0.000000] ACPI: Reserving FACP table memory at [mem 0x9cff8000-0x9cff810b]
[    0.000000] ACPI: Reserving DSDT table memory at [mem 0x9cfe0000-0x9cff012d]
[    0.000000] ACPI: Reserving FACS table memory at [mem 0x9cf85000-0x9cf8503f]
[    0.000000] ACPI: Reserving SSDT table memory at [mem 0x9cffc000-0x9cffc107]
[    0.000000] ACPI: Reserving UEFI table memory at [mem 0x9cffb000-0x9cffb041]
[    0.000000] ACPI: Reserving TCPA table memory at [mem 0x9cffa000-0x9cffa031]
[    0.000000] ACPI: Reserving SSDT table memory at [mem 0x9cff9000-0x9cff93b7]
[    0.000000] ACPI: Reserving ASF! table memory at [mem 0x9cff7000-0x9cff706d]
[    0.000000] ACPI: Reserving MSDM table memory at [mem 0x9cff6000-0x9cff6054]
[    0.000000] ACPI: Reserving SLIC table memory at [mem 0x9cff5000-0x9cff5175]
[    0.000000] ACPI: Reserving WSMT table memory at [mem 0x9cff4000-0x9cff4027]
[    0.000000] ACPI: Reserving HPET table memory at [mem 0x9cff3000-0x9cff3037]
[    0.000000] ACPI: Reserving APIC table memory at [mem 0x9cff2000-0x9cff208f]
[    0.000000] ACPI: Reserving MCFG table memory at [mem 0x9cff1000-0x9cff103b]
[    0.000000] ACPI: Reserving SSDT table memory at [mem 0x9cfde000-0x9cfde853]
[    0.000000] ACPI: Reserving SSDT table memory at [mem 0x9cfd5000-0x9cfdd739]
[    0.000000] ACPI: Reserving IVRS table memory at [mem 0x9cfd4000-0x9cfd40cf]
[    0.000000] ACPI: Reserving SSDT table memory at [mem 0x9cfdf000-0x9cfdf7e9]
[    0.000000] ACPI: Reserving SSDT table memory at [mem 0x9cfd2000-0x9cfd35ef]
[    0.000000] ACPI: Reserving FPDT table memory at [mem 0x9cfd1000-0x9cfd1043]
[    0.000000] ACPI: Reserving BGRT table memory at [mem 0x9cfd0000-0x9cfd0037]
[    0.000000] ACPI: Reserving SSDT table memory at [mem 0x9cffd000-0x9cffd25f]
[    0.000000] No NUMA configuration found
[    0.000000] Faking a node at [mem 0x0000000000000000-0x000000043effffff]
[    0.000000] NODE_DATA(0) allocated [mem 0x43effc000-0x43effdfff]
[    0.000000] Zone ranges:
[    0.000000]   DMA      [mem 0x0000000000001000-0x0000000000ffffff]
[    0.000000]   DMA32    [mem 0x0000000001000000-0x00000000ffffffff]
[    0.000000]   Normal   [mem 0x0000000100000000-0x000000043effffff]
[    0.000000] Movable zone start for each node
[    0.000000] Early memory node ranges
[    0.000000]   node   0: [mem 0x0000000000001000-0x000000000009dfff]
[    0.000000]   node   0: [mem 0x0000000000100000-0x000000009bacefff]
[    0.000000]   node   0: [mem 0x000000009cfff000-0x000000009cffffff]
[    0.000000]   node   0: [mem 0x0000000100000000-0x000000043effffff]
[    0.000000] Initmem setup node 0 [mem 0x0000000000001000-0x000000043effffff]
[    0.000000] On node 0, zone DMA: 1 pages in unavailable ranges
[    0.000000] On node 0, zone DMA: 98 pages in unavailable ranges
[    0.000000] On node 0, zone DMA32: 5424 pages in unavailable ranges
[    0.000000] On node 0, zone Normal: 12288 pages in unavailable ranges
[    0.000000] On node 0, zone Normal: 4096 pages in unavailable ranges
[    0.000000] ACPI: PM-Timer IO Port: 0x408
[    0.000000] ACPI: LAPIC_NMI (acpi_id[0x00] high edge lint[0x1])
[    0.000000] ACPI: LAPIC_NMI (acpi_id[0x01] high edge lint[0x1])
[    0.000000] ACPI: LAPIC_NMI (acpi_id[0x02] high edge lint[0x1])
[    0.000000] ACPI: LAPIC_NMI (acpi_id[0x03] high edge lint[0x1])
[    0.000000] IOAPIC[0]: apic_id 4, version 33, address 0xfec00000, GSI 0-23
[    0.000000] IOAPIC[1]: apic_id 5, version 33, address 0xfec01000, GSI 24-55
[    0.000000] ACPI: INT_SRC_OVR (bus 0 bus_irq 0 global_irq 2 dfl dfl)
[    0.000000] ACPI: INT_SRC_OVR (bus 0 bus_irq 9 global_irq 9 low level)
[    0.000000] ACPI: Using ACPI (MADT) for SMP configuration information
[    0.000000] ACPI: HPET id: 0x10228210 base: 0xfed00000
[    0.000000] CPU topo: Max. logical packages:   1
[    0.000000] CPU topo: Max. logical dies:       1
[    0.000000] CPU topo: Max. dies per package:   1
[    0.000000] CPU topo: Max. threads per core:   2
[    0.000000] CPU topo: Num. cores per package:     2
[    0.000000] CPU topo: Num. threads per package:   4
[    0.000000] CPU topo: Allowing 4 present CPUs plus 0 hotplug CPUs
[    0.000000] PM: hibernation: Registered nosave memory: [mem 0x00000000-0x00000fff]
[    0.000000] PM: hibernation: Registered nosave memory: [mem 0x0009e000-0x0009efff]
[    0.000000] PM: hibernation: Registered nosave memory: [mem 0x0009f000-0x0009ffff]
[    0.000000] PM: hibernation: Registered nosave memory: [mem 0x000a0000-0x000dffff]
[    0.000000] PM: hibernation: Registered nosave memory: [mem 0x000e0000-0x000fffff]
[    0.000000] PM: hibernation: Registered nosave memory: [mem 0x9bacf000-0x9c8cefff]
[    0.000000] PM: hibernation: Registered nosave memory: [mem 0x9c8cf000-0x9cfcefff]
[    0.000000] PM: hibernation: Registered nosave memory: [mem 0x9cfcf000-0x9cffefff]
[    0.000000] PM: hibernation: Registered nosave memory: [mem 0x9d000000-0xd08fffff]
[    0.000000] PM: hibernation: Registered nosave memory: [mem 0xd0900000-0xd09fffff]
[    0.000000] PM: hibernation: Registered nosave memory: [mem 0xd0a00000-0xf7ffffff]
[    0.000000] PM: hibernation: Registered nosave memory: [mem 0xf8000000-0xfbffffff]
[    0.000000] PM: hibernation: Registered nosave memory: [mem 0xfc000000-0xfebfffff]
[    0.000000] PM: hibernation: Registered nosave memory: [mem 0xfec00000-0xfec00fff]
[    0.000000] PM: hibernation: Registered nosave memory: [mem 0xfec01000-0xfec0ffff]
[    0.000000] PM: hibernation: Registered nosave memory: [mem 0xfec10000-0xfec10fff]
[    0.000000] PM: hibernation: Registered nosave memory: [mem 0xfec11000-0xfed7ffff]
[    0.000000] PM: hibernation: Registered nosave memory: [mem 0xfed80000-0xfed80fff]
[    0.000000] PM: hibernation: Registered nosave memory: [mem 0xfed81000-0xfedf0fff]
[    0.000000] PM: hibernation: Registered nosave memory: [mem 0xfedf1000-0xfedf1fff]
[    0.000000] PM: hibernation: Registered nosave memory: [mem 0xfedf2000-0xfedfffff]
[    0.000000] PM: hibernation: Registered nosave memory: [mem 0xfee00000-0xfee00fff]
[    0.000000] PM: hibernation: Registered nosave memory: [mem 0xfee01000-0xfeffffff]
[    0.000000] PM: hibernation: Registered nosave memory: [mem 0xff000000-0xffffffff]
[    0.000000] [mem 0x9d000000-0xd08fffff] available for PCI devices
[    0.000000] Booting paravirtualized kernel on bare hardware
[    0.000000] clocksource: refined-jiffies: mask: 0xffffffff max_cycles: 0xffffffff, max_idle_ns: 7645519600211568 ns
[    0.000000] setup_percpu: NR_CPUS:16 nr_cpumask_bits:4 nr_cpu_ids:4 nr_node_ids:1
[    0.000000] percpu: Embedded 64 pages/cpu s225280 r8192 d28672 u524288
[    0.000000] pcpu-alloc: s225280 r8192 d28672 u524288 alloc=1*2097152
[    0.000000] pcpu-alloc: [0] 0 1 2 3 
[    0.000000] Kernel command line: BOOT_IMAGE=/boot/vmlinuz-6.10.0-rc1+ root=/dev/sda2 ro root=/dev/sda2 console=ttyS0,115200 console=tty0 ignore_loglevel log_buf_len=16M resume=/dev/sda1 no_console_suspend rdrand=force
[    0.000000] Unknown kernel command line parameters "BOOT_IMAGE=/boot/vmlinuz-6.10.0-rc1+", will be passed to user space.
[    0.000000] random: crng init done
[    0.000000] Dentry cache hash table entries: 2097152 (order: 12, 16777216 bytes, linear)
[    0.000000] Inode-cache hash table entries: 1048576 (order: 11, 8388608 bytes, linear)
[    0.000000] Fallback order for Node 0: 0 
[    0.000000] Built 1 zonelists, mobility grouping on.  Total pages: 4041325
[    0.000000] Policy zone: Normal
[    0.000000] mem auto-init: stack:off, heap alloc:off, heap free:off, mlocked free:off
[    0.000000] stackdepot: allocating hash table via alloc_large_system_hash
[    0.000000] stackdepot hash table entries: 1048576 (order: 12, 16777216 bytes, linear)
[    0.000000] software IO TLB: area num 4.
[    0.000000] Memory: 15577020K/16165300K available (14336K kernel code, 116373K rwdata, 5532K rodata, 2860K init, 51544K bss, 588024K reserved, 0K cma-reserved)
[    0.000000] SLUB: HWalign=64, Order=0-3, MinObjects=0, CPUs=4, Nodes=1
[    0.000000] ftrace: allocating 38260 entries in 150 pages
[    0.000000] ftrace: allocated 150 pages with 4 groups
[    0.000000] Dynamic Preempt: full
[    0.000000] Running RCU self tests
[    0.000000] Running RCU synchronous self tests
[    0.000000] rcu: Preemptible hierarchical RCU implementation.
[    0.000000] rcu: 	RCU lockdep checking is enabled.
[    0.000000] rcu: 	RCU restricting CPUs from NR_CPUS=16 to nr_cpu_ids=4.
[    0.000000] 	Trampoline variant of Tasks RCU enabled.
[    0.000000] 	Rude variant of Tasks RCU enabled.
[    0.000000] rcu: RCU calculated value of scheduler-enlistment delay is 25 jiffies.
[    0.000000] rcu: Adjusting geometry for rcu_fanout_leaf=16, nr_cpu_ids=4
[    0.000000] Running RCU synchronous self tests
[    0.000000] RCU Tasks: Setting shift to 2 and lim to 1 rcu_task_cb_adjust=1.
[    0.000000] RCU Tasks Rude: Setting shift to 2 and lim to 1 rcu_task_cb_adjust=1.
[    0.000000] NR_IRQS: 4352, nr_irqs: 1000, preallocated irqs: 16
[    0.000000] rcu: srcu_init: Setting srcu_struct sizes based on contention.
[    0.000000] kfence: initialized - using 2097152 bytes for 255 objects at 0x(____ptrval____)-0x(____ptrval____)
[    0.000000] spurious 8259A interrupt: IRQ7.
[    0.000000] Console: colour VGA+ 80x25
[    0.000000] printk: legacy console [tty0] enabled
[    0.000000] printk: legacy console [ttyS0] enabled
[    0.000000] Lock dependency validator: Copyright (c) 2006 Red Hat, Inc., Ingo Molnar
[    0.000000] ... MAX_LOCKDEP_SUBCLASSES:  8
[    0.000000] ... MAX_LOCK_DEPTH:          48
[    0.000000] ... MAX_LOCKDEP_KEYS:        8192
[    0.000000] ... CLASSHASH_SIZE:          4096
[    0.000000] ... MAX_LOCKDEP_ENTRIES:     32768
[    0.000000] ... MAX_LOCKDEP_CHAINS:      65536
[    0.000000] ... CHAINHASH_SIZE:          32768
[    0.000000]  memory used by lock dependency info: 6429 kB
[    0.000000]  memory used for stack traces: 4224 kB
[    0.000000]  per task-struct memory footprint: 1920 bytes
[    0.000000] ACPI: Core revision 20240322
[    0.000000] clocksource: hpet: mask: 0xffffffff max_cycles: 0xffffffff, max_idle_ns: 133484873504 ns
[    0.000000] APIC: Switch to symmetric I/O mode setup
[    0.000000] AMD-Vi: Using global IVHD EFR:0x77ef22294ada, EFR2:0x0
[    0.000000] ..TIMER: vector=0x30 apic1=0 pin1=2 apic2=-1 pin2=-1
[    0.024000] tsc: PIT calibration matches HPET. 1 loops
[    0.024000] tsc: Detected 2096.112 MHz processor
[    0.000028] clocksource: tsc-early: mask: 0xffffffffffffffff max_cycles: 0x1e36d7c6d3a, max_idle_ns: 440795267907 ns
[    0.000466] Calibrating delay loop (skipped), value calculated using timer frequency.. 4192.22 BogoMIPS (lpj=8384448)
[    0.000997] LVT offset 1 assigned for vector 0xf9
[    0.004471] Last level iTLB entries: 4KB 512, 2MB 1024, 4MB 512
[    0.004724] Last level dTLB entries: 4KB 1024, 2MB 1024, 4MB 512, 1GB 0
[    0.005016] Spectre V1 : Mitigation: usercopy/swapgs barriers and __user pointer sanitization
[    0.005365] Spectre V2 : Mitigation: Retpolines
[    0.005560] Spectre V2 : Spectre v2 / SpectreRSB mitigation: Filling RSB on context switch
[    0.005858] Spectre V2 : Spectre v2 / SpectreRSB : Filling RSB on VMEXIT
[    0.006103] Spectre V2 : Enabling Speculation Barrier for firmware calls
[    0.006349] RETBleed: Mitigation: untrained return thunk
[    0.006571] Spectre V2 : mitigation: Enabling conditional Indirect Branch Prediction Barrier
[    0.006915] Speculative Store Bypass: Mitigation: Speculative Store Bypass disabled via prctl
[    0.007277] x86/fpu: Supporting XSAVE feature 0x001: 'x87 floating point registers'
[    0.007583] x86/fpu: Supporting XSAVE feature 0x002: 'SSE registers'
[    0.007819] x86/fpu: Supporting XSAVE feature 0x004: 'AVX registers'
[    0.008055] x86/fpu: xstate_offset[2]:  576, xstate_sizes[2]:  256
[    0.008285] x86/fpu: Enabled xstate features 0x7, context size is 832 bytes, using 'standard' format.
[    0.026568] Freeing SMP alternatives memory: 32K
[    0.026805] pid_max: default: 32768 minimum: 301
[    0.027486] Mount-cache hash table entries: 32768 (order: 6, 262144 bytes, linear)
[    0.027879] Mountpoint-cache hash table entries: 32768 (order: 6, 262144 bytes, linear)
[    0.031000] Running RCU synchronous self tests
[    0.031271] Running RCU synchronous self tests
[    0.139845] smpboot: CPU0: AMD PRO A12-8800B R7, 12 Compute Cores 4C+8G (family: 0x15, model: 0x60, stepping: 0x1)
[    0.140460] Running RCU Tasks wait API self tests
[    0.240652] Running RCU Tasks Rude wait API self tests
[    0.241065] Performance Events: Fam15h core perfctr, AMD PMU driver.
[    0.241408] ... version:                0
[    0.241596] ... bit width:              48
[    0.241785] ... generic registers:      6
[    0.241970] ... value mask:             0000ffffffffffff
[    0.242203] ... max period:             00007fffffffffff
[    0.242435] ... fixed-purpose events:   0
[    0.242597] ... event mask:             000000000000003f
[    0.243055] signal: max sigframe size: 1776
[    0.243505] rcu: Hierarchical SRCU implementation.
[    0.243720] rcu: 	Max phase no-delay instances is 1000.
[    0.251078] NMI watchdog: Enabled. Permanently consumes one hw-PMU counter.
[    0.251810] smp: Bringing up secondary CPUs ...
[    0.252754] smpboot: x86: Booting SMP configuration:
[    0.252996] .... node  #0, CPUs:      #2 #1 #3
[    0.262464] smp: Brought up 1 node, 4 CPUs
[    0.262464] smpboot: Total of 4 processors activated (16768.89 BogoMIPS)
[    0.270034] devtmpfs: initialized
[    0.274291] ACPI: PM: Registering ACPI NVS region [mem 0x9c8cf000-0x9cfcefff] (7340032 bytes)
[    0.279742] Running RCU synchronous self tests
[    0.280031] Running RCU synchronous self tests
[    0.280492] clocksource: jiffies: mask: 0xffffffff max_cycles: 0xffffffff, max_idle_ns: 7645041785100000 ns
[    0.280924] futex hash table entries: 1024 (order: 5, 131072 bytes, linear)
[    0.281538] pinctrl core: initialized pinctrl subsystem
[    0.282812] NET: Registered PF_NETLINK/PF_ROUTE protocol family
[    0.284671] DMA: preallocated 2048 KiB GFP_KERNEL pool for atomic allocations
[    0.285001] DMA: preallocated 2048 KiB GFP_KERNEL|GFP_DMA pool for atomic allocations
[    0.285349] DMA: preallocated 2048 KiB GFP_KERNEL|GFP_DMA32 pool for atomic allocations
[    0.286504] thermal_sys: Registered thermal governor 'fair_share'
[    0.286508] thermal_sys: Registered thermal governor 'bang_bang'
[    0.286770] thermal_sys: Registered thermal governor 'step_wise'
[    0.287025] thermal_sys: Registered thermal governor 'user_space'
[    0.287517] cpuidle: using governor ladder
[    0.288472] cpuidle: using governor menu
[    0.288766] ACPI FADT declares the system doesn't support PCIe ASPM, so disable it
[    0.289014] acpiphp: ACPI Hot Plug PCI Controller Driver version: 0.5
[    0.289902] PCI: ECAM [mem 0xf8000000-0xfbffffff] (base 0xf8000000) for domain 0000 [bus 00-3f]
[    0.290303] PCI: Using configuration type 1 for base access
[    0.290702] mtrr: your CPUs had inconsistent variable MTRR settings
[    0.291050] mtrr: probably your BIOS does not setup all CPUs.
[    0.291315] mtrr: corrected configuration.
[    0.292570] kprobes: kprobe jump-optimization is enabled. All kprobes are optimized if possible.
[    0.293011] HugeTLB: registered 1.00 GiB page size, pre-allocated 0 pages
[    0.293011] HugeTLB: 16380 KiB vmemmap can be freed for a 1.00 GiB page
[    0.293147] HugeTLB: registered 2.00 MiB page size, pre-allocated 0 pages
[    0.293442] HugeTLB: 28 KiB vmemmap can be freed for a 2.00 MiB page
[    0.296514] Demotion targets for Node 0: null
[    0.297385] ACPI: Added _OSI(Module Device)
[    0.297603] ACPI: Added _OSI(Processor Device)
[    0.297815] ACPI: Added _OSI(3.0 _SCP Extensions)
[    0.298035] ACPI: Added _OSI(Processor Aggregator Device)
[    0.348530] Callback from call_rcu_tasks_rude() invoked.
[    0.505203] ACPI: 8 ACPI AML tables successfully acquired and loaded
[    0.536260] ACPI: [Firmware Bug]: BIOS _OSI(Linux) query ignored
[    0.557134] Callback from call_rcu_tasks() invoked.
[    0.605098] ACPI: _OSC evaluation for CPUs failed, trying _PDC
[    0.606861] ACPI: EC: EC started
[    0.607055] ACPI: EC: interrupt blocked
[    0.631011] ACPI: EC: EC_CMD/EC_SC=0x66, EC_DATA=0x62
[    0.631264] ACPI: \_SB_.PCI0.LPCB.EC0_: Boot DSDT EC used to handle transactions
[    0.631578] ACPI: Interpreter enabled
[    0.631923] ACPI: PM: (supports S0 S3 S4 S5)
[    0.632132] ACPI: Using IOAPIC for interrupt routing
[    0.634515] PCI: Using host bridge windows from ACPI; if necessary, use "pci=nocrs" and report a bug
[    0.634896] PCI: Using E820 reservations for host bridge windows
[    0.637389] ACPI: Enabled 8 GPEs in block 00 to 1F
[    0.667541] ACPI: \_SB_.P0U2: New power resource
[    0.668226] ACPI: \_SB_.P3U2: New power resource
[    0.675100] ACPI: \_SB_.P0U3: New power resource
[    0.675700] ACPI: \_SB_.P3U3: New power resource
[    0.686760] ACPI: \_SB_.PCI0.HDEF.APPR: New power resource
[    0.691792] ACPI: \_SB_.P0ST: New power resource
[    0.692472] ACPI: \_SB_.P3ST: New power resource
[    0.707821] ACPI: \_SB_.PRU0: New power resource
[    0.708357] ACPI: \_SB_.PRU1: New power resource
[    0.708793] ACPI: \_SB_.PRUD: New power resource
[    0.709278] ACPI: \_SB_.PRI0: New power resource
[    0.709872] ACPI: \_SB_.PRI1: New power resource
[    0.710394] ACPI: \_SB_.PRI2: New power resource
[    0.710866] ACPI: \_SB_.PRI3: New power resource
[    0.711338] ACPI: \_SB_.PRID: New power resource
[    0.716241] ACPI: \_SB_.P0SD: New power resource
[    0.716764] ACPI: \_SB_.P3SD: New power resource
[    0.740329] ACPI: PCI Root Bridge [PCI0] (domain 0000 [bus 00-ff])
[    0.740548] acpi PNP0A08:00: _OSC: OS supports [ExtendedConfig ASPM ClockPM Segments MSI HPX-Type3]
[    0.742142] acpi PNP0A08:00: _OSC: platform does not support [LTR]
[    0.744311] acpi PNP0A08:00: _OSC: OS now controls [PCIeHotplug PME AER PCIeCapability]
[    0.744963] acpi PNP0A08:00: FADT indicates ASPM is unsupported, using BIOS configuration
[    0.745593] acpi PNP0A08:00: [Firmware Info]: ECAM [mem 0xf8000000-0xfbffffff] for domain 0000 [bus 00-3f] only partially covers this bridge
[    0.747035] acpi PNP0A08:00: ignoring host bridge window [mem 0x000cc000-0x000cffff window] (conflicts with Video ROM [mem 0x000c0000-0x000cfdff])
[    0.749768] PCI host bridge to bus 0000:00
[    0.749976] pci_bus 0000:00: root bus resource [io  0x0000-0x0cf7 window]
[    0.750267] pci_bus 0000:00: root bus resource [io  0x0d00-0xffff window]
[    0.750554] pci_bus 0000:00: root bus resource [mem 0x000a0000-0x000bffff window]
[    0.750876] pci_bus 0000:00: root bus resource [mem 0x000c0000-0x000cbfff window]
[    0.751196] pci_bus 0000:00: root bus resource [mem 0x000d0000-0x000effff window]
[    0.751510] pci_bus 0000:00: root bus resource [mem 0xc0000000-0xdfffffff window]
[    0.751787] pci_bus 0000:00: root bus resource [mem 0xf0000000-0xfed3ffff window]
[    0.752065] pci_bus 0000:00: root bus resource [bus 00-ff]
[    0.752922] pci 0000:00:00.0: [1022:1576] type 00 class 0x060000 conventional PCI endpoint
[    0.753826] pci 0000:00:00.2: [1022:1577] type 00 class 0x080600 conventional PCI endpoint
[    0.754463] pci 0000:00:01.0: [1002:9874] type 00 class 0x030000 PCIe Root Complex Integrated Endpoint
[    0.754855] pci 0000:00:01.0: BAR 0 [mem 0xc0000000-0xcfffffff 64bit pref]
[    0.755154] pci 0000:00:01.0: BAR 2 [mem 0xd0000000-0xd07fffff 64bit pref]
[    0.755448] pci 0000:00:01.0: BAR 4 [io  0x2000-0x20ff]
[    0.755659] pci 0000:00:01.0: BAR 5 [mem 0xd0c00000-0xd0c3ffff]
[    0.755887] pci 0000:00:01.0: ROM [mem 0xfffe0000-0xffffffff pref]
[    0.756471] pci 0000:00:01.0: enabling Extended Tags
[    0.756471] pci 0000:00:01.0: Video device with shadowed ROM at [mem 0x000c0000-0x000dffff]
[    0.757071] pci 0000:00:01.0: supports D1 D2
[    0.757314] pci 0000:00:01.0: PME# supported from D1 D2 D3hot
[    0.758702] pci 0000:00:01.1: [1002:9840] type 00 class 0x040300 PCIe Root Complex Integrated Endpoint
[    0.759101] pci 0000:00:01.1: BAR 0 [mem 0xd0c60000-0xd0c63fff 64bit]
[    0.759405] pci 0000:00:01.1: enabling Extended Tags
[    0.759689] pci 0000:00:01.1: supports D1 D2
[    0.760174] pci 0000:00:02.0: [1022:157b] type 00 class 0x060000 conventional PCI endpoint
[    0.761360] pci 0000:00:02.1: [1022:157c] type 01 class 0x060400 PCIe Root Port
[    0.761744] pci 0000:00:02.1: PCI bridge to [bus 01]
[    0.761982] pci 0000:00:02.1:   bridge window [mem 0xd0800000-0xd08fffff 64bit pref]
[    0.762312] pci 0000:00:02.1: enabling Extended Tags
[    0.762622] pci 0000:00:02.1: PME# supported from D0 D3hot D3cold
[    0.763609] pci 0000:00:02.3: [1022:157c] type 01 class 0x060400 PCIe Root Port
[    0.763945] pci 0000:00:02.3: PCI bridge to [bus 02]
[    0.764173] pci 0000:00:02.3:   bridge window [mem 0xd0b00000-0xd0bfffff]
[    0.764537] pci 0000:00:02.3: enabling Extended Tags
[    0.764841] pci 0000:00:02.3: PME# supported from D0 D3hot D3cold
[    0.765959] pci 0000:00:02.5: [1022:157c] type 01 class 0x060400 PCIe Root Port
[    0.766294] pci 0000:00:02.5: PCI bridge to [bus 03]
[    0.766540] pci 0000:00:02.5: enabling Extended Tags
[    0.766841] pci 0000:00:02.5: PME# supported from D0 D3hot D3cold
[    0.767768] pci 0000:00:03.0: [1022:157b] type 00 class 0x060000 conventional PCI endpoint
[    0.768782] pci 0000:00:08.0: [1022:1578] type 00 class 0x108000 conventional PCI endpoint
[    0.769136] pci 0000:00:08.0: BAR 0 [mem 0xd0c40000-0xd0c5ffff 64bit pref]
[    0.769473] pci 0000:00:08.0: BAR 2 [mem 0xd0a00000-0xd0afffff]
[    0.769781] pci 0000:00:08.0: BAR 3 [mem 0xd0c6f000-0xd0c6ffff]
[    0.770043] pci 0000:00:08.0: BAR 5 [mem 0xd0c6a000-0xd0c6bfff]
[    0.770919] pci 0000:00:09.0: [1022:157d] type 00 class 0x060000 conventional PCI endpoint
[    0.771519] pci 0000:00:09.2: [1022:157a] type 00 class 0x040300 conventional PCI endpoint
[    0.771870] pci 0000:00:09.2: BAR 0 [mem 0xd0c64000-0xd0c67fff]
[    0.772189] pci 0000:00:09.2: PME# supported from D0 D3hot D3cold
[    0.773097] pci 0000:00:10.0: [1022:7914] type 00 class 0x0c0330 PCIe Root Complex Integrated Endpoint
[    0.773498] pci 0000:00:10.0: BAR 0 [mem 0xd0c68000-0xd0c69fff 64bit]
[    0.773954] pci 0000:00:10.0: PME# supported from D0 D3hot D3cold
[    0.774912] pci 0000:00:11.0: [1022:7901] type 00 class 0x010601 conventional PCI endpoint
[    0.775268] pci 0000:00:11.0: BAR 0 [io  0x2118-0x211f]
[    0.775507] pci 0000:00:11.0: BAR 1 [io  0x2124-0x2127]
[    0.775746] pci 0000:00:11.0: BAR 2 [io  0x2110-0x2117]
[    0.775982] pci 0000:00:11.0: BAR 3 [io  0x2120-0x2123]
[    0.776222] pci 0000:00:11.0: BAR 4 [io  0x2100-0x210f]
[    0.776498] pci 0000:00:11.0: BAR 5 [mem 0xd0c6c000-0xd0c6c3ff]
[    0.776781] pci 0000:00:11.0: PME# supported from D3hot
[    0.777804] pci 0000:00:12.0: [1022:7908] type 00 class 0x0c0320 conventional PCI endpoint
[    0.778160] pci 0000:00:12.0: BAR 0 [mem 0xd0c6d000-0xd0c6d0ff]
[    0.778515] pci 0000:00:12.0: supports D1 D2
[    0.778712] pci 0000:00:12.0: PME# supported from D0 D1 D2 D3hot D3cold
[    0.779615] pci 0000:00:14.0: [1022:790b] type 00 class 0x0c0500 conventional PCI endpoint
[    0.780587] pci 0000:00:14.3: [1022:790e] type 00 class 0x060100 conventional PCI endpoint
[    0.781832] pci 0000:00:18.0: [1022:1570] type 00 class 0x060000 conventional PCI endpoint
[    0.782421] pci 0000:00:18.1: [1022:1571] type 00 class 0x060000 conventional PCI endpoint
[    0.783015] pci 0000:00:18.2: [1022:1572] type 00 class 0x060000 conventional PCI endpoint
[    0.783601] pci 0000:00:18.3: [1022:1573] type 00 class 0x060000 conventional PCI endpoint
[    0.784199] pci 0000:00:18.4: [1022:1574] type 00 class 0x060000 conventional PCI endpoint
[    0.784891] pci 0000:00:18.5: [1022:1575] type 00 class 0x060000 conventional PCI endpoint
[    0.786266] pci 0000:01:00.0: [14e4:1687] type 00 class 0x020000 PCIe Endpoint
[    0.786631] pci 0000:01:00.0: BAR 0 [mem 0xd0820000-0xd082ffff 64bit pref]
[    0.786968] pci 0000:01:00.0: BAR 2 [mem 0xd0810000-0xd081ffff 64bit pref]
[    0.787300] pci 0000:01:00.0: BAR 4 [mem 0xd0800000-0xd080ffff 64bit pref]
[    0.787835] pci 0000:01:00.0: PME# supported from D0 D3hot D3cold
[    0.788227] pci 0000:01:00.0: 2.000 Gb/s available PCIe bandwidth, limited by 2.5 GT/s PCIe x1 link at 0000:00:02.1 (capable of 4.000 Gb/s with 5.0 GT/s PCIe x1 link)
[    0.789648] pci 0000:00:02.1: PCI bridge to [bus 01]
[    0.790244] pci 0000:02:00.0: [8086:095a] type 00 class 0x028000 PCIe Endpoint
[    0.790588] pci 0000:02:00.0: BAR 0 [mem 0xd0b00000-0xd0b01fff 64bit]
[    0.791124] pci 0000:02:00.0: PME# supported from D0 D3hot D3cold
[    0.792858] pci 0000:00:02.3: PCI bridge to [bus 02]
[    0.793388] pci 0000:00:02.5: PCI bridge to [bus 03]
[    0.801711] ACPI: IRQ 3 override to edge(!), high(!)
[    0.803814] ACPI: PCI: Interrupt link LNKA configured for IRQ 0
[    0.804103] ACPI: PCI: Interrupt link LNKA disabled
[    0.805025] ACPI: PCI: Interrupt link LNKB configured for IRQ 0
[    0.805280] ACPI: PCI: Interrupt link LNKB disabled
[    0.806203] ACPI: PCI: Interrupt link LNKC configured for IRQ 0
[    0.806459] ACPI: PCI: Interrupt link LNKC disabled
[    0.807327] ACPI: PCI: Interrupt link LNKD configured for IRQ 0
[    0.807583] ACPI: PCI: Interrupt link LNKD disabled
[    0.808584] ACPI: PCI: Interrupt link LNKE configured for IRQ 0
[    0.808841] ACPI: PCI: Interrupt link LNKE disabled
[    0.809749] ACPI: PCI: Interrupt link LNKF configured for IRQ 0
[    0.810005] ACPI: PCI: Interrupt link LNKF disabled
[    0.810745] ACPI: PCI: Interrupt link LNKG configured for IRQ 0
[    0.811001] ACPI: PCI: Interrupt link LNKG disabled
[    0.811729] ACPI: PCI: Interrupt link LNKH configured for IRQ 0
[    0.811983] ACPI: PCI: Interrupt link LNKH disabled
[    0.814366] ACPI: EC: interrupt unblocked
[    0.814581] ACPI: EC: event unblocked
[    0.814759] ACPI: EC: EC_CMD/EC_SC=0x66, EC_DATA=0x62
[    0.814989] ACPI: EC: GPE=0x3
[    0.815147] ACPI: \_SB_.PCI0.LPCB.EC0_: Boot DSDT EC initialization complete
[    0.815448] ACPI: \_SB_.PCI0.LPCB.EC0_: EC: Used to handle transactions and events
[    0.816113] iommu: Default domain type: Translated
[    0.816306] iommu: DMA domain TLB invalidation policy: lazy mode
[    0.818609] SCSI subsystem initialized
[    0.820763] libata version 3.00 loaded.
[    0.821397] ACPI: bus type USB registered
[    0.821800] usbcore: registered new interface driver usbfs
[    0.822107] usbcore: registered new interface driver hub
[    0.824548] usbcore: registered new device driver usb
[    0.825748] EDAC MC: Ver: 3.0.0
[    0.826223] EDAC DEBUG: edac_mc_sysfs_init: device mc created
[    0.826609] PCI: Using ACPI for IRQ routing
[    0.828783] PCI: pci_cache_line_size set to 64 bytes
[    0.829136] e820: reserve RAM buffer [mem 0x0009ec00-0x0009ffff]
[    0.829478] e820: reserve RAM buffer [mem 0x9bacf000-0x9bffffff]
[    0.829788] e820: reserve RAM buffer [mem 0x9d000000-0x9fffffff]
[    0.830047] e820: reserve RAM buffer [mem 0x43f000000-0x43fffffff]
[    0.832687] pci 0000:00:01.0: vgaarb: setting as boot VGA device
[    0.832826] pci 0000:00:01.0: vgaarb: bridge control possible
[    0.833073] pci 0000:00:01.0: vgaarb: VGA device added: decodes=io+mem,owns=io+mem,locks=none
[    0.833444] vgaarb: loaded
[    0.833650] hpet0: at MMIO 0xfed00000, IRQs 2, 8, 0
[    0.833874] hpet0: 3 comparators, 32-bit 14.318180 MHz counter
[    0.836510] clocksource: Switched to clocksource tsc-early
[    0.839639] pnp: PnP ACPI init
[    0.841323] system 00:01: [io  0x0400-0x04cf] has been reserved
[    0.841643] system 00:01: [io  0x04d0-0x04d1] has been reserved
[    0.841911] system 00:01: [io  0x04d6] has been reserved
[    0.842156] system 00:01: [io  0x0680-0x06ff] has been reserved
[    0.842420] system 00:01: [io  0x077a] has been reserved
[    0.842727] system 00:01: [io  0x0c00-0x0c01] has been reserved
[    0.843033] system 00:01: [io  0x0c14] has been reserved
[    0.843277] system 00:01: [io  0x0c50-0x0c52] has been reserved
[    0.843543] system 00:01: [io  0x0c6c] has been reserved
[    0.843785] system 00:01: [io  0x0c6f] has been reserved
[    0.844001] system 00:01: [io  0x0cd0-0x0cdb] has been reserved
[    0.844236] system 00:01: [io  0x0840-0x0847] has been reserved
[    0.845414] system 00:02: [mem 0x000e0000-0x000fffff] could not be reserved
[    0.847153] system 00:05: [io  0x0200-0x023f] has been reserved
[    0.847468] system 00:05: [mem 0xfedf1000-0xfedf1fff] has been reserved
[    0.848855] system 00:06: [mem 0xfec00000-0xfec00fff] could not be reserved
[    0.849154] system 00:06: [mem 0xfee00000-0xfee00fff] has been reserved
[    0.849447] system 00:06: [mem 0xfec20000-0xfec20fff] has been reserved
[    0.855190] pnp: PnP ACPI: found 8 devices
[    0.873336] clocksource: acpi_pm: mask: 0xffffff max_cycles: 0xffffff, max_idle_ns: 2085701024 ns
[    0.873964] NET: Registered PF_INET protocol family
[    0.875010] IP idents hash table entries: 262144 (order: 9, 2097152 bytes, linear)
[    0.879338] tcp_listen_portaddr_hash hash table entries: 8192 (order: 7, 589824 bytes, linear)
[    0.879980] Table-perturb hash table entries: 65536 (order: 6, 262144 bytes, linear)
[    0.880326] TCP established hash table entries: 131072 (order: 8, 1048576 bytes, linear)
[    0.881130] TCP bind hash table entries: 65536 (order: 11, 9437184 bytes, vmalloc hugepage)
[    0.889141] TCP: Hash tables configured (established 131072 bind 65536)
[    0.889781] UDP hash table entries: 8192 (order: 8, 1310720 bytes, linear)
[    0.890666] UDP-Lite hash table entries: 8192 (order: 8, 1310720 bytes, linear)
[    0.891941] NET: Registered PF_UNIX/PF_LOCAL protocol family
[    0.892284] pci 0000:00:02.1: bridge window [io  0x1000-0x0fff] to [bus 01] add_size 1000
[    0.892632] pci 0000:00:02.1: bridge window [mem 0x00100000-0x000fffff] to [bus 01] add_size 200000 add_align 100000
[    0.893058] pci 0000:00:02.3: bridge window [io  0x1000-0x0fff] to [bus 02] add_size 1000
[    0.893401] pci 0000:00:02.3: bridge window [mem 0x00100000-0x000fffff 64bit pref] to [bus 02] add_size 200000 add_align 100000
[    0.893887] pci 0000:00:02.5: bridge window [io  0x1000-0x0fff] to [bus 03] add_size 1000
[    0.894189] pci 0000:00:02.5: bridge window [mem 0x00100000-0x000fffff 64bit pref] to [bus 03] add_size 200000 add_align 100000
[    0.894637] pci 0000:00:02.5: bridge window [mem 0x00100000-0x000fffff] to [bus 03] add_size 200000 add_align 100000
[    0.895133] pci 0000:00:02.1: bridge window [mem 0xd0d00000-0xd0efffff]: assigned
[    0.895450] pci 0000:00:02.3: bridge window [mem 0xd0f00000-0xd10fffff 64bit pref]: assigned
[    0.895797] pci 0000:00:02.5: bridge window [mem 0xd1100000-0xd12fffff]: assigned
[    0.896087] pci 0000:00:02.5: bridge window [mem 0xd1300000-0xd14fffff 64bit pref]: assigned
[    0.896394] pci 0000:00:02.1: bridge window [io  0x1000-0x1fff]: assigned
[    0.896646] pci 0000:00:02.3: bridge window [io  0x3000-0x3fff]: assigned
[    0.896904] pci 0000:00:02.5: bridge window [io  0x4000-0x4fff]: assigned
[    0.897206] pci 0000:00:02.1: PCI bridge to [bus 01]
[    0.897433] pci 0000:00:02.1:   bridge window [io  0x1000-0x1fff]
[    0.897700] pci 0000:00:02.1:   bridge window [mem 0xd0d00000-0xd0efffff]
[    0.897977] pci 0000:00:02.1:   bridge window [mem 0xd0800000-0xd08fffff 64bit pref]
[    0.898264] pci 0000:00:02.3: PCI bridge to [bus 02]
[    0.898457] pci 0000:00:02.3:   bridge window [io  0x3000-0x3fff]
[    0.898734] pci 0000:00:02.3:   bridge window [mem 0xd0b00000-0xd0bfffff]
[    0.899034] pci 0000:00:02.3:   bridge window [mem 0xd0f00000-0xd10fffff 64bit pref]
[    0.899356] pci 0000:00:02.5: PCI bridge to [bus 03]
[    0.899578] pci 0000:00:02.5:   bridge window [io  0x4000-0x4fff]
[    0.899841] pci 0000:00:02.5:   bridge window [mem 0xd1100000-0xd12fffff]
[    0.900098] pci 0000:00:02.5:   bridge window [mem 0xd1300000-0xd14fffff 64bit pref]
[    0.900389] pci_bus 0000:00: resource 4 [io  0x0000-0x0cf7 window]
[    0.900621] pci_bus 0000:00: resource 5 [io  0x0d00-0xffff window]
[    0.900852] pci_bus 0000:00: resource 6 [mem 0x000a0000-0x000bffff window]
[    0.901139] pci_bus 0000:00: resource 7 [mem 0x000c0000-0x000cbfff window]
[    0.901426] pci_bus 0000:00: resource 8 [mem 0x000d0000-0x000effff window]
[    0.901717] pci_bus 0000:00: resource 9 [mem 0xc0000000-0xdfffffff window]
[    0.902005] pci_bus 0000:00: resource 10 [mem 0xf0000000-0xfed3ffff window]
[    0.902294] pci_bus 0000:01: resource 0 [io  0x1000-0x1fff]
[    0.902576] pci_bus 0000:01: resource 1 [mem 0xd0d00000-0xd0efffff]
[    0.902886] pci_bus 0000:01: resource 2 [mem 0xd0800000-0xd08fffff 64bit pref]
[    0.903188] pci_bus 0000:02: resource 0 [io  0x3000-0x3fff]
[    0.903430] pci_bus 0000:02: resource 1 [mem 0xd0b00000-0xd0bfffff]
[    0.903695] pci_bus 0000:02: resource 2 [mem 0xd0f00000-0xd10fffff 64bit pref]
[    0.903988] pci_bus 0000:03: resource 0 [io  0x4000-0x4fff]
[    0.904201] pci_bus 0000:03: resource 1 [mem 0xd1100000-0xd12fffff]
[    0.904433] pci_bus 0000:03: resource 2 [mem 0xd1300000-0xd14fffff 64bit pref]
[    0.905534] pci 0000:00:01.1: D0 power state depends on 0000:00:01.0
[    0.926535] pci 0000:00:10.0: quirk_usb_early_handoff+0x0/0x790 took 20060 usecs
[    0.926964] pci 0000:00:10.0: PME# does not work under D0, disabling it
[    0.928560] PCI: CLS 64 bytes, default 64
[    0.928848] AMD-Vi: [Firmware Warn]: EFR mismatch. Use IVHD EFR (0x37ef22294ada : 0x77ef22294ada), EFR2 (0x0 : 0x0).
[    0.929283] pci 0000:00:00.2: AMD-Vi: IOMMU performance counters supported
[    0.929415] Unpacking initramfs...
[    0.930680] pci 0000:00:01.0: Adding to iommu group 0
[    0.931118] pci 0000:00:01.1: Adding to iommu group 0
[    0.931527] pci 0000:00:02.0: Adding to iommu group 1
[    0.931829] pci 0000:00:02.1: Adding to iommu group 1
[    0.932130] pci 0000:00:02.3: Adding to iommu group 1
[    0.932431] pci 0000:00:02.5: Adding to iommu group 1
[    0.932787] pci 0000:00:03.0: Adding to iommu group 2
[    0.933120] pci 0000:00:08.0: Adding to iommu group 3
[    0.933489] pci 0000:00:09.0: Adding to iommu group 4
[    0.933809] pci 0000:00:09.2: Adding to iommu group 4
[    0.934183] pci 0000:00:10.0: Adding to iommu group 5
[    0.934526] pci 0000:00:11.0: Adding to iommu group 6
[    0.934960] pci 0000:00:12.0: Adding to iommu group 7
[    0.935318] pci 0000:00:14.0: Adding to iommu group 8
[    0.935624] pci 0000:00:14.3: Adding to iommu group 8
[    0.936061] pci 0000:00:18.0: Adding to iommu group 9
[    0.936363] pci 0000:00:18.1: Adding to iommu group 9
[    0.936663] pci 0000:00:18.2: Adding to iommu group 9
[    0.936968] pci 0000:00:18.3: Adding to iommu group 9
[    0.937275] pci 0000:00:18.4: Adding to iommu group 9
[    0.937585] pci 0000:00:18.5: Adding to iommu group 9
[    0.937885] pci 0000:01:00.0: Adding to iommu group 1
[    0.938166] pci 0000:02:00.0: Adding to iommu group 1
[    0.938693] BUG: sleeping function called from invalid context at kernel/locking/mutex.c:585

[    0.938739] =============================
[    0.938740] [ BUG: Invalid wait context ]
[    0.938742] 6.10.0-rc1+ #1 Not tainted
[    0.938745] -----------------------------
[    0.938746] swapper/0/1 is trying to lock:
[    0.938748] ffffffff8c9f01d8 (&port_lock_key){....}-{3:3}, at: serial8250_console_write+0x78/0x4a0
[    0.938767] other info that might help us debug this:
[    0.938768] context-{5:5}
[    0.938769] 7 locks held by swapper/0/1:
[    0.938772]  #0: ffff888101a91310 (&group->mutex){+.+.}-{4:4}, at: bus_iommu_probe+0x70/0x160
[    0.938790]  #1: ffff888101d1f1b8 (&domain->lock){....}-{3:3}, at: amd_iommu_attach_device+0xa5/0x700
[    0.938799]  #2: ffff888101cc3d18 (&dev_data->lock){....}-{3:3}, at: amd_iommu_attach_device+0xc5/0x700
[    0.938806]  #3: ffff888100052830 (&iommu->lock){....}-{2:2}, at: amd_iommu_iopf_add_device+0x3f/0xa0
[    0.938813]  #4: ffffffff8945a340 (console_lock){+.+.}-{0:0}, at: _printk+0x48/0x50
[    0.938822]  #5: ffffffff8945a390 (console_srcu){....}-{0:0}, at: console_flush_all+0x58/0x4e0
[    0.938867]  #6: ffffffff82459f80 (console_owner){....}-{0:0}, at: console_flush_all+0x1f0/0x4e0
[    0.938872] stack backtrace:
[    0.938874] CPU: 2 PID: 1 Comm: swapper/0 Not tainted 6.10.0-rc1+ #1
[    0.938877] Hardware name: HP HP EliteBook 745 G3/807E, BIOS N73 Ver. 01.39 04/16/2019
[    0.938879] Call Trace:
[    0.938881]  <TASK>
[    0.938884]  dump_stack_lvl+0x71/0xa0
[    0.938891]  __lock_acquire+0x8ae/0x24a0
[    0.938895]  ? stack_trace_save+0x39/0x50
[    0.938900]  lock_acquire+0xe0/0x2f0
[    0.938903]  ? serial8250_console_write+0x78/0x4a0
[    0.938907]  _raw_spin_lock_irqsave+0x41/0x60
[    0.938911]  ? serial8250_console_write+0x78/0x4a0
[    0.938914]  serial8250_console_write+0x78/0x4a0
[    0.938918]  ? lock_release+0xbf/0x280
[    0.938921]  ? console_flush_all+0x1f0/0x4e0
[    0.938923]  console_flush_all+0x210/0x4e0
[    0.938926]  ? console_flush_all+0x1f0/0x4e0
[    0.938929]  console_unlock+0x34/0x110
[    0.938932]  vprintk_emit+0x170/0x390
[    0.938935]  _printk+0x48/0x50
[    0.938938]  ? lock_is_held_type+0x82/0xf0
[    0.938942]  __might_resched+0xd7/0x290
[    0.938945]  __mutex_lock+0x3c/0xba0
[    0.938950]  ? iopf_queue_add_device+0x58/0x200
[    0.938952]  ? amd_iommu_iopf_add_device+0x3f/0xa0
[    0.938955]  iopf_queue_add_device+0x58/0x200
[    0.938958]  amd_iommu_iopf_add_device+0x5c/0xa0
[    0.938960]  ? pci_enable_pri+0x9d/0xe0
[    0.938964]  amd_iommu_attach_device+0x55d/0x700
[    0.938969]  __iommu_attach_device+0x2f/0xf0
[    0.938973]  __iommu_device_set_domain+0x6f/0xd0
[    0.938977]  __iommu_group_set_domain_internal+0x68/0x120
[    0.938980]  iommu_setup_default_domain+0x497/0x560
[    0.938983]  bus_iommu_probe+0xa9/0x160
[    0.938986]  iommu_device_register+0xac/0xf0
[    0.938988]  state_next+0xad8/0x20e0
[    0.938994]  ? add_device_randomness+0x6f/0x90
[    0.938997]  ? lock_release+0xbf/0x280
[    0.939000]  ? __pfx_pci_iommu_init+0x10/0x10
[    0.939005]  amd_iommu_init+0x1c/0x50
[    0.939008]  pci_iommu_init+0xe/0x40
[    0.939010]  do_one_initcall+0x60/0x2c0
[    0.939016]  kernel_init_freeable+0x1b2/0x360
[    0.939020]  ? __pfx_ignore_unknown_bootoption+0x10/0x10
[    0.939022]  ? __pfx_kernel_init+0x10/0x10
[    0.939025]  kernel_init+0x16/0x1c0
[    0.939027]  ret_from_fork+0x4c/0x60
[    0.939030]  ? __pfx_kernel_init+0x10/0x10
[    0.939033]  ret_from_fork_asm+0x1a/0x30
[    0.939037]  </TASK>
[    0.950711] in_atomic(): 1, irqs_disabled(): 1, non_block: 0, pid: 1, name: swapper/0
[    0.950711] preempt_count: 3, expected: 0
[    0.950711] RCU nest depth: 0, expected: 0
[    0.950711] INFO: lockdep is turned off.
[    0.950711] irq event stamp: 1161560
[    0.950711] hardirqs last  enabled at (1161559): [<ffffffff81160bce>] __call_rcu_common.constprop.0+0x14e/0x2f0
[    0.950711] hardirqs last disabled at (1161560): [<ffffffff81b5643c>] _raw_spin_lock_irqsave+0x5c/0x60
[    0.954746] softirqs last  enabled at (1157788): [<ffffffff8109f46b>] irq_exit_rcu+0x7b/0xa0
[    0.954746] softirqs last disabled at (1157775): [<ffffffff8109f46b>] irq_exit_rcu+0x7b/0xa0
[    0.954746] CPU: 2 PID: 1 Comm: swapper/0 Not tainted 6.10.0-rc1+ #1
[    0.954746] Hardware name: HP HP EliteBook 745 G3/807E, BIOS N73 Ver. 01.39 04/16/2019
[    0.954746] Call Trace:
[    0.954746]  <TASK>
[    0.954746]  dump_stack_lvl+0x71/0xa0
[    0.954746]  __might_resched+0x171/0x290
[    0.954746]  __mutex_lock+0x3c/0xba0
[    0.954746]  ? iopf_queue_add_device+0x58/0x200
[    0.954746]  ? amd_iommu_iopf_add_device+0x3f/0xa0
[    0.954746]  iopf_queue_add_device+0x58/0x200
[    0.954746]  amd_iommu_iopf_add_device+0x5c/0xa0
[    0.954746]  ? pci_enable_pri+0x9d/0xe0
[    0.954746]  amd_iommu_attach_device+0x55d/0x700
[    0.954746]  __iommu_attach_device+0x2f/0xf0
[    0.954746]  __iommu_device_set_domain+0x6f/0xd0
[    0.954746]  __iommu_group_set_domain_internal+0x68/0x120
[    0.954746]  iommu_setup_default_domain+0x497/0x560
[    0.958711]  bus_iommu_probe+0xa9/0x160
[    0.958711]  iommu_device_register+0xac/0xf0
[    0.958711]  state_next+0xad8/0x20e0
[    0.958711]  ? add_device_randomness+0x6f/0x90
[    0.958711]  ? lock_release+0xbf/0x280
[    0.958711]  ? __pfx_pci_iommu_init+0x10/0x10
[    0.958711]  amd_iommu_init+0x1c/0x50
[    0.958711]  pci_iommu_init+0xe/0x40
[    0.958711]  do_one_initcall+0x60/0x2c0
[    0.958711]  kernel_init_freeable+0x1b2/0x360
[    0.958711]  ? __pfx_ignore_unknown_bootoption+0x10/0x10
[    0.958711]  ? __pfx_kernel_init+0x10/0x10
[    0.958711]  kernel_init+0x16/0x1c0
[    0.958711]  ret_from_fork+0x4c/0x60
[    0.958711]  ? __pfx_kernel_init+0x10/0x10
[    0.958711]  ret_from_fork_asm+0x1a/0x30
[    0.958711]  </TASK>
[    0.971265] AMD-Vi: Extended features (0x77ef22294ada, 0x0): PPR NX GT IA GA PC GA_vAPIC
[    0.971633] AMD-Vi: Interrupt remapping enabled
[    0.972456] AMD-Vi: Virtual APIC enabled
[    0.972643] PCI-DMA: Using software bounce buffering for IO (SWIOTLB)
[    0.972913] software IO TLB: mapped [mem 0x0000000097acf000-0x000000009bacf000] (64MB)
[    0.973294] LVT offset 0 assigned for vector 0x400
[    0.977551] perf: AMD IBS detected (0x000007ff)
[    0.978124] amd_uncore: 4 amd_nb counters detected
[    0.978398] amd_uncore: 0 amd_l2 counters detected
[    0.981519] perf/amd_iommu: Detected AMD IOMMU #0 (2 banks, 4 counters/bank).
[    0.984829] Initialise system trusted keyrings
[    0.985250] workingset: timestamp_bits=61 max_order=22 bucket_order=0
[    0.986617] 9p: Installing v9fs 9p2000 file system support
[    0.987125] Key type asymmetric registered
[    0.987315] Asymmetric key parser 'x509' registered
[    0.987657] Block layer SCSI generic (bsg) driver version 0.4 loaded (major 249)
[    0.995674] pcieport 0000:00:02.1: PME: Signaling with IRQ 26
[    0.996125] pcieport 0000:00:02.1: pciehp: Slot #0 AttnBtn- PwrCtrl- MRL- AttnInd- PwrInd- HotPlug+ Surprise- Interlock- NoCompl+ IbPresDis- LLActRep+
[    0.998705] pcieport 0000:00:02.3: PME: Signaling with IRQ 27
[    0.999157] pcieport 0000:00:02.3: pciehp: Slot #0 AttnBtn- PwrCtrl- MRL- AttnInd- PwrInd- HotPlug+ Surprise- Interlock- NoCompl+ IbPresDis- LLActRep+
[    1.001189] pcieport 0000:00:02.5: PME: Signaling with IRQ 28
[    1.001620] pcieport 0000:00:02.5: pciehp: Slot #0 AttnBtn- PwrCtrl- MRL- AttnInd- PwrInd- HotPlug+ Surprise- Interlock- NoCompl+ IbPresDis- LLActRep+
[    1.026421] acpiphp_ibm: ibm_acpiphp_init: acpi_walk_namespace failed
[    1.027327] ACPI: \_PR_.C000: Found 2 idle states
[    1.029105] ACPI: \_PR_.C001: Found 2 idle states
[    1.029875] ACPI: \_PR_.C002: Found 2 idle states
[    1.030657] ACPI: \_PR_.C003: Found 2 idle states
[    1.044692] thermal LNXTHERM:00: registered as thermal_zone0
[    1.044958] ACPI: thermal: Thermal Zone [CPUZ] (43 C)
[    1.050728] thermal LNXTHERM:01: registered as thermal_zone1
[    1.050996] ACPI: thermal: Thermal Zone [GFXZ] (0 C)
[    1.056314] thermal LNXTHERM:02: registered as thermal_zone2
[    1.056595] ACPI: thermal: Thermal Zone [EXTZ] (0 C)
[    1.063359] thermal LNXTHERM:03: registered as thermal_zone3
[    1.063626] ACPI: thermal: Thermal Zone [LOCZ] (0 C)
[    1.074862] thermal LNXTHERM:04: registered as thermal_zone4
[    1.075125] ACPI: thermal: Thermal Zone [BATZ] (0 C)
[    1.148184] Serial: 8250/16550 driver, 4 ports, IRQ sharing enabled
[    1.152277] Linux agpgart interface v0.103
[    1.153533] ACPI: bus type drm_connector registered
[    1.155784] st: Version 20160209, fixed bufsize 32768, s/g segs 256
[    1.157732] ahci 0000:00:11.0: version 3.0
[    1.158943] ahci 0000:00:11.0: AHCI vers 0001.0300, 32 command slots, 6 Gbps, SATA mode
[    1.159274] ahci 0000:00:11.0: 2/2 ports implemented (port mask 0x3)
[    1.159539] ahci 0000:00:11.0: flags: 64bit ncq sntf ilck pm led clo pmp fbs pio slum part deso sadm sds 
[    1.161987] scsi host0: ahci
[    1.163004] scsi host1: ahci
[    1.163574] ata1: SATA max UDMA/133 abar m1024@0xd0c6c000 port 0xd0c6c100 irq 19 lpm-pol 0
[    1.163910] ata2: SATA max UDMA/133 abar m1024@0xd0c6c000 port 0xd0c6c180 irq 19 lpm-pol 0
[    1.166402] tun: Universal TUN/TAP device driver, 1.6
[    1.168546] ehci-pci 0000:00:12.0: EHCI Host Controller
[    1.168837] ehci-pci 0000:00:12.0: new USB bus registered, assigned bus number 1
[    1.169171] ehci-pci 0000:00:12.0: debug port 2
[    1.169633] ehci-pci 0000:00:12.0: irq 18, io mem 0xd0c6d000
[    1.188671] ehci-pci 0000:00:12.0: USB 2.0 started, EHCI 1.00
[    1.189355] usb usb1: New USB device found, idVendor=1d6b, idProduct=0002, bcdDevice= 6.10
[    1.189695] usb usb1: New USB device strings: Mfr=3, Product=2, SerialNumber=1
[    1.189995] usb usb1: Product: EHCI Host Controller
[    1.190211] usb usb1: Manufacturer: Linux 6.10.0-rc1+ ehci_hcd
[    1.190457] usb usb1: SerialNumber: 0000:00:12.0
[    1.191487] hub 1-0:1.0: USB hub found
[    1.191718] hub 1-0:1.0: 2 ports detected
[    1.192645] xhci_hcd 0000:00:10.0: xHCI Host Controller
[    1.192923] xhci_hcd 0000:00:10.0: new USB bus registered, assigned bus number 2
[    1.193911] xhci_hcd 0000:00:10.0: hcc params 0x014040c3 hci version 0x100 quirks 0x0000000000000010
[    1.196417] xhci_hcd 0000:00:10.0: xHCI Host Controller
[    1.196792] xhci_hcd 0000:00:10.0: new USB bus registered, assigned bus number 3
[    1.197114] xhci_hcd 0000:00:10.0: Host supports USB 3.0 SuperSpeed
[    1.200709] usb usb2: New USB device found, idVendor=1d6b, idProduct=0002, bcdDevice= 6.10
[    1.201048] usb usb2: New USB device strings: Mfr=3, Product=2, SerialNumber=1
[    1.202107] usb usb2: Product: xHCI Host Controller
[    1.202322] usb usb2: Manufacturer: Linux 6.10.0-rc1+ xhci-hcd
[    1.202558] usb usb2: SerialNumber: 0000:00:10.0
[    1.203554] hub 2-0:1.0: USB hub found
[    1.203795] hub 2-0:1.0: 4 ports detected
[    1.212028] usb usb3: We don't know the algorithms for LPM for this host, disabling LPM.
[    1.212586] usb usb3: New USB device found, idVendor=1d6b, idProduct=0003, bcdDevice= 6.10
[    1.212926] usb usb3: New USB device strings: Mfr=3, Product=2, SerialNumber=1
[    1.213227] usb usb3: Product: xHCI Host Controller
[    1.213442] usb usb3: Manufacturer: Linux 6.10.0-rc1+ xhci-hcd
[    1.213690] usb usb3: SerialNumber: 0000:00:10.0
[    1.214672] hub 3-0:1.0: USB hub found
[    1.214899] hub 3-0:1.0: 4 ports detected
[    1.223534] usbcore: registered new interface driver usb-storage
[    1.224052] i8042: PNP: PS/2 Controller [PNP0303:KBC0,PNP0f13:PS2M] at 0x60,0x64 irq 1,12
[    1.225631] i8042: Detected active multiplexing controller, rev 1.1
[    1.226612] serio: i8042 KBD port at 0x60,0x64 irq 1
[    1.227065] serio: i8042 AUX0 port at 0x60,0x64 irq 12
[    1.227460] serio: i8042 AUX1 port at 0x60,0x64 irq 12
[    1.227839] serio: i8042 AUX2 port at 0x60,0x64 irq 12
[    1.228212] serio: i8042 AUX3 port at 0x60,0x64 irq 12
[    1.229008] mousedev: PS/2 mouse device common for all mice
[    1.229495] rtc_cmos 00:00: RTC can wake from S4
[    1.230741] rtc_cmos 00:00: registered as rtc0
[    1.230988] rtc_cmos 00:00: setting system clock to 2024-05-27T21:02:02 UTC (1716843722)
[    1.231467] rtc_cmos 00:00: alarms up to one month, 114 bytes nvram, hpet irqs
[    1.231857] amd_pstate: the _CPC object is not present in SBIOS or ACPI disabled
[    1.233682] hid: raw HID events driver (C) Jiri Kosina
[    1.234071] usbcore: registered new interface driver usbhid
[    1.234315] usbhid: USB HID core driver
[    1.234810] NET: Registered PF_INET6 protocol family
[    1.236520] Segment Routing with IPv6
[    1.236760] In-situ OAM (IOAM) with IPv6
[    1.237002] mip6: Mobile IPv6
[    1.237162] NET: Registered PF_PACKET protocol family
[    1.237420] 9pnet: Installing 9P2000 support
[    1.237697] x86/pm: family 0x15 cpu detected, MSR saving is needed during suspending.
[    1.239962] microcode: Current revision: 0x0600611a
[    1.244835] IPI shorthand broadcast: enabled
[    1.247100] input: AT Translated Set 2 keyboard as /devices/platform/i8042/serio0/input/input0
[    1.264832] sched_clock: Marking stable (1288013804, -23539694)->(1266483896, -2009786)
[    1.265571] Timer migration: 1 hierarchy levels; 8 children per group; 1 crossnode level
[    1.266123] registered taskstats version 1
[    1.266320] Loading compiled-in X.509 certificates
[    1.283640] Demotion targets for Node 0: null
[    1.284081] kmemleak: Kernel memory leak detector initialized (mem pool available: 15768)
[    1.284085] kmemleak: Automatic memory scanning thread started
[    1.406982] printk: legacy console [netcon0] enabled
[    1.407222] netconsole: network logging started
[    1.407929] RAS: Correctable Errors collector initialized.
[    1.448713] usb 1-1: new high-speed USB device number 2 using ehci-pci
[    1.451474] Freeing initrd memory: 28124K
[    1.607861] usb 1-1: New USB device found, idVendor=0438, idProduct=7900, bcdDevice= 0.18
[    1.608210] usb 1-1: New USB device strings: Mfr=0, Product=0, SerialNumber=0
[    1.610925] hub 1-1:1.0: USB hub found
[    1.611490] hub 1-1:1.0: 4 ports detected
[    1.640732] ata2: SATA link up 6.0 Gbps (SStatus 133 SControl 300)
[    1.642328] ata2.00: ACPI cmd f5/00:00:00:00:00:e0(SECURITY FREEZE LOCK) filtered out
[    1.642669] ata2.00: ACPI cmd b1/c1:00:00:00:00:e0(DEVICE CONFIGURATION OVERLAY) filtered out
[    1.643009] ata2.00: ATA-9: SanDisk SD7SN6S-256G-1006, X3511006, max UDMA/133
[    1.643695] ata2.00: 500118192 sectors, multi 1: LBA48 NCQ (depth 32), AA
[    1.644692] ata1: SATA link up 6.0 Gbps (SStatus 133 SControl 300)
[    1.646457] ata2.00: Features: Dev-Sleep
[    1.647338] ata1.00: ACPI cmd f5/00:00:00:00:00:e0(SECURITY FREEZE LOCK) filtered out
[    1.647659] ata1.00: ACPI cmd b1/c1:00:00:00:00:e0(DEVICE CONFIGURATION OVERLAY) filtered out
[    1.648360] ata1.00: supports DRM functions and may not be fully accessible
[    1.648692] ata1.00: ATA-9: Samsung SSD 850 EVO 250GB, EMT02B6Q, max UDMA/133
[    1.649770] ata2.00: ACPI cmd f5/00:00:00:00:00:e0(SECURITY FREEZE LOCK) filtered out
[    1.650090] ata2.00: ACPI cmd b1/c1:00:00:00:00:e0(DEVICE CONFIGURATION OVERLAY) filtered out
[    1.650930] ata1.00: 488397168 sectors, multi 1: LBA48 NCQ (depth 32), AA
[    1.652291] ata1.00: Features: Trust Dev-Sleep NCQ-sndrcv
[    1.652545] ata2.00: configured for UDMA/133
[    1.653389] ata1.00: ACPI cmd f5/00:00:00:00:00:e0(SECURITY FREEZE LOCK) filtered out
[    1.653707] ata1.00: ACPI cmd b1/c1:00:00:00:00:e0(DEVICE CONFIGURATION OVERLAY) filtered out
[    1.654249] ata1.00: supports DRM functions and may not be fully accessible
[    1.657970] ata1.00: configured for UDMA/133
[    1.659129] scsi 0:0:0:0: Direct-Access     ATA      Samsung SSD 850  2B6Q PQ: 0 ANSI: 5
[    1.661489] sd 0:0:0:0: Attached scsi generic sg0 type 0
[    1.661831] sd 0:0:0:0: [sda] 488397168 512-byte logical blocks: (250 GB/233 GiB)
[    1.662201] sd 0:0:0:0: [sda] Write Protect is off
[    1.662427] sd 0:0:0:0: [sda] Mode Sense: 00 3a 00 00
[    1.662475] scsi 1:0:0:0: Direct-Access     ATA      SanDisk SD7SN6S- 1006 PQ: 0 ANSI: 5
[    1.662641] sd 0:0:0:0: [sda] Write cache: enabled, read cache: enabled, doesn't support DPO or FUA
[    1.663623] sd 0:0:0:0: [sda] Preferred minimum I/O size 512 bytes
[    1.664871] sd 1:0:0:0: Attached scsi generic sg1 type 0
[    1.665024] sd 1:0:0:0: [sdb] 500118192 512-byte logical blocks: (256 GB/238 GiB)
[    1.665448] sd 1:0:0:0: [sdb] 4096-byte physical blocks
[    1.665773] sd 1:0:0:0: [sdb] Write Protect is off
[    1.665962]  sda: sda1 sda2 sda3 < sda5 >
[    1.666010] sd 1:0:0:0: [sdb] Mode Sense: 00 3a 00 00
[    1.666475] sd 1:0:0:0: [sdb] Write cache: enabled, read cache: enabled, doesn't support DPO or FUA
[    1.666913] sd 1:0:0:0: [sdb] Preferred minimum I/O size 4096 bytes
[    1.667089] sd 0:0:0:0: [sda] Attached SCSI disk
[    1.668702]  sdb: sdb1 sdb2 sdb3 sdb4
[    1.670786] sd 1:0:0:0: [sdb] Attached SCSI disk
[    1.671314] PM: Image not found (code -22)
[    1.672021] clk: Disabling unused clocks
[    1.679298] Freeing unused decrypted memory: 2036K
[    1.681885] Freeing unused kernel image (initmem) memory: 2860K
[    1.682194] Write protecting the kernel read-only data: 20480k
[    1.684173] Freeing unused kernel image (rodata/data gap) memory: 612K
[    1.756417] x86/mm: Checked W+X mappings: passed, no W+X pages found.
[    1.756798] Run /init as init process
[    1.756975]   with arguments:
[    1.757162]     /init
[    1.757285]   with environment:
[    1.757437]     HOME=/
[    1.757562]     TERM=linux
[    1.757699]     BOOT_IMAGE=/boot/vmlinuz-6.10.0-rc1+
[    1.824036] systemd-udevd[1193]: Starting version 244.3-1
[    1.828165] systemd-udevd[1195]: /usr/lib/udev/rules.d/50-udev-default.rules:24 The line takes no effect, ignoring.
[    1.828633] systemd-udevd[1195]: /usr/lib/udev/rules.d/50-udev-default.rules:25 The line takes no effect, ignoring.
[    1.829065] systemd-udevd[1195]: /usr/lib/udev/rules.d/50-udev-default.rules:29 The line takes no effect, ignoring.
[    1.829489] systemd-udevd[1195]: /usr/lib/udev/rules.d/50-udev-default.rules:32 The line takes no effect, ignoring.
[    1.829879] systemd-udevd[1195]: /usr/lib/udev/rules.d/50-udev-default.rules:33 The line takes no effect, ignoring.
[    1.830249] systemd-udevd[1195]: /usr/lib/udev/rules.d/50-udev-default.rules:34 The line takes no effect, ignoring.
[    1.830624] systemd-udevd[1195]: /usr/lib/udev/rules.d/50-udev-default.rules:35 The line takes no effect, ignoring.
[    1.831040] systemd-udevd[1195]: /usr/lib/udev/rules.d/50-udev-default.rules:36 The line takes no effect, ignoring.
[    1.831458] systemd-udevd[1195]: /usr/lib/udev/rules.d/50-udev-default.rules:37 The line takes no effect, ignoring.
[    1.912586] usb 1-1.3: new high-speed USB device number 3 using ehci-pci
[    1.988582] tsc: Refined TSC clocksource calibration: 2096.065 MHz
[    1.988951] clocksource: tsc: mask: 0xffffffffffffffff max_cycles: 0x1e36ab33d65, max_idle_ns: 440795245607 ns
[    1.989595] clocksource: Switched to clocksource tsc
[    2.027839] usb 1-1.3: New USB device found, idVendor=05e3, idProduct=0608, bcdDevice=88.31
[    2.028240] usb 1-1.3: New USB device strings: Mfr=0, Product=1, SerialNumber=0
[    2.028602] usb 1-1.3: Product: USB2.0 Hub
[    2.031021] hub 1-1.3:1.0: USB hub found
[    2.032327] hub 1-1.3:1.0: 4 ports detected
[    2.157322] wmi_bus wmi_bus-PNP0C14:00: [Firmware Info]: DF4E63B6-3BBC-4858-9737-C74F82F821F3 has zero instances
[    2.158157] wmi_bus wmi_bus-PNP0C14:00: [Firmware Info]: 8F1F6436-9F42-42C8-BADC-0E9424F20C9A has zero instances
[    2.189780] ACPI: video: Video Device [GFX0] (multi-head: yes  rom: no  post: no)
[    2.198444] input: Video Bus as /devices/LNXSYSTM:00/LNXSYBUS:00/PNP0A08:00/LNXVIDEO:00/input/input5
[    3.162581] input: PS/2 Generic Mouse as /devices/platform/i8042/serio2/input/input7
[    3.899206] psmouse serio3: synaptics: queried max coordinates: x [..5670], y [..4758]
[    3.930200] psmouse serio3: synaptics: queried min coordinates: x [1360..], y [1198..]
[    3.931410] psmouse serio3: synaptics: Your touchpad (PNP: SYN3035 SYN0100 SYN0002 PNP0f13) says it can support a different bus. If i2c-hid and hid-rmi are not used, you might want to try setting psmouse.synaptics_intertouch to 1 and report this to linux-input@vger.kernel.org.
[    3.988741] psmouse serio3: synaptics: Touchpad model: 1, fw: 8.2, id: 0x1e2b1, caps: 0xf00123/0x840300/0x2e800/0x0, board id: 3139, fw id: 2000742
[    4.025083] input: SynPS/2 Synaptics TouchPad as /devices/platform/i8042/serio3/input/input8
[   10.856434] [drm] amdgpu kernel modesetting enabled.
[   10.890571] [drm] initializing kernel modesetting (CARRIZO 0x1002:0x9874 0x103C:0x807E 0xC4).
[   10.890992] [drm] register mmio base: 0xD0C00000
[   10.891195] [drm] register mmio size: 262144
[   10.892137] [drm] add ip block number 0 <vi_common>
[   10.892373] [drm] add ip block number 1 <gmc_v8_0>
[   10.892638] [drm] add ip block number 2 <cz_ih>
[   10.892879] [drm] add ip block number 3 <gfx_v8_0>
[   10.893088] [drm] add ip block number 4 <sdma_v3_0>
[   10.893301] [drm] add ip block number 5 <powerplay>
[   10.893513] [drm] add ip block number 6 <dm>
[   10.893705] [drm] add ip block number 7 <uvd_v6_0>
[   10.893888] [drm] add ip block number 8 <vce_v3_0>
[   10.909200] [drm] BIOS signature incorrect 5b 7
[   10.909445] resource: resource sanity check: requesting [mem 0x00000000000c0000-0x00000000000dffff], which spans more than PCI Bus 0000:00 [mem 0x000c0000-0x000cbfff window]
[   10.909994] caller pci_map_rom+0x68/0x1d0 mapping multiple BARs
[   10.910309] amdgpu 0000:00:01.0: amdgpu: Fetched VBIOS from ROM BAR
[   10.910561] amdgpu: ATOM BIOS: SWBRT27354.001
[   10.911277] [drm] UVD is enabled in physical mode
[   10.911490] [drm] VCE enabled in physical mode
[   10.911873] amdgpu 0000:00:01.0: vgaarb: deactivate vga console
[   10.913362] Console: switching to colour dummy device 80x25
[   10.913622] amdgpu 0000:00:01.0: amdgpu: Trusted Memory Zone (TMZ) feature not supported
[   10.914176] [drm] vm size is 64 GB, 2 levels, block size is 10-bit, fragment size is 9-bit
[   10.914470] amdgpu 0000:00:01.0: amdgpu: VRAM: 512M 0x000000F400000000 - 0x000000F41FFFFFFF (512M used)
[   10.914795] amdgpu 0000:00:01.0: amdgpu: GART: 1024M 0x000000FF00000000 - 0x000000FF3FFFFFFF
[   10.915103] [drm] Detected VRAM RAM=512M, BAR=512M
[   10.915271] [drm] RAM width 128bits UNKNOWN
[   10.916413] [drm] amdgpu: 512M of VRAM memory ready
[   10.916627] [drm] amdgpu: 7622M of GTT memory ready.
[   10.916983] [drm] GART: num cpu pages 262144, num gpu pages 262144
[   10.917360] [drm] PCIE GART of 1024M enabled (table at 0x000000F400A00000).
[   10.924770] amdgpu: hwmgr_sw_init smu backed is smu8_smu
[   10.926839] [drm] Found UVD firmware Version: 1.91 Family ID: 11
[   10.927243] [drm] UVD ENC is disabled
[   10.929264] [drm] Found VCE firmware Version: 52.4 Binary ID: 3
[   10.931202] amdgpu: smu version 18.62.00
[   10.932077] iommu ivhd0: AMD-Vi: Event logged [ILLEGAL_DEV_TABLE_ENTRY device=0000:00:01.0 pasid=0x00000 address=0x10ea00000 flags=0x0080]
[   10.932595] AMD-Vi: DTE[0]: 7590000000000003
[   10.932770] AMD-Vi: DTE[1]: 0000100103c30002
[   10.932949] AMD-Vi: DTE[2]: 200000010ebcc013
[   10.933163] AMD-Vi: DTE[3]: 0000000000000000
[   10.933338] iommu ivhd0: AMD-Vi: Event logged [ILLEGAL_DEV_TABLE_ENTRY device=0000:00:01.0 pasid=0x00000 address=0x10ea00300 flags=0x0080]
[   10.933769] AMD-Vi: DTE[0]: 7590000000000003
[   10.933906] AMD-Vi: DTE[1]: 0000100103c30002
[   10.934038] AMD-Vi: DTE[2]: 200000010ebcc013
[   10.934170] AMD-Vi: DTE[3]: 0000000000000000
[   10.934302] iommu ivhd0: AMD-Vi: Event logged [ILLEGAL_DEV_TABLE_ENTRY device=0000:00:01.0 pasid=0x00000 address=0x10ea00440 flags=0x0080]
[   10.934673] AMD-Vi: DTE[0]: 7590000000000003
[   10.934816] AMD-Vi: DTE[1]: 0000100103c30002
[   10.934966] AMD-Vi: DTE[2]: 200000010ebcc013
[   10.935119] AMD-Vi: DTE[3]: 0000000000000000
[   10.935280] iommu ivhd0: AMD-Vi: Event logged [ILLEGAL_DEV_TABLE_ENTRY device=0000:00:01.0 pasid=0x00000 address=0x10ea00840 flags=0x0080]
[   10.935727] AMD-Vi: DTE[0]: 7590000000000003
[   10.935881] AMD-Vi: DTE[1]: 0000100103c30002
[   10.936034] AMD-Vi: DTE[2]: 200000010ebcc013
[   10.936188] AMD-Vi: DTE[3]: 0000000000000000
[   10.936342] iommu ivhd0: AMD-Vi: Event logged [ILLEGAL_DEV_TABLE_ENTRY device=0000:00:01.0 pasid=0x00000 address=0x10ea00480 flags=0x0080]
[   10.936867] AMD-Vi: DTE[0]: 7590000000000003
[   10.937021] AMD-Vi: DTE[1]: 0000100103c30002
[   10.937175] AMD-Vi: DTE[2]: 200000010ebcc013
[   10.937328] AMD-Vi: DTE[3]: 0000000000000000
[   10.937482] iommu ivhd0: AMD-Vi: Event logged [ILLEGAL_DEV_TABLE_ENTRY device=0000:00:01.0 pasid=0x00000 address=0x10ea00200 flags=0x0080]
[   10.937909] AMD-Vi: DTE[0]: 7590000000000003
[   10.938041] AMD-Vi: DTE[1]: 0000100103c30002
[   10.938173] AMD-Vi: DTE[2]: 200000010ebcc013
[   10.938304] AMD-Vi: DTE[3]: 0000000000000000
[   10.938436] iommu ivhd0: AMD-Vi: Event logged [ILLEGAL_DEV_TABLE_ENTRY device=0000:00:01.0 pasid=0x00000 address=0x10ea00880 flags=0x0080]
[   10.938834] AMD-Vi: DTE[0]: 7590000000000003
[   10.938988] AMD-Vi: DTE[1]: 0000100103c30002
[   10.939141] AMD-Vi: DTE[2]: 200000010ebcc013
[   10.939294] AMD-Vi: DTE[3]: 0000000000000000
[   10.939448] iommu ivhd0: AMD-Vi: Event logged [ILLEGAL_DEV_TABLE_ENTRY device=0000:00:01.0 pasid=0x00000 address=0x10ea004c0 flags=0x0080]
[   10.939894] AMD-Vi: DTE[0]: 7590000000000003
[   10.940047] AMD-Vi: DTE[1]: 0000100103c30002
[   10.940200] AMD-Vi: DTE[2]: 200000010ebcc013
[   10.940354] AMD-Vi: DTE[3]: 0000000000000000
[   10.940555] iommu ivhd0: AMD-Vi: Event logged [ILLEGAL_DEV_TABLE_ENTRY device=0000:00:01.0 pasid=0x00000 address=0x10ea008c0 flags=0x0080]
[   10.941034] AMD-Vi: DTE[0]: 7590000000000003
[   10.941188] AMD-Vi: DTE[1]: 0000100103c30002
[   10.941341] AMD-Vi: DTE[2]: 200000010ebcc013
[   10.941494] AMD-Vi: DTE[3]: 0000000000000000
[   10.941648] iommu ivhd0: AMD-Vi: Event logged [ILLEGAL_DEV_TABLE_ENTRY device=0000:00:01.0 pasid=0x00000 address=0x10ea00800 flags=0x0080]
[   10.942053] AMD-Vi: DTE[0]: 7590000000000003
[   10.942185] AMD-Vi: DTE[1]: 0000100103c30002
[   10.942317] AMD-Vi: DTE[2]: 200000010ebcc013
[   10.942448] AMD-Vi: DTE[3]: 0000000000000000
[   10.942580] iommu ivhd0: AMD-Vi: Event logged [ILLEGAL_DEV_TABLE_ENTRY device=0000:00:01.0 pasid=0x00000 address=0x10ea00c00 flags=0x0080]
[   10.943000] AMD-Vi: DTE[0]: 7590000000000003
[   10.943154] AMD-Vi: DTE[1]: 0000100103c30002
[   10.943307] AMD-Vi: DTE[2]: 200000010ebcc013
[   10.943461] AMD-Vi: DTE[3]: 0000000000000000
[   10.943615] iommu ivhd0: AMD-Vi: Event logged [ILLEGAL_DEV_TABLE_ENTRY device=0000:00:01.0 pasid=0x00000 address=0x10ea00140 flags=0x0080]
[   10.944047] AMD-Vi: DTE[0]: 7590000000000003
[   10.944200] AMD-Vi: DTE[1]: 0000100103c30002
[   10.944354] AMD-Vi: DTE[2]: 200000010ebcc013
[   10.944551] AMD-Vi: DTE[3]: 0000000000000000
[   10.944711] iommu ivhd0: AMD-Vi: Event logged [ILLEGAL_DEV_TABLE_ENTRY device=0000:00:01.0 pasid=0x00000 address=0x10ea00c40 flags=0x0080]
[   10.945196] AMD-Vi: DTE[0]: 7590000000000003
[   10.945349] AMD-Vi: DTE[1]: 0000100103c30002
[   10.945503] AMD-Vi: DTE[2]: 200000010ebcc013
[   10.945656] AMD-Vi: DTE[3]: 0000000000000000
[   10.945810] iommu ivhd0: AMD-Vi: Event logged [ILLEGAL_DEV_TABLE_ENTRY device=0000:00:01.0 pasid=0x00000 address=0x10ea00180 flags=0x0080]
[   10.946194] AMD-Vi: DTE[0]: 7590000000000003
[   10.946326] AMD-Vi: DTE[1]: 0000100103c30002
[   10.946457] AMD-Vi: DTE[2]: 200000010ebcc013
[   10.946589] AMD-Vi: DTE[3]: 0000000000000000
[   10.946721] iommu ivhd0: AMD-Vi: Event logged [ILLEGAL_DEV_TABLE_ENTRY device=0000:00:01.0 pasid=0x00000 address=0x10ea00580 flags=0x0080]
[   10.947163] AMD-Vi: DTE[0]: 7590000000000003
[   10.947316] AMD-Vi: DTE[1]: 0000100103c30002
[   10.947469] AMD-Vi: DTE[2]: 200000010ebcc013
[   10.947623] AMD-Vi: DTE[3]: 0000000000000000
[   10.947777] iommu ivhd0: AMD-Vi: Event logged [ILLEGAL_DEV_TABLE_ENTRY device=0000:00:01.0 pasid=0x00000 address=0x10ea001c0 flags=0x0080]
[   10.948222] AMD-Vi: DTE[0]: 7590000000000003
[   10.948375] AMD-Vi: DTE[1]: 0000100103c30002
[   10.948586] AMD-Vi: DTE[2]: 200000010ebcc013
[   10.948785] AMD-Vi: DTE[3]: 0000000000000000
[   10.948939] iommu ivhd0: AMD-Vi: Event logged [ILLEGAL_DEV_TABLE_ENTRY device=0000:00:01.0 pasid=0x00000 address=0x10ea005c0 flags=0x0080]
[   10.949384] AMD-Vi: DTE[0]: 7590000000000003
[   10.949537] AMD-Vi: DTE[1]: 0000100103c30002
[   10.949691] AMD-Vi: DTE[2]: 200000010ebcc013
[   10.949840] AMD-Vi: DTE[3]: 0000000000000000
[   10.949972] iommu ivhd0: AMD-Vi: Event logged [ILLEGAL_DEV_TABLE_ENTRY device=0000:00:01.0 pasid=0x00000 address=0x10ea00500 flags=0x0080]
[   10.950356] AMD-Vi: DTE[0]: 7590000000000003
[   10.950488] AMD-Vi: DTE[1]: 0000100103c30002
[   10.950620] AMD-Vi: DTE[2]: 200000010ebcc013
[   10.950752] AMD-Vi: DTE[3]: 0000000000000000
[   10.950905] iommu ivhd0: AMD-Vi: Event logged [ILLEGAL_DEV_TABLE_ENTRY device=0000:00:01.0 pasid=0x00000 address=0x10ea00900 flags=0x0080]
[   10.951351] AMD-Vi: DTE[0]: 7590000000000003
[   10.951504] AMD-Vi: DTE[1]: 0000100103c30002
[   10.951657] AMD-Vi: DTE[2]: 200000010ebcc013
[   10.951811] AMD-Vi: DTE[3]: 0000000000000000
[   10.951964] iommu ivhd0: AMD-Vi: Event logged [ILLEGAL_DEV_TABLE_ENTRY device=0000:00:01.0 pasid=0x00000 address=0x10ea00540 flags=0x0080]
[   10.952396] AMD-Vi: DTE[0]: 7590000000000003
[   10.952596] AMD-Vi: DTE[1]: 0000100103c30002
[   10.952791] AMD-Vi: DTE[2]: 200000010ebcc013
[   10.952944] AMD-Vi: DTE[3]: 0000000000000000
[   10.953098] iommu ivhd0: AMD-Vi: Event logged [ILLEGAL_DEV_TABLE_ENTRY device=0000:00:01.0 pasid=0x00000 address=0x10ea00940 flags=0x0080]
[   10.953543] AMD-Vi: DTE[0]: 7590000000000003
[   10.953697] AMD-Vi: DTE[1]: 0000100103c30002
[   10.953847] AMD-Vi: DTE[2]: 200000010ebcc013
[   10.953979] AMD-Vi: DTE[3]: 0000000000000000
[   10.954111] iommu ivhd0: AMD-Vi: Event logged [ILLEGAL_DEV_TABLE_ENTRY device=0000:00:01.0 pasid=0x00000 address=0x10ea00640 flags=0x0080]
[   10.954495] AMD-Vi: DTE[0]: 7590000000000003
[   10.954627] AMD-Vi: DTE[1]: 0000100103c30002
[   10.954759] AMD-Vi: DTE[2]: 200000010ebcc013
[   10.954912] AMD-Vi: DTE[3]: 0000000000000000
[   10.955066] iommu ivhd0: AMD-Vi: Event logged [ILLEGAL_DEV_TABLE_ENTRY device=0000:00:01.0 pasid=0x00000 address=0x10ea006c0 flags=0x0080]
[   10.955511] AMD-Vi: DTE[0]: 7590000000000003
[   10.955664] AMD-Vi: DTE[1]: 0000100103c30002
[   10.955818] AMD-Vi: DTE[2]: 200000010ebcc013
[   10.955971] AMD-Vi: DTE[3]: 0000000000000000
[   10.956125] iommu ivhd0: AMD-Vi: Event logged [ILLEGAL_DEV_TABLE_ENTRY device=0000:00:01.0 pasid=0x00000 address=0x10ea00a00 flags=0x0080]
[   10.956604] AMD-Vi: DTE[0]: 7590000000000003
[   10.956802] AMD-Vi: DTE[1]: 0000100103c30002
[   10.956955] AMD-Vi: DTE[2]: 200000010ebcc013
[   10.957108] AMD-Vi: DTE[3]: 0000000000000000
[   10.957262] iommu ivhd0: AMD-Vi: Event logged [ILLEGAL_DEV_TABLE_ENTRY device=0000:00:01.0 pasid=0x00000 address=0x10ea00340 flags=0x0080]
[   10.957707] AMD-Vi: DTE[0]: 7590000000000003
[   10.957856] AMD-Vi: DTE[1]: 0000100103c30002
[   10.957988] AMD-Vi: DTE[2]: 200000010ebcc013
[   10.958120] AMD-Vi: DTE[3]: 0000000000000000
[   10.958252] iommu ivhd0: AMD-Vi: Event logged [ILLEGAL_DEV_TABLE_ENTRY device=0000:00:01.0 pasid=0x00000 address=0x10ea00980 flags=0x0080]
[   10.958636] AMD-Vi: DTE[0]: 7590000000000003
[   10.958768] AMD-Vi: DTE[1]: 0000100103c30002
[   10.958921] AMD-Vi: DTE[2]: 200000010ebcc013
[   10.959074] AMD-Vi: DTE[3]: 0000000000000000
[   10.959228] iommu ivhd0: AMD-Vi: Event logged [ILLEGAL_DEV_TABLE_ENTRY device=0000:00:01.0 pasid=0x00000 address=0x10ea00c80 flags=0x0080]
[   10.959673] AMD-Vi: DTE[0]: 7590000000000003
[   10.959827] AMD-Vi: DTE[1]: 0000100103c30002
[   10.959980] AMD-Vi: DTE[2]: 200000010ebcc013
[   10.960133] AMD-Vi: DTE[3]: 0000000000000000
[   10.960291] iommu ivhd0: AMD-Vi: Event logged [ILLEGAL_DEV_TABLE_ENTRY device=0000:00:01.0 pasid=0x00000 address=0x10ea00cc0 flags=0x0080]
[   10.960813] AMD-Vi: DTE[0]: 7590000000000003
[   10.960971] AMD-Vi: DTE[1]: 0000100103c30002
[   10.961124] AMD-Vi: DTE[2]: 200000010ebcc013
[   10.961278] AMD-Vi: DTE[3]: 0000000000000000
[   10.961431] iommu ivhd0: AMD-Vi: Event logged [ILLEGAL_DEV_TABLE_ENTRY device=0000:00:01.0 pasid=0x00000 address=0x10ea009c0 flags=0x0080]
[   10.961872] AMD-Vi: DTE[0]: 7590000000000003
[   10.962003] AMD-Vi: DTE[1]: 0000100103c30002
[   10.962135] AMD-Vi: DTE[2]: 200000010ebcc013
[   10.962267] AMD-Vi: DTE[3]: 0000000000000000
[   10.962399] iommu ivhd0: AMD-Vi: Event logged [ILLEGAL_DEV_TABLE_ENTRY device=0000:00:01.0 pasid=0x00000 address=0x10ea00d00 flags=0x0080]
[   10.962783] AMD-Vi: DTE[0]: 7590000000000003
[   10.962936] AMD-Vi: DTE[1]: 0000100103c30002
[   10.963090] AMD-Vi: DTE[2]: 200000010ebcc013
[   10.963243] AMD-Vi: DTE[3]: 0000000000000000
[   10.963397] iommu ivhd0: AMD-Vi: Event logged [ILLEGAL_DEV_TABLE_ENTRY device=0000:00:01.0 pasid=0x00000 address=0x10ea00380 flags=0x0080]
[   10.963829] AMD-Vi: DTE[0]: 7590000000000003
[   10.963963] AMD-Vi: DTE[1]: 0000100103c30002
[   10.964095] AMD-Vi: DTE[2]: 200000010ebcc013
[   10.964227] AMD-Vi: DTE[3]: 0000000000000000
[   10.964359] iommu ivhd0: AMD-Vi: Event logged [ILLEGAL_DEV_TABLE_ENTRY device=0000:00:01.0 pasid=0x00000 address=0x10ea003c0 flags=0x0080]
[   10.964824] AMD-Vi: DTE[0]: 7590000000000003
[   10.964969] AMD-Vi: DTE[1]: 0000100103c30002
[   10.965123] AMD-Vi: DTE[2]: 200000010ebcc013
[   10.965276] AMD-Vi: DTE[3]: 0000000000000000
[   10.965430] iommu ivhd0: AMD-Vi: Event logged [ILLEGAL_DEV_TABLE_ENTRY device=0000:00:01.0 pasid=0x00000 address=0x10ea00700 flags=0x0080]
[   10.965875] AMD-Vi: DTE[0]: 7590000000000003
[   10.966028] AMD-Vi: DTE[1]: 0000100103c30002
[   10.966182] AMD-Vi: DTE[2]: 200000010ebcc013
[   10.966335] AMD-Vi: DTE[3]: 0000000000000000
[   10.966489] iommu ivhd0: AMD-Vi: Event logged [ILLEGAL_DEV_TABLE_ENTRY device=0000:00:01.0 pasid=0x00000 address=0x10ea00740 flags=0x0080]
[   10.966911] AMD-Vi: DTE[0]: 7590000000000003
[   10.967042] AMD-Vi: DTE[1]: 0000100103c30002
[   10.967174] AMD-Vi: DTE[2]: 200000010ebcc013
[   10.967306] AMD-Vi: DTE[3]: 0000000000000000
[   10.967438] iommu ivhd0: AMD-Vi: Event logged [ILLEGAL_DEV_TABLE_ENTRY device=0000:00:01.0 pasid=0x00000 address=0x10ea00a40 flags=0x0080]
[   10.967827] AMD-Vi: DTE[0]: 7590000000000003
[   10.967981] AMD-Vi: DTE[1]: 0000100103c30002
[   10.968134] AMD-Vi: DTE[2]: 200000010ebcc013
[   10.968287] AMD-Vi: DTE[3]: 0000000000000000
[   10.968441] iommu ivhd0: AMD-Vi: Event logged [ILLEGAL_DEV_TABLE_ENTRY device=0000:00:01.0 pasid=0x00000 address=0x10ea00d40 flags=0x0080]
[   10.968966] AMD-Vi: DTE[0]: 7590000000000003
[   10.969119] AMD-Vi: DTE[1]: 0000100103c30002
[   10.969273] AMD-Vi: DTE[2]: 200000010ebcc013
[   10.969426] AMD-Vi: DTE[3]: 0000000000000000
[   10.969580] iommu ivhd0: AMD-Vi: Event logged [ILLEGAL_DEV_TABLE_ENTRY device=0000:00:01.0 pasid=0x00000 address=0x10ea00d80 flags=0x0080]
[   10.970002] AMD-Vi: DTE[0]: 7590000000000003
[   10.970134] AMD-Vi: DTE[1]: 0000100103c30002
[   10.970265] AMD-Vi: DTE[2]: 200000010ebcc013
[   10.970397] AMD-Vi: DTE[3]: 0000000000000000
[   10.970529] iommu ivhd0: AMD-Vi: Event logged [ILLEGAL_DEV_TABLE_ENTRY device=0000:00:01.0 pasid=0x00000 address=0x10ea00dc0 flags=0x0080]
[   10.970932] AMD-Vi: DTE[0]: 7590000000000003
[   10.971085] AMD-Vi: DTE[1]: 0000100103c30002
[   10.971239] AMD-Vi: DTE[2]: 200000010ebcc013
[   10.971392] AMD-Vi: DTE[3]: 0000000000000000
[   10.971546] iommu ivhd0: AMD-Vi: Event logged [ILLEGAL_DEV_TABLE_ENTRY device=0000:00:01.0 pasid=0x00000 address=0x10ea01000 flags=0x0080]
[   10.971978] AMD-Vi: DTE[0]: 7590000000000003
[   10.972132] AMD-Vi: DTE[1]: 0000100103c30002
[   10.972285] AMD-Vi: DTE[2]: 200000010ebcc013
[   10.972438] AMD-Vi: DTE[3]: 0000000000000000
[   10.972638] iommu ivhd0: AMD-Vi: Event logged [ILLEGAL_DEV_TABLE_ENTRY device=0000:00:01.0 pasid=0x00000 address=0x10ea00a80 flags=0x0080]
[   10.973122] AMD-Vi: DTE[0]: 7590000000000003
[   10.973275] AMD-Vi: DTE[1]: 0000100103c30002
[   10.973428] AMD-Vi: DTE[2]: 200000010ebcc013
[   10.973582] AMD-Vi: DTE[3]: 0000000000000000
[   10.973735] iommu ivhd0: AMD-Vi: Event logged [ILLEGAL_DEV_TABLE_ENTRY device=0000:00:01.0 pasid=0x00000 address=0x10ea00ac0 flags=0x0080]
[   10.974137] AMD-Vi: DTE[0]: 7590000000000003
[   10.974274] AMD-Vi: DTE[1]: 0000100103c30002
[   10.974406] AMD-Vi: DTE[2]: 200000010ebcc013
[   10.974538] AMD-Vi: DTE[3]: 0000000000000000
[   10.974670] iommu ivhd0: AMD-Vi: Event logged [ILLEGAL_DEV_TABLE_ENTRY device=0000:00:01.0 pasid=0x00000 address=0x10ea00e00 flags=0x0080]
[   10.975094] AMD-Vi: DTE[0]: 7590000000000003
[   10.975248] AMD-Vi: DTE[1]: 0000100103c30002
[   10.975401] AMD-Vi: DTE[2]: 200000010ebcc013
[   10.975554] AMD-Vi: DTE[3]: 0000000000000000
[   10.975708] iommu ivhd0: AMD-Vi: Event logged [ILLEGAL_DEV_TABLE_ENTRY device=0000:00:01.0 pasid=0x00000 address=0x10ea00e40 flags=0x0080]
[   10.976140] AMD-Vi: DTE[0]: 7590000000000003
[   10.976298] AMD-Vi: DTE[1]: 0000100103c30002
[   10.976451] AMD-Vi: DTE[2]: 200000010ebcc013
[   10.976655] AMD-Vi: DTE[3]: 0000000000000000
[   10.976853] iommu ivhd0: AMD-Vi: Event logged [ILLEGAL_DEV_TABLE_ENTRY device=0000:00:01.0 pasid=0x00000 address=0x10ea00780 flags=0x0080]
[   10.977298] AMD-Vi: DTE[0]: 7590000000000003
[   10.977451] AMD-Vi: DTE[1]: 0000100103c30002
[   10.977605] AMD-Vi: DTE[2]: 200000010ebcc013
[   10.977758] AMD-Vi: DTE[3]: 0000000000000000
[   10.977906] iommu ivhd0: AMD-Vi: Event logged [ILLEGAL_DEV_TABLE_ENTRY device=0000:00:01.0 pasid=0x00000 address=0x10ea007c0 flags=0x0080]
[   10.978290] AMD-Vi: DTE[0]: 7590000000000003
[   10.978422] AMD-Vi: DTE[1]: 0000100103c30002
[   10.978553] AMD-Vi: DTE[2]: 200000010ebcc013
[   10.978685] AMD-Vi: DTE[3]: 0000000000000000
[   10.978819] iommu ivhd0: AMD-Vi: Event logged [ILLEGAL_DEV_TABLE_ENTRY device=0000:00:01.0 pasid=0x00000 address=0x10ea00b00 flags=0x0080]
[   10.979251] AMD-Vi: DTE[0]: 7590000000000003
[   10.979404] AMD-Vi: DTE[1]: 0000100103c30002
[   10.979562] AMD-Vi: DTE[2]: 200000010ebcc013
[   10.979715] AMD-Vi: DTE[3]: 0000000000000000
[   10.979869] iommu ivhd0: AMD-Vi: Event logged [ILLEGAL_DEV_TABLE_ENTRY device=0000:00:01.0 pasid=0x00000 address=0x10ea00b40 flags=0x0080]
[   10.980314] AMD-Vi: DTE[0]: 7590000000000003
[   10.980511] AMD-Vi: DTE[1]: 0000100103c30002
[   10.980668] AMD-Vi: DTE[2]: 200000010ebcc013
[   10.980862] AMD-Vi: DTE[3]: 0000000000000000
[   10.981016] iommu ivhd0: AMD-Vi: Event logged [ILLEGAL_DEV_TABLE_ENTRY device=0000:00:01.0 pasid=0x00000 address=0x10ea00b80 flags=0x0080]
[   10.981448] AMD-Vi: DTE[0]: 7590000000000003
[   10.981601] AMD-Vi: DTE[1]: 0000100103c30002
[   10.981755] AMD-Vi: DTE[2]: 200000010ebcc013
[   10.981904] AMD-Vi: DTE[3]: 0000000000000000
[   10.982036] iommu ivhd0: AMD-Vi: Event logged [ILLEGAL_DEV_TABLE_ENTRY device=0000:00:01.0 pasid=0x00000 address=0x10ea00e80 flags=0x0080]
[   10.982420] AMD-Vi: DTE[0]: 7590000000000003
[   10.982552] AMD-Vi: DTE[1]: 0000100103c30002
[   10.982683] AMD-Vi: DTE[2]: 200000010ebcc013
[   10.982815] AMD-Vi: DTE[3]: 0000000000000000
[   10.982973] iommu ivhd0: AMD-Vi: Event logged [ILLEGAL_DEV_TABLE_ENTRY device=0000:00:01.0 pasid=0x00000 address=0x10ea00ec0 flags=0x0080]
[   10.983418] AMD-Vi: DTE[0]: 7590000000000003
[   10.983572] AMD-Vi: DTE[1]: 0000100103c30002
[   10.983725] AMD-Vi: DTE[2]: 200000010ebcc013
[   10.983878] AMD-Vi: DTE[3]: 0000000000000000
[   10.984032] iommu ivhd0: AMD-Vi: Event logged [ILLEGAL_DEV_TABLE_ENTRY device=0000:00:01.0 pasid=0x00000 address=0x10ea00bc0 flags=0x0080]
[   10.984508] AMD-Vi: DTE[0]: 7590000000000003
[   10.984665] AMD-Vi: DTE[1]: 0000100103c30002
[   10.984861] AMD-Vi: DTE[2]: 200000010ebcc013
[   10.985014] AMD-Vi: DTE[3]: 0000000000000000
[   10.985168] iommu ivhd0: AMD-Vi: Event logged [ILLEGAL_DEV_TABLE_ENTRY device=0000:00:01.0 pasid=0x00000 address=0x10ea00f00 flags=0x0080]
[   10.985600] AMD-Vi: DTE[0]: 7590000000000003
[   10.985757] AMD-Vi: DTE[1]: 0000100103c30002
[   10.985907] AMD-Vi: DTE[2]: 200000010ebcc013
[   10.986039] AMD-Vi: DTE[3]: 0000000000000000
[   10.986171] iommu ivhd0: AMD-Vi: Event logged [ILLEGAL_DEV_TABLE_ENTRY device=0000:00:01.0 pasid=0x00000 address=0x10ea00f40 flags=0x0080]
[   10.986555] AMD-Vi: DTE[0]: 7590000000000003
[   10.986686] AMD-Vi: DTE[1]: 0000100103c30002
[   10.986818] AMD-Vi: DTE[2]: 200000010ebcc013
[   10.986972] AMD-Vi: DTE[3]: 0000000000000000
[   10.987125] iommu ivhd0: AMD-Vi: Event logged [ILLEGAL_DEV_TABLE_ENTRY device=0000:00:01.0 pasid=0x00000 address=0x10ea00f80 flags=0x0080]
[   10.987571] AMD-Vi: DTE[0]: 7590000000000003
[   10.987724] AMD-Vi: DTE[1]: 0000100103c30002
[   10.987877] AMD-Vi: DTE[2]: 200000010ebcc013
[   10.988031] AMD-Vi: DTE[3]: 0000000000000000
[   10.988188] iommu ivhd0: AMD-Vi: Event logged [ILLEGAL_DEV_TABLE_ENTRY device=0000:00:01.0 pasid=0x00000 address=0x10ea010c0 flags=0x0080]
[   10.988681] AMD-Vi: DTE[0]: 7590000000000003
[   10.988878] AMD-Vi: DTE[1]: 0000100103c30002
[   10.989031] AMD-Vi: DTE[2]: 200000010ebcc013
[   10.989184] AMD-Vi: DTE[3]: 0000000000000000
[   10.989338] iommu ivhd0: AMD-Vi: Event logged [ILLEGAL_DEV_TABLE_ENTRY device=0000:00:01.0 pasid=0x00000 address=0x10ea01080 flags=0x0080]
[   10.989783] AMD-Vi: DTE[0]: 7590000000000003
[   10.989930] AMD-Vi: DTE[1]: 0000100103c30002
[   10.990062] AMD-Vi: DTE[2]: 200000010ebcc013
[   10.990194] AMD-Vi: DTE[3]: 0000000000000000
[   10.990326] iommu ivhd0: AMD-Vi: Event logged [ILLEGAL_DEV_TABLE_ENTRY device=0000:00:01.0 pasid=0x00000 address=0x10ea01100 flags=0x0080]
[   10.990709] AMD-Vi: DTE[0]: 7590000000000003
[   10.990842] AMD-Vi: DTE[1]: 0000100103c30002
[   10.990996] AMD-Vi: DTE[2]: 200000010ebcc013
[   10.991149] AMD-Vi: DTE[3]: 0000000000000000
[   10.991303] iommu ivhd0: AMD-Vi: Event logged [ILLEGAL_DEV_TABLE_ENTRY device=0000:00:01.0 pasid=0x00000 address=0x10ea01040 flags=0x0080]
[   10.991735] AMD-Vi: DTE[0]: 7590000000000003
[   10.991888] AMD-Vi: DTE[1]: 0000100103c30002
[   10.992021] AMD-Vi: DTE[2]: 200000010ebcc013
[   10.992153] AMD-Vi: DTE[3]: 0000000000000000
[   10.992285] iommu ivhd0: AMD-Vi: Event logged [ILLEGAL_DEV_TABLE_ENTRY device=0000:00:01.0 pasid=0x00000 address=0x10ea00040 flags=0x0080]
[   10.992716] AMD-Vi: DTE[0]: 7590000000000003
[   10.992892] AMD-Vi: DTE[1]: 0000100103c30002
[   10.993039] AMD-Vi: DTE[2]: 200000010ebcc013
[   10.993192] AMD-Vi: DTE[3]: 0000000000000000
[   10.993346] iommu ivhd0: AMD-Vi: Event logged [ILLEGAL_DEV_TABLE_ENTRY device=0000:00:01.0 pasid=0x00000 address=0x10ea00240 flags=0x0080]
[   10.993791] AMD-Vi: DTE[0]: 7590000000000003
[   10.993944] AMD-Vi: DTE[1]: 0000100103c30002
[   10.994098] AMD-Vi: DTE[2]: 200000010ebcc013
[   10.994251] AMD-Vi: DTE[3]: 0000000000000000
[   10.994405] iommu ivhd0: AMD-Vi: Event logged [ILLEGAL_DEV_TABLE_ENTRY device=0000:00:01.0 pasid=0x00000 address=0x10ea00080 flags=0x0080]
[   10.994837] AMD-Vi: DTE[0]: 7590000000000003
[   10.994977] AMD-Vi: DTE[1]: 0000100103c30002
[   10.995109] AMD-Vi: DTE[2]: 200000010ebcc013
[   10.995241] AMD-Vi: DTE[3]: 0000000000000000
[   10.995373] iommu ivhd0: AMD-Vi: Event logged [ILLEGAL_DEV_TABLE_ENTRY device=0000:00:01.0 pasid=0x00000 address=0x10ea00280 flags=0x0080]
[   10.995756] AMD-Vi: DTE[0]: 7590000000000003
[   10.995896] AMD-Vi: DTE[1]: 0000100103c30002
[   10.996049] AMD-Vi: DTE[2]: 200000010ebcc013
[   10.996202] AMD-Vi: DTE[3]: 0000000000000000
[   10.996356] iommu ivhd0: AMD-Vi: Event logged [ILLEGAL_DEV_TABLE_ENTRY device=0000:00:01.0 pasid=0x00000 address=0x10ea000c0 flags=0x0080]
[   10.996878] AMD-Vi: DTE[0]: 7590000000000003
[   10.997031] AMD-Vi: DTE[1]: 0000100103c30002
[   10.997185] AMD-Vi: DTE[2]: 200000010ebcc013
[   10.997338] AMD-Vi: DTE[3]: 0000000000000000
[   10.997492] iommu ivhd0: AMD-Vi: Event logged [ILLEGAL_DEV_TABLE_ENTRY device=0000:00:01.0 pasid=0x00000 address=0x10ea002c0 flags=0x0080]
[   10.997933] AMD-Vi: DTE[0]: 7590000000000003
[   10.998065] AMD-Vi: DTE[1]: 0000100103c30002
[   10.998197] AMD-Vi: DTE[2]: 200000010ebcc013
[   10.998329] AMD-Vi: DTE[3]: 0000000000000000
[   10.998461] iommu ivhd0: AMD-Vi: Event logged [ILLEGAL_DEV_TABLE_ENTRY device=0000:00:01.0 pasid=0x00000 address=0x10ea00400 flags=0x0080]
[   10.998845] AMD-Vi: DTE[0]: 7590000000000003
[   10.998998] AMD-Vi: DTE[1]: 0000100103c30002
[   10.999152] AMD-Vi: DTE[2]: 200000010ebcc013
[   10.999305] AMD-Vi: DTE[3]: 0000000000000000
[   10.999459] iommu ivhd0: AMD-Vi: Event logged [ILLEGAL_DEV_TABLE_ENTRY device=0000:00:01.0 pasid=0x00000 address=0x10ea01440 flags=0x0080]
[   10.999904] AMD-Vi: DTE[0]: 7590000000000003
[   11.000058] AMD-Vi: DTE[1]: 0000100103c30002
[   11.000211] AMD-Vi: DTE[2]: 200000010ebcc013
[   11.000364] AMD-Vi: DTE[3]: 0000000000000000
[   11.000563] iommu ivhd0: AMD-Vi: Event logged [ILLEGAL_DEV_TABLE_ENTRY device=0000:00:01.0 pasid=0x00000 address=0x10ea01500 flags=0x0080]
[   11.001049] AMD-Vi: DTE[0]: 7590000000000003
[   11.001202] AMD-Vi: DTE[1]: 0000100103c30002
[   11.001355] AMD-Vi: DTE[2]: 200000010ebcc013
[   11.001509] AMD-Vi: DTE[3]: 0000000000000000
[   11.001663] iommu ivhd0: AMD-Vi: Event logged [ILLEGAL_DEV_TABLE_ENTRY device=0000:00:01.0 pasid=0x00000 address=0x10ea011c0 flags=0x0080]
[   11.002082] AMD-Vi: DTE[0]: 7590000000000003
[   11.002213] AMD-Vi: DTE[1]: 0000100103c30002
[   11.002345] AMD-Vi: DTE[2]: 200000010ebcc013
[   11.002477] AMD-Vi: DTE[3]: 0000000000000000
[   11.002609] iommu ivhd0: AMD-Vi: Event logged [ILLEGAL_DEV_TABLE_ENTRY device=0000:00:01.0 pasid=0x00000 address=0x10ea01580 flags=0x0080]
[   11.003001] AMD-Vi: DTE[0]: 7590000000000003
[   11.003155] AMD-Vi: DTE[1]: 0000100103c30002
[   11.003308] AMD-Vi: DTE[2]: 200000010ebcc013
[   11.003462] AMD-Vi: DTE[3]: 0000000000000000
[   11.003615] iommu ivhd0: AMD-Vi: Event logged [ILLEGAL_DEV_TABLE_ENTRY device=0000:00:01.0 pasid=0x00000 address=0x10ea01400 flags=0x0080]
[   11.004031] AMD-Vi: DTE[0]: 7590000000000003
[   11.004163] AMD-Vi: DTE[1]: 0000100103c30002
[   11.004295] AMD-Vi: DTE[2]: 200000010ebcc013
[   11.004426] AMD-Vi: DTE[3]: 0000000000000000
[   11.004604] iommu ivhd0: AMD-Vi: Event logged [ILLEGAL_DEV_TABLE_ENTRY device=0000:00:01.0 pasid=0x00000 address=0x10ea01140 flags=0x0080]
[   11.005030] AMD-Vi: DTE[0]: 7590000000000003
[   11.005184] AMD-Vi: DTE[1]: 0000100103c30002
[   11.005337] AMD-Vi: DTE[2]: 200000010ebcc013
[   11.005490] AMD-Vi: DTE[3]: 0000000000000000
[   11.005648] iommu ivhd0: AMD-Vi: Event logged [ILLEGAL_DEV_TABLE_ENTRY device=0000:00:01.0 pasid=0x00000 address=0x10ea01800 flags=0x0080]
[   11.006093] AMD-Vi: DTE[0]: 7590000000000003
[   11.006246] AMD-Vi: DTE[1]: 0000100103c30002
[   11.006400] AMD-Vi: DTE[2]: 200000010ebcc013
[   11.006554] AMD-Vi: DTE[3]: 0000000000000000
[   11.006707] iommu ivhd0: AMD-Vi: Event logged [ILLEGAL_DEV_TABLE_ENTRY device=0000:00:01.0 pasid=0x00000 address=0x10ea01480 flags=0x0080]
[   11.007121] AMD-Vi: DTE[0]: 7590000000000003
[   11.007253] AMD-Vi: DTE[1]: 0000100103c30002
[   11.007385] AMD-Vi: DTE[2]: 200000010ebcc013
[   11.007516] AMD-Vi: DTE[3]: 0000000000000000
[   11.007648] iommu ivhd0: AMD-Vi: Event logged [ILLEGAL_DEV_TABLE_ENTRY device=0000:00:01.0 pasid=0x00000 address=0x10ea01180 flags=0x0080]
[   11.008060] AMD-Vi: DTE[0]: 7590000000000003
[   11.008213] AMD-Vi: DTE[1]: 0000100103c30002
[   11.008366] AMD-Vi: DTE[2]: 200000010ebcc013
[   11.008563] AMD-Vi: DTE[3]: 0000000000000000
[   11.008727] iommu ivhd0: AMD-Vi: Event logged [ILLEGAL_DEV_TABLE_ENTRY device=0000:00:01.0 pasid=0x00000 address=0x10ea014c0 flags=0x0080]
[   11.009211] AMD-Vi: DTE[0]: 7590000000000003
[   11.009364] AMD-Vi: DTE[1]: 0000100103c30002
[   11.009517] AMD-Vi: DTE[2]: 200000010ebcc013
[   11.009671] AMD-Vi: DTE[3]: 0000000000000000
[   11.009824] iommu ivhd0: AMD-Vi: Event logged [ILLEGAL_DEV_TABLE_ENTRY device=0000:00:01.0 pasid=0x00000 address=0x10ea01840 flags=0x0080]
[   11.010210] AMD-Vi: DTE[0]: 7590000000000003
[   11.010342] AMD-Vi: DTE[1]: 0000100103c30002
[   11.010474] AMD-Vi: DTE[2]: 200000010ebcc013
[   11.010605] AMD-Vi: DTE[3]: 0000000000000000
[   11.010738] iommu ivhd0: AMD-Vi: Event logged [ILLEGAL_DEV_TABLE_ENTRY device=0000:00:01.0 pasid=0x00000 address=0x10ea01880 flags=0x0080]
[   11.011162] AMD-Vi: DTE[0]: 7590000000000003
[   11.011316] AMD-Vi: DTE[1]: 0000100103c30002
[   11.011469] AMD-Vi: DTE[2]: 200000010ebcc013
[   11.011622] AMD-Vi: DTE[3]: 0000000000000000
[   11.011780] iommu ivhd0: AMD-Vi: Event logged [ILLEGAL_DEV_TABLE_ENTRY device=0000:00:01.0 pasid=0x00000 address=0x10ea01540 flags=0x0080]
[   11.012225] AMD-Vi: DTE[0]: 7590000000000003
[   11.012379] AMD-Vi: DTE[1]: 0000100103c30002
[   11.012580] AMD-Vi: DTE[2]: 200000010ebcc013
[   11.012774] AMD-Vi: DTE[3]: 0000000000000000
[   11.012927] iommu ivhd0: AMD-Vi: Event logged [ILLEGAL_DEV_TABLE_ENTRY device=0000:00:01.0 pasid=0x00000 address=0x10ea015c0 flags=0x0080]
[   11.013373] AMD-Vi: DTE[0]: 7590000000000003
[   11.013526] AMD-Vi: DTE[1]: 0000100103c30002
[   11.013679] AMD-Vi: DTE[2]: 200000010ebcc013
[   11.013833] AMD-Vi: DTE[3]: 0000000000000000
[   11.013980] iommu ivhd0: AMD-Vi: Event logged [ILLEGAL_DEV_TABLE_ENTRY device=0000:00:01.0 pasid=0x00000 address=0x10ea01200 flags=0x0080]
[   11.014364] AMD-Vi: DTE[0]: 7590000000000003
[   11.014496] AMD-Vi: DTE[1]: 0000100103c30002
[   11.014627] AMD-Vi: DTE[2]: 200000010ebcc013
[   11.014759] AMD-Vi: DTE[3]: 0000000000000000
[   11.014894] iommu ivhd0: AMD-Vi: Event logged [ILLEGAL_DEV_TABLE_ENTRY device=0000:00:01.0 pasid=0x00000 address=0x10ea00600 flags=0x0080]
[   11.015326] AMD-Vi: DTE[0]: 7590000000000003
[   11.015479] AMD-Vi: DTE[1]: 0000100103c30002
[   11.015633] AMD-Vi: DTE[2]: 200000010ebcc013
[   11.015786] AMD-Vi: DTE[3]: 0000000000000000
[   11.015940] iommu ivhd0: AMD-Vi: Event logged [ILLEGAL_DEV_TABLE_ENTRY device=0000:00:01.0 pasid=0x00000 address=0x10ea01240 flags=0x0080]
[   11.016311] AMD-Vi: DTE[0]: 7590000000000003
[   11.016443] AMD-Vi: DTE[1]: 0000100103c30002
[   11.016626] AMD-Vi: DTE[2]: 200000010ebcc013
[   11.016803] AMD-Vi: DTE[3]: 0000000000000000
[   11.016935] iommu ivhd0: AMD-Vi: Event logged [ILLEGAL_DEV_TABLE_ENTRY device=0000:00:01.0 pasid=0x00000 address=0x10ea00100 flags=0x0080]
[   11.017380] AMD-Vi: DTE[0]: 7590000000000003
[   11.017534] AMD-Vi: DTE[1]: 0000100103c30002
[   11.017687] AMD-Vi: DTE[2]: 200000010ebcc013
[   11.017841] AMD-Vi: DTE[3]: 0000000000000000
[   11.017994] iommu ivhd0: AMD-Vi: Event logged [ILLEGAL_DEV_TABLE_ENTRY device=0000:00:01.0 pasid=0x00000 address=0x10ea00680 flags=0x0080]
[   11.018440] AMD-Vi: DTE[0]: 7590000000000003
[   11.018593] AMD-Vi: DTE[1]: 0000100103c30002
[   11.018746] AMD-Vi: DTE[2]: 200000010ebcc013
[   11.018904] AMD-Vi: DTE[3]: 0000000000000000
[   11.019042] iommu ivhd0: AMD-Vi: Event logged [ILLEGAL_DEV_TABLE_ENTRY device=0000:00:01.0 pasid=0x00000 address=0x10ea01280 flags=0x0080]
[   11.019426] AMD-Vi: DTE[0]: 7590000000000003
[   11.019557] AMD-Vi: DTE[1]: 0000100103c30002
[   11.019689] AMD-Vi: DTE[2]: 200000010ebcc013
[   11.019821] AMD-Vi: DTE[3]: 0000000000000000
[   11.019964] iommu ivhd0: AMD-Vi: Event logged [ILLEGAL_DEV_TABLE_ENTRY device=0000:00:01.0 pasid=0x00000 address=0x10ea02000 flags=0x0080]
[   11.020410] AMD-Vi: DTE[0]: 7590000000000003
[   11.020610] AMD-Vi: DTE[1]: 0000100103c30002
[   11.020805] AMD-Vi: DTE[2]: 200000010ebcc013
[   11.020958] AMD-Vi: DTE[3]: 0000000000000000
[   11.021112] iommu ivhd0: AMD-Vi: Event logged [ILLEGAL_DEV_TABLE_ENTRY device=0000:00:01.0 pasid=0x00000 address=0x10ea00fc0 flags=0x0080]
[   11.021544] AMD-Vi: DTE[0]: 7590000000000003
[   11.021697] AMD-Vi: DTE[1]: 0000100103c30002
[   11.021851] AMD-Vi: DTE[2]: 200000010ebcc013
[   11.021996] AMD-Vi: DTE[3]: 0000000000000000
[   11.022128] iommu ivhd0: AMD-Vi: Event logged [ILLEGAL_DEV_TABLE_ENTRY device=0000:00:01.0 pasid=0x00000 address=0x10ea01dc0 flags=0x0080]
[   11.022512] AMD-Vi: DTE[0]: 7590000000000003
[   11.022644] AMD-Vi: DTE[1]: 0000100103c30002
[   11.022776] AMD-Vi: DTE[2]: 200000010ebcc013
[   11.022911] AMD-Vi: DTE[3]: 0000000000000000
[   11.023064] iommu ivhd0: AMD-Vi: Event logged [ILLEGAL_DEV_TABLE_ENTRY device=0000:00:01.0 pasid=0x00000 address=0x10ea01c40 flags=0x0080]
[   11.023510] AMD-Vi: DTE[0]: 7590000000000003
[   11.023663] AMD-Vi: DTE[1]: 0000100103c30002
[   11.023817] AMD-Vi: DTE[2]: 200000010ebcc013
[   11.023970] AMD-Vi: DTE[3]: 0000000000000000
[   11.024124] iommu ivhd0: AMD-Vi: Event logged [ILLEGAL_DEV_TABLE_ENTRY device=0000:00:01.0 pasid=0x00000 address=0x10ea01340 flags=0x0080]
[   11.024602] AMD-Vi: DTE[0]: 7590000000000003
[   11.024801] AMD-Vi: DTE[1]: 0000100103c30002
[   11.024954] AMD-Vi: DTE[2]: 200000010ebcc013
[   11.025108] AMD-Vi: DTE[3]: 0000000000000000
[   11.025261] iommu ivhd0: AMD-Vi: Event logged [ILLEGAL_DEV_TABLE_ENTRY device=0000:00:01.0 pasid=0x00000 address=0x10ea01d00 flags=0x0080]
[   11.025697] AMD-Vi: DTE[0]: 7590000000000003
[   11.025854] AMD-Vi: DTE[1]: 0000100103c30002
[   11.026008] AMD-Vi: DTE[2]: 200000010ebcc013
[   11.026144] AMD-Vi: DTE[3]: 0000000000000000
[   11.026276] iommu ivhd0: AMD-Vi: Event logged [ILLEGAL_DEV_TABLE_ENTRY device=0000:00:01.0 pasid=0x00000 address=0x10ea02040 flags=0x0080]
[   11.026660] AMD-Vi: DTE[0]: 7590000000000003
[   11.026793] AMD-Vi: DTE[1]: 0000100103c30002
[   11.026929] AMD-Vi: DTE[2]: 200000010ebcc013
[   11.027082] AMD-Vi: DTE[3]: 0000000000000000
[   11.027236] iommu ivhd0: AMD-Vi: Event logged [ILLEGAL_DEV_TABLE_ENTRY device=0000:00:01.0 pasid=0x00000 address=0x10ea013c0 flags=0x0080]
[   11.027668] AMD-Vi: DTE[0]: 7590000000000003
[   11.027825] AMD-Vi: DTE[1]: 0000100103c30002
[   11.027979] AMD-Vi: DTE[2]: 200000010ebcc013
[   11.028132] AMD-Vi: DTE[3]: 0000000000000000
[   11.028286] iommu ivhd0: AMD-Vi: Event logged [ILLEGAL_DEV_TABLE_ENTRY device=0000:00:01.0 pasid=0x00000 address=0x10ea01600 flags=0x0080]
